02-06 00:39:02.942  1827  7394 D ActivityManager: Raise procstate to external provider: ProcessRecord{74a51e1 10280:com.google.android.gms/u999a40}
02-06 00:39:02.943  1827  7394 D CompatibilityInfo: mCompatibilityFlags - 0
02-06 00:39:02.943  1827  7394 D CompatibilityInfo: applicationDensity - 320
02-06 00:39:02.943  1827  7394 D CompatibilityInfo: applicationScale - 1.0
02-06 00:39:02.971  1827  7394 D CompatibilityInfo: mCompatibilityFlags - 0
02-06 00:39:02.971  1827  7394 D CompatibilityInfo: applicationDensity - 320
02-06 00:39:02.971  1827  7394 D CompatibilityInfo: applicationScale - 1.0
02-06 00:39:02.970  1827  7394 D ActivityManager: Raise procstate to external provider: ProcessRecord{74a51e1 10280:com.google.android.gms/u999a40}
02-06 00:39:02.980  1827  4434 D ActivityManager: Raise procstate to external provider: ProcessRecord{74a51e1 10280:com.google.android.gms/u999a40}
02-06 00:39:03.049  1827  4434 D CompatibilityInfo: mCompatibilityFlags - 0
02-06 00:39:03.049  1827  4434 D CompatibilityInfo: applicationDensity - 320
02-06 00:39:03.049  1827  4434 D CompatibilityInfo: applicationScale - 1.0
02-06 00:39:03.089  1827  4434 D CompatibilityInfo: mCompatibilityFlags - 0
02-06 00:39:03.089  1827  4434 D CompatibilityInfo: applicationDensity - 320
02-06 00:39:03.089  1827  4434 D CompatibilityInfo: applicationScale - 1.0
02-06 00:39:03.088  1827  4434 I chatty  : uid=1000(system) Binder:1827_18 identical 3 lines
02-06 00:39:03.095  1827  4434 D ActivityManager: Raise procstate to external provider: ProcessRecord{74a51e1 10280:com.google.android.gms/u999a40}
02-06 00:39:03.123  1827  2020 D ActivityManager: Raise procstate to external provider: ProcessRecord{74a51e1 10280:com.google.android.gms/u999a40}
02-06 00:39:03.123  1827  2020 D CompatibilityInfo: mCompatibilityFlags - 0
02-06 00:39:03.123  1827  2020 D CompatibilityInfo: applicationDensity - 320
02-06 00:39:03.123  1827  2020 D CompatibilityInfo: applicationScale - 1.0
02-06 00:39:03.131  1827  7394 D ActivityManager: Raise procstate to external provider: ProcessRecord{74a51e1 10280:com.google.android.gms/u999a40}
02-06 00:39:03.154  1827  2020 D ActivityManager: Raise procstate to external provider: ProcessRecord{74a51e1 10280:com.google.android.gms/u999a40}
02-06 00:39:03.154  1827  2020 D CompatibilityInfo: mCompatibilityFlags - 0
02-06 00:39:03.154  1827  2020 D CompatibilityInfo: applicationDensity - 320
02-06 00:39:03.155  1827  2020 D CompatibilityInfo: applicationScale - 1.0
02-06 00:39:03.190  1827  2020 D CompatibilityInfo: mCompatibilityFlags - 0
02-06 00:39:03.190  1827  2020 D CompatibilityInfo: applicationDensity - 320
02-06 00:39:03.190  1827  2020 D CompatibilityInfo: applicationScale - 1.0
02-06 00:39:03.189  1827  2020 I chatty  : uid=1000(system) Binder:1827_3 identical 2 lines
02-06 00:39:03.198  1827  2020 D ActivityManager: Raise procstate to external provider: ProcessRecord{74a51e1 10280:com.google.android.gms/u999a40}
02-06 00:39:03.225  1827  7394 D ActivityManager: Raise procstate to external provider: ProcessRecord{74a51e1 10280:com.google.android.gms/u999a40}
02-06 00:39:03.227  1827  7394 D CompatibilityInfo: mCompatibilityFlags - 0
02-06 00:39:03.227  1827  7394 D CompatibilityInfo: applicationDensity - 320
02-06 00:39:03.227  1827  7394 D CompatibilityInfo: applicationScale - 1.0
02-06 00:39:03.456 14062 14062 D SignalClusterView: updateMobileTypeImage  0
02-06 00:39:03.459 14062 14062 D SignalClusterView: updateMobileTypeImage  0
02-06 00:39:03.479   864   864 I ConfigStore: android::hardware::configstore::V1_0::ISurfaceFlingerConfigs::hasHDRDisplay retrieved: 0
02-06 00:39:03.235  1827  7394 I chatty  : uid=1000(system) Binder:1827_1C identical 1 line
02-06 00:39:03.500  1827  7394 D ActivityManager: Raise procstate to external provider: ProcessRecord{74a51e1 10280:com.google.android.gms/u999a40}
02-06 00:39:03.513  1827  4434 D ActivityManager: Raise procstate to external provider: ProcessRecord{74a51e1 10280:com.google.android.gms/u999a40}
02-06 00:39:03.813  1827  4434 I chatty  : uid=1000(system) Binder:1827_18 identical 3 lines
02-06 00:39:03.817  1827  4434 D ActivityManager: Raise procstate to external provider: ProcessRecord{74a51e1 10280:com.google.android.gms/u999a40}
02-06 00:39:04.069  1827  7394 D ActivityManager: Raise procstate to external provider: ProcessRecord{74a51e1 10280:com.google.android.gms/u999a40}
02-06 00:39:03.565   864   864 I ConfigStore: android::hardware::configstore::V1_0::ISurfaceFlingerConfigs::hasHDRDisplay retrieved: 0
02-06 00:39:05.063  2279  2279 D EventBus: No subscribers registered for event class com.miui.home.launcher.common.messages.EndSpringAnimatorMessage
02-06 00:39:05.064  2279  2279 D EventBus: No subscribers registered for event class org.greenrobot.eventbus.NoSubscriberEvent
02-06 00:39:05.064  2279  2279 D FeedSwipeController: touchState : 0 scrolling : false normalEditing : false WidgetThumbnailViewShowing : false UninstallDialogShowing : false isMinusScreenShowing: false
02-06 00:39:05.064  2279  2279 D FeedSwipeController: can not use
02-06 00:39:05.064  2279  2279 D Launcher.StatusBarController: try intercept touch, isProxySurvive=true
02-06 00:39:05.065  2279  2279 D Launcher.Workspace: Workspace touch down
02-06 00:39:05.065  2279  2279 D ScreenView_Workspace: onIntercept:0.0
02-06 00:39:05.065  2279  2279 D ScreenView_Workspace: not intercept
02-06 00:39:05.066  2279  2279 D Launcher.CellLayout: touch item:ShortcutInfo, id=92, itemType=0, user=UserHandle{0}, mIconType=0, pkgName=com.example.f_rizzly, className=com.example.f_rizzly.MainActivity, screenId=4, container=-100, cellX=2, cellY=2, spanX=1, spanY=1, isLandscapePos=false
02-06 00:39:05.066  2279  2279 D Launcher.itemIcon: folmeDown
02-06 00:39:05.082  2279  2279 D Launcher.Workspace: Workspace touch up or cancel
02-06 00:39:05.082   864   864 I ConfigStore: android::hardware::configstore::V1_0::ISurfaceFlingerConfigs::hasHDRDisplay retrieved: 0
02-06 00:39:05.082  2279  2279 D ScreenView_Workspace: oninterceput up
02-06 00:39:05.082  2279  2583 I RenderThread: RenderThread resumed
02-06 00:39:05.082  2279  2583 I RenderThread: All controllers paused.
02-06 00:39:05.082  2279  2583 I RenderThread: RenderThread paused, waiting for signal
02-06 00:39:05.082  2279  2279 D Launcher.itemIcon: folmeUp
02-06 00:39:05.082   864   864 I ConfigStore: android::hardware::configstore::V1_0::ISurfaceFlingerConfigs::hasHDRDisplay retrieved: 0
02-06 00:39:04.070  1827  7394 I chatty  : uid=1000(system) Binder:1827_1C identical 1 line
02-06 00:39:04.896  1827  7394 D ActivityManager: Raise procstate to external provider: ProcessRecord{74a51e1 10280:com.google.android.gms/u999a40}
02-06 00:39:05.083  2279  2279 I Timeline: Timeline: Activity_launch_request time:269300840
02-06 00:39:05.085  1827  7394 I ActivityManager: START u0 {act=android.intent.action.MAIN cat=[android.intent.category.LAUNCHER] flg=0x10200000 cmp=com.example.f_rizzly/.MainActivity bnds=[386,509][502,625] (has extras)} from uid 10041
02-06 00:39:05.083   864   864 I ConfigStore: android::hardware::configstore::V1_0::ISurfaceFlingerConfigs::hasHDRDisplay retrieved: 0
02-06 00:39:05.087   554   626 E ANDR-PERF-MPCTL: Invalid profile no. 0, total profiles 0 only
02-06 00:39:05.089   450   450 W hwservicemanager: getTransport: Cannot find entry vendor.qti.hardware.iop@2.0::IIop/default in either framework or device manifest.
02-06 00:39:05.089  1827  7394 E ANDR-PERF-JNI: Iop tryGetService failed
02-06 00:39:05.098   864   864 I ConfigStore: android::hardware::configstore::V1_0::ISurfaceFlingerConfigs::hasHDRDisplay retrieved: 0
02-06 00:39:05.099   864   864 I ConfigStore: android::hardware::configstore::V1_0::ISurfaceFlingerConfigs::hasHDRDisplay retrieved: 0
02-06 00:39:05.102  1827  7394 D CompatibilityInfo: mCompatibilityFlags - 0
02-06 00:39:05.102  1827  7394 D CompatibilityInfo: applicationDensity - 320
02-06 00:39:05.102  1827  7394 D CompatibilityInfo: applicationScale - 1.0
02-06 00:39:05.103  1827  7394 D ActivityTrigger: ActivityTrigger activityPauseTrigger 
02-06 00:39:05.114  2279  2279 D Launcher.Lifecycle: onPause:UserHandle{0},5377ed5,true
02-06 00:39:05.114  2279  2279 D Launcher_UnlockAnimationStateMachine: setState:PAUSE_WAIT
02-06 00:39:05.114  2279 11855 D Launcher_dispatchTouchEvent_View: [motionEvent view:]   
02-06 00:39:05.114  2279 11855 D Launcher_dispatchTouchEvent_View: 39:05.111 View=com.miui.home.launcher.ShortcutMenuLayer{73d9bbc V.E...... .......D 0,0-720,1440 #7f0a01d5 app:id/shortcut_menu_layer}
02-06 00:39:05.114  2279 11855 D Launcher_dispatchTouchEvent: [motionEvent action:(rawX,rawY)]  39:05.114[1(457.4,579.6)] 
02-06 00:39:05.114  2279 11855 D Launcher_Scrollto: [(rawX,rawY)|scrollX]  
02-06 00:39:05.115  2279 11855 D Launcher_dispatchTouchEvent: [motionEvent action:(rawX,rawY)]  39:05.115[1(457.4,579.6)] 
02-06 00:39:05.115  2279 11855 D Launcher_Scrollto: [(rawX,rawY)|scrollX]  
02-06 00:39:05.131   864   864 I ConfigStore: android::hardware::configstore::V1_0::ISurfaceFlingerConfigs::hasHDRDisplay retrieved: 0
02-06 00:39:05.139  1827  1845 D ActivityManager: Raise procstate to external provider: ProcessRecord{74a51e1 10280:com.google.android.gms/u999a40}
02-06 00:39:05.132   864   864 I ConfigStore: android::hardware::configstore::V1_0::ISurfaceFlingerConfigs::hasHDRDisplay retrieved: 0
02-06 00:39:05.143  2279  2279 I RenderVsyncUpdater: All controllers paused.
02-06 00:39:05.143  2279  2421 D StatusBarController: handleMessage: flag 800000  disable false
02-06 00:39:05.143  2279  2279 D Launcher_WallpaperUtils: changeStatusBarMode:false
02-06 00:39:05.148   864   864 I ConfigStore: android::hardware::configstore::V1_0::ISurfaceFlingerConfigs::hasHDRDisplay retrieved: 0
02-06 00:39:05.154  1827  1847 D Boost   : hostingType=activity, hostingName=com.example.f_rizzly/.MainActivity, callerPackage=com.miui.home, isSystem=true, isBoostNeeded=false.
02-06 00:39:05.155  1827  1847 I ActivityManager: Start proc 17170:com.example.f_rizzly/u0a379 for activity com.example.f_rizzly/.MainActivity caller=com.miui.home
02-06 00:39:05.150   864   864 I ConfigStore: android::hardware::configstore::V1_0::ISurfaceFlingerConfigs::hasHDRDisplay retrieved: 0
02-06 00:39:05.159 17170 17170 I xample.f_rizzl: Late-enabling -Xcheck:jni
02-06 00:39:05.165   864   864 I ConfigStore: android::hardware::configstore::V1_0::ISurfaceFlingerConfigs::hasHDRDisplay retrieved: 0
02-06 00:39:05.166   864   864 I ConfigStore: android::hardware::configstore::V1_0::ISurfaceFlingerConfigs::hasHDRDisplay retrieved: 0
02-06 00:39:05.233  1827  7394 D CompatibilityInfo: mCompatibilityFlags - 0
02-06 00:39:05.233  1827  7394 D CompatibilityInfo: applicationDensity - 320
02-06 00:39:05.234  1827  7394 D CompatibilityInfo: applicationScale - 1.0
02-06 00:39:05.239  1827  7394 D ActivityManager: Raise procstate to external provider: ProcessRecord{74a51e1 10280:com.google.android.gms/u999a40}
02-06 00:39:05.240  1827  7394 D CompatibilityInfo: mCompatibilityFlags - 0
02-06 00:39:05.240  1827  7394 D CompatibilityInfo: applicationDensity - 320
02-06 00:39:05.241  1827  7394 D CompatibilityInfo: applicationScale - 1.0
02-06 00:39:05.241  9311  9324 I GST     : forePkg: com.example.f_rizzly, preForePkg: com.miui.home
02-06 00:39:05.241  1574  6017 I ProcessMonitor: onForegroundInfoChanged: ForegroundInfo{mForegroundPackageName='com.example.f_rizzly', mForegroundUid=10379, mForegroundPid=17170, mLastForegroundPackageName='com.miui.home', mLastForegroundUid=10041, mLastForegroundPid=2279, mMultiWindowForegroundPackageName='null', mMultiWindowForegroundUid=-1, mFlags=1}
02-06 00:39:05.242  1574  6017 I GameBoosterService: onForegroundInfoChanged: Cur=com.example.f_rizzly	 last=com.miui.home
02-06 00:39:05.243  1574  6017 D GameBoosterService: onGameStatusChange foreground:ForegroundInfo{mForegroundPackageName='com.example.f_rizzly', mForegroundUid=10379, mForegroundPid=17170, mLastForegroundPackageName='com.miui.home', mLastForegroundUid=10041, mLastForegroundPid=2279, mMultiWindowForegroundPackageName='null', mMultiWindowForegroundUid=-1, mFlags=1}
02-06 00:39:05.243  1574  6017 I VideoBoxUtils: isSupportVideoBox: false
02-06 00:39:05.244  1574  6017 I VideoToolBoxService: splitMode: onfalse
02-06 00:39:05.245  1574  6017 I VideoToolBoxService: not support vtb. skipExit : false
02-06 00:39:05.245 23557 32076 D PMonitor:  onForegroundActivitiesChanged:pid = 17170,activity-uid=10379,foregroundActivities=true
02-06 00:39:05.253  1827  1897 I Timeline: Timeline: App_transition_ready time:269301010
02-06 00:39:05.266  2279  2279 D Launcher.Lifecycle: onWindowFocusChanged:false,UserHandle{0},5377ed5,true
02-06 00:39:05.283   864   864 I ConfigStore: android::hardware::configstore::V1_0::ISurfaceFlingerConfigs::hasHDRDisplay retrieved: 0
02-06 00:39:05.400   864   864 I ConfigStore: android::hardware::configstore::V1_0::ISurfaceFlingerConfigs::hasHDRDisplay retrieved: 0
02-06 00:39:05.414  2279  2279 D Launcher_UnlockAnimationStateMachine: mResetIdleStateRunnable
02-06 00:39:05.416   864   864 I ConfigStore: android::hardware::configstore::V1_0::ISurfaceFlingerConfigs::hasHDRDisplay retrieved: 0
02-06 00:39:05.517   864   864 I ConfigStore: android::hardware::configstore::V1_0::ISurfaceFlingerConfigs::hasHDRDisplay retrieved: 0
02-06 00:39:05.547 14062 14062 D EventBus: [14062, u0] send(AppTransitionFinishedEvent)
02-06 00:39:05.547 14062 14062 D EventBus: [14062, u0]  -> ForcedResizableInfoActivityController [0x6f60603, P1] onBusEvent(AppTransitionFinishedEvent)
02-06 00:39:05.547 14062 14062 D EventBus: [14062, u0] onBusEvent(AppTransitionFinishedEvent) duration: 19 microseconds, avg: 367
02-06 00:39:05.547 14062 14062 D EventBus: [14062, u0] send(AppTransitionFinishedEvent)
02-06 00:39:05.548 14062 14062 D EventBus: [14062, u0]  -> ForcedResizableInfoActivityController [0x6f60603, P1] onBusEvent(AppTransitionFinishedEvent)
02-06 00:39:05.548 14062 14062 D EventBus: [14062, u0] onBusEvent(AppTransitionFinishedEvent) duration: 7 microseconds, avg: 367
02-06 00:39:05.550  1827  1897 I Timeline: Timeline: App_transition_stopped time:269301308
02-06 00:39:06.569  1827  2020 D ActivityManager: Raise procstate to external provider: ProcessRecord{74a51e1 10280:com.google.android.gms/u999a40}
02-06 00:39:07.463 14062 14062 D SignalClusterView: updateMobileTypeImage  0
02-06 00:39:07.465 14062 14062 D SignalClusterView: updateMobileTypeImage  0
02-06 00:39:07.486   864   864 I ConfigStore: android::hardware::configstore::V1_0::ISurfaceFlingerConfigs::hasHDRDisplay retrieved: 0
02-06 00:39:07.570   864   864 I ConfigStore: android::hardware::configstore::V1_0::ISurfaceFlingerConfigs::hasHDRDisplay retrieved: 0
02-06 00:39:08.014 14062 14251 D MobileSignalController: onSignalStrengthsChanged: SignalStrength: 99 0 -120 -160 -120 -160 -1 19 -104 -11 140 2147483647 0 2147483647 99 255 2147483647 gsm|lte use_rsrp_and_rssnr_for_lte_level  [-120, -115, -110, -105, -97] [-115, -105, -95, -85]
02-06 00:39:08.014 14062 14251 D NetworkController.MobileSignalController(3): 4G level = 4
02-06 00:39:08.019 14062 14251 D MobileSignalController: updateDataType mSelectedDataTypeIcon[0]=2131232497, mSelectedDataActivityIndex=6
02-06 00:39:08.019 14062 14251 D TelephonyIcons: getSignalStrengthIcon: slot=0, inetCondition=1, level=4, roaming=false, signalstrength=SignalStrength: 99 0 -120 -160 -120 -160 -1 19 -104 -11 140 2147483647 0 2147483647 99 255 2147483647 gsm|lte use_rsrp_and_rssnr_for_lte_level  [-120, -115, -110, -105, -97] [-115, -105, -95, -85]
02-06 00:39:08.021 14062 14251 D TelephonyIcons: null signal icon name: drawable/stat_sys_signal_null
02-06 00:39:08.021 14062 14251 D TelephonyIcons: getDataTypeIcon sub=0
02-06 00:39:08.022 14062 14062 D SignalClusterView: updateMobileTypeImage  0
02-06 00:39:08.024 14062 14062 D SignalClusterView: updateMobileTypeImage  0
02-06 00:39:08.054   864   864 I ConfigStore: android::hardware::configstore::V1_0::ISurfaceFlingerConfigs::hasHDRDisplay retrieved: 0
02-06 00:39:08.139   864   864 I ConfigStore: android::hardware::configstore::V1_0::ISurfaceFlingerConfigs::hasHDRDisplay retrieved: 0
02-06 00:39:08.407 10181 10181 I chatty  : uid=10040(com.google.android.gms) expire 3 lines
02-06 00:39:07.122  1827  2020 I chatty  : uid=1000(system) Binder:1827_3 identical 4 lines
02-06 00:39:08.406  1827  2020 D ActivityManager: Raise procstate to external provider: ProcessRecord{74a51e1 10280:com.google.android.gms/u999a40}
02-06 00:39:08.408  1827  4434 D ActivityManager: Raise procstate to external provider: ProcessRecord{74a51e1 10280:com.google.android.gms/u999a40}
02-06 00:39:08.421  1827  2020 D ActivityManager: Raise procstate to external provider: ProcessRecord{74a51e1 10280:com.google.android.gms/u999a40}
02-06 00:39:08.464 14062 14062 D SignalClusterView: updateMobileTypeImage  0
02-06 00:39:08.466 14062 14062 D SignalClusterView: updateMobileTypeImage  0
02-06 00:39:08.490   864   864 I ConfigStore: android::hardware::configstore::V1_0::ISurfaceFlingerConfigs::hasHDRDisplay retrieved: 0
02-06 00:39:08.477  1827  2020 I chatty  : uid=1000(system) Binder:1827_3 identical 1 line
02-06 00:39:08.485  1827  2020 D ActivityManager: Raise procstate to external provider: ProcessRecord{74a51e1 10280:com.google.android.gms/u999a40}
02-06 00:39:08.490  1827  4434 D ActivityManager: Raise procstate to external provider: ProcessRecord{74a51e1 10280:com.google.android.gms/u999a40}
02-06 00:39:08.491   864   864 I ConfigStore: android::hardware::configstore::V1_0::ISurfaceFlingerConfigs::hasHDRDisplay retrieved: 0
02-06 00:39:08.500 16959 17185 E FilePhenotypeFlags: Config package com.google.android.gms.clearcut_client#com.google.android.googlequicksearchbox cannot use FILE backing without declarative registration. See go/phenotype-android-integration#phenotype for more information. This will lead to stale flags.
02-06 00:39:08.507 16959 17185 E FilePhenotypeFlags: Config package com.google.android.gms.clearcut_client#com.google.android.googlequicksearchbox cannot use FILE backing without declarative registration. See go/phenotype-android-integration#phenotype for more information. This will lead to stale flags.
02-06 00:39:08.572   864   864 I ConfigStore: android::hardware::configstore::V1_0::ISurfaceFlingerConfigs::hasHDRDisplay retrieved: 0
02-06 00:39:08.494  1827  4434 I chatty  : uid=1000(system) Binder:1827_18 identical 1 line
02-06 00:39:08.548  1827  4434 D ActivityManager: Raise procstate to external provider: ProcessRecord{74a51e1 10280:com.google.android.gms/u999a40}
02-06 00:39:08.752  1827  2006 E TaskPersister: File error accessing recents directory (directory doesn't exist?).
02-06 00:39:08.573   864   864 I ConfigStore: android::hardware::configstore::V1_0::ISurfaceFlingerConfigs::hasHDRDisplay retrieved: 0
02-06 00:39:09.296 14062 14251 D MobileSignalController: onSignalStrengthsChanged: SignalStrength: 99 0 -120 -160 -120 -160 -1 21 -105 -14 130 2147483647 0 2147483647 99 255 2147483647 gsm|lte use_rsrp_and_rssnr_for_lte_level  [-120, -115, -110, -105, -97] [-115, -105, -95, -85]
02-06 00:39:09.296 14062 14251 D NetworkController.MobileSignalController(3): 4G level = 4
02-06 00:39:09.805 17170 17170 I Perf    : Connecting to perf service.
02-06 00:39:09.835 17170 17170 W xample.f_rizzl: Accessing hidden field Landroid/os/Trace;->TRACE_TAG_APP:J (light greylist, reflection)
02-06 00:39:09.836 17170 17170 W xample.f_rizzl: Accessing hidden method Landroid/os/Trace;->isTagEnabled(J)Z (light greylist, reflection)
02-06 00:39:10.192  1827  1928 V UiModeManager: switch night mode to 2
02-06 00:39:10.193 17170 17170 W Looper  : Slow Looper: Activity com.example.f_rizzly/.MainActivity is 4549ms late (wall=294ms running=0ms ClientTransaction{ callbacks=[android.app.servertransaction.LaunchActivityItem] lifecycleRequest=android.app.servertransaction.ResumeActivityItem }) because of 1 msg, msg 1 took 4628ms (late=1ms h=android.app.ActivityThread$H w=110)
02-06 00:39:10.999 17170 17170 W xample.f_rizzl: Accessing hidden field Landroid/view/WindowInsets;->CONSUMED:Landroid/view/WindowInsets; (light greylist, reflection)
02-06 00:39:11.004 17170 17170 W xample.f_rizzl: Accessing hidden method Landroid/view/View;->getViewRootImpl()Landroid/view/ViewRootImpl; (light greylist, reflection)
02-06 00:39:11.004 17170 17170 W xample.f_rizzl: Accessing hidden field Landroid/view/View$AttachInfo;->mVisibleInsets:Landroid/graphics/Rect; (light greylist, reflection)
02-06 00:39:11.004 17170 17170 W xample.f_rizzl: Accessing hidden field Landroid/view/ViewRootImpl;->mAttachInfo:Landroid/view/View$AttachInfo; (light greylist, reflection)
02-06 00:39:11.004 17170 17170 W xample.f_rizzl: Accessing hidden field Landroid/graphics/Insets;->left:I (light greylist, linking)
02-06 00:39:11.004 17170 17170 W xample.f_rizzl: Accessing hidden field Landroid/graphics/Insets;->top:I (light greylist, linking)
02-06 00:39:11.004 17170 17170 W xample.f_rizzl: Accessing hidden field Landroid/graphics/Insets;->right:I (light greylist, linking)
02-06 00:39:11.004 17170 17170 W xample.f_rizzl: Accessing hidden field Landroid/graphics/Insets;->bottom:I (light greylist, linking)
02-06 00:39:11.355  1827  2020 D ActivityManager: Raise procstate to external provider: ProcessRecord{74a51e1 10280:com.google.android.gms/u999a40}
02-06 00:39:11.469 14062 14062 D SignalClusterView: updateMobileTypeImage  0
02-06 00:39:11.470 14062 14062 I chatty  : uid=1000(system) com.android.systemui identical 8 lines
02-06 00:39:11.470 14062 14062 D SignalClusterView: updateMobileTypeImage  0
02-06 00:39:11.497   864   864 I ConfigStore: android::hardware::configstore::V1_0::ISurfaceFlingerConfigs::hasHDRDisplay retrieved: 0
02-06 00:39:11.581   864   864 I chatty  : uid=1000(system) /system/bin/surfaceflinger identical 57 lines
02-06 00:39:11.581   864   864 I ConfigStore: android::hardware::configstore::V1_0::ISurfaceFlingerConfigs::hasHDRDisplay retrieved: 0
02-06 00:39:11.891 17170 17170 W xample.f_rizzl: Accessing hidden method Landroid/text/SpannableStringInternal;->length()I (light greylist, linking)
02-06 00:39:12.471 14062 14062 D SignalClusterView: updateMobileTypeImage  0
02-06 00:39:12.472 14062 14062 D SignalClusterView: updateMobileTypeImage  0
02-06 00:39:12.500   864   864 I ConfigStore: android::hardware::configstore::V1_0::ISurfaceFlingerConfigs::hasHDRDisplay retrieved: 0
02-06 00:39:12.584   864   864 I ConfigStore: android::hardware::configstore::V1_0::ISurfaceFlingerConfigs::hasHDRDisplay retrieved: 0
02-06 00:39:12.836 17170 17170 D AndroidRuntime: Shutting down VM
02-06 00:39:12.845 17170 17170 E AndroidRuntime: FATAL EXCEPTION: main
02-06 00:39:12.845 17170 17170 E AndroidRuntime: Process: com.example.f_rizzly, PID: 17170
02-06 00:39:12.845 17170 17170 E AndroidRuntime: androidx.compose.ui.res.ResourceResolutionException: Error attempting to load resource: res/drawable/ic_apple.png
02-06 00:39:12.845 17170 17170 E AndroidRuntime: 	at androidx.compose.ui.res.PainterResources_androidKt.loadImageBitmapResource(PainterResources.android.kt:112)
02-06 00:39:12.845 17170 17170 E AndroidRuntime: 	at androidx.compose.ui.res.PainterResources_androidKt.painterResource(PainterResources.android.kt:72)
02-06 00:39:12.845 17170 17170 E AndroidRuntime: 	at com.example.f_rizzly.MainActivityKt$ProductCard$1.invoke(MainActivity.kt:318)
02-06 00:39:12.845 17170 17170 E AndroidRuntime: 	at com.example.f_rizzly.MainActivityKt$ProductCard$1.invoke(MainActivity.kt:313)
02-06 00:39:12.845 17170 17170 E AndroidRuntime: 	at androidx.compose.runtime.internal.ComposableLambdaImpl.invoke(ComposableLambda.kt:130)
02-06 00:39:12.845 17170 17170 E AndroidRuntime: 	at androidx.compose.runtime.internal.ComposableLambdaImpl.invoke(ComposableLambda.kt:51)
02-06 00:39:12.845 17170 17170 E AndroidRuntime: 	at androidx.compose.material3.CardKt$Card$1.invoke(Card.kt:888)
02-06 00:39:12.845 17170 17170 E AndroidRuntime: 	at androidx.compose.material3.CardKt$Card$1.invoke(Card.kt:96)
02-06 00:39:12.845 17170 17170 E AndroidRuntime: 	at androidx.compose.runtime.internal.ComposableLambdaImpl.invoke(ComposableLambda.kt:121)
02-06 00:39:12.845 17170 17170 E AndroidRuntime: 	at androidx.compose.runtime.internal.ComposableLambdaImpl.invoke(ComposableLambda.kt:51)
02-06 00:39:12.845 17170 17170 E AndroidRuntime: 	at androidx.compose.material3.SurfaceKt$Surface$1.invoke(Surface.kt:126)
02-06 00:39:12.845 17170 17170 E AndroidRuntime: 	at androidx.compose.material3.SurfaceKt$Surface$1.invoke(Surface.kt:108)
02-06 00:39:12.845 17170 17170 E AndroidRuntime: 	at androidx.compose.runtime.internal.ComposableLambdaImpl.invoke(ComposableLambda.kt:121)
02-06 00:39:12.845 17170 17170 E AndroidRuntime: 	at androidx.compose.runtime.internal.ComposableLambdaImpl.invoke(ComposableLambda.kt:51)
02-06 00:39:12.845 17170 17170 E AndroidRuntime: 	at androidx.compose.runtime.CompositionLocalKt.CompositionLocalProvider(CompositionLocal.kt:370)
02-06 00:39:12.845 17170 17170 E AndroidRuntime: 	at androidx.compose.material3.SurfaceKt.Surface-T9BRK9s(Surface.kt:105)
02-06 00:39:12.845 17170 17170 E AndroidRuntime: 	at androidx.compose.material3.CardKt.Card(Card.kt:89)
02-06 00:39:12.845 17170 17170 E AndroidRuntime: 	at com.example.f_rizzly.MainActivityKt.ProductCard(MainActivity.kt:309)
02-06 00:39:12.845 17170 17170 E AndroidRuntime: 	at com.example.f_rizzly.MainActivityKt$TodaysPicksSection$1$2$1$1.invoke(MainActivity.kt:301)
02-06 00:39:12.845 17170 17170 E AndroidRuntime: 	at com.example.f_rizzly.MainActivityKt$TodaysPicksSection$1$2$1$1.invoke(MainActivity.kt:301)
02-06 00:39:12.845 17170 17170 E AndroidRuntime: 	at androidx.compose.runtime.internal.ComposableLambdaImpl.invoke(ComposableLambda.kt:130)
02-06 00:39:12.845 17170 17170 E AndroidRuntime: 	at androidx.compose.runtime.internal.ComposableLambdaImpl.invoke(ComposableLambda.kt:51)
02-06 00:39:12.845 17170 17170 E AndroidRuntime: 	at androidx.compose.foundation.lazy.LazyListIntervalContent$item$3.invoke(LazyListIntervalContent.kt:57)
02-06 00:39:12.845 17170 17170 E AndroidRuntime: 	at androidx.compose.foundation.lazy.LazyListIntervalContent$item$3.invoke(LazyListIntervalContent.kt:57)
02-06 00:39:12.845 17170 17170 E AndroidRuntime: 	at androidx.compose.runtime.internal.ComposableLambdaImpl.invoke(ComposableLambda.kt:142)
02-06 00:39:12.845 17170 17170 E AndroidRuntime: 	at androidx.compose.runtime.internal.ComposableLambdaImpl.invoke(ComposableLambda.kt:51)
02-06 00:39:12.845 17170 17170 E AndroidRuntime: 	at androidx.compose.foundation.lazy.LazyListItemProviderImpl$Item$1.invoke(LazyListItemProvider.kt:80)
02-06 00:39:12.845 17170 17170 E AndroidRuntime: 	at androidx.compose.foundation.lazy.LazyListItemProviderImpl$Item$1.invoke(LazyListItemProvider.kt:78)
02-06 00:39:12.845 17170 17170 E AndroidRuntime: 	at androidx.compose.runtime.internal.ComposableLambdaImpl.invoke(ComposableLambda.kt:121)
02-06 00:39:12.845 17170 17170 E AndroidRuntime: 	at androidx.compose.runtime.internal.ComposableLambdaImpl.invoke(ComposableLambda.kt:51)
02-06 00:39:12.845 17170 17170 E AndroidRuntime: 	at androidx.compose.runtime.CompositionLocalKt.CompositionLocalProvider(CompositionLocal.kt:390)
02-06 00:39:12.845 17170 17170 E AndroidRuntime: 	at androidx.compose.foundation.lazy.layout.LazyLayoutPinnableItemKt.LazyLayoutPinnableItem(LazyLayoutPinnableItem.kt:56)
02-06 00:39:12.845 17170 17170 E AndroidRuntime: 	at androidx.compose.foundation.lazy.LazyListItemProviderImpl.Item(LazyListItemProvider.kt:78)
02-06 00:39:12.845 17170 17170 E AndroidRuntime: 	at androidx.compose.foundation.lazy.layout.LazyLayoutItemContentFactoryKt$SkippableItem$1.invoke(LazyLayoutItemContentFactory.kt:127)
02-06 00:39:12.845 17170 17170 E AndroidRuntime: 	at androidx.compose.foundation.lazy.layout.LazyLayoutItemContentFactoryKt$SkippableItem$1.invoke(LazyLayoutItemContentFactory.kt:126)
02-06 00:39:12.845 17170 17170 E AndroidRuntime: 	at androidx.compose.runtime.internal.ComposableLambdaImpl.invoke(ComposableLambda.kt:121)
02-06 00:39:12.845 17170 17170 E AndroidRuntime: 	at androidx.compose.runtime.internal.ComposableLambdaImpl.invoke(ComposableLambda.kt:51)
02-06 00:39:12.845 17170 17170 E AndroidRuntime: 	at androidx.compose.runtime.CompositionLocalKt.CompositionLocalProvider(CompositionLocal.kt:370)
02-06 00:39:12.845 17170 17170 E AndroidRuntime: 	at androidx.compose.runtime.saveable.SaveableStateHolderImpl.SaveableStateProvider(SaveableStateHolder.kt:82)
02-06 00:39:12.845 17170 17170 E AndroidRuntime: 	at androidx.compose.foundation.lazy.layout.LazySaveableStateHolder.SaveableStateProvider(LazySaveableStateHolder.kt:76)
02-06 00:39:12.850 17170 17170 E AndroidRuntime: 	at androidx.compose.foundation.lazy.layout.LazyLayoutItemContentFactoryKt.SkippableItem-JVlU9Rs(LazyLayoutItemContentFactory.kt:126)
02-06 00:39:12.850 17170 17170 E AndroidRuntime: 	at androidx.compose.foundation.lazy.layout.LazyLayoutItemContentFactoryKt.access$SkippableItem-JVlU9Rs(LazyLayoutItemContentFactory.kt:1)
02-06 00:39:12.850 17170 17170 E AndroidRuntime: 	at androidx.compose.foundation.lazy.layout.LazyLayoutItemContentFactory$CachedItemContent$createContentLambda$1.invoke(LazyLayoutItemContentFactory.kt:95)
02-06 00:39:12.850 17170 17170 E AndroidRuntime: 	at androidx.compose.foundation.lazy.layout.LazyLayoutItemContentFactory$CachedItemContent$createContentLambda$1.invoke(LazyLayoutItemContentFactory.kt:85)
02-06 00:39:12.850 17170 17170 E AndroidRuntime: 	at androidx.compose.runtime.internal.ComposableLambdaImpl.invoke(ComposableLambda.kt:121)
02-06 00:39:12.850 17170 17170 E AndroidRuntime: 	at androidx.compose.runtime.internal.ComposableLambdaImpl.invoke(ComposableLambda.kt:51)
02-06 00:39:12.850 17170 17170 E AndroidRuntime: 	at androidx.compose.runtime.internal.Expect_jvmKt.invokeComposable(Expect.jvm.kt:24)
02-06 00:39:12.850 17170 17170 E AndroidRuntime: 	at androidx.compose.runtime.ComposerImpl.doCompose-aFTiNEg(Composer.kt:3843)
02-06 00:39:12.850 17170 17170 E AndroidRuntime: 	at androidx.compose.runtime.ComposerImpl.composeContent--ZbOJvo$runtime(Composer.kt:3747)
02-06 00:39:12.850 17170 17170 E AndroidRuntime: 	at androidx.compose.runtime.CompositionImpl.composeContent(Composition.kt:832)
02-06 00:39:12.850 17170 17170 E AndroidRuntime: 	at androidx.compose.runtime.Recomposer.composeInitial$runtime(Recomposer.kt:1233)
02-06 00:39:12.850 17170 17170 E AndroidRuntime: 	at androidx.compose.runtime.ComposerImpl$CompositionContextImpl.composeInitial$runtime(Composer.kt:4186)
02-06 00:39:12.850 17170 17170 E AndroidRuntime: 	at androidx.compose.runtime.ComposerImpl$CompositionContextImpl.composeInitial$runtime(Composer.kt:4186)
02-06 00:39:12.850 17170 17170 E AndroidRuntime: 	at androidx.compose.runtime.ComposerImpl$CompositionContextImpl.composeInitial$runtime(Composer.kt:4186)
02-06 00:39:12.850 17170 17170 E AndroidRuntime: 	at androidx.compose.runtime.CompositionImpl.composeInitial(Composition.kt:672)
02-06 00:39:12.850 17170 17170 E AndroidRuntime: 	at androidx.compose.runtime.CompositionImpl.setContent(Composition.kt:639)
02-06 00:39:12.850 17170 17170 E AndroidRuntime: 	at androidx.compose.ui.layout.LayoutNodeSubcompositionsState.subcompose(SubcomposeLayout.kt:698)
02-06 00:39:12.850 17170 17170 E AndroidRuntime: 	at androidx.compose.ui.layout.LayoutNodeSubcompositionsState.subcompose(SubcomposeLayout.kt:641)
02-06 00:39:12.850 17170 17170 E AndroidRuntime: 	at androidx.compose.ui.layout.LayoutNodeSubcompositionsState.subcompose(SubcomposeLayout.kt:607)
02-06 00:39:12.850 17170 17170 E AndroidRuntime: 	at androidx.compose.ui.layout.LayoutNodeSubcompositionsState$Scope.subcompose(SubcomposeLayout.kt:1231)
02-06 00:39:12.850 17170 17170 E AndroidRuntime: 	at androidx.compose.foundation.lazy.layout.LazyLayoutMeasureScopeImpl.compose(LazyLayoutMeasureScope.kt:94)
02-06 00:39:12.850 17170 17170 E AndroidRuntime: 	at androidx.compose.foundation.lazy.layout.LazyLayoutMeasuredItemProvider.getPlaceables-3p2s80s(LazyLayoutMeasuredItem.kt:60)
02-06 00:39:12.850 17170 17170 E AndroidRuntime: 	at androidx.compose.foundation.lazy.LazyListMeasuredItemProvider.getAndMeasure-0kLqBqw(LazyListMeasuredItemProvider.kt:53)
02-06 00:39:12.850 17170 17170 E AndroidRuntime: 	at androidx.compose.foundation.lazy.LazyListMeasuredItemProvider.getAndMeasure-0kLqBqw$default(LazyListMeasuredItemProvider.kt:47)
02-06 00:39:12.850 17170 17170 E AndroidRuntime: 	at androidx.compose.foundation.lazy.LazyListMeasureKt.measureLazyList-LCrQqZ4(LazyListMeasure.kt:224)
02-06 00:39:12.850 17170 17170 E AndroidRuntime: 	at androidx.compose.foundation.lazy.LazyListKt$rememberLazyListMeasurePolicy$1$1.measure-0kLqBqw(LazyList.kt:354)
02-06 00:39:12.850 17170 17170 E AndroidRuntime: 	at androidx.compose.foundation.lazy.layout.LazyLayoutKt$LazyLayout$2.invoke$lambda$8$lambda$7(LazyLayout.kt:141)
02-06 00:39:12.850 17170 17170 E AndroidRuntime: 	at androidx.compose.foundation.lazy.layout.LazyLayoutKt$LazyLayout$2.$r8$lambda$AuADrFew1M7xDLhV5Co4CIX8-dw(Unknown Source:0)
02-06 00:39:12.850 17170 17170 E AndroidRuntime: 	at androidx.compose.foundation.lazy.layout.LazyLayoutKt$LazyLayout$2$$ExternalSyntheticLambda2.invoke(D8$$SyntheticClass:0)
02-06 00:39:12.850 17170 17170 E AndroidRuntime: 	at androidx.compose.ui.layout.LayoutNodeSubcompositionsState$createMeasurePolicy$1.measure-3p2s80s(SubcomposeLayout.kt:914)
02-06 00:39:12.850 17170 17170 E AndroidRuntime: 	at androidx.compose.ui.node.InnerNodeCoordinator.measure-BRTryo0(InnerNodeCoordinator.kt:128)
02-06 00:39:12.850 17170 17170 E AndroidRuntime: 	at androidx.compose.ui.graphics.SimpleGraphicsLayerModifier.measure-3p2s80s(GraphicsLayerModifier.kt:794)
02-06 00:39:12.850 17170 17170 E AndroidRuntime: 	at androidx.compose.ui.node.LayoutModifierNodeCoordinator.measure-BRTryo0(LayoutModifierNodeCoordinator.kt:190)
02-06 00:39:12.850 17170 17170 E AndroidRuntime: 	at androidx.compose.foundation.lazy.layout.LazyLayoutBeyondBoundsModifierNode.measure-3p2s80s(LazyLayoutBeyondBoundsModifierLocal.kt:118)
02-06 00:39:12.850 17170 17170 E AndroidRuntime: 	at androidx.compose.ui.node.LayoutModifierNodeCoordinator.measure-BRTryo0(LayoutModifierNodeCoordinator.kt:190)
02-06 00:39:12.850 17170 17170 E AndroidRuntime: 	at androidx.compose.ui.node.MeasurePassDelegate$performMeasureBlock$1.invoke(MeasurePassDelegate.kt:173)
02-06 00:39:12.853 17170 17170 E AndroidRuntime: 	at androidx.compose.ui.node.MeasurePassDelegate$performMeasureBlock$1.invoke(MeasurePassDelegate.kt:172)
02-06 00:39:12.853 17170 17170 E AndroidRuntime: 	at androidx.compose.runtime.snapshots.Snapshot$Companion.observe(Snapshot.kt:502)
02-06 00:39:12.853 17170 17170 E AndroidRuntime: 	at androidx.compose.runtime.snapshots.SnapshotStateObserver$ObservedScopeMap.observe(SnapshotStateObserver.kt:464)
02-06 00:39:12.853 17170 17170 E AndroidRuntime: 	at androidx.compose.runtime.snapshots.SnapshotStateObserver.observeReads(SnapshotStateObserver.kt:248)
02-06 00:39:12.853 17170 17170 E AndroidRuntime: 	at androidx.compose.ui.node.OwnerSnapshotObserver.observeReads$ui_release(OwnerSnapshotObserver.kt:124)
02-06 00:39:12.853 17170 17170 E AndroidRuntime: 	at androidx.compose.ui.node.OwnerSnapshotObserver.observeMeasureSnapshotReads$ui_release(OwnerSnapshotObserver.kt:107)
02-06 00:39:12.853 17170 17170 E AndroidRuntime: 	at androidx.compose.ui.node.MeasurePassDelegate.performMeasure-BRTryo0$ui_release(MeasurePassDelegate.kt:426)
02-06 00:39:12.853 17170 17170 E AndroidRuntime: 	at androidx.compose.ui.node.MeasurePassDelegate.remeasure-BRTryo0(MeasurePassDelegate.kt:477)
02-06 00:39:12.853 17170 17170 E AndroidRuntime: 	at androidx.compose.ui.node.MeasurePassDelegate.measure-BRTryo0(MeasurePassDelegate.kt:454)
02-06 00:39:12.853 17170 17170 E AndroidRuntime: 	at androidx.compose.foundation.layout.RowColumnMeasurePolicyKt.measure(RowColumnMeasurePolicy.kt:126)
02-06 00:39:12.853 17170 17170 E AndroidRuntime: 	at androidx.compose.foundation.layout.RowColumnMeasurePolicyKt.measure$default(RowColumnMeasurePolicy.kt:77)
02-06 00:39:12.853 17170 17170 E AndroidRuntime: 	at androidx.compose.foundation.layout.ColumnMeasurePolicy.measure-3p2s80s(Column.kt:205)
02-06 00:39:12.853 17170 17170 E AndroidRuntime: 	at androidx.compose.ui.node.InnerNodeCoordinator.measure-BRTryo0(InnerNodeCoordinator.kt:128)
02-06 00:39:12.853 17170 17170 E AndroidRuntime: 	at androidx.compose.foundation.layout.PaddingNode.measure-3p2s80s(Padding.kt:406)
02-06 00:39:12.853 17170 17170 E AndroidRuntime: 	at androidx.compose.ui.node.LayoutModifierNodeCoordinator.measure-BRTryo0(LayoutModifierNodeCoordinator.kt:190)
02-06 00:39:12.853 17170 17170 E AndroidRuntime: 	at androidx.compose.ui.node.MeasurePassDelegate$performMeasureBlock$1.invoke(MeasurePassDelegate.kt:173)
02-06 00:39:12.853 17170 17170 E AndroidRuntime: 	at androidx.compose.ui.node.MeasurePassDelegate$performMeasureBlock$1.invoke(MeasurePassDelegate.kt:172)
02-06 00:39:12.853 17170 17170 E AndroidRuntime: 	at androidx.compose.runtime.snapshots.Snapshot$Companion.observe(Snapshot.kt:502)
02-06 00:39:12.853 17170 17170 E AndroidRuntime: 	at androidx.compose.runtime.snapshots.SnapshotStateObserver$ObservedScopeMap.observe(SnapshotStateObserver.kt:464)
02-06 00:39:12.853 17170 17170 E AndroidRuntime: 	at androidx.compose.runtime.snapshots.SnapshotStateObserver.observeReads(SnapshotStateObserver.kt:248)
02-06 00:39:12.853 17170 17170 E AndroidRuntime: 	at androidx.compose.ui.node.OwnerSnapshotObserver.observeReads$ui_release(OwnerSnapshotObserver.kt:124)
02-06 00:39:12.853 17170 17170 E AndroidRuntime: 	at androidx.compose.ui.node.OwnerSnapshotObserver.observeMeasureSnapshotReads$ui_release(OwnerSnapshotObserver.kt:107)
02-06 00:39:12.853 17170 17170 E AndroidRuntime: 	at androidx.compose.ui.node.MeasurePassDelegate.performMeasure-BRTryo0$ui_release(MeasurePassDelegate.kt:426)
02-06 00:39:12.853 17170 17170 E AndroidRuntime: 	at androidx.compose.ui.node.MeasurePassDelegate.remeasure-BRTryo0(MeasurePassDelegate.kt:477)
02-06 00:39:12.853 17170 17170 E AndroidRuntime: 	at androidx.compose.ui.node.MeasurePassDelegate.measure-BRTryo0(MeasurePassDelegate.kt:454)
02-06 00:39:12.853 17170 17170 E AndroidRuntime: 	at androidx.compose.foundation.lazy.layout.LazyLayoutMeasuredItemProvider.getPlaceables-3p2s80s(LazyLayoutMeasuredItem.kt:61)
02-06 00:39:12.853 17170 17170 E AndroidRuntime: 	at androidx.compose.foundation.lazy.LazyListMeasuredItemProvider.getAndMeasure-0kLqBqw(LazyListMeasuredItemProvider.kt:53)
02-06 00:39:12.853 17170 17170 E AndroidRuntime: 	at androidx.compose.foundation.lazy.LazyListMeasuredItemProvider.getAndMeasure-0kLqBqw$default(LazyListMeasuredItemProvider.kt:47)
02-06 00:39:12.853 17170 17170 E AndroidRuntime: 	at androidx.compose.foundation.lazy.LazyListMeasureKt.measureLazyList-LCrQqZ4(LazyListMeasure.kt:224)
02-06 00:39:12.853 17170 17170 E AndroidRuntime: 	at androidx.compose.foundation.lazy.LazyListKt$rememberLazyListMeasurePolicy$1$1.measure-0kLqBqw(LazyList.kt:354)
02-06 00:39:12.853 17170 17170 E AndroidRuntime: 	at androidx.compose.foundation.lazy.layout.LazyLayoutKt$LazyLayout$2.invoke$lambda$8$lambda$7(LazyLayout.kt:141)
02-06 00:39:12.853 17170 17170 E AndroidRuntime: 	at androidx.compose.foundation.lazy.layout.LazyLayoutKt$LazyLayout$2.$r8$lambda$AuADrFew1M7xDLhV5Co4CIX8-dw(Unknown Source:0)
02-06 00:39:12.853 17170 17170 E AndroidRuntime: 	at androidx.compose.foundation.lazy.layout.LazyLayoutKt$LazyLayout$2$$ExternalSyntheticLambda2.invoke(D8$$SyntheticClass:0)
02-06 00:39:12.853 17170 17170 E AndroidRuntime: 	at androidx.compose.ui.layout.LayoutNodeSubcompositionsState$createMeasurePolicy$1.measure-3p2s80s(SubcomposeLayout.kt:914)
02-06 00:39:12.853 17170 17170 E AndroidRuntime: 	at androidx.compose.ui.node.InnerNodeCoordinator.measure-BRTryo0(InnerNodeCoordinator.kt:128)
02-06 00:39:12.853 17170 17170 E AndroidRuntime: 	at androidx.compose.ui.graphics.SimpleGraphicsLayerModifier.measure-3p2s80s(GraphicsLayerModifier.kt:794)
02-06 00:39:12.853 17170 17170 E AndroidRuntime: 	at androidx.compose.ui.node.LayoutModifierNodeCoordinator.measure-BRTryo0(LayoutModifierNodeCoordinator.kt:190)
02-06 00:39:12.856 17170 17170 E AndroidRuntime: 	at androidx.compose.foundation.lazy.layout.LazyLayoutBeyondBoundsModifierNode.measure-3p2s80s(LazyLayoutBeyondBoundsModifierLocal.kt:118)
02-06 00:39:12.856 17170 17170 E AndroidRuntime: 	at androidx.compose.ui.node.LayoutModifierNodeCoordinator.measure-BRTryo0(LayoutModifierNodeCoordinator.kt:190)
02-06 00:39:12.856 17170 17170 E AndroidRuntime: 	at androidx.compose.foundation.layout.FillNode.measure-3p2s80s(Size.kt:721)
02-06 00:39:12.856 17170 17170 E AndroidRuntime: 	at androidx.compose.ui.node.LayoutModifierNodeCoordinator.measure-BRTryo0(LayoutModifierNodeCoordinator.kt:190)
02-06 00:39:12.856 17170 17170 E AndroidRuntime: 	at androidx.compose.ui.node.MeasurePassDelegate$performMeasureBlock$1.invoke(MeasurePassDelegate.kt:173)
02-06 00:39:12.856 17170 17170 E AndroidRuntime: 	at androidx.compose.ui.node.MeasurePassDelegate$performMeasureBlock$1.invoke(MeasurePassDelegate.kt:172)
02-06 00:39:12.856 17170 17170 E AndroidRuntime: 	at androidx.compose.runtime.snapshots.Snapshot$Companion.observe(Snapshot.kt:502)
02-06 00:39:12.856 17170 17170 E AndroidRuntime: 	at androidx.compose.runtime.snapshots.SnapshotStateObserver$ObservedScopeMap.observe(SnapshotStateObserver.kt:464)
02-06 00:39:12.856 17170 17170 E AndroidRuntime: 	at androidx.compose.runtime.snapshots.SnapshotStateObserver.observeReads(SnapshotStateObserver.kt:248)
02-06 00:39:12.856 17170 17170 E AndroidRuntime: 	at androidx.compose.ui.node.OwnerSnapshotObserver.observeReads$ui_release(OwnerSnapshotObserver.kt:124)
02-06 00:39:12.856 17170 17170 E AndroidRuntime: 	at androidx.compose.ui.node.OwnerSnapshotObserver.observeMeasureSnapshotReads$ui_release(OwnerSnapshotObserver.kt:107)
02-06 00:39:12.856 17170 17170 E AndroidRuntime: 	at androidx.compose.ui.node.MeasurePassDelegate.performMeasure-BRTryo0$ui_release(MeasurePassDelegate.kt:426)
02-06 00:39:12.856 17170 17170 E AndroidRuntime: 	at androidx.compose.ui.node.MeasurePassDelegate.remeasure-BRTryo0(MeasurePassDelegate.kt:477)
02-06 00:39:12.856 17170 17170 E AndroidRuntime: 	at androidx.compose.ui.node.MeasurePassDelegate.measure-BRTryo0(MeasurePassDelegate.kt:454)
02-06 00:39:12.856 17170 17170 E AndroidRuntime: 	at androidx.compose.foundation.layout.BoxMeasurePolicy.measure-3p2s80s(Box.kt:145)
02-06 00:39:12.856 17170 17170 E AndroidRuntime: 	at androidx.compose.ui.node.InnerNodeCoordinator.measure-BRTryo0(InnerNodeCoordinator.kt:128)
02-06 00:39:12.856 17170 17170 E AndroidRuntime: 	at androidx.compose.foundation.layout.FillNode.measure-3p2s80s(Size.kt:721)
02-06 00:39:12.856 17170 17170 E AndroidRuntime: 	at androidx.compose.ui.node.LayoutModifierNodeCoordinator.measure-BRTryo0(LayoutModifierNodeCoordinator.kt:190)
02-06 00:39:12.856 17170 17170 E AndroidRuntime: 	at androidx.compose.ui.node.MeasurePassDelegate$performMeasureBlock$1.invoke(MeasurePassDelegate.kt:173)
02-06 00:39:12.856 17170 17170 E AndroidRuntime: 	at androidx.compose.ui.node.MeasurePassDelegate$performMeasureBlock$1.invoke(MeasurePassDelegate.kt:172)
02-06 00:39:12.856 17170 17170 E AndroidRuntime: 	at androidx.compose.runtime.snapshots.Snapshot$Companion.observe(Snapshot.kt:502)
02-06 00:39:12.856 17170 17170 E AndroidRuntime: 	at androidx.compose.runtime.snapshots.SnapshotStateObserver$ObservedScopeMap.observe(SnapshotStateObserver.kt:464)
02-06 00:39:12.856 17170 17170 E AndroidRuntime: 	at androidx.compose.runtime.snapshots.SnapshotStateObserver.observeReads(SnapshotStateObserver.kt:248)
02-06 00:39:12.856 17170 17170 E AndroidRuntime: 	at androidx.compose.ui.node.OwnerSnapshotObserver.observeReads$ui_release(OwnerSnapshotObserver.kt:124)
02-06 00:39:12.856 17170 17170 E AndroidRuntime: 	at androidx.compose.ui.node.OwnerSnapshotObserver.observeMeasureSnapshotReads$ui_release(OwnerSnapshotObserver.kt:107)
02-06 00:39:12.856 17170 17170 E AndroidRuntime: 	at androidx.compose.ui.node.MeasurePassDelegate.performMeasure-BRTryo0$ui_release(MeasurePassDelegate.kt:426)
02-06 00:39:12.856 17170 17170 E AndroidRuntime: 	at androidx.compose.ui.node.MeasurePassDelegate.remeasure-BRTryo0(MeasurePassDelegate.kt:477)
02-06 00:39:12.856 17170 17170 E AndroidRuntime: 	at androidx.compose.ui.node.MeasurePassDelegate.measure-BRTryo0(MeasurePassDelegate.kt:454)
02-06 00:39:12.856 17170 17170 E AndroidRuntime: 	at androidx.compose.animation.AnimatedEnterExitMeasurePolicy.measure-3p2s80s(AnimatedVisibility.kt:791)
02-06 00:39:12.856 17170 17170 E AndroidRuntime: 	at androidx.compose.ui.node.InnerNodeCoordinator.measure-BRTryo0(InnerNodeCoordinator.kt:128)
02-06 00:39:12.856 17170 17170 E AndroidRuntime: 	at androidx.compose.animation.EnterExitTransitionModifierNode.measure-3p2s80s(EnterExitTransition.kt:1171)
02-06 00:39:12.856 17170 17170 E AndroidRuntime: 	at androidx.compose.ui.node.LayoutModifierNodeCoordinator.measure-BRTryo0(LayoutModifierNodeCoordinator.kt:190)
02-06 00:39:12.856 17170 17170 E AndroidRuntime: 	at androidx.compose.ui.graphics.BlockGraphicsLayerModifier.measure-3p2s80s(GraphicsLayerModifier.kt:718)
02-06 00:39:12.856 17170 17170 E AndroidRuntime: 	at androidx.compose.ui.node.LayoutModifierNodeCoordinator.measure-BRTryo0(LayoutModifierNodeCoordinator.kt:190)
02-06 00:39:12.856 17170 17170 E AndroidRuntime: 	at androidx.compose.animation.AnimatedContentKt$AnimatedContent$6$1$1$1.invoke-3p2s80s(AnimatedContent.kt:842)
02-06 00:39:12.856 17170 17170 E AndroidRuntime: 	at androidx.compose.animation.AnimatedContentKt$AnimatedContent$6$1$1$1.invoke(AnimatedContent.kt:841)
02-06 00:39:12.856 17170 17170 E AndroidRuntime: 	at androidx.compose.ui.layout.LayoutModifierImpl.measure-3p2s80s(LayoutModifier.kt:278)
02-06 00:39:12.856 17170 17170 E AndroidRuntime: 	at androidx.compose.ui.node.LayoutModifierNodeCoordinator.measure-BRTryo0(LayoutModifierNodeCoordinator.kt:190)
02-06 00:39:12.858 17170 17170 E AndroidRuntime: 	at androidx.compose.ui.node.MeasurePassDelegate$performMeasureBlock$1.invoke(MeasurePassDelegate.kt:173)
02-06 00:39:12.858 17170 17170 E AndroidRuntime: 	at androidx.compose.ui.node.MeasurePassDelegate$performMeasureBlock$1.invoke(MeasurePassDelegate.kt:172)
02-06 00:39:12.858 17170 17170 E AndroidRuntime: 	at androidx.compose.runtime.snapshots.Snapshot$Companion.observe(Snapshot.kt:502)
02-06 00:39:12.858 17170 17170 E AndroidRuntime: 	at androidx.compose.runtime.snapshots.SnapshotStateObserver$ObservedScopeMap.observe(SnapshotStateObserver.kt:464)
02-06 00:39:12.858 17170 17170 E AndroidRuntime: 	at androidx.compose.runtime.snapshots.SnapshotStateObserver.observeReads(SnapshotStateObserver.kt:248)
02-06 00:39:12.858 17170 17170 E AndroidRuntime: 	at androidx.compose.ui.node.OwnerSnapshotObserver.observeReads$ui_release(OwnerSnapshotObserver.kt:124)
02-06 00:39:12.858 17170 17170 E AndroidRuntime: 	at androidx.compose.ui.node.OwnerSnapshotObserver.observeMeasureSnapshotReads$ui_release(OwnerSnapshotObserver.kt:107)
02-06 00:39:12.858 17170 17170 E AndroidRuntime: 	at androidx.compose.ui.node.MeasurePassDelegate.performMeasure-BRTryo0$ui_release(MeasurePassDelegate.kt:426)
02-06 00:39:12.858 17170 17170 E AndroidRuntime: 	at androidx.compose.ui.node.MeasurePassDelegate.remeasure-BRTryo0(MeasurePassDelegate.kt:477)
02-06 00:39:12.858 17170 17170 E AndroidRuntime: 	at androidx.compose.ui.node.MeasurePassDelegate.measure-BRTryo0(MeasurePassDelegate.kt:454)
02-06 00:39:12.858 17170 17170 E AndroidRuntime: 	at androidx.compose.animation.AnimatedContentMeasurePolicy.measure-3p2s80s(AnimatedContent.kt:894)
02-06 00:39:12.858 17170 17170 E AndroidRuntime: 	at androidx.compose.ui.node.InnerNodeCoordinator.measure-BRTryo0(InnerNodeCoordinator.kt:128)
02-06 00:39:12.858 17170 17170 E AndroidRuntime: 	at androidx.compose.animation.AnimatedContentTransitionScopeImpl$SizeModifierNode.measure-3p2s80s(AnimatedContent.kt:655)
02-06 00:39:12.858 17170 17170 E AndroidRuntime: 	at androidx.compose.ui.node.LayoutModifierNodeCoordinator.measure-BRTryo0(LayoutModifierNodeCoordinator.kt:190)
02-06 00:39:12.858 17170 17170 E AndroidRuntime: 	at androidx.compose.foundation.layout.PaddingValuesModifier.measure-3p2s80s(Padding.kt:470)
02-06 00:39:12.858 17170 17170 E AndroidRuntime: 	at androidx.compose.ui.node.LayoutModifierNodeCoordinator.measure-BRTryo0(LayoutModifierNodeCoordinator.kt:190)
02-06 00:39:12.858 17170 17170 E AndroidRuntime: 	at androidx.compose.ui.node.MeasurePassDelegate$performMeasureBlock$1.invoke(MeasurePassDelegate.kt:173)
02-06 00:39:12.858 17170 17170 E AndroidRuntime: 	at androidx.compose.ui.node.MeasurePassDelegate$performMeasureBlock$1.invoke(MeasurePassDelegate.kt:172)
02-06 00:39:12.858 17170 17170 E AndroidRuntime: 	at androidx.compose.runtime.snapshots.Snapshot$Companion.observe(Snapshot.kt:502)
02-06 00:39:12.858 17170 17170 E AndroidRuntime: 	at androidx.compose.runtime.snapshots.SnapshotStateObserver$ObservedScopeMap.observe(SnapshotStateObserver.kt:464)
02-06 00:39:12.858 17170 17170 E AndroidRuntime: 	at androidx.compose.runtime.snapshots.SnapshotStateObserver.observeReads(SnapshotStateObserver.kt:248)
02-06 00:39:12.858 17170 17170 E AndroidRuntime: 	at androidx.compose.ui.node.OwnerSnapshotObserver.observeReads$ui_release(OwnerSnapshotObserver.kt:124)
02-06 00:39:12.858 17170 17170 E AndroidRuntime: 	at androidx.compose.ui.node.OwnerSnapshotObserver.observeMeasureSnapshotReads$ui_release(OwnerSnapshotObserver.kt:107)
02-06 00:39:12.858 17170 17170 E AndroidRuntime: 	at androidx.compose.ui.node.MeasurePassDelegate.performMeasure-BRTryo0$ui_release(MeasurePassDelegate.kt:426)
02-06 00:39:12.858 17170 17170 E AndroidRuntime: 	at androidx.compose.ui.node.MeasurePassDelegate.remeasure-BRTryo0(MeasurePassDelegate.kt:477)
02-06 00:39:12.858 17170 17170 E AndroidRuntime: 	at androidx.compose.ui.node.MeasurePassDelegate.measure-BRTryo0(MeasurePassDelegate.kt:454)
