02-06 00:43:22.525  1827  4430 D ActivityManager: Raise procstate to external provider: ProcessRecord{74a51e1 10280:com.google.android.gms/u999a40}
02-06 00:43:22.534  1827  4430 I Timeline: Timeline: App_transition_ready time:269558291
02-06 00:43:22.535  1827  1845 D ActivityManager: Raise procstate to external provider: ProcessRecord{74a51e1 10280:com.google.android.gms/u999a40}
02-06 00:43:22.540  1827  3863 D ActivityManager: report kill process: killerPid is:17879, killedPid is:17879
02-06 00:43:22.547  1827  1846 I Timeline: Timeline: App_transition_ready time:269558304
02-06 00:43:22.575  1827  8283 I WindowManager: WIN DEATH: Window{e4c64d8 u0 com.example.f_rizzly/com.example.f_rizzly.MainActivity}
02-06 00:43:22.576  1827  3863 I ActivityManager: Process com.example.f_rizzly (pid 17879) has died: cch  CRE 
02-06 00:43:22.579  1827  8283 I Timeline: Timeline: App_transition_ready time:269558336
02-06 00:43:22.580  1827  3037 I WindowManager: WIN DEATH: Window{f56ba4c u0 com.example.f_rizzly/com.example.f_rizzly.MainActivity}
02-06 00:43:22.583  1827  3037 I Timeline: Timeline: App_transition_ready time:269558340
02-06 00:43:22.589  1827  3863 I Timeline: Timeline: App_transition_ready time:269558346
02-06 00:43:22.594  1827  3863 I Timeline: Timeline: App_transition_ready time:269558351
02-06 00:43:22.595  1827  3863 D ActivityManager: Raise procstate to external provider: ProcessRecord{74a51e1 10280:com.google.android.gms/u999a40}
02-06 00:43:22.596  1827  1853 W ActivityManager: setHasOverlayUi called on unknown pid: 17879
02-06 00:43:22.606  1827  1928 V UiModeManager: switch night mode to 2
02-06 00:43:22.620  1827  1897 I Timeline: Timeline: App_transition_ready time:269558378
02-06 00:43:22.624  1827  1897 I Timeline: Timeline: App_transition_ready time:269558381
02-06 00:43:22.628  1827  3863 I Timeline: Timeline: App_transition_ready time:269558385
02-06 00:43:22.632  1827  2788 I Timeline: Timeline: App_transition_ready time:269558390
02-06 00:43:22.651  1827  1897 I Timeline: Timeline: App_transition_ready time:269558408
02-06 00:43:22.743  1827  1842 D ActivityManager: Raise procstate to external provider: ProcessRecord{74a51e1 10280:com.google.android.gms/u999a40}
02-06 00:43:23.189  1827  1853 I Timeline: Timeline: Activity_windows_visible id: ActivityRecord{12f1b3a u0 com.miui.bugreport/.ui.MiuiFcPreviewActivity t811} time:269558946
02-06 00:43:23.191  1827  1897 I Timeline: Timeline: App_transition_stopped time:269558948
02-06 00:43:23.197  1827  1845 D ActivityManager: Raise procstate to external provider: ProcessRecord{74a51e1 10280:com.google.android.gms/u999a40}
02-06 00:43:23.203  1827  1842 D ActivityManager: Raise procstate to external provider: ProcessRecord{74a51e1 10280:com.google.android.gms/u999a40}
02-06 00:43:23.225  1827  8283 D ActivityManager: Raise procstate to external provider: ProcessRecord{74a51e1 10280:com.google.android.gms/u999a40}
02-06 00:43:25.643  1827  2006 E TaskPersister: File error accessing recents directory (directory doesn't exist?).
02-06 00:43:26.657  1827  1842 D ActivityManager: Raise procstate to external provider: ProcessRecord{74a51e1 10280:com.google.android.gms/u999a40}
02-06 00:43:33.122   899  1057 E storaged: getDiskStats failed with result NOT_SUPPORTED and size 0
02-06 00:43:33.271  1827  1849 D KernelUidCpuTimeReader: Removing uids 99587-99587
02-06 00:43:33.273  1827  3863 D ActivityManager: Raise procstate to external provider: ProcessRecord{74a51e1 10280:com.google.android.gms/u999a40}
02-06 00:43:33.299  1827  3863 D ActivityManager: Raise procstate to external provider: ProcessRecord{74a51e1 10280:com.google.android.gms/u999a40}
02-06 00:43:33.305  1827  1842 D ActivityManager: Raise procstate to external provider: ProcessRecord{74a51e1 10280:com.google.android.gms/u999a40}
02-06 00:43:55.311  1827  3863 D ActivityManager: Raise procstate to external provider: ProcessRecord{74a51e1 10280:com.google.android.gms/u999a40}
02-06 00:43:55.319  1827  3863 D ActivityManager: Raise procstate to external provider: ProcessRecord{74a51e1 10280:com.google.android.gms/u999a40}
02-06 00:43:55.326  1827  1842 D ActivityManager: Raise procstate to external provider: ProcessRecord{74a51e1 10280:com.google.android.gms/u999a40}
02-06 00:44:00.004  1827  1827 D ActivityManager: Raise procstate to external provider: ProcessRecord{74a51e1 10280:com.google.android.gms/u999a40}
02-06 00:44:00.006  1827  3863 D ActivityManager: Raise procstate to external provider: ProcessRecord{74a51e1 10280:com.google.android.gms/u999a40}
02-06 00:44:00.008  1827  1842 D ActivityManager: Raise procstate to external provider: ProcessRecord{74a51e1 10280:com.google.android.gms/u999a40}
02-06 00:44:00.015  1827  1842 I chatty  : uid=1000(system) Binder:1827_2 identical 3 lines
02-06 00:44:00.016  1827  1842 D ActivityManager: Raise procstate to external provider: ProcessRecord{74a51e1 10280:com.google.android.gms/u999a40}
02-06 00:44:03.509  1827  1842 D ConnectivityService: Returning BLOCKED NetworkInfo to uid=10231
02-06 00:44:04.101  1827  1845 D ActivityManager: Raise procstate to external provider: ProcessRecord{74a51e1 10280:com.google.android.gms/u999a40}
02-06 00:44:04.106  1827  1914 D ActivityManager: Raise procstate to external provider: ProcessRecord{74a51e1 10280:com.google.android.gms/u999a40}
02-06 00:44:04.146  1827  1967 D ActivityManager: Raise procstate to external provider: ProcessRecord{74a51e1 10280:com.google.android.gms/u999a40}
02-06 00:44:04.193  1827  3074 D ActivityManager: Raise procstate to external provider: ProcessRecord{74a51e1 10280:com.google.android.gms/u999a40}
02-06 00:44:04.196  1827  3074 D ActivityManager: Raise procstate to external provider: ProcessRecord{74a51e1 10280:com.google.android.gms/u999a40}
02-06 00:44:04.447  1827  1842 D ActivityManager: Raise procstate to external provider: ProcessRecord{74a51e1 10280:com.google.android.gms/u999a40}
02-06 00:44:06.201  1827  2318 D ActivityManager: Raise procstate to external provider: ProcessRecord{74a51e1 10280:com.google.android.gms/u999a40}
02-06 00:44:06.208  1827  2318 D ActivityManager: Raise procstate to external provider: ProcessRecord{74a51e1 10280:com.google.android.gms/u999a40}
02-06 00:44:06.214  1827  1842 D ActivityManager: Raise procstate to external provider: ProcessRecord{74a51e1 10280:com.google.android.gms/u999a40}
02-06 00:44:06.281  1827  1842 I chatty  : uid=1000(system) Binder:1827_2 identical 1 line
02-06 00:44:06.288  1827  1842 D ActivityManager: Raise procstate to external provider: ProcessRecord{74a51e1 10280:com.google.android.gms/u999a40}
02-06 00:44:14.122  1827  1844 D ActivityManager: Raise procstate to external provider: ProcessRecord{74a51e1 10280:com.google.android.gms/u999a40}
02-06 00:44:18.357  1827  1842 D ActivityManager: Raise procstate to external provider: ProcessRecord{74a51e1 10280:com.google.android.gms/u999a40}
02-06 00:44:18.367  1827  1842 D ActivityManager: Raise procstate to external provider: ProcessRecord{74a51e1 10280:com.google.android.gms/u999a40}
02-06 00:44:18.724  1827  3863 V LocationPolicy: writePolicyLocked()
02-06 00:44:18.747 22170 22190 D PowerKeeper.AppBgIdle: setUidState, uid = 10379 allow = true
02-06 00:44:21.245  1827  2318 D ActivityManager: Raise procstate to external provider: ProcessRecord{74a51e1 10280:com.google.android.gms/u999a40}
02-06 00:44:33.124   899  1057 E storaged: getDiskStats failed with result NOT_SUPPORTED and size 0
02-06 00:44:37.335  1827  1967 D ActivityManager: Raise procstate to external provider: ProcessRecord{74a51e1 10280:com.google.android.gms/u999a40}
02-06 00:44:37.356  1827  3863 D ActivityManager: Raise procstate to external provider: ProcessRecord{74a51e1 10280:com.google.android.gms/u999a40}
02-06 00:44:37.376  1827  3863 D ActivityManager: Raise procstate to external provider: ProcessRecord{74a51e1 10280:com.google.android.gms/u999a40}
02-06 00:44:37.706  1827  2318 D ActivityManager: Raise procstate to external provider: ProcessRecord{74a51e1 10280:com.google.android.gms/u999a40}
02-06 00:44:37.817  1827  3863 D ActivityManager: Raise procstate to external provider: ProcessRecord{74a51e1 10280:com.google.android.gms/u999a40}
02-06 00:45:00.005  1827  1827 D ActivityManager: Raise procstate to external provider: ProcessRecord{74a51e1 10280:com.google.android.gms/u999a40}
02-06 00:45:00.008  1827  3074 D ActivityManager: Raise procstate to external provider: ProcessRecord{74a51e1 10280:com.google.android.gms/u999a40}
02-06 00:45:00.010  1827  3074 D ActivityManager: Raise procstate to external provider: ProcessRecord{74a51e1 10280:com.google.android.gms/u999a40}
02-06 00:45:00.013  1827  3863 D ActivityManager: Raise procstate to external provider: ProcessRecord{74a51e1 10280:com.google.android.gms/u999a40}
02-06 00:45:00.015  1827  3863 D ActivityManager: Raise procstate to external provider: ProcessRecord{74a51e1 10280:com.google.android.gms/u999a40}
02-06 00:45:00.018  1827  3074 D ActivityManager: Raise procstate to external provider: ProcessRecord{74a51e1 10280:com.google.android.gms/u999a40}
02-06 00:45:00.019  1827  3074 D ActivityManager: Raise procstate to external provider: ProcessRecord{74a51e1 10280:com.google.android.gms/u999a40}
02-06 00:45:30.728  1827  1845 D ActivityManager: Raise procstate to external provider: ProcessRecord{74a51e1 10280:com.google.android.gms/u999a40}
02-06 00:45:30.729  1827  1845 D ActivityManager: Raise procstate to external provider: ProcessRecord{74a51e1 10280:com.google.android.gms/u999a40}
02-06 00:45:30.737  1827  3074 D ActivityManager: Raise procstate to external provider: ProcessRecord{74a51e1 10280:com.google.android.gms/u999a40}
02-06 00:45:30.741  1827  3863 D ActivityManager: Raise procstate to external provider: ProcessRecord{74a51e1 10280:com.google.android.gms/u999a40}
02-06 00:45:30.751  1827  3074 D ActivityManager: Raise procstate to external provider: ProcessRecord{74a51e1 10280:com.google.android.gms/u999a40}
02-06 00:45:30.754  1827  3863 D ActivityManager: Raise procstate to external provider: ProcessRecord{74a51e1 10280:com.google.android.gms/u999a40}
02-06 00:45:30.756  1827  3863 D ActivityManager: Raise procstate to external provider: ProcessRecord{74a51e1 10280:com.google.android.gms/u999a40}
02-06 00:45:30.919  1827  3863 E NotificationService: Suppressing notification from package by user request.
02-06 00:45:33.126   899  1057 E storaged: getDiskStats failed with result NOT_SUPPORTED and size 0
02-06 00:45:33.438  1827  3863 D ActivityManager: Raise procstate to external provider: ProcessRecord{74a51e1 10280:com.google.android.gms/u999a40}
02-06 00:45:33.449  1827  3074 D ActivityManager: Raise procstate to external provider: ProcessRecord{74a51e1 10280:com.google.android.gms/u999a40}
02-06 00:45:45.785  1827  3863 D ActivityManager: Raise procstate to external provider: ProcessRecord{74a51e1 10280:com.google.android.gms/u999a40}
02-06 00:45:45.809  1827  3863 D ActivityManager: Raise procstate to external provider: ProcessRecord{74a51e1 10280:com.google.android.gms/u999a40}
02-06 00:45:50.754  1827  1844 D ActivityManager: Raise procstate to external provider: ProcessRecord{74a51e1 10280:com.google.android.gms/u999a40}
02-06 00:45:55.772  1827  3074 D ActivityManager: Raise procstate to external provider: ProcessRecord{74a51e1 10280:com.google.android.gms/u999a40}
02-06 00:46:00.005  1827  1827 D ActivityManager: Raise procstate to external provider: ProcessRecord{74a51e1 10280:com.google.android.gms/u999a40}
02-06 00:46:00.008  1827  3074 D ActivityManager: Raise procstate to external provider: ProcessRecord{74a51e1 10280:com.google.android.gms/u999a40}
02-06 00:46:00.014  1827  3074 I chatty  : uid=1000(system) Binder:1827_F identical 2 lines
02-06 00:46:00.016  1827  3074 D ActivityManager: Raise procstate to external provider: ProcessRecord{74a51e1 10280:com.google.android.gms/u999a40}
02-06 00:46:00.018  1827  3863 D ActivityManager: Raise procstate to external provider: ProcessRecord{74a51e1 10280:com.google.android.gms/u999a40}
02-06 00:46:00.019  1827  3863 D ActivityManager: Raise procstate to external provider: ProcessRecord{74a51e1 10280:com.google.android.gms/u999a40}
02-06 00:46:13.866  1827  1845 D ActivityManager: Raise procstate to external provider: ProcessRecord{74a51e1 10280:com.google.android.gms/u999a40}
02-06 00:46:13.867  1827  1845 D ActivityManager: Raise procstate to external provider: ProcessRecord{74a51e1 10280:com.google.android.gms/u999a40}
02-06 00:46:13.874  1827  3863 D ActivityManager: Raise procstate to external provider: ProcessRecord{74a51e1 10280:com.google.android.gms/u999a40}
02-06 00:46:13.878  1827  1842 D ActivityManager: Raise procstate to external provider: ProcessRecord{74a51e1 10280:com.google.android.gms/u999a40}
02-06 00:46:13.888  1827  3863 D ActivityManager: Raise procstate to external provider: ProcessRecord{74a51e1 10280:com.google.android.gms/u999a40}
02-06 00:46:13.889  1827  3863 I chatty  : uid=1000(system) Binder:1827_12 identical 1 line
02-06 00:46:13.891  1827  3863 D ActivityManager: Raise procstate to external provider: ProcessRecord{74a51e1 10280:com.google.android.gms/u999a40}
02-06 00:46:13.894  1827  3074 D ActivityManager: Raise procstate to external provider: ProcessRecord{74a51e1 10280:com.google.android.gms/u999a40}
02-06 00:46:14.016  1827  1842 E NotificationService: Suppressing notification from package by user request.
02-06 00:46:18.889  1827  1842 D ActivityManager: Raise procstate to external provider: ProcessRecord{74a51e1 10280:com.google.android.gms/u999a40}
02-06 00:46:22.436  1827  3074 D ActivityManager: Raise procstate to external provider: ProcessRecord{74a51e1 10280:com.google.android.gms/u999a40}
02-06 00:46:22.452  1827  3074 I Timeline: Timeline: App_transition_ready time:269738209
02-06 00:46:22.453  1827  1845 D ActivityManager: Raise procstate to external provider: ProcessRecord{74a51e1 10280:com.google.android.gms/u999a40}
02-06 00:46:22.463  1827  2318 I Timeline: Timeline: App_transition_ready time:269738220
02-06 00:46:22.466  1827  3074 I Timeline: Timeline: App_transition_ready time:269738223
02-06 00:46:22.471  1827  1842 D ActivityManager: Raise procstate to external provider: ProcessRecord{74a51e1 10280:com.google.android.gms/u999a40}
02-06 00:46:22.477  1827  1897 I Timeline: Timeline: App_transition_ready time:269738234
02-06 00:46:22.478  1827  1928 V UiModeManager: switch night mode to 2
02-06 00:46:22.481  1827  1897 I Timeline: Timeline: App_transition_ready time:269738238
02-06 00:46:22.485  1827  3863 I Timeline: Timeline: App_transition_ready time:269738242
02-06 00:46:22.491  1827  1897 I Timeline: Timeline: App_transition_ready time:269738248
02-06 00:46:22.530  1827  1897 I Timeline: Timeline: App_transition_ready time:269738288
02-06 00:46:22.541  1827  3863 D ActivityManager: Raise procstate to external provider: ProcessRecord{74a51e1 10280:com.google.android.gms/u999a40}
02-06 00:46:22.820  1827  1853 I Timeline: Timeline: Activity_windows_visible id: ActivityRecord{e4a8d6a u0 com.miui.home/.launcher.Launcher t1} time:269738577
02-06 00:46:22.824  1827  1897 I Timeline: Timeline: App_transition_stopped time:269738581
02-06 00:46:22.830  1827  1845 D ActivityManager: Raise procstate to external provider: ProcessRecord{74a51e1 10280:com.google.android.gms/u999a40}
02-06 00:46:22.832  1827  1845 D ActivityManager: Raise procstate to external provider: ProcessRecord{74a51e1 10280:com.google.android.gms/u999a40}
02-06 00:46:22.847 17208 17208 V ActivityThread: handleTrimMemory:com.miui.bugreport
02-06 00:46:22.848  1827  3863 W ActivityManager: Finishing task with all activities already finished
02-06 00:46:22.849  1827  3863 W ActivityManager: Duplicate finish request for ActivityRecord{12f1b3a u0 com.miui.bugreport/.ui.MiuiFcPreviewActivity t811 f}
02-06 00:46:28.891  1827  3074 D ActivityManager: Raise procstate to external provider: ProcessRecord{74a51e1 10280:com.google.android.gms/u999a40}
02-06 00:46:31.789  1827  3074 I chatty  : uid=1000(system) Binder:1827_F identical 3 lines
02-06 00:46:32.109  1827  3074 D ActivityManager: Raise procstate to external provider: ProcessRecord{74a51e1 10280:com.google.android.gms/u999a40}
02-06 00:46:32.115  1827  3863 D ActivityManager: Raise procstate to external provider: ProcessRecord{74a51e1 10280:com.google.android.gms/u999a40}
02-06 00:46:32.163  1827  2318 D ActivityManager: Raise procstate to external provider: ProcessRecord{74a51e1 10280:com.google.android.gms/u999a40}
02-06 00:46:32.167  1827  2789 D ActivityManager: Raise procstate to external provider: ProcessRecord{74a51e1 10280:com.google.android.gms/u999a40}
02-06 00:46:32.214  1827  2318 D ActivityManager: Raise procstate to external provider: ProcessRecord{74a51e1 10280:com.google.android.gms/u999a40}
02-06 00:46:32.219  1827  2789 D ActivityManager: Raise procstate to external provider: ProcessRecord{74a51e1 10280:com.google.android.gms/u999a40}
02-06 00:46:32.261  1827  2318 D ActivityManager: Raise procstate to external provider: ProcessRecord{74a51e1 10280:com.google.android.gms/u999a40}
02-06 00:46:32.266  1827  2318 D ActivityManager: Raise procstate to external provider: ProcessRecord{74a51e1 10280:com.google.android.gms/u999a40}
02-06 00:46:32.634  1827  1849 W KernelWakelockReader: Reading wakelock stats took 131ms
02-06 00:46:32.638  1827  2318 I ActivityManager: Process com.android.chrome:webview_service (pid 16846) has died: cch+6CEM 
02-06 00:46:32.642  1827  2318 D ActivityManager: Raise procstate to external provider: ProcessRecord{74a51e1 10280:com.google.android.gms/u999a40}
02-06 00:46:32.643  1827  3863 I ActivityManager: Process com.google.process.gservices (pid 13590) has died: cch+6CEM 
02-06 00:46:32.648  1827  3863 D ActivityManager: Raise procstate to external provider: ProcessRecord{74a51e1 10280:com.google.android.gms/u999a40}
02-06 00:46:32.649  1827  1842 I ActivityManager: Process com.google.android.googlequicksearchbox:search (pid 17037) has died: cch+4CEM 
02-06 00:46:32.652  1827  1842 D ActivityManager: Raise procstate to external provider: ProcessRecord{74a51e1 10280:com.google.android.gms/u999a40}
02-06 00:46:32.653  1827  9204 I ActivityManager: Process com.miui.securitycenter (pid 17462) has died: cch+6CEM 
02-06 00:46:32.657  1827  9204 D ActivityManager: Raise procstate to external provider: ProcessRecord{74a51e1 10280:com.google.android.gms/u999a40}
02-06 00:46:33.128   899  1057 E storaged: getDiskStats failed with result NOT_SUPPORTED and size 0
02-06 00:46:33.876  1827  1844 D ActivityManager: Raise procstate to external provider: ProcessRecord{74a51e1 10280:com.google.android.gms/u999a40}
02-06 00:46:38.896  1827  1842 D ActivityManager: Raise procstate to external provider: ProcessRecord{74a51e1 10280:com.google.android.gms/u999a40}
02-06 00:46:41.276  1827  1847 D Boost   : hostingType=service, hostingName=com.miui.screenrecorder/.service.QuickService, callerPackage=com.android.systemui, isSystem=true, isBoostNeeded=false.
02-06 00:46:41.279  1827  1847 I ActivityManager: Start proc 18016:com.miui.screenrecorder/1000 for service com.miui.screenrecorder/.service.QuickService caller=com.android.systemui
02-06 00:46:41.326  1827  1842 D ActivityManager: Raise procstate to external provider: ProcessRecord{74a51e1 10280:com.google.android.gms/u999a40}
02-06 00:46:46.570  1827  2788 D ActivityManager: Raise procstate to external provider: ProcessRecord{74a51e1 10280:com.google.android.gms/u999a40}
02-06 00:46:46.583  1827  1842 D ActivityManager: Raise procstate to external provider: ProcessRecord{74a51e1 10280:com.google.android.gms/u999a40}
02-06 00:46:46.618  1827  1842 I chatty  : uid=1000(system) Binder:1827_2 identical 4 lines
02-06 00:46:54.542  1827  1842 D ActivityManager: Raise procstate to external provider: ProcessRecord{74a51e1 10280:com.google.android.gms/u999a40}
02-06 00:46:54.549  1827  3863 D ActivityManager: Raise procstate to external provider: ProcessRecord{74a51e1 10280:com.google.android.gms/u999a40}
02-06 00:46:54.604  1827  1842 D ActivityManager: Raise procstate to external provider: ProcessRecord{74a51e1 10280:com.google.android.gms/u999a40}
02-06 00:46:54.609  1827  3863 D ActivityManager: Raise procstate to external provider: ProcessRecord{74a51e1 10280:com.google.android.gms/u999a40}
02-06 00:46:54.655  1827  3863 D ActivityManager: Raise procstate to external provider: ProcessRecord{74a51e1 10280:com.google.android.gms/u999a40}
02-06 00:46:54.660  1827  1842 D ActivityManager: Raise procstate to external provider: ProcessRecord{74a51e1 10280:com.google.android.gms/u999a40}
02-06 00:46:54.705  1827  1842 D ActivityManager: Raise procstate to external provider: ProcessRecord{74a51e1 10280:com.google.android.gms/u999a40}
02-06 00:46:54.710  1827  3863 D ActivityManager: Raise procstate to external provider: ProcessRecord{74a51e1 10280:com.google.android.gms/u999a40}
02-06 00:46:56.645  1827  3863 D ActivityManager: Raise procstate to external provider: ProcessRecord{74a51e1 10280:com.google.android.gms/u999a40}
02-06 00:46:56.655  1827  2788 D ActivityManager: Raise procstate to external provider: ProcessRecord{74a51e1 10280:com.google.android.gms/u999a40}
02-06 00:47:00.005  1827  1827 D ActivityManager: Raise procstate to external provider: ProcessRecord{74a51e1 10280:com.google.android.gms/u999a40}
02-06 00:47:00.006  1827  1842 D ActivityManager: Raise procstate to external provider: ProcessRecord{74a51e1 10280:com.google.android.gms/u999a40}
02-06 00:47:00.008  1827  2788 D ActivityManager: Raise procstate to external provider: ProcessRecord{74a51e1 10280:com.google.android.gms/u999a40}
02-06 00:47:00.017  1827  2788 I chatty  : uid=1000(system) Binder:1827_A identical 3 lines
02-06 00:47:00.018  1827  2788 D ActivityManager: Raise procstate to external provider: ProcessRecord{74a51e1 10280:com.google.android.gms/u999a40}
02-06 00:47:06.683  1827  1842 D ActivityManager: Raise procstate to external provider: ProcessRecord{74a51e1 10280:com.google.android.gms/u999a40}
02-06 00:47:06.694  1827  3863 D ActivityManager: Raise procstate to external provider: ProcessRecord{74a51e1 10280:com.google.android.gms/u999a40}
02-06 00:47:06.736  1827  1842 D ActivityManager: Raise procstate to external provider: ProcessRecord{74a51e1 10280:com.google.android.gms/u999a40}
02-06 00:47:06.743  1827  3863 D ActivityManager: Raise procstate to external provider: ProcessRecord{74a51e1 10280:com.google.android.gms/u999a40}
02-06 00:47:06.787  1827  3863 D ActivityManager: Raise procstate to external provider: ProcessRecord{74a51e1 10280:com.google.android.gms/u999a40}
02-06 00:47:11.284  1827  1842 D ActivityManager: Raise procstate to external provider: ProcessRecord{74a51e1 10280:com.google.android.gms/u999a40}
02-06 00:47:11.289  1827  2788 D ActivityManager: Raise procstate to external provider: ProcessRecord{74a51e1 10280:com.google.android.gms/u999a40}
02-06 00:47:18.459  1827  2788 I chatty  : uid=1000(system) Binder:1827_A identical 1 line
02-06 00:47:18.468  1827  2788 D ActivityManager: Raise procstate to external provider: ProcessRecord{74a51e1 10280:com.google.android.gms/u999a40}
02-06 00:47:25.352  1827  2788 I InstallationStatistic: beginInstallSession: 1850483176
02-06 00:47:27.675  1827  1842 W ActivityManager: Permission Denial: getStackInfo() from pid=7058, uid=10088 requires android.permission.MANAGE_ACTIVITY_STACKS
02-06 00:47:27.712  1827  9204 W DropBoxManagerService: Dropping: keymaster (53 > 0 bytes)
02-06 00:47:27.714  1827  1845 W BroadcastQueue: Background execution not allowed: receiving Intent { act=android.intent.action.DROPBOX_ENTRY_ADDED flg=0x10 (has extras) } to com.google.android.gms/.stats.service.DropBoxEntryAddedReceiver
02-06 00:47:27.715  1827  1845 D ActivityManager: Raise procstate to external provider: ProcessRecord{74a51e1 10280:com.google.android.gms/u999a40}
02-06 00:47:27.719  1827  9204 D ActivityManager: Raise procstate to external provider: ProcessRecord{74a51e1 10280:com.google.android.gms/u999a40}
02-06 00:47:27.730  1827  9204 W DropBoxManagerService: Dropping: keymaster (53 > 0 bytes)
02-06 00:47:27.731  1827  1845 W BroadcastQueue: Background execution not allowed: receiving Intent { act=android.intent.action.DROPBOX_ENTRY_ADDED flg=0x10 (has extras) } to com.google.android.gms/.stats.service.DropBoxEntryAddedReceiver
02-06 00:47:27.732  1827  1845 D ActivityManager: Raise procstate to external provider: ProcessRecord{74a51e1 10280:com.google.android.gms/u999a40}
02-06 00:47:27.747  1827  9204 W DropBoxManagerService: Dropping: keymaster (53 > 0 bytes)
02-06 00:47:27.750  1827  1845 W BroadcastQueue: Background execution not allowed: receiving Intent { act=android.intent.action.DROPBOX_ENTRY_ADDED flg=0x10 (has extras) } to com.google.android.gms/.stats.service.DropBoxEntryAddedReceiver
02-06 00:47:27.750  1827  1845 D ActivityManager: Raise procstate to external provider: ProcessRecord{74a51e1 10280:com.google.android.gms/u999a40}
02-06 00:47:27.764  1827  9204 W DropBoxManagerService: Dropping: keymaster (53 > 0 bytes)
02-06 00:47:27.766  1827  1845 W BroadcastQueue: Background execution not allowed: receiving Intent { act=android.intent.action.DROPBOX_ENTRY_ADDED flg=0x10 (has extras) } to com.google.android.gms/.stats.service.DropBoxEntryAddedReceiver
02-06 00:47:27.766  1827  1845 D ActivityManager: Raise procstate to external provider: ProcessRecord{74a51e1 10280:com.google.android.gms/u999a40}
02-06 00:47:27.778  1827  3863 W DropBoxManagerService: Dropping: keymaster (53 > 0 bytes)
02-06 00:47:27.779  1827  1845 W BroadcastQueue: Background execution not allowed: receiving Intent { act=android.intent.action.DROPBOX_ENTRY_ADDED flg=0x10 (has extras) } to com.google.android.gms/.stats.service.DropBoxEntryAddedReceiver
02-06 00:47:27.779  1827  1845 D ActivityManager: Raise procstate to external provider: ProcessRecord{74a51e1 10280:com.google.android.gms/u999a40}
02-06 00:47:27.791  1827  3863 W DropBoxManagerService: Dropping: keymaster (53 > 0 bytes)
02-06 00:47:27.793  1827  1845 W BroadcastQueue: Background execution not allowed: receiving Intent { act=android.intent.action.DROPBOX_ENTRY_ADDED flg=0x10 (has extras) } to com.google.android.gms/.stats.service.DropBoxEntryAddedReceiver
02-06 00:47:27.793  1827  1845 D ActivityManager: Raise procstate to external provider: ProcessRecord{74a51e1 10280:com.google.android.gms/u999a40}
02-06 00:47:27.796  1827  1896 I ActivityManager: START u0 {act=android.intent.action.VIEW dat=file:///data/app/vmdl1850483176.tmp typ=application/vnd.android.package-archive flg=0x18000000 cmp=com.miui.securitycenter/com.miui.permcenter.install.AdbInstallActivity (has extras)} from uid 1000
02-06 00:47:27.824  1827  2318 D ActivityManager: Raise procstate to external provider: ProcessRecord{74a51e1 10280:com.google.android.gms/u999a40}
02-06 00:47:27.837  1827  1847 D Boost   : hostingType=activity, hostingName=com.miui.securitycenter/com.miui.permcenter.install.AdbInstallActivity, callerPackage=pm, isSystem=true, isBoostNeeded=false.
02-06 00:47:27.839  1827  1847 I ActivityManager: Start proc 18072:com.miui.securitycenter/1000 for activity com.miui.securitycenter/com.miui.permcenter.install.AdbInstallActivity caller=pm
02-06 00:47:27.869  1827  3863 D ActivityManager: Raise procstate to external provider: ProcessRecord{74a51e1 10280:com.google.android.gms/u999a40}
02-06 00:47:27.872  1827  3863 W ActivityManager: Request to remove task ignored for non-existent task 811
02-06 00:47:27.875  1827  1897 I Timeline: Timeline: App_transition_ready time:269803632
02-06 00:47:28.289  1827  1928 V UiModeManager: switch night mode to 2
02-06 00:47:28.289  1827  1842 D ActivityManager: Raise procstate to external provider: ProcessRecord{74a51e1 10280:com.google.android.gms/u999a40}
02-06 00:47:28.296  1827  3863 D ActivityManager: Raise procstate to external provider: ProcessRecord{74a51e1 10280:com.google.android.gms/u999a40}
02-06 00:47:28.303  1827  3863 D ActivityManager: Raise procstate to external provider: ProcessRecord{74a51e1 10280:com.google.android.gms/u999a40}
02-06 00:47:28.314  1827  3863 I Timeline: Timeline: App_transition_ready time:269804071
02-06 00:47:28.314  1827  3863 I Timeline: Timeline: App_transition_stopped time:269804071
02-06 00:47:28.328  1827  1928 V UiModeManager: switch night mode to 2
02-06 00:47:28.346  1827  4426 D ActivityManager: Raise procstate to external provider: ProcessRecord{74a51e1 10280:com.google.android.gms/u999a40}
02-06 00:47:28.346 18072 18072 V ActivityThread: handleTrimMemory:com.miui.securitycenter
02-06 00:47:28.363  1827  2020 D ActivityManager: Raise procstate to external provider: ProcessRecord{74a51e1 10280:com.google.android.gms/u999a40}
02-06 00:47:28.369  1827  2020 D ActivityManager: Raise procstate to external provider: ProcessRecord{74a51e1 10280:com.google.android.gms/u999a40}
02-06 00:47:28.369  1827  1896 D com.android.server.pm.PackageManagerServiceInjector: Package verify start
02-06 00:47:28.381  1827  1845 D ActivityManager: Raise procstate to external provider: ProcessRecord{74a51e1 10280:com.google.android.gms/u999a40}
02-06 00:47:28.383  1827  2332 D ActivityManager: Raise procstate to external provider: ProcessRecord{74a51e1 10280:com.google.android.gms/u999a40}
02-06 00:47:28.384  1827  2332 D ActivityManager: Raise procstate to external provider: ProcessRecord{74a51e1 10280:com.google.android.gms/u999a40}
02-06 00:47:28.386  1827  2318 D ActivityManager: Raise procstate to external provider: ProcessRecord{74a51e1 10280:com.google.android.gms/u999a40}
02-06 00:47:28.387  1827  2332 W WindowManager: Failed looking up window callers=com.android.server.wm.WindowManagerService.windowForClientLocked:5904 com.android.server.wm.WindowManagerService.relayoutWindow:2084 com.android.server.wm.Session.relayout:244 
02-06 00:47:28.391  1827  2318 W WindowManager: Failed looking up window callers=com.android.server.wm.WindowManagerService.windowForClientLocked:5904 com.android.server.wm.WindowManagerService.removeWindow:1852 com.android.server.wm.Session.remove:226 
02-06 00:47:28.391  1827  2318 D ActivityManager: Raise procstate to external provider: ProcessRecord{74a51e1 10280:com.google.android.gms/u999a40}
02-06 00:47:28.432  1827  2020 D ActivityManager: Raise procstate to external provider: ProcessRecord{74a51e1 10280:com.google.android.gms/u999a40}
02-06 00:47:28.435  1827  1862 D ActivityManager: Raise procstate to external provider: ProcessRecord{74a51e1 10280:com.google.android.gms/u999a40}
02-06 00:47:28.684  1827  1862 D ActivityManager: Raise procstate to external provider: ProcessRecord{74a51e1 10280:com.google.android.gms/u999a40}
02-06 00:47:28.687  1827  1845 D ActivityManager: Raise procstate to external provider: ProcessRecord{74a51e1 10280:com.google.android.gms/u999a40}
02-06 00:47:28.692  1827  2020 D ActivityManager: Raise procstate to external provider: ProcessRecord{74a51e1 10280:com.google.android.gms/u999a40}
02-06 00:47:28.694  1827  2020 I chatty  : uid=1000(system) Binder:1827_3 identical 1 line
02-06 00:47:28.695  1827  2020 D ActivityManager: Raise procstate to external provider: ProcessRecord{74a51e1 10280:com.google.android.gms/u999a40}
02-06 00:47:28.757  1827  2318 D ActivityManager: Raise procstate to external provider: ProcessRecord{74a51e1 10280:com.google.android.gms/u999a40}
02-06 00:47:28.766  1827  1845 D ActivityManager: Raise procstate to external provider: ProcessRecord{74a51e1 10280:com.google.android.gms/u999a40}
02-06 00:47:29.775  1827  2020 D ActivityManager: Raise procstate to external provider: ProcessRecord{74a51e1 10280:com.google.android.gms/u999a40}
02-06 00:47:29.780  1827  2020 D ActivityManager: Raise procstate to external provider: ProcessRecord{74a51e1 10280:com.google.android.gms/u999a40}
02-06 00:47:29.781  1827  2318 D ActivityManager: Raise procstate to external provider: ProcessRecord{74a51e1 10280:com.google.android.gms/u999a40}
02-06 00:47:29.782  1827  2318 D ActivityManager: Raise procstate to external provider: ProcessRecord{74a51e1 10280:com.google.android.gms/u999a40}
02-06 00:47:30.307  1827  1842 W DropBoxManagerService: Dropping: keymaster (53 > 0 bytes)
02-06 00:47:30.309  1827  1845 W BroadcastQueue: Background execution not allowed: receiving Intent { act=android.intent.action.DROPBOX_ENTRY_ADDED flg=0x10 (has extras) } to com.google.android.gms/.stats.service.DropBoxEntryAddedReceiver
02-06 00:47:30.309  1827  1845 D ActivityManager: Raise procstate to external provider: ProcessRecord{74a51e1 10280:com.google.android.gms/u999a40}
02-06 00:47:30.320  1827  1842 W DropBoxManagerService: Dropping: keymaster (53 > 0 bytes)
02-06 00:47:30.321  1827  1845 W BroadcastQueue: Background execution not allowed: receiving Intent { act=android.intent.action.DROPBOX_ENTRY_ADDED flg=0x10 (has extras) } to com.google.android.gms/.stats.service.DropBoxEntryAddedReceiver
02-06 00:47:30.321  1827  1845 D ActivityManager: Raise procstate to external provider: ProcessRecord{74a51e1 10280:com.google.android.gms/u999a40}
02-06 00:47:30.333  1827  1842 W DropBoxManagerService: Dropping: keymaster (53 > 0 bytes)
02-06 00:47:30.334  1827  1845 W BroadcastQueue: Background execution not allowed: receiving Intent { act=android.intent.action.DROPBOX_ENTRY_ADDED flg=0x10 (has extras) } to com.google.android.gms/.stats.service.DropBoxEntryAddedReceiver
02-06 00:47:30.335  1827  1845 D ActivityManager: Raise procstate to external provider: ProcessRecord{74a51e1 10280:com.google.android.gms/u999a40}
02-06 00:47:30.404  1827  1847 D Boost   : hostingType=service, hostingName=com.android.vending/com.google.android.finsky.verifier.apkanalysis.service.ApkContentsScanService, callerPackage=com.android.vending, isSystem=true, isBoostNeeded=false.
02-06 00:47:30.406  1827  1847 I ActivityManager: Start proc 18143:com.android.vending/u0i591 for service com.android.vending/com.google.android.finsky.verifier.apkanalysis.service.ApkContentsScanService caller=com.android.vending
02-06 00:47:30.424  1827  1842 D ActivityManager: Raise procstate to external provider: ProcessRecord{74a51e1 10280:com.google.android.gms/u999a40}
02-06 00:47:31.091  1827  2318 W DropBoxManagerService: Dropping: keymaster (53 > 0 bytes)
02-06 00:47:31.093  1827  1845 W BroadcastQueue: Background execution not allowed: receiving Intent { act=android.intent.action.DROPBOX_ENTRY_ADDED flg=0x10 (has extras) } to com.google.android.gms/.stats.service.DropBoxEntryAddedReceiver
02-06 00:47:31.093  1827  1845 D ActivityManager: Raise procstate to external provider: ProcessRecord{74a51e1 10280:com.google.android.gms/u999a40}
02-06 00:47:31.620  1827  2318 W DropBoxManagerService: Dropping: keymaster (53 > 0 bytes)
02-06 00:47:31.622  1827  1845 W BroadcastQueue: Background execution not allowed: receiving Intent { act=android.intent.action.DROPBOX_ENTRY_ADDED flg=0x10 (has extras) } to com.google.android.gms/.stats.service.DropBoxEntryAddedReceiver
02-06 00:47:31.622  1827  1845 D ActivityManager: Raise procstate to external provider: ProcessRecord{74a51e1 10280:com.google.android.gms/u999a40}
02-06 00:47:31.743  1827  2318 W DropBoxManagerService: Dropping: keymaster (53 > 0 bytes)
02-06 00:47:31.766  1827  1845 W BroadcastQueue: Background execution not allowed: receiving Intent { act=android.intent.action.DROPBOX_ENTRY_ADDED flg=0x10 (has extras) } to com.google.android.gms/.stats.service.DropBoxEntryAddedReceiver
02-06 00:47:31.766  1827  1845 D ActivityManager: Raise procstate to external provider: ProcessRecord{74a51e1 10280:com.google.android.gms/u999a40}
02-06 00:47:32.862  1827  2318 D ActivityManager: Raise procstate to external provider: ProcessRecord{74a51e1 10280:com.google.android.gms/u999a40}
02-06 00:47:33.129   899  1057 E storaged: getDiskStats failed with result NOT_SUPPORTED and size 0
02-06 00:47:33.451  1827  2318 D ActivityManager: Raise procstate to external provider: ProcessRecord{74a51e1 10280:com.google.android.gms/u999a40}
02-06 00:47:35.326  1827  1845 D ActivityManager: Raise procstate to external provider: ProcessRecord{74a51e1 10280:com.google.android.gms/u999a40}
02-06 00:47:35.327  1827  1846 D ActivityManager: Raise procstate to external provider: ProcessRecord{74a51e1 10280:com.google.android.gms/u999a40}
02-06 00:47:35.328  1827  2318 D ActivityManager: Raise procstate to external provider: ProcessRecord{74a51e1 10280:com.google.android.gms/u999a40}
02-06 00:47:35.329  1827  2318 D ActivityManager: Raise procstate to external provider: ProcessRecord{74a51e1 10280:com.google.android.gms/u999a40}
02-06 00:47:35.987  1827  1842 D ActivityManager: Raise procstate to external provider: ProcessRecord{74a51e1 10280:com.google.android.gms/u999a40}
02-06 00:47:35.987  1827  1842 I ActivityManager: Killing 18143:com.android.vending/u0a43i591 (adj 0): isolated not needed
02-06 00:47:36.026  1827  2020 D ActivityManager: Raise procstate to external provider: ProcessRecord{74a51e1 10280:com.google.android.gms/u999a40}
02-06 00:47:36.133  1827  2318 D ConnectivityService: ConnectivityService NetworkRequestInfo binderDied(NetworkRequest [ LISTEN id=11892, [ Transports: CELLULAR|WIFI Capabilities: NOT_RESTRICTED&TRUSTED&NOT_VPN Unwanted:  Uid: 10136] ], android.os.BinderProxy@53e0175)
02-06 00:47:36.133  1827  3863 D ConnectivityService: ConnectivityService NetworkRequestInfo binderDied(NetworkRequest [ TRACK_DEFAULT id=11893, [ Capabilities: INTERNET&NOT_RESTRICTED&TRUSTED Unwanted:  Uid: 10136] ], android.os.BinderProxy@556750a)
02-06 00:47:36.134  1827  7394 D ConnectivityService: ConnectivityService NetworkRequestInfo binderDied(NetworkRequest [ LISTEN id=11891, [ Transports: CELLULAR|WIFI Capabilities: NOT_RESTRICTED&TRUSTED&NOT_VPN Unwanted:  Uid: 10136] ], android.os.BinderProxy@b0e1b98)
02-06 00:47:36.134  1827  9204 D ConnectivityService: ConnectivityService NetworkRequestInfo binderDied(NetworkRequest [ TRACK_DEFAULT id=11894, [ Capabilities: INTERNET&NOT_RESTRICTED&TRUSTED Unwanted:  Uid: 10136] ], android.os.BinderProxy@d35117b)
02-06 00:47:36.134  1827  2277 D ConnectivityService: ConnectivityService NetworkRequestInfo binderDied(NetworkRequest [ LISTEN id=11895, [ Capabilities: INTERNET&NOT_RESTRICTED&TRUSTED Unwanted:  Uid: 10136] ], android.os.BinderProxy@fa3ff1)
02-06 00:47:36.134  1827  1946 D ConnectivityService: releasing NetworkRequest [ TRACK_DEFAULT id=11893, [ Capabilities: INTERNET&NOT_RESTRICTED&TRUSTED Unwanted:  Uid: 10136] ] (release request)
02-06 00:47:36.135  1827  1946 D ConnectivityService: releasing NetworkRequest [ TRACK_DEFAULT id=11894, [ Capabilities: INTERNET&NOT_RESTRICTED&TRUSTED Unwanted:  Uid: 10136] ] (release request)
02-06 00:47:36.184  1827  1849 W KernelWakelockReader: Reading wakelock stats took 147ms
02-06 00:47:36.188  1827  4426 I ActivityManager: Process com.android.keychain (pid 17589) has died: cch+6CEM 
02-06 00:47:36.188  1827  1849 D KernelUidCpuTimeReader: Removing uids 99590-99590
02-06 00:47:36.188  1827  1849 D KernelUidCpuTimeReader: Removing uids 99589-99589
02-06 00:47:36.193  1827  4426 D ActivityManager: Raise procstate to external provider: ProcessRecord{74a51e1 10280:com.google.android.gms/u999a40}
02-06 00:47:36.194  1827  4433 I ActivityManager: Process com.miui.global.packageinstaller (pid 16466) has died: cch+4CEM 
02-06 00:47:36.195  1827  4433 D ActivityManager: Raise procstate to external provider: ProcessRecord{74a51e1 10280:com.google.android.gms/u999a40}
02-06 00:47:36.361  1827  8283 D ConnectivityService: ConnectivityService NetworkRequestInfo binderDied(NetworkRequest [ TRACK_DEFAULT id=11878, [ Capabilities: INTERNET&NOT_RESTRICTED&TRUSTED Unwanted:  Uid: 10224] ], android.os.BinderProxy@d794a57)
02-06 00:47:36.361  1827  4434 D ConnectivityService: ConnectivityService NetworkRequestInfo binderDied(NetworkRequest [ TRACK_DEFAULT id=11880, [ Capabilities: INTERNET&NOT_RESTRICTED&TRUSTED Unwanted:  Uid: 10224] ], android.os.BinderProxy@7955944)
02-06 00:47:36.361  1827  1946 D ConnectivityService: releasing NetworkRequest [ TRACK_DEFAULT id=11878, [ Capabilities: INTERNET&NOT_RESTRICTED&TRUSTED Unwanted:  Uid: 10224] ] (release request)
02-06 00:47:36.362  1827  1946 D ConnectivityService: releasing NetworkRequest [ TRACK_DEFAULT id=11880, [ Capabilities: INTERNET&NOT_RESTRICTED&TRUSTED Unwanted:  Uid: 10224] ] (release request)
02-06 00:47:36.362  1827  8283 D ConnectivityService: ConnectivityService NetworkRequestInfo binderDied(NetworkRequest [ TRACK_DEFAULT id=11879, [ Capabilities: INTERNET&NOT_RESTRICTED&TRUSTED Unwanted:  Uid: 10224] ], android.os.BinderProxy@a61ea2d)
02-06 00:47:36.362  1827  1946 D ConnectivityService: releasing NetworkRequest [ TRACK_DEFAULT id=11879, [ Capabilities: INTERNET&NOT_RESTRICTED&TRUSTED Unwanted:  Uid: 10224] ] (release request)
02-06 00:47:37.040  1827  4433 W ActivityManager: Exception when unbinding service com.miui.global.packageinstaller/org.chromium.content.app.SandboxedProcessService0
02-06 00:47:37.040  1827  4433 W ActivityManager: android.os.DeadObjectException
02-06 00:47:37.040  1827  4433 W ActivityManager: 	at android.os.BinderProxy.transactNative(Native Method)
02-06 00:47:37.040  1827  4433 W ActivityManager: 	at android.os.BinderProxy.transact(Binder.java:1129)
02-06 00:47:37.040  1827  4433 W ActivityManager: 	at android.app.IApplicationThread$Stub$Proxy.scheduleUnbindService(IApplicationThread.java:1106)
02-06 00:47:37.040  1827  4433 W ActivityManager: 	at com.android.server.am.ActiveServices.removeConnectionLocked(ActiveServices.java:3022)
02-06 00:47:37.040  1827  4433 W ActivityManager: 	at com.android.server.am.ActiveServices.killServicesLocked(ActiveServices.java:3430)
02-06 00:47:37.040  1827  4433 W ActivityManager: 	at com.android.server.am.ActivityManagerService.cleanUpApplicationRecordLocked(ActivityManagerService.java:20758)
02-06 00:47:37.040  1827  4433 W ActivityManager: 	at com.android.server.am.ActivityManagerService.handleAppDiedLocked(ActivityManagerService.java:6106)
02-06 00:47:37.040  1827  4433 W ActivityManager: 	at com.android.server.am.ActivityManagerService.appDiedLocked(ActivityManagerService.java:6317)
02-06 00:47:37.040  1827  4433 W ActivityManager: 	at com.android.server.am.ActivityManagerService$AppDeathRecipient.binderDied(ActivityManagerService.java:1928)
02-06 00:47:37.040  1827  4433 W ActivityManager: 	at android.os.BinderProxy.sendDeathNotice(Binder.java:1195)
02-06 00:47:37.041  1827  4433 D ActivityManager: Raise procstate to external provider: ProcessRecord{74a51e1 10280:com.google.android.gms/u999a40}
02-06 00:47:37.045  1827  4433 D ActivityManager: Raise procstate to external provider: ProcessRecord{74a51e1 10280:com.google.android.gms/u999a40}
02-06 00:47:37.045  1827  4433 I ActivityManager: Killing 16812:com.android.chrome:sandboxed_process0/u0a136i588 (adj 906): isolated not needed
02-06 00:47:37.046  6923  6923 V ActivityThread: handleTrimMemory:com.miui.analytics
02-06 00:47:37.047  6966  6966 V ActivityThread: handleTrimMemory:com.miui.notification
02-06 00:47:37.048 23169 23169 V ActivityThread: handleTrimMemory:com.miui.guardprovider
02-06 00:47:37.048  3657  3657 V ActivityThread: handleTrimMemory:com.google.android.gms
02-06 00:47:37.048 17530 17530 V ActivityThread: handleTrimMemory:com.android.defcontainer
02-06 00:47:37.048 16146 16146 V ActivityThread: handleTrimMemory:com.android.vending
02-06 00:47:37.048 11907 11907 V ActivityThread: handleTrimMemory:com.android.settings
02-06 00:47:37.050 22170 22170 V ActivityThread: handleTrimMemory:com.miui.powerkeeper
02-06 00:47:37.050 19784 19784 V ActivityThread: handleTrimMemory:com.google.android.gms
02-06 00:47:37.050 23557 23557 V ActivityThread: handleTrimMemory:com.xiaomi.xmsf
02-06 00:47:37.051 18016 18016 V ActivityThread: handleTrimMemory:com.miui.screenrecorder
02-06 00:47:37.051 24010 24010 V ActivityThread: handleTrimMemory:com.google.android.gms
02-06 00:47:37.051 10280 10280 V ActivityThread: handleTrimMemory:com.google.android.gms
02-06 00:47:37.052 25721 25721 V ActivityThread: handleTrimMemory:com.lbe.security.miui
02-06 00:47:37.052 24515 24515 V ActivityThread: handleTrimMemory:com.google.android.ext.services
02-06 00:47:37.052 17760 17760 V ActivityThread: handleTrimMemory:com.transsion.phoenix
02-06 00:47:37.052 23995 23995 V ActivityThread: handleTrimMemory:com.android.smspush
02-06 00:47:37.052  9311  9311 V ActivityThread: handleTrimMemory:com.xiaomi.joyose
02-06 00:47:37.053  5562  5562 V ActivityThread: handleTrimMemory:com.miui.wmsvc
02-06 00:47:37.053  3097  3097 V ActivityThread: handleTrimMemory:com.qualcomm.qti.services.secureui
02-06 00:47:37.053  3091  3091 V ActivityThread: handleTrimMemory:com.tencent.soter.soterserver
02-06 00:47:37.053  3114  3114 V ActivityThread: handleTrimMemory:com.miui.face
02-06 00:47:37.054  3078  3078 V ActivityThread: handleTrimMemory:com.xiaomi.finddevice
02-06 00:47:37.054  3057  3057 V ActivityThread: handleTrimMemory:com.xiaomi.xmsfkeeper
02-06 00:47:37.054  2279  2279 V ActivityThread: handleTrimMemory:com.miui.home
02-06 00:47:37.054 14768 14768 V ActivityThread: handleTrimMemory:com.android.settings
02-06 00:47:37.055  2985  2985 V ActivityThread: handleTrimMemory:com.miui.daemon
02-06 00:47:37.055  2973  2973 V ActivityThread: handleTrimMemory:com.goodix.fingerprint
02-06 00:47:37.055 19308 19308 V ActivityThread: handleTrimMemory:se.dirac.acs
02-06 00:47:37.055 21487 21487 V ActivityThread: handleTrimMemory:com.google.android.googlequicksearchbox
02-06 00:47:37.055  3427  3427 V ActivityThread: handleTrimMemory:com.miui.core
02-06 00:47:37.055  7948  7948 V ActivityThread: handleTrimMemory:com.google.android.inputmethod.latin
02-06 00:47:37.055  2388  2388 V ActivityThread: handleTrimMemory:com.qualcomm.qti.telephonyservice
02-06 00:47:37.056  9778  9778 V ActivityThread: handleTrimMemory:com.mi.android.globalminusscreen
02-06 00:47:37.056 21071 21071 V ActivityThread: handleTrimMemory:com.miui.rom
02-06 00:47:37.056  1574  1574 V ActivityThread: handleTrimMemory:com.miui.securitycenter
02-06 00:47:37.056 10181 10181 V ActivityThread: handleTrimMemory:com.google.android.gms
02-06 00:47:37.057 16336 16336 V ActivityThread: handleTrimMemory:com.android.vending
02-06 00:47:37.056  3040  3040 V ActivityThread: handleTrimMemory:com.android.se
02-06 00:47:37.057  7058  7058 V ActivityThread: handleTrimMemory:com.miui.msa.global
02-06 00:47:37.057  2382  2382 V ActivityThread: handleTrimMemory:com.quicinc.cne.CNEService
02-06 00:47:37.058 13134 13134 V ActivityThread: handleTrimMemory:com.android.providers.media
02-06 00:47:37.058 11371 11371 V ActivityThread: handleTrimMemory:com.xiaomi.discover
02-06 00:47:37.060 13800 13800 V ActivityThread: handleTrimMemory:com.miui.analytics
02-06 00:47:37.060 17609 17609 V ActivityThread: handleTrimMemory:com.xiaomi.misettings
02-06 00:47:37.060 17208 17208 V ActivityThread: handleTrimMemory:com.miui.bugreport
02-06 00:47:37.061  1827  9204 D ActivityManager: Raise procstate to external provider: ProcessRecord{74a51e1 10280:com.google.android.gms/u999a40}
02-06 00:47:37.067  1827  3046 I ActivityManager: Process com.facebook.katana (pid 15139) has died: cch+6CEM 
02-06 00:47:37.068 12951 12951 V ActivityThread: handleTrimMemory:com.miui.cleanmaster
02-06 00:47:37.068 18072 18072 V ActivityThread: handleTrimMemory:com.miui.securitycenter
02-06 00:47:37.069 17290 17290 V ActivityThread: handleTrimMemory:com.superlive.liveapp
02-06 00:47:37.069 17689 17689 V ActivityThread: handleTrimMemory:com.transsion.phoenix
02-06 00:47:37.070 14173 14173 V ActivityThread: handleTrimMemory:com.xiaomi.mi_connect_service
02-06 00:47:37.070 26275 26275 V ActivityThread: handleTrimMemory:com.xiaomi.location.fused
02-06 00:47:37.071  1827  3046 D ActivityManager: Raise procstate to external provider: ProcessRecord{74a51e1 10280:com.google.android.gms/u999a40}
02-06 00:47:37.071  1827  1827 V ActivityThread: handleTrimMemory:null
02-06 00:47:37.071 18364 18364 V ActivityThread: handleTrimMemory:com.facebook.services
02-06 00:47:37.071 14062 14062 V ActivityThread: handleTrimMemory:com.android.systemui
02-06 00:47:37.081  1827  1845 W BroadcastQueue: Skipping deliver [background] BroadcastRecord{cd89b62 u-1 android.intent.action.BATTERY_CHANGED} to ReceiverList{2f87f14 15139 com.facebook.katana/10224/u0 remote:29d2567}: process gone or crashing
02-06 00:47:37.081  1827  1845 W BroadcastQueue: Skipping deliver [background] BroadcastRecord{cd89b62 u-1 android.intent.action.BATTERY_CHANGED} to ReceiverList{ee91774 15139 com.facebook.katana/10224/u0 remote:1c96347}: process gone or crashing
02-06 00:47:37.082  1827  1846 W Looper  : Slow dispatch took 886ms android.ui h=com.android.server.am.ActivityManagerService$UiHandler c=null m=53
02-06 00:47:37.083  2492  2492 V ActivityThread: handleTrimMemory:com.qualcomm.qcrilmsgtunnel
02-06 00:47:37.112 15565 15565 V ActivityThread: handleTrimMemory:com.android.phone
02-06 00:47:37.483  9778  9778 W Looper  : Slow Looper: doFrame is 411ms late because of 1 msg, msg 1 took 428ms (h=android.view.Choreographer$FrameHandler c=android.view.Choreographer$FrameDisplayEventReceiver)
02-06 00:47:37.853  1827  4433 D ActivityManager: Raise procstate to external provider: ProcessRecord{74a51e1 10280:com.google.android.gms/u999a40}
02-06 00:47:38.445  1827  6474 D ActivityManager: Raise procstate to external provider: ProcessRecord{74a51e1 10280:com.google.android.gms/u999a40}
02-06 00:47:39.047  1827  2318 D PerfShielderService: com.mi.android.globalminusscreen|com.mi.android.globalminusscreen-Lau1859083202|414|269813242825701|414|0|1
02-06 00:47:39.048  2985 25199 W MiuiPerfServiceClient: interceptAndQueuing:9778|com.mi.android.globalminusscreen|414|414|unknown|null|com.mi.android.globalminusscreen-Lau1859083202|269813242825701|Slow main thread|1
