02-06 00:41:53.594  1827  1845 D ActivityManager: Raise procstate to external provider: ProcessRecord{74a51e1 10280:com.google.android.gms/u999a40}
02-06 00:41:53.659  1827  4426 W DropBoxManagerService: Dropping: keymaster (53 > 0 bytes)
02-06 00:41:53.663  1827  1845 W BroadcastQueue: Background execution not allowed: receiving Intent { act=android.intent.action.DROPBOX_ENTRY_ADDED flg=0x10 (has extras) } to com.google.android.gms/.stats.service.DropBoxEntryAddedReceiver
02-06 00:41:53.664  1827  1845 D ActivityManager: Raise procstate to external provider: ProcessRecord{74a51e1 10280:com.google.android.gms/u999a40}
02-06 00:41:53.727  1827  4426 W DropBoxManagerService: Dropping: keymaster (53 > 0 bytes)
02-06 00:41:53.730  1827  1845 W BroadcastQueue: Background execution not allowed: receiving Intent { act=android.intent.action.DROPBOX_ENTRY_ADDED flg=0x10 (has extras) } to com.google.android.gms/.stats.service.DropBoxEntryAddedReceiver
02-06 00:41:53.730  1827  1845 D ActivityManager: Raise procstate to external provider: ProcessRecord{74a51e1 10280:com.google.android.gms/u999a40}
02-06 00:41:53.801  1827  1847 D Boost   : hostingType=service, hostingName=com.android.vending/com.google.android.finsky.verifier.apkanalysis.service.ApkContentsScanService, callerPackage=com.android.vending, isSystem=true, isBoostNeeded=false.
02-06 00:41:53.804  1827  1847 I ActivityManager: Start proc 17550:com.android.vending/u0i590 for service com.android.vending/com.google.android.finsky.verifier.apkanalysis.service.ApkContentsScanService caller=com.android.vending
02-06 00:41:53.826  1827  4426 D ActivityManager: Raise procstate to external provider: ProcessRecord{74a51e1 10280:com.google.android.gms/u999a40}
02-06 00:41:54.126  1827  4426 W DropBoxManagerService: Dropping: keymaster (53 > 0 bytes)
02-06 00:41:54.127  1827  1845 W BroadcastQueue: Background execution not allowed: receiving Intent { act=android.intent.action.DROPBOX_ENTRY_ADDED flg=0x10 (has extras) } to com.google.android.gms/.stats.service.DropBoxEntryAddedReceiver
02-06 00:41:54.127  1827  1845 D ActivityManager: Raise procstate to external provider: ProcessRecord{74a51e1 10280:com.google.android.gms/u999a40}
02-06 00:41:54.233  1827  4426 W DropBoxManagerService: Dropping: keymaster (53 > 0 bytes)
02-06 00:41:54.234  1827  1845 W BroadcastQueue: Background execution not allowed: receiving Intent { act=android.intent.action.DROPBOX_ENTRY_ADDED flg=0x10 (has extras) } to com.google.android.gms/.stats.service.DropBoxEntryAddedReceiver
02-06 00:41:54.234  1827  1845 D ActivityManager: Raise procstate to external provider: ProcessRecord{74a51e1 10280:com.google.android.gms/u999a40}
02-06 00:41:54.323  1827  4426 W DropBoxManagerService: Dropping: keymaster (53 > 0 bytes)
02-06 00:41:54.324  1827  1845 W BroadcastQueue: Background execution not allowed: receiving Intent { act=android.intent.action.DROPBOX_ENTRY_ADDED flg=0x10 (has extras) } to com.google.android.gms/.stats.service.DropBoxEntryAddedReceiver
02-06 00:41:54.325  1827  1845 D ActivityManager: Raise procstate to external provider: ProcessRecord{74a51e1 10280:com.google.android.gms/u999a40}
02-06 00:41:54.496  1827  4426 D ActivityManager: Raise procstate to external provider: ProcessRecord{74a51e1 10280:com.google.android.gms/u999a40}
02-06 00:41:54.502  1827  4426 D ActivityManager: Raise procstate to external provider: ProcessRecord{74a51e1 10280:com.google.android.gms/u999a40}
02-06 00:41:54.539  1827  4434 D ActivityManager: Raise procstate to external provider: ProcessRecord{74a51e1 10280:com.google.android.gms/u999a40}
02-06 00:41:54.543  1827  4434 D ActivityManager: Raise procstate to external provider: ProcessRecord{74a51e1 10280:com.google.android.gms/u999a40}
02-06 00:41:54.579  1827  1844 D ActivityManager: Raise procstate to external provider: ProcessRecord{74a51e1 10280:com.google.android.gms/u999a40}
02-06 00:41:54.581  1827  4426 D ActivityManager: Raise procstate to external provider: ProcessRecord{74a51e1 10280:com.google.android.gms/u999a40}
02-06 00:41:54.585  1827  4426 D ActivityManager: Raise procstate to external provider: ProcessRecord{74a51e1 10280:com.google.android.gms/u999a40}
02-06 00:41:54.635  1827  4434 D ActivityManager: Raise procstate to external provider: ProcessRecord{74a51e1 10280:com.google.android.gms/u999a40}
02-06 00:41:54.640  1827  3861 D ActivityManager: Raise procstate to external provider: ProcessRecord{74a51e1 10280:com.google.android.gms/u999a40}
02-06 00:41:58.065  1827  4434 D ActivityManager: Raise procstate to external provider: ProcessRecord{74a51e1 10280:com.google.android.gms/u999a40}
02-06 00:41:58.086  1827  4434 D ActivityManager: Raise procstate to external provider: ProcessRecord{74a51e1 10280:com.google.android.gms/u999a40}
02-06 00:41:58.097  1827  3861 D ActivityManager: Raise procstate to external provider: ProcessRecord{74a51e1 10280:com.google.android.gms/u999a40}
02-06 00:41:58.168  1827  3861 D ActivityManager: Raise procstate to external provider: ProcessRecord{74a51e1 10280:com.google.android.gms/u999a40}
02-06 00:41:59.127  1827  4434 D ActivityManager: Raise procstate to external provider: ProcessRecord{74a51e1 10280:com.google.android.gms/u999a40}
02-06 00:41:59.308  1827  4426 D ActivityManager: Raise procstate to external provider: ProcessRecord{74a51e1 10280:com.google.android.gms/u999a40}
02-06 00:41:59.309  1827  4426 I ActivityManager: Killing 17550:com.android.vending/u0a43i590 (adj 0): isolated not needed
02-06 00:41:59.355  1827  3861 D ActivityManager: Raise procstate to external provider: ProcessRecord{74a51e1 10280:com.google.android.gms/u999a40}
02-06 00:41:59.499  1827  3861 D ActivityManager: Raise procstate to external provider: ProcessRecord{74a51e1 10280:com.google.android.gms/u999a40}
02-06 00:41:59.504  1827  4434 D ActivityManager: Raise procstate to external provider: ProcessRecord{74a51e1 10280:com.google.android.gms/u999a40}
02-06 00:41:59.621  1827  3861 D ActivityManager: Raise procstate to external provider: ProcessRecord{74a51e1 10280:com.google.android.gms/u999a40}
02-06 00:41:59.651  1827  3861 D ActivityManager: Raise procstate to external provider: ProcessRecord{74a51e1 10280:com.google.android.gms/u999a40}
02-06 00:42:00.002  1827  1827 D ActivityManager: Raise procstate to external provider: ProcessRecord{74a51e1 10280:com.google.android.gms/u999a40}
02-06 00:42:00.003  1827  3861 D ActivityManager: Raise procstate to external provider: ProcessRecord{74a51e1 10280:com.google.android.gms/u999a40}
02-06 00:42:00.367  1827  3861 I chatty  : uid=1000(system) Binder:1827_10 identical 6 lines
02-06 00:42:01.445  1827  3861 D ActivityManager: Raise procstate to external provider: ProcessRecord{74a51e1 10280:com.google.android.gms/u999a40}
02-06 00:42:04.626  1827  1844 D ActivityManager: Raise procstate to external provider: ProcessRecord{74a51e1 10280:com.google.android.gms/u999a40}
02-06 00:42:05.393  1827  4426 D ActivityManager: Raise procstate to external provider: ProcessRecord{74a51e1 10280:com.google.android.gms/u999a40}
02-06 00:42:05.395  1827  4426 D ActivityManager: Raise procstate to external provider: ProcessRecord{74a51e1 10280:com.google.android.gms/u999a40}
02-06 00:42:05.397  1827  3861 D ActivityManager: Raise procstate to external provider: ProcessRecord{74a51e1 10280:com.google.android.gms/u999a40}
02-06 00:42:06.278  1827  3861 D ActivityManager: Raise procstate to external provider: ProcessRecord{74a51e1 10280:com.google.android.gms/u999a40}
02-06 00:42:08.633  1827  4426 D ActivityManager: Raise procstate to external provider: ProcessRecord{74a51e1 10280:com.google.android.gms/u999a40}
02-06 00:42:08.912  1827  7394 D ActivityManager: Raise procstate to external provider: ProcessRecord{74a51e1 10280:com.google.android.gms/u999a40}
02-06 00:42:08.914  1827  1845 I ActivityManager: Force stopping com.example.f_rizzly appid=10379 user=-1: installPackageLI
02-06 00:42:08.915  1827  1845 D ActivityManager: Raise procstate to external provider: ProcessRecord{74a51e1 10280:com.google.android.gms/u999a40}
02-06 00:42:08.920  1827  1862 I PackageManager: Update package com.example.f_rizzly code path from /data/app/com.example.f_rizzly-FyG7gCKDfVMt-P2W3Z6IZg== to /data/app/com.example.f_rizzly-MFxfJ-c2cJyHBiDWPBMRBQ==; Retain data and using new
02-06 00:42:08.920  1827  1862 I PackageManager: Update package com.example.f_rizzly resource path from /data/app/com.example.f_rizzly-FyG7gCKDfVMt-P2W3Z6IZg== to /data/app/com.example.f_rizzly-MFxfJ-c2cJyHBiDWPBMRBQ==; Retain data and using new
02-06 00:42:08.922  1827  1845 D ActivityManager: Raise procstate to external provider: ProcessRecord{74a51e1 10280:com.google.android.gms/u999a40}
02-06 00:42:08.924  1827  1844 D ActivityManager: Raise procstate to external provider: ProcessRecord{74a51e1 10280:com.google.android.gms/u999a40}
02-06 00:42:09.654  1827  4426 D ActivityManager: Raise procstate to external provider: ProcessRecord{74a51e1 10280:com.google.android.gms/u999a40}
02-06 00:42:10.241  1827  1862 D ActivityManager: Raise procstate to external provider: ProcessRecord{74a51e1 10280:com.google.android.gms/u999a40}
02-06 00:42:10.244  1827  1862 I InstallationStatistic: com.example.f_rizzly|null|21730|1496|92|1213|16969|0
02-06 00:42:10.246  1827  4434 D ActivityManager: Raise procstate to external provider: ProcessRecord{74a51e1 10280:com.google.android.gms/u999a40}
02-06 00:42:10.247  1827  4434 I ActivityManager: Killing 16526:com.xiaomi.misettings/1000 (adj 906): empty #17
02-06 00:42:10.277  1827  4434 D ActivityManager: Raise procstate to external provider: ProcessRecord{74a51e1 10280:com.google.android.gms/u999a40}
02-06 00:42:11.036  1827  1862 I ActivityManager: Force stopping com.example.f_rizzly appid=10379 user=0: pkg removed
02-06 00:42:11.036  1827  1862 I AutoStartManagerService: MIUILOG- Reject RestartService packageName :com.example.f_rizzly uid : 10379
02-06 00:42:11.036  1827  1862 D ActivityManager: Raise procstate to external provider: ProcessRecord{74a51e1 10280:com.google.android.gms/u999a40}
02-06 00:42:11.049  1827  1845 D ActivityManager: Raise procstate to external provider: ProcessRecord{74a51e1 10280:com.google.android.gms/u999a40}
02-06 00:42:11.057  1827  1967 I MiuiCompatModePackages: package com.example.f_rizzly updated, removing config
02-06 00:42:11.059  1827  1959 V LocationPolicy: ACTION_PACKAGE_ADDED for uid=10379
02-06 00:42:11.064  1827  1845 W BroadcastQueue: Background execution not allowed: receiving Intent { act=android.intent.action.PACKAGE_REMOVED dat=package:com.example.f_rizzly flg=0x4000010 (has extras) } to com.lbe.security.miui/com.lbe.security.service.BootReceiver
02-06 00:42:11.068  1827  1845 D ActivityManager: Raise procstate to external provider: ProcessRecord{74a51e1 10280:com.google.android.gms/u999a40}
02-06 00:42:11.069  1827  1827 D ActivityManager: Raise procstate to external provider: ProcessRecord{74a51e1 10280:com.google.android.gms/u999a40}
02-06 00:42:11.085  1827  6474 D ActivityManager: Raise procstate to external provider: ProcessRecord{74a51e1 10280:com.google.android.gms/u999a40}
02-06 00:42:11.093  1827  5865 D ActivityManager: Raise procstate to external provider: ProcessRecord{74a51e1 10280:com.google.android.gms/u999a40}
02-06 00:42:11.099  1827  1847 D Boost   : hostingType=service, hostingName=com.android.keychain/.KeyChainService, callerPackage=android, isSystem=true, isBoostNeeded=false.
02-06 00:42:11.101  1827  1847 I ActivityManager: Start proc 17589:com.android.keychain/1000 for service com.android.keychain/.KeyChainService caller=android
02-06 00:42:11.134  1827  7394 D ActivityManager: Raise procstate to external provider: ProcessRecord{74a51e1 10280:com.google.android.gms/u999a40}
02-06 00:42:11.193  1827  1827 W Looper  : Slow dispatch took 106ms main h=android.app.ActivityThread$H c=android.app.-$$Lambda$LoadedApk$ReceiverDispatcher$Args$_BumDX2UKsnxLVrE6UJsJZkotuA@7a20fb6 m=0
02-06 00:42:11.249  1827  6474 W BroadcastQueue: Background execution not allowed: receiving Intent { act=android.intent.action.PACKAGE_REMOVED dat=package:com.example.f_rizzly flg=0x4000010 (has extras) } to com.android.vending/com.google.android.finsky.packagemonitor.impl.PackageMonitorReceiverImpl$RegisteredReceiver
02-06 00:42:11.249  1827  6474 D ActivityManager: Raise procstate to external provider: ProcessRecord{74a51e1 10280:com.google.android.gms/u999a40}
02-06 00:42:11.252  1827  1845 W BroadcastQueue: Background execution not allowed: receiving Intent { act=android.intent.action.PACKAGE_REMOVED dat=package:com.example.f_rizzly flg=0x4000010 (has extras) } to com.android.vending/com.google.android.finsky.packagemonitor.backgroundimpl.BackgroundPackageMonitorReceiverImpl$RegisteredReceiver
02-06 00:42:11.253  1827  1845 W BroadcastQueue: Background execution not allowed: receiving Intent { act=android.intent.action.PACKAGE_REMOVED dat=package:com.example.f_rizzly flg=0x4000010 (has extras) } to com.android.vending/com.google.android.finsky.instantapps.appmanagement.InstantAppRemoveMonitor
02-06 00:42:11.253  1827  1845 W BroadcastQueue: Background execution not allowed: receiving Intent { act=android.intent.action.PACKAGE_REMOVED dat=package:com.example.f_rizzly flg=0x4000010 (has extras) } to com.facebook.services/com.facebook.oxygen.services.fbns.RegisteredMqttSystemBroadcastReceiver
02-06 00:42:11.253  1827  1845 W BroadcastQueue: Background execution not allowed: receiving Intent { act=android.intent.action.PACKAGE_REMOVED dat=package:com.example.f_rizzly flg=0x4000010 (has extras) } to com.google.android.apps.maps/com.google.android.libraries.social.peoplekit.thirdparty.viewcontrollers.ThirdPartyReceiver
02-06 00:42:11.253  1827  1845 W BroadcastQueue: Background execution not allowed: receiving Intent { act=android.intent.action.PACKAGE_REMOVED dat=package:com.example.f_rizzly flg=0x4000010 (has extras) } to com.google.android.apps.photos/com.google.android.libraries.social.peoplekit.thirdparty.viewcontrollers.ThirdPartyReceiver
02-06 00:42:11.253  1827  1845 W BroadcastQueue: Background execution not allowed: receiving Intent { act=android.intent.action.PACKAGE_REMOVED dat=package:com.example.f_rizzly flg=0x4000010 (has extras) } to com.google.android.gms/.chimera.GmsIntentOperationService$PersistentTrustedReceiver
02-06 00:42:11.253  1827  1845 W BroadcastQueue: Background execution not allowed: receiving Intent { act=android.intent.action.PACKAGE_REMOVED dat=package:com.example.f_rizzly flg=0x4000010 (has extras) } to com.miui.audioeffect/com.android.musicfx.Compatibility$Receiver
02-06 00:42:11.253  1827  1845 W BroadcastQueue: Background execution not allowed: receiving Intent { act=android.intent.action.PACKAGE_REMOVED dat=package:com.example.f_rizzly flg=0x4000010 (has extras) } to com.xiaomi.discover/com.xiaomi.market.data.MyPackageMonitor
02-06 00:42:11.273  1827  1847 D Boost   : hostingType=broadcast, hostingName=com.xiaomi.misettings/.usagestats.AppTimerReceiver, callerPackage=null, isSystem=true, isBoostNeeded=false.
02-06 00:42:11.275  1827  1847 I ActivityManager: Start proc 17609:com.xiaomi.misettings/1000 for broadcast com.xiaomi.misettings/.usagestats.AppTimerReceiver caller=null
02-06 00:42:11.277  1827  4426 D ActivityManager: Raise procstate to external provider: ProcessRecord{74a51e1 10280:com.google.android.gms/u999a40}
02-06 00:42:11.313  1827  3074 I ActivityManager: START u0 {flg=0x10000000 cmp=com.example.f_rizzly/.MainActivity} from uid 2000
02-06 00:42:11.733  1827  7394 D ActivityManager: Raise procstate to external provider: ProcessRecord{74a51e1 10280:com.google.android.gms/u999a40}
02-06 00:42:11.738  1827  1845 D ActivityManager: Raise procstate to external provider: ProcessRecord{74a51e1 10280:com.google.android.gms/u999a40}
02-06 00:42:11.757  1827  1847 D Boost   : hostingType=activity, hostingName=com.example.f_rizzly/.MainActivity, callerPackage=null, isSystem=true, isBoostNeeded=false.
02-06 00:42:11.759  1827  1847 I ActivityManager: Start proc 17644:com.example.f_rizzly/u0a379 for activity com.example.f_rizzly/.MainActivity caller=null
02-06 00:42:11.768  1827  6474 D ActivityManager: Raise procstate to external provider: ProcessRecord{74a51e1 10280:com.google.android.gms/u999a40}
02-06 00:42:11.836  1827  5865 D ActivityManager: Raise procstate to external provider: ProcessRecord{74a51e1 10280:com.google.android.gms/u999a40}
02-06 00:42:11.868  1827  3863 D ActivityManager: Raise procstate to external provider: ProcessRecord{74a51e1 10280:com.google.android.gms/u999a40}
02-06 00:42:11.920  1827  3863 D ActivityManager: Raise procstate to external provider: ProcessRecord{74a51e1 10280:com.google.android.gms/u999a40}
02-06 00:42:11.922  1827  5865 D ConnectivityService: Returning UNBLOCKED NetworkInfo to uid=10136
02-06 00:42:11.925 22170 22190 D PowerKeeper.AppBgIdle: setUidState, uid = 10379 allow = false
02-06 00:42:11.934  1827  2020 V LocationPolicy: writePolicyLocked()
02-06 00:42:11.964  1827  3045 D ActivityManager: Raise procstate to external provider: ProcessRecord{74a51e1 10280:com.google.android.gms/u999a40}
02-06 00:42:11.967  1827  7394 D ActivityManager: Raise procstate to external provider: ProcessRecord{74a51e1 10280:com.google.android.gms/u999a40}
02-06 00:42:11.968  1827  7394 I ActivityManager: Killing 16248:com.transsion.phoenix/u0a188 (adj 1001): empty #17
02-06 00:42:11.990  1827  3863 D ActivityManager: Raise procstate to external provider: ProcessRecord{74a51e1 10280:com.google.android.gms/u999a40}
02-06 00:42:11.995  1827  1897 I Timeline: Timeline: App_transition_ready time:269487752
02-06 00:42:11.998  1827  1897 I Timeline: Timeline: App_transition_ready time:269487755
02-06 00:42:12.003  1827  3863 D ActivityManager: Raise procstate to external provider: ProcessRecord{74a51e1 10280:com.google.android.gms/u999a40}
02-06 00:42:12.004  1827  3863 I AutoStartManagerService: MIUILOG- Reject RestartService packageName :com.transsion.phoenix uid : 10188
02-06 00:42:12.006  1827  3863 I Timeline: Timeline: App_transition_ready time:269487763
02-06 00:42:12.007  1827  3863 D ActivityManager: Raise procstate to external provider: ProcessRecord{74a51e1 10280:com.google.android.gms/u999a40}
02-06 00:42:12.012  1827  7394 D ActivityManager: Raise procstate to external provider: ProcessRecord{74a51e1 10280:com.google.android.gms/u999a40}
02-06 00:42:12.056 28034 28034 E ActivityThread: Service com.cloudview.daemon.way.service.DaemonServiceB has leaked ServiceConnection com.cloudview.daemon.way.service.DaemonServiceB@7d70991 that was originally bound here
02-06 00:42:12.056 28034 28034 E ActivityThread: android.app.ServiceConnectionLeaked: Service com.cloudview.daemon.way.service.DaemonServiceB has leaked ServiceConnection com.cloudview.daemon.way.service.DaemonServiceB@7d70991 that was originally bound here
02-06 00:42:12.056 28034 28034 E ActivityThread: 	at android.app.LoadedApk$ServiceDispatcher.<init>(LoadedApk.java:1618)
02-06 00:42:12.056 28034 28034 E ActivityThread: 	at android.app.LoadedApk.getServiceDispatcher(LoadedApk.java:1510)
02-06 00:42:12.056 28034 28034 E ActivityThread: 	at android.app.ContextImpl.bindServiceCommon(ContextImpl.java:1669)
02-06 00:42:12.056 28034 28034 E ActivityThread: 	at android.app.ContextImpl.bindService(ContextImpl.java:1622)
02-06 00:42:12.056 28034 28034 E ActivityThread: 	at android.content.ContextWrapper.bindService(ContextWrapper.java:708)
02-06 00:42:12.056 28034 28034 E ActivityThread: 	at pg.k.run(SourceFile:1013)
02-06 00:42:12.056 28034 28034 E ActivityThread: 	at pn.h.run(SourceFile:99)
02-06 00:42:12.056 28034 28034 E ActivityThread: 	at java.lang.Thread.run(Thread.java:764)
02-06 00:42:12.056 28034 28034 E ActivityThread: 	at com.tencent.mtt.video.internal.media.b.run(SourceFile:15)
02-06 00:42:12.058  1827  4335 D ActivityManager: Raise procstate to external provider: ProcessRecord{74a51e1 10280:com.google.android.gms/u999a40}
02-06 00:42:12.060  1827  2020 D ActivityManager: Raise procstate to external provider: ProcessRecord{74a51e1 10280:com.google.android.gms/u999a40}
02-06 00:42:12.074  1827  1897 I Timeline: Timeline: App_transition_ready time:269487831
02-06 00:42:12.084  1827  1847 D Boost   : hostingType=service, hostingName=com.transsion.phoenix/com.cloudview.daemon.way.service.DaemonServiceA, callerPackage=com.transsion.phoenix, isSystem=false, isBoostNeeded=false.
02-06 00:42:12.088  1827  1847 I ActivityManager: Start proc 17689:com.transsion.phoenix/u0a188 for service com.transsion.phoenix/com.cloudview.daemon.way.service.DaemonServiceA caller=com.transsion.phoenix
02-06 00:42:12.090  1827  3045 D ActivityManager: Raise procstate to external provider: ProcessRecord{74a51e1 10280:com.google.android.gms/u999a40}
02-06 00:42:12.101  1827  2020 W BroadcastQueueInjector: Unable to launch app com.lbe.parallel.intl/10230 for broadcast Intent { act=android.intent.action.PACKAGE_REMOVED dat=package:com.example.f_rizzly flg=0x4000010 (has extras) }: process is not permitted to  auto start
02-06 00:42:12.101  1827  2020 D ActivityManager: Raise procstate to external provider: ProcessRecord{74a51e1 10280:com.google.android.gms/u999a40}
02-06 00:42:12.102  1827  2020 I ActivityManager: Killing 28034:com.transsion.phoenix:service/u0a188 (adj 906): empty #17
02-06 00:42:12.118  1827  1845 W BroadcastQueueInjector: Unable to launch app com.transsion.phoenix/10188 for broadcast Intent { act=android.intent.action.PACKAGE_REMOVED dat=package:com.example.f_rizzly flg=0x4000010 (has extras) }: process is not permitted to  auto start
02-06 00:42:12.119  1827  3045 D ActivityManager: Raise procstate to external provider: ProcessRecord{74a51e1 10280:com.google.android.gms/u999a40}
02-06 00:42:12.120  1827  1845 W BroadcastQueue: Background execution not allowed: receiving Intent { act=android.intent.action.PACKAGE_ADDED dat=package:com.example.f_rizzly flg=0x4000010 (has extras) } to com.lbe.security.miui/com.lbe.security.service.BootReceiver
02-06 00:42:12.121  1827  1845 D ActivityManager: Raise procstate to external provider: ProcessRecord{74a51e1 10280:com.google.android.gms/u999a40}
02-06 00:42:12.124  1827  6474 W BroadcastQueue: Background execution not allowed: receiving Intent { act=android.intent.action.PACKAGE_ADDED dat=package:com.example.f_rizzly flg=0x4000010 (has extras) } to com.android.vending/com.google.android.finsky.packagemonitor.impl.PackageMonitorReceiverImpl$RegisteredReceiver
02-06 00:42:12.124  1827  6474 D ActivityManager: Raise procstate to external provider: ProcessRecord{74a51e1 10280:com.google.android.gms/u999a40}
02-06 00:42:12.125  1827  1845 W BroadcastQueue: Background execution not allowed: receiving Intent { act=android.intent.action.PACKAGE_ADDED dat=package:com.example.f_rizzly flg=0x4000010 (has extras) } to com.android.vending/com.google.android.finsky.packagemonitor.backgroundimpl.BackgroundPackageMonitorReceiverImpl$RegisteredReceiver
02-06 00:42:12.126  1827  1845 W BroadcastQueue: Background execution not allowed: receiving Intent { act=android.intent.action.PACKAGE_ADDED dat=package:com.example.f_rizzly flg=0x4000010 (has extras) } to com.facebook.appmanager/com.facebook.oxygen.common.packages.event.manifest.ManifestPackageEventReceiver
02-06 00:42:12.126  1827  1845 W BroadcastQueue: Background execution not allowed: receiving Intent { act=android.intent.action.PACKAGE_ADDED dat=package:com.example.f_rizzly flg=0x4000010 (has extras) } to com.google.android.gms/.gass.chimera.PackageChangeBroadcastReceiver
02-06 00:42:12.126  1827  1845 W BroadcastQueue: Background execution not allowed: receiving Intent { act=android.intent.action.PACKAGE_ADDED dat=package:com.example.f_rizzly flg=0x4000010 (has extras) } to com.google.android.gms/.chimera.GmsIntentOperationService$PersistentTrustedReceiver
02-06 00:42:12.126  1827  1845 W BroadcastQueue: Background execution not allowed: receiving Intent { act=android.intent.action.PACKAGE_ADDED dat=package:com.example.f_rizzly flg=0x4000010 (has extras) } to com.miui.audioeffect/com.android.musicfx.Compatibility$Receiver
02-06 00:42:12.126  1827  1845 W BroadcastQueue: Background execution not allowed: receiving Intent { act=android.intent.action.PACKAGE_ADDED dat=package:com.example.f_rizzly flg=0x4000010 (has extras) } to com.xiaomi.discover/com.xiaomi.market.data.MyPackageMonitor
02-06 00:42:12.127  1827  1845 D ActivityManager: Raise procstate to external provider: ProcessRecord{74a51e1 10280:com.google.android.gms/u999a40}
02-06 00:42:12.132  1827  3045 W BroadcastQueueInjector: Unable to launch app com.evozi.injector/10182 for broadcast Intent { act=android.intent.action.PACKAGE_ADDED dat=package:com.example.f_rizzly flg=0x4000010 (has extras) }: process is not permitted to  auto start
02-06 00:42:12.133  1827  3045 D ActivityManager: Raise procstate to external provider: ProcessRecord{74a51e1 10280:com.google.android.gms/u999a40}
02-06 00:42:12.134  1827  1845 D ActivityManager: Raise procstate to external provider: ProcessRecord{74a51e1 10280:com.google.android.gms/u999a40}
02-06 00:42:12.141  1827  3045 W BroadcastQueueInjector: Unable to launch app com.lbe.parallel.intl/10230 for broadcast Intent { act=android.intent.action.PACKAGE_ADDED dat=package:com.example.f_rizzly flg=0x4000010 (has extras) }: process is not permitted to  auto start
02-06 00:42:12.141  1827  3045 D ActivityManager: Raise procstate to external provider: ProcessRecord{74a51e1 10280:com.google.android.gms/u999a40}
02-06 00:42:12.143  1827  1845 W BroadcastQueueInjector: Unable to launch app com.lbe.parallel.intl/10230 for broadcast Intent { act=android.intent.action.PACKAGE_ADDED dat=package:com.example.f_rizzly flg=0x4000010 (has extras) }: process is not permitted to  auto start
02-06 00:42:12.144  1827  1845 W BroadcastQueueInjector: Unable to launch app com.tlsvpn.tlstunnel/10375 for broadcast Intent { act=android.intent.action.PACKAGE_ADDED dat=package:com.example.f_rizzly flg=0x4000010 (has extras) }: process is not permitted to  auto start
02-06 00:42:12.145  1827  1845 W BroadcastQueueInjector: Unable to launch app com.transsion.phoenix/10188 for broadcast Intent { act=android.intent.action.PACKAGE_ADDED dat=package:com.example.f_rizzly flg=0x4000010 (has extras) }: process is not permitted to  auto start
02-06 00:42:12.145  1827  1845 D ActivityManager: Raise procstate to external provider: ProcessRecord{74a51e1 10280:com.google.android.gms/u999a40}
02-06 00:42:12.156  1827  3045 D ActivityManager: Raise procstate to external provider: ProcessRecord{74a51e1 10280:com.google.android.gms/u999a40}
02-06 00:42:12.175  1827  6474 D ActivityManager: Raise procstate to external provider: ProcessRecord{74a51e1 10280:com.google.android.gms/u999a40}
02-06 00:42:12.180  1827  7428 D ConnectivityService: ConnectivityService NetworkRequestInfo binderDied(NetworkRequest [ TRACK_DEFAULT id=11711, [ Capabilities: INTERNET&NOT_RESTRICTED&TRUSTED Unwanted:  Uid: 10188] ], android.os.BinderProxy@df3798)
02-06 00:42:12.181  1827  1946 D ConnectivityService: releasing NetworkRequest [ TRACK_DEFAULT id=11711, [ Capabilities: INTERNET&NOT_RESTRICTED&TRUSTED Unwanted:  Uid: 10188] ] (release request)
02-06 00:42:12.211  1827  4335 D ActivityManager: Raise procstate to external provider: ProcessRecord{74a51e1 10280:com.google.android.gms/u999a40}
02-06 00:42:12.218  1827  7394 D ActivityManager: Raise procstate to external provider: ProcessRecord{74a51e1 10280:com.google.android.gms/u999a40}
02-06 00:42:12.230  1827  7428 W BroadcastQueue: Background execution not allowed: receiving Intent { act=android.intent.action.PACKAGE_REPLACED dat=package:com.example.f_rizzly flg=0x4000010 (has extras) } to com.facebook.appmanager/com.facebook.oxygen.common.packages.event.manifest.ManifestPackageEventReceiver
02-06 00:42:12.231  1827  7428 D ActivityManager: Raise procstate to external provider: ProcessRecord{74a51e1 10280:com.google.android.gms/u999a40}
02-06 00:42:12.232  1827  1845 W BroadcastQueue: Background execution not allowed: receiving Intent { act=android.intent.action.PACKAGE_REPLACED dat=package:com.example.f_rizzly flg=0x4000010 (has extras) } to com.google.android.apps.photos/.account.full.FetchAccountPropertiesAppUpgradeBroadcastReceiver
02-06 00:42:12.233  1827  1845 W BroadcastQueue: Background execution not allowed: receiving Intent { act=android.intent.action.PACKAGE_REPLACED dat=package:com.example.f_rizzly flg=0x4000010 (has extras) } to com.google.android.apps.photos/.account.full.SyncAccountsForLoginBroadcastReceiver
02-06 00:42:12.233  1827  1845 W BroadcastQueue: Background execution not allowed: receiving Intent { act=android.intent.action.PACKAGE_REPLACED dat=package:com.example.f_rizzly flg=0x4000010 (has extras) } to com.google.android.apps.photos/.notificationchannels.AppUpdateBroadcastReceiver
02-06 00:42:12.233  1827  1845 W BroadcastQueue: Background execution not allowed: receiving Intent { act=android.intent.action.PACKAGE_REPLACED dat=package:com.example.f_rizzly flg=0x4000010 (has extras) } to com.google.android.gms/.gass.chimera.PackageChangeBroadcastReceiver
02-06 00:42:12.233  1827  1845 W BroadcastQueue: Background execution not allowed: receiving Intent { act=android.intent.action.PACKAGE_REPLACED dat=package:com.example.f_rizzly flg=0x4000010 (has extras) } to com.google.android.gms/.chimera.GmsIntentOperationService$PersistentTrustedReceiver
02-06 00:42:12.233  1827  1845 W BroadcastQueue: Background execution not allowed: receiving Intent { act=android.intent.action.PACKAGE_REPLACED dat=package:com.example.f_rizzly flg=0x4000010 (has extras) } to com.miui.audioeffect/com.android.musicfx.Compatibility$Receiver
02-06 00:42:12.233  1827  1845 W BroadcastQueue: Background execution not allowed: receiving Intent { act=android.intent.action.PACKAGE_REPLACED dat=package:com.example.f_rizzly flg=0x4000010 (has extras) } to com.miui.notes/com.miui.floatwindow.BootBroadcastReceiver
02-06 00:42:12.234  1827  1845 W BroadcastQueueInjector: Unable to launch app com.evozi.injector/10182 for broadcast Intent { act=android.intent.action.PACKAGE_REPLACED dat=package:com.example.f_rizzly flg=0x4000010 (has extras) }: process is not permitted to  auto start
02-06 00:42:12.234  1827  1845 W BroadcastQueueInjector: Unable to launch app com.topjohnwu.magisk/10264 for broadcast Intent { act=android.intent.action.PACKAGE_REPLACED dat=package:com.example.f_rizzly flg=0x4000010 (has extras) }: process is not permitted to  auto start
02-06 00:42:12.235  1827  1845 D ActivityManager: Raise procstate to external provider: ProcessRecord{74a51e1 10280:com.google.android.gms/u999a40}
02-06 00:42:12.527  1827  1827 W Looper  : Slow dispatch took 1279ms main h=android.app.ActivityThread$H c=android.app.-$$Lambda$LoadedApk$ReceiverDispatcher$Args$_BumDX2UKsnxLVrE6UJsJZkotuA@3e17536 m=0
02-06 00:42:12.527  1827  1827 W Looper  : Slow delivery took 1471ms main h=android.app.ActivityThread$H c=android.app.-$$Lambda$LoadedApk$ReceiverDispatcher$Args$_BumDX2UKsnxLVrE6UJsJZkotuA@6798c37 m=0
02-06 00:42:12.540  1827  7428 D ActivityManager: Raise procstate to external provider: ProcessRecord{74a51e1 10280:com.google.android.gms/u999a40}
02-06 00:42:12.722  1827  3074 D ActivityManager: Raise procstate to external provider: ProcessRecord{74a51e1 10280:com.google.android.gms/u999a40}
02-06 00:42:12.747  1827  7428 D ActivityManager: Raise procstate to external provider: ProcessRecord{74a51e1 10280:com.google.android.gms/u999a40}
02-06 00:42:12.754  1827  7428 D ActivityManager: Raise procstate to external provider: ProcessRecord{74a51e1 10280:com.google.android.gms/u999a40}
02-06 00:42:12.758  1827  7394 D ActivityManager: Raise procstate to external provider: ProcessRecord{74a51e1 10280:com.google.android.gms/u999a40}
02-06 00:42:12.764  1827  1847 D Boost   : hostingType=service, hostingName=com.transsion.phoenix/com.cloudview.daemon.way.service.DaemonServiceB, callerPackage=com.transsion.phoenix, isSystem=false, isBoostNeeded=false.
02-06 00:42:12.765  1827  7394 D ActivityManager: Raise procstate to external provider: ProcessRecord{74a51e1 10280:com.google.android.gms/u999a40}
02-06 00:42:12.767  1827  1847 I ActivityManager: Start proc 17760:com.transsion.phoenix:service/u0a188 for service com.transsion.phoenix/com.cloudview.daemon.way.service.DaemonServiceB caller=com.transsion.phoenix
02-06 00:42:12.773  1827  1827 W Looper  : Slow dispatch took 244ms main h=android.app.ActivityThread$H c=android.app.-$$Lambda$LoadedApk$ReceiverDispatcher$Args$_BumDX2UKsnxLVrE6UJsJZkotuA@22e9ce7 m=0
02-06 00:42:12.775  1827  1827 I Telecom : DefaultDialerCache: Refreshing default dialer for user 0: now com.android.contacts: DDC.oR@UIM
02-06 00:42:12.776  1827  1827 I Telecom : DefaultDialerCache: Refreshing default dialer for user 999: now com.android.contacts: DDC.oR@UIM
02-06 00:42:12.805  1827  1827 V BackupManagerConstants: getFullBackupIntervalMilliseconds(...) returns 86400000
02-06 00:42:12.807  1827  3074 D ActivityManager: Raise procstate to external provider: ProcessRecord{74a51e1 10280:com.google.android.gms/u999a40}
02-06 00:42:12.808  1827  3074 I ActivityManager: Killing 16725:com.android.chrome/u0a159 (adj 906): empty #17
02-06 00:42:12.809  1827  7394 D ActivityManager: Raise procstate to external provider: ProcessRecord{74a51e1 10280:com.google.android.gms/u999a40}
02-06 00:42:12.810  1827  1844 W LocationProviderProxy-network: Odd, no component found for service com.android.location.service.v3.NetworkLocationProvider
02-06 00:42:12.814  1827  1827 E LoadedApk: Unable to instantiate appComponentFactory
02-06 00:42:12.814  1827  1827 E LoadedApk: java.lang.ClassNotFoundException: Didn't find class "androidx.core.app.CoreComponentFactory" on path: DexPathList[[],nativeLibraryDirectories=[/data/app/com.android.chrome-Tp5C1Yy-XVmvpcmPBbD9Iw==/lib/arm, /data/app/com.android.chrome-Tp5C1Yy-XVmvpcmPBbD9Iw==/base.apk!/lib/armeabi-v7a, /system/lib, /vendor/lib]]
02-06 00:42:12.814  1827  1827 E LoadedApk: 	at dalvik.system.BaseDexClassLoader.findClass(BaseDexClassLoader.java:134)
02-06 00:42:12.814  1827  1827 E LoadedApk: 	at java.lang.ClassLoader.loadClass(ClassLoader.java:379)
02-06 00:42:12.814  1827  1827 E LoadedApk: 	at java.lang.ClassLoader.loadClass(ClassLoader.java:312)
02-06 00:42:12.814  1827  1827 E LoadedApk: 	at android.app.LoadedApk.createAppFactory(LoadedApk.java:228)
02-06 00:42:12.814  1827  1827 E LoadedApk: 	at android.app.LoadedApk.updateApplicationInfo(LoadedApk.java:340)
02-06 00:42:12.814  1827  1827 E LoadedApk: 	at android.app.ActivityThread.handleDispatchPackageBroadcast(ActivityThread.java:5447)
02-06 00:42:12.814  1827  1827 E LoadedApk: 	at android.app.ActivityThread$H.handleMessage(ActivityThread.java:1756)
02-06 00:42:12.814  1827  1827 E LoadedApk: 	at android.os.Handler.dispatchMessage(Handler.java:106)
02-06 00:42:12.814  1827  1827 E LoadedApk: 	at android.os.Looper.loop(Looper.java:201)
02-06 00:42:12.814  1827  1827 E LoadedApk: 	at com.android.server.SystemServer.run(SystemServer.java:479)
02-06 00:42:12.814  1827  1827 E LoadedApk: 	at com.android.server.SystemServer.main(SystemServer.java:313)
02-06 00:42:12.814  1827  1827 E LoadedApk: 	at java.lang.reflect.Method.invoke(Native Method)
02-06 00:42:12.814  1827  1827 E LoadedApk: 	at com.android.internal.os.RuntimeInit$MethodAndArgsCaller.run(RuntimeInit.java:547)
02-06 00:42:12.814  1827  1827 E LoadedApk: 	at com.android.internal.os.ZygoteInit.main(ZygoteInit.java:853)
02-06 00:42:12.815  1827  1827 E LoadedApk: Unable to instantiate appComponentFactory
02-06 00:42:12.815  1827  1827 E LoadedApk: java.lang.ClassNotFoundException: Didn't find class "androidx.core.app.CoreComponentFactory" on path: DexPathList[[],nativeLibraryDirectories=[/data/app/com.android.chrome-Tp5C1Yy-XVmvpcmPBbD9Iw==/lib/arm, /data/app/com.android.chrome-Tp5C1Yy-XVmvpcmPBbD9Iw==/base.apk!/lib/armeabi-v7a, /system/lib, /vendor/lib]]
02-06 00:42:12.815  1827  1827 E LoadedApk: 	at dalvik.system.BaseDexClassLoader.findClass(BaseDexClassLoader.java:134)
02-06 00:42:12.815  1827  1827 E LoadedApk: 	at java.lang.ClassLoader.loadClass(ClassLoader.java:379)
02-06 00:42:12.815  1827  1827 E LoadedApk: 	at java.lang.ClassLoader.loadClass(ClassLoader.java:312)
02-06 00:42:12.815  1827  1827 E LoadedApk: 	at android.app.LoadedApk.createAppFactory(LoadedApk.java:228)
02-06 00:42:12.815  1827  1827 E LoadedApk: 	at android.app.LoadedApk.updateApplicationInfo(LoadedApk.java:340)
02-06 00:42:12.815  1827  1827 E LoadedApk: 	at android.app.ActivityThread.handleDispatchPackageBroadcast(ActivityThread.java:5447)
02-06 00:42:12.815  1827  1827 E LoadedApk: 	at android.app.ActivityThread$H.handleMessage(ActivityThread.java:1756)
02-06 00:42:12.815  1827  1827 E LoadedApk: 	at android.os.Handler.dispatchMessage(Handler.java:106)
02-06 00:42:12.815  1827  1827 E LoadedApk: 	at android.os.Looper.loop(Looper.java:201)
02-06 00:42:12.815  1827  1827 E LoadedApk: 	at com.android.server.SystemServer.run(SystemServer.java:479)
02-06 00:42:12.815  1827  1827 E LoadedApk: 	at com.android.server.SystemServer.main(SystemServer.java:313)
02-06 00:42:12.815  1827  1827 E LoadedApk: 	at java.lang.reflect.Method.invoke(Native Method)
02-06 00:42:12.815  1827  1827 E LoadedApk: 	at com.android.internal.os.RuntimeInit$MethodAndArgsCaller.run(RuntimeInit.java:547)
02-06 00:42:12.815  1827  1827 E LoadedApk: 	at com.android.internal.os.ZygoteInit.main(ZygoteInit.java:853)
02-06 00:42:12.847  1827  1827 W Looper  : Drained
02-06 00:42:12.849  1827  1897 I Timeline: Timeline: App_transition_stopped time:269488606
02-06 00:42:12.877  1827  7428 D ActivityManager: Raise procstate to external provider: ProcessRecord{74a51e1 10280:com.google.android.gms/u999a40}
02-06 00:42:12.985  1827  3045 D ActivityManager: Raise procstate to external provider: ProcessRecord{74a51e1 10280:com.google.android.gms/u999a40}
02-06 00:42:13.001  1827  3045 D ConnectivityService: Returning BLOCKED NetworkInfo to uid=10136
02-06 00:42:13.022  1827  4335 D ActivityManager: Raise procstate to external provider: ProcessRecord{74a51e1 10280:com.google.android.gms/u999a40}
02-06 00:42:13.050  1827  7428 D ActivityManager: Raise procstate to external provider: ProcessRecord{74a51e1 10280:com.google.android.gms/u999a40}
02-06 00:42:13.082  1827  4335 D ActivityManager: Raise procstate to external provider: ProcessRecord{74a51e1 10280:com.google.android.gms/u999a40}
02-06 00:42:13.093  1827  4335 D ActivityManager: Raise procstate to external provider: ProcessRecord{74a51e1 10280:com.google.android.gms/u999a40}
02-06 00:42:13.101  1827  7428 D ActivityManager: Raise procstate to external provider: ProcessRecord{74a51e1 10280:com.google.android.gms/u999a40}
02-06 00:42:13.161  1827  7428 D ActivityManager: Raise procstate to external provider: ProcessRecord{74a51e1 10280:com.google.android.gms/u999a40}
02-06 00:42:13.167  1827  4335 D ActivityManager: Raise procstate to external provider: ProcessRecord{74a51e1 10280:com.google.android.gms/u999a40}
02-06 00:42:13.178  1827  7428 D ActivityManager: Raise procstate to external provider: ProcessRecord{74a51e1 10280:com.google.android.gms/u999a40}
02-06 00:42:13.183  1827  7428 D ActivityManager: Raise procstate to external provider: ProcessRecord{74a51e1 10280:com.google.android.gms/u999a40}
02-06 00:42:13.575  1827  4335 D ActivityManager: Raise procstate to external provider: ProcessRecord{74a51e1 10280:com.google.android.gms/u999a40}
02-06 00:42:15.342  1827  2944 V BackupManagerConstants: getFullBackupRequiredNetworkType(...) returns 2
02-06 00:42:15.343  1827  2944 V BackupManagerConstants: getFullBackupRequireCharging(...) returns true
02-06 00:42:16.855  1827  1928 V UiModeManager: switch night mode to 2
02-06 00:42:16.856 17644 17644 W Looper  : Slow Looper: Activity com.example.f_rizzly/.MainActivity is 4533ms late (wall=286ms running=0ms ClientTransaction{ callbacks=[android.app.servertransaction.LaunchActivityItem] lifecycleRequest=android.app.servertransaction.ResumeActivityItem }) because of 1 msg, msg 1 took 4615ms (h=android.app.ActivityThread$H w=110)
02-06 00:42:17.041  1827  2006 E TaskPersister: File error accessing recents directory (directory doesn't exist?).
02-06 00:42:17.480  1827  4335 D ActivityManager: Raise procstate to external provider: ProcessRecord{74a51e1 10280:com.google.android.gms/u999a40}
02-06 00:42:17.489  1827  4335 D ActivityManager: Raise procstate to external provider: ProcessRecord{74a51e1 10280:com.google.android.gms/u999a40}
02-06 00:42:19.946 17644 17644 W Looper  : Slow Looper: doFrame is 335ms late because of 3 msg, msg 1 took 4615ms (h=android.app.ActivityThread$H w=110), msg 2 took 286ms (late=4533ms h=android.app.ActivityThread$H w=159)
02-06 00:42:20.295  1827  1845 D ActivityManager: Raise procstate to external provider: ProcessRecord{74a51e1 10280:com.google.android.gms/u999a40}
02-06 00:42:20.296  1827  1845 D ActivityManager: Raise procstate to external provider: ProcessRecord{74a51e1 10280:com.google.android.gms/u999a40}
02-06 00:42:20.301  1827  3045 D ActivityManager: Raise procstate to external provider: ProcessRecord{74a51e1 10280:com.google.android.gms/u999a40}
02-06 00:42:20.305  1827  4335 D ActivityManager: Raise procstate to external provider: ProcessRecord{74a51e1 10280:com.google.android.gms/u999a40}
02-06 00:42:20.314  1827  3045 D ActivityManager: Raise procstate to external provider: ProcessRecord{74a51e1 10280:com.google.android.gms/u999a40}
02-06 00:42:20.316  1827  4335 D ActivityManager: Raise procstate to external provider: ProcessRecord{74a51e1 10280:com.google.android.gms/u999a40}
02-06 00:42:20.318  1827  4335 D ActivityManager: Raise procstate to external provider: ProcessRecord{74a51e1 10280:com.google.android.gms/u999a40}
02-06 00:42:20.319  1827  7428 D ActivityManager: Raise procstate to external provider: ProcessRecord{74a51e1 10280:com.google.android.gms/u999a40}
02-06 00:42:20.502  1827  3045 E NotificationService: Suppressing notification from package by user request.
02-06 00:42:20.545  1827  4335 D ConnectivityService: ConnectivityService NetworkRequestInfo binderDied(NetworkRequest [ TRACK_DEFAULT id=11897, [ Capabilities: INTERNET&NOT_RESTRICTED&TRUSTED Unwanted:  Uid: 10042] ], android.os.BinderProxy@76767ee)
02-06 00:42:20.545  1827  7428 D ConnectivityService: ConnectivityService NetworkRequestInfo binderDied(NetworkRequest [ LISTEN id=11898, [ Capabilities: INTERNET&NOT_RESTRICTED&TRUSTED Unwanted:  Uid: 10042] ], android.os.BinderProxy@8c5f48f)
02-06 00:42:20.545  1827  6474 D ConnectivityService: ConnectivityService NetworkRequestInfo binderDied(NetworkRequest [ TRACK_DEFAULT id=11896, [ Capabilities: INTERNET&NOT_RESTRICTED&TRUSTED Unwanted:  Uid: 10042] ], android.os.BinderProxy@266e31c)
02-06 00:42:20.545  1827  4426 I ActivityManager: Process com.google.android.googlequicksearchbox:googleapp (pid 16959) has died: cch+6CEM 
02-06 00:42:20.545  1827  1946 D ConnectivityService: releasing NetworkRequest [ TRACK_DEFAULT id=11896, [ Capabilities: INTERNET&NOT_RESTRICTED&TRUSTED Unwanted:  Uid: 10042] ] (release request)
02-06 00:42:20.546  1827  1946 D ConnectivityService: releasing NetworkRequest [ TRACK_DEFAULT id=11897, [ Capabilities: INTERNET&NOT_RESTRICTED&TRUSTED Unwanted:  Uid: 10042] ] (release request)
02-06 00:42:20.546  1827  4426 D ActivityManager: Raise procstate to external provider: ProcessRecord{74a51e1 10280:com.google.android.gms/u999a40}
02-06 00:42:20.551  1827  4426 D ActivityManager: Raise procstate to external provider: ProcessRecord{74a51e1 10280:com.google.android.gms/u999a40}
02-06 00:42:20.552  1827  4426 I ActivityManager: Killing 17063:com.android.chrome:sandboxed_process0/u0a42i589 (adj 0): isolated not needed
02-06 00:42:20.573  1827  2789 D ActivityManager: Raise procstate to external provider: ProcessRecord{74a51e1 10280:com.google.android.gms/u999a40}
02-06 00:42:20.930 17644 17644 W Looper  : Slow Looper: doFrame is 3113ms late because of 4 msg, msg 1 took 3088ms (late=335ms h=android.view.Choreographer$FrameHandler c=android.view.Choreographer$FrameDisplayEventReceiver), msg 4 took 215ms (late=2903ms h=android.os.Handler c=androidx.compose.ui.platform.AndroidUiDispatcher$dispatchCallback$1)
02-06 00:42:20.967  1827  1853 I Timeline: Timeline: Activity_windows_visible id: ActivityRecord{ecf5f8e u0 com.example.f_rizzly/.MainActivity t809} time:269496724
02-06 00:42:21.067 17644 17644 W Looper  : Slow Looper: doFrame is 870ms late because of 9 msg, msg 1 took 760ms (late=3113ms h=android.view.Choreographer$FrameHandler c=android.view.Choreographer$FrameDisplayEventReceiver), msg 3 took 69ms (late=3350ms h=android.os.Handler c=androidx.compose.ui.platform.AndroidComposeViewAccessibilityDelegateCompat$$ExternalSyntheticLambda2)
02-06 00:42:21.114  1827  6474 D ActivityManager: Raise procstate to external provider: ProcessRecord{74a51e1 10280:com.google.android.gms/u999a40}
02-06 00:42:21.253  1827  4426 D ActivityManager: Raise procstate to external provider: ProcessRecord{74a51e1 10280:com.google.android.gms/u999a40}
02-06 00:42:21.366  1827  3863 D ActivityManager: Raise procstate to external provider: ProcessRecord{74a51e1 10280:com.google.android.gms/u999a40}
02-06 00:42:21.373  1827  3863 D ActivityManager: Raise procstate to external provider: ProcessRecord{74a51e1 10280:com.google.android.gms/u999a40}
02-06 00:42:21.407 17208 17208 V ActivityThread: handleTrimMemory:com.miui.bugreport
02-06 00:42:21.415  1827  6474 D ActivityManager: Raise procstate to external provider: ProcessRecord{74a51e1 10280:com.google.android.gms/u999a40}
02-06 00:42:22.109  1827  1845 D ActivityManager: Raise procstate to external provider: ProcessRecord{74a51e1 10280:com.google.android.gms/u999a40}
02-06 00:42:22.116  1827  1967 D ActivityManager: Raise procstate to external provider: ProcessRecord{74a51e1 10280:com.google.android.gms/u999a40}
02-06 00:42:22.126  1827  4426 D ActivityManager: Raise procstate to external provider: ProcessRecord{74a51e1 10280:com.google.android.gms/u999a40}
02-06 00:42:22.131  1827  6474 D ActivityManager: Raise procstate to external provider: ProcessRecord{74a51e1 10280:com.google.android.gms/u999a40}
02-06 00:42:22.132  1827  6474 D ActivityManager: Raise procstate to external provider: ProcessRecord{74a51e1 10280:com.google.android.gms/u999a40}
02-06 00:42:22.220  1827  4426 D ActivityManager: Raise procstate to external provider: ProcessRecord{74a51e1 10280:com.google.android.gms/u999a40}
02-06 00:42:22.243  1827  4426 I chatty  : uid=1000(system) Binder:1827_14 identical 1 line
02-06 00:42:22.264  1827  4426 D ActivityManager: Raise procstate to external provider: ProcessRecord{74a51e1 10280:com.google.android.gms/u999a40}
02-06 00:42:22.320  1827  2789 D ActivityManager: Raise procstate to external provider: ProcessRecord{74a51e1 10280:com.google.android.gms/u999a40}
02-06 00:42:22.326  1827  2789 D ActivityManager: Raise procstate to external provider: ProcessRecord{74a51e1 10280:com.google.android.gms/u999a40}
02-06 00:42:22.381  1827  3863 D ActivityManager: Raise procstate to external provider: ProcessRecord{74a51e1 10280:com.google.android.gms/u999a40}
02-06 00:42:22.387  1827  2789 D ActivityManager: Raise procstate to external provider: ProcessRecord{74a51e1 10280:com.google.android.gms/u999a40}
02-06 00:42:22.564  1827  3863 D ActivityManager: Raise procstate to external provider: ProcessRecord{74a51e1 10280:com.google.android.gms/u999a40}
02-06 00:42:23.190  1827  3863 D ActivityManager: Raise procstate to external provider: ProcessRecord{74a51e1 10280:com.google.android.gms/u999a40}
02-06 00:42:23.195  1827  2789 D ActivityManager: Raise procstate to external provider: ProcessRecord{74a51e1 10280:com.google.android.gms/u999a40}
02-06 00:42:23.777  1827  6474 D ActivityManager: Raise procstate to external provider: ProcessRecord{74a51e1 10280:com.google.android.gms/u999a40}
02-06 00:42:23.959  1827  4426 D ActivityManager: Raise procstate to external provider: ProcessRecord{74a51e1 10280:com.google.android.gms/u999a40}
02-06 00:42:24.050  1827  6474 D ActivityManager: Raise procstate to external provider: ProcessRecord{74a51e1 10280:com.google.android.gms/u999a40}
02-06 00:42:24.059  1827  6474 D ActivityManager: Raise procstate to external provider: ProcessRecord{74a51e1 10280:com.google.android.gms/u999a40}
02-06 00:42:24.065  1827  4426 D ActivityManager: Raise procstate to external provider: ProcessRecord{74a51e1 10280:com.google.android.gms/u999a40}
02-06 00:42:24.146  1827  4426 I chatty  : uid=1000(system) Binder:1827_14 identical 2 lines
02-06 00:42:24.253  1827  4426 D ActivityManager: Raise procstate to external provider: ProcessRecord{74a51e1 10280:com.google.android.gms/u999a40}
02-06 00:42:25.267  1827  3863 D ActivityManager: Raise procstate to external provider: ProcessRecord{74a51e1 10280:com.google.android.gms/u999a40}
02-06 00:42:26.933  1827  4426 D ActivityManager: Raise procstate to external provider: ProcessRecord{74a51e1 10280:com.google.android.gms/u999a40}
02-06 00:42:27.251  1827  4426 D ActivityManager: Raise procstate to external provider: ProcessRecord{74a51e1 10280:com.google.android.gms/u999a40}
02-06 00:42:27.254  1827  3863 D ActivityManager: Raise procstate to external provider: ProcessRecord{74a51e1 10280:com.google.android.gms/u999a40}
02-06 00:42:27.291  1827  3863 I chatty  : uid=1000(system) Binder:1827_12 identical 3 lines
02-06 00:42:27.314  1827  3863 D ActivityManager: Raise procstate to external provider: ProcessRecord{74a51e1 10280:com.google.android.gms/u999a40}
02-06 00:42:27.333  1827  4426 D ActivityManager: Raise procstate to external provider: ProcessRecord{74a51e1 10280:com.google.android.gms/u999a40}
02-06 00:42:28.058  1827  3863 D ActivityManager: Raise procstate to external provider: ProcessRecord{74a51e1 10280:com.google.android.gms/u999a40}
