02-06 00:41:50.986 17462 17462 E DeviceUtils: getMiuiMiddleVersion failed , e:java.lang.NullPointerException: Attempt to invoke virtual method 'java.lang.Object java.lang.reflect.Method.invoke(java.lang.Object, java.lang.Object[])' on a null object reference
02-06 00:41:51.019 17462 17462 D AlertController: Alert dialog ime debugEnable = 
02-06 00:41:51.057 11907 11931 I CloudSettingsProvider: uriMatch : 2
02-06 00:41:51.084  1827  4426 D ActivityManager: Raise procstate to external provider: ProcessRecord{74a51e1 10280:com.google.android.gms/u999a40}
02-06 00:41:51.116  1827  4434 D ActivityManager: Raise procstate to external provider: ProcessRecord{74a51e1 10280:com.google.android.gms/u999a40}
02-06 00:41:51.121  1827  4426 D ActivityManager: Raise procstate to external provider: ProcessRecord{74a51e1 10280:com.google.android.gms/u999a40}
02-06 00:41:51.126  1827  2020 D ActivityManager: Raise procstate to external provider: ProcessRecord{74a51e1 10280:com.google.android.gms/u999a40}
02-06 00:41:51.119 11907 11931 I chatty  : uid=1000(system) Binder:11907_3 identical 2 lines
02-06 00:41:51.124 11907 11931 I CloudSettingsProvider: uriMatch : 2
02-06 00:41:51.149 17462 17462 W Looper  : Slow Looper: Activity com.miui.securitycenter/com.miui.permcenter.install.AdbInstallActivity is 456ms late (wall=298ms running=0ms ClientTransaction{ callbacks=[android.app.servertransaction.LaunchActivityItem] lifecycleRequest=android.app.servertransaction.ResumeActivityItem }) because of 2 msg, msg 2 took 452ms (late=10ms h=android.app.ActivityThread$H w=110)
02-06 00:41:51.149  1827  1928 V UiModeManager: switch night mode to 2
02-06 00:41:51.150  1827  4434 D ActivityManager: Raise procstate to external provider: ProcessRecord{74a51e1 10280:com.google.android.gms/u999a40}
02-06 00:41:51.151 17462 17462 I TmBinderCacher: onServiceConnected name=ComponentInfo{com.miui.securitycenter/com.miui.networkassistant.service.tm.TrafficManageService}
02-06 00:41:51.155  1827  4434 D ActivityManager: Raise procstate to external provider: ProcessRecord{74a51e1 10280:com.google.android.gms/u999a40}
02-06 00:41:51.156  1827  4434 I ActivityManager: Killing 16450:com.android.keychain/1000 (adj 906): empty #17
02-06 00:41:51.157  1827  1848 I chatty  : uid=1000(system) ActivityManager expire 16 lines
02-06 00:41:51.163   554   626 E ANDR-PERF-RESOURCEQS: Failed to apply optimization [2, 0]
02-06 00:41:51.163  1827  4434 D ActivityManager: Raise procstate to external provider: ProcessRecord{74a51e1 10280:com.google.android.gms/u999a40}
02-06 00:41:51.163   554   626 E ANDR-PERF-RESOURCEQS: Failed to apply optimization [2, 0]
02-06 00:41:51.166  3657 15329 I PhenotypeResourceReader: unable to find any Phenotype resource metadata for com.miui.securitycenter
02-06 00:41:51.167  9311  9324 I GST     : forePkg: com.miui.bugreport, preForePkg: com.miui.securitycenter
02-06 00:41:51.172  1827  4434 I Timeline: Timeline: App_transition_ready time:269466929
02-06 00:41:51.172  1827  4434 I Timeline: Timeline: App_transition_stopped time:269466929
02-06 00:41:51.174   877   877 I Zygote  : Process 16450 exited due to signal (9)
02-06 00:41:51.177 23557 32076 D PMonitor:  onForegroundActivitiesChanged:pid = 17462,activity-uid=1000,foregroundActivities=false
02-06 00:41:51.178 23557 32076 D PMonitor:  onProcessDied:pid = 16450,died-uid=1000
02-06 00:41:51.181  1827  5865 D ActivityManager: Raise procstate to external provider: ProcessRecord{74a51e1 10280:com.google.android.gms/u999a40}
02-06 00:41:51.185  1827  1928 V UiModeManager: switch night mode to 2
02-06 00:41:51.197 17462 17462 V ActivityThread: handleTrimMemory:com.miui.securitycenter
02-06 00:41:51.200  1827  3861 D ActivityManager: Raise procstate to external provider: ProcessRecord{74a51e1 10280:com.google.android.gms/u999a40}
02-06 00:41:51.204 17462 17462 I DualSimCardHelper: two sim cards inserted
02-06 00:41:51.204 17462 17462 I TelephonyUtil: getSubscriberId slot: 0
02-06 00:41:51.207 17462 17462 I TelephonyUtil: getSubscriberId slot: 1
02-06 00:41:51.213  1827  1896 D com.android.server.pm.PackageManagerServiceInjector: Package verify start
02-06 00:41:51.214 17462 17462 E WindowManager: 
02-06 00:41:51.214 17462 17462 E WindowManager: android.view.WindowLeaked: Activity com.miui.permcenter.install.AdbInstallActivity has leaked window DecorView@110e57a[AdbInstallActivity] that was originally added here
02-06 00:41:51.214 17462 17462 E WindowManager: 	at android.view.ViewRootImpl.<init>(ViewRootImpl.java:541)
02-06 00:41:51.214 17462 17462 E WindowManager: 	at android.view.WindowManagerGlobal.addView(WindowManagerGlobal.java:346)
02-06 00:41:51.214 17462 17462 E WindowManager: 	at android.view.WindowManagerImpl.addView(WindowManagerImpl.java:94)
02-06 00:41:51.214 17462 17462 E WindowManager: 	at android.app.Dialog.show(Dialog.java:329)
02-06 00:41:51.214 17462 17462 E WindowManager: 	at miuix.appcompat.app.AlertDialog.show(Unknown Source:8)
02-06 00:41:51.214 17462 17462 E WindowManager: 	at com.miui.common.base.AlertActivity.i0(Unknown Source:4)
02-06 00:41:51.214 17462 17462 E WindowManager: 	at com.miui.permcenter.install.AdbInstallActivity.h0(Unknown Source:3)
02-06 00:41:51.214 17462 17462 E WindowManager: 	at com.miui.common.base.AlertActivity.onCreate(Unknown Source:40)
02-06 00:41:51.214 17462 17462 E WindowManager: 	at android.app.Activity.performCreate(Activity.java:7224)
02-06 00:41:51.214 17462 17462 E WindowManager: 	at android.app.Activity.performCreate(Activity.java:7213)
02-06 00:41:51.214 17462 17462 E WindowManager: 	at android.app.Instrumentation.callActivityOnCreate(Instrumentation.java:1272)
02-06 00:41:51.214 17462 17462 E WindowManager: 	at android.app.ActivityThread.performLaunchActivity(ActivityThread.java:2926)
02-06 00:41:51.214 17462 17462 E WindowManager: 	at android.app.ActivityThread.handleLaunchActivity(ActivityThread.java:3081)
02-06 00:41:51.214 17462 17462 E WindowManager: 	at android.app.servertransaction.LaunchActivityItem.execute(LaunchActivityItem.java:78)
02-06 00:41:51.214 17462 17462 E WindowManager: 	at android.app.servertransaction.TransactionExecutor.executeCallbacks(TransactionExecutor.java:108)
02-06 00:41:51.214 17462 17462 E WindowManager: 	at android.app.servertransaction.TransactionExecutor.execute(TransactionExecutor.java:68)
02-06 00:41:51.214 17462 17462 E WindowManager: 	at android.app.ActivityThread$H.handleMessage(ActivityThread.java:1831)
02-06 00:41:51.214 17462 17462 E WindowManager: 	at android.os.Handler.dispatchMessage(Handler.java:106)
02-06 00:41:51.214 17462 17462 E WindowManager: 	at android.os.Looper.loop(Looper.java:201)
02-06 00:41:51.214 17462 17462 E WindowManager: 	at android.app.ActivityThread.main(ActivityThread.java:6826)
02-06 00:41:51.214 17462 17462 E WindowManager: 	at java.lang.reflect.Method.invoke(Native Method)
02-06 00:41:51.214 17462 17462 E WindowManager: 	at com.android.internal.os.RuntimeInit$MethodAndArgsCaller.run(RuntimeInit.java:547)
02-06 00:41:51.214 17462 17462 E WindowManager: 	at com.android.internal.os.ZygoteInit.main(ZygoteInit.java:873)
02-06 00:41:51.214  1827  1845 D ActivityManager: Raise procstate to external provider: ProcessRecord{74a51e1 10280:com.google.android.gms/u999a40}
02-06 00:41:51.215  1827  1845 I chatty  : uid=1000(system) ActivityManager expire 24 lines
02-06 00:41:51.222   864  2677 I chatty  : uid=1000(system) Binder:864_4 expire 3 lines
02-06 00:41:51.226  1827  4434 D ActivityManager: Raise procstate to external provider: ProcessRecord{74a51e1 10280:com.google.android.gms/u999a40}
02-06 00:41:51.226 23169 23182 D  GuardProvider: start parse apk : /data/app/vmdl2034383213.tmp
02-06 00:41:51.226  1827  4434 D ActivityManager: Raise procstate to external provider: ProcessRecord{74a51e1 10280:com.google.android.gms/u999a40}
02-06 00:41:51.229  1827  3861 W WindowManager: Failed looking up window callers=com.android.server.wm.WindowManagerService.windowForClientLocked:5904 com.android.server.wm.WindowManagerService.relayoutWindow:2084 com.android.server.wm.Session.relayout:244 
02-06 00:41:51.233  1827  3861 W WindowManager: Failed looking up window callers=com.android.server.wm.WindowManagerService.windowForClientLocked:5904 com.android.server.wm.WindowManagerService.removeWindow:1852 com.android.server.wm.Session.remove:226 
02-06 00:41:51.239 10181 17458 D AdvertisingIdClient: AdvertisingIdClient already created.
02-06 00:41:51.239 10181 17458 D AdvertisingIdClient: AdvertisingIdClient is not bounded. Starting to bind it...
02-06 00:41:51.242 10181 17458 D AdvertisingIdClient: AdvertisingIdClient is bounded
02-06 00:41:51.257 10181 17458 I AdvertisingIdClient: shouldSendLog 1265957024
02-06 00:41:51.257 10181 17458 I AdvertisingIdClient: GetInfoInternal elapse 18ms
02-06 00:41:51.278  1574  2204 I chatty  : uid=1000(system) pool-22-thread- expire 1 line
02-06 00:41:51.278  1827  4426 D ActivityManager: Raise procstate to external provider: ProcessRecord{74a51e1 10280:com.google.android.gms/u999a40}
02-06 00:41:51.294  1827  1847 D Boost   : hostingType=service, hostingName=com.android.defcontainer/.DefaultContainerService, callerPackage=android, isSystem=true, isBoostNeeded=false.
02-06 00:41:51.295  1827  1847 I ActivityManager: Start proc 17530:com.android.defcontainer/u0a69 for service com.android.defcontainer/.DefaultContainerService caller=android
02-06 00:41:51.303 17530 17530 E id.defcontaine: Not starting debugger since process cannot load the jdwp agent.
02-06 00:41:51.315  1827  4426 D ActivityManager: Raise procstate to external provider: ProcessRecord{74a51e1 10280:com.google.android.gms/u999a40}
02-06 00:41:51.391 17530 17530 I Perf    : Connecting to perf service.
02-06 00:41:51.656  1827  1862 D ActivityManager: Raise procstate to external provider: ProcessRecord{74a51e1 10280:com.google.android.gms/u999a40}
02-06 00:41:51.657  1827  1845 D ActivityManager: Raise procstate to external provider: ProcessRecord{74a51e1 10280:com.google.android.gms/u999a40}
02-06 00:41:51.719 16146 16146 I Finsky  : [2] VerifyApps: Install-time verification requested for package com.example.f_rizzly, PackageManager id = 117, Verifier id = 9756e156-6539-4f0d-b58f-210e2664e1fa
02-06 00:41:51.723  1827  4426 D ActivityManager: Raise procstate to external provider: ProcessRecord{74a51e1 10280:com.google.android.gms/u999a40}
02-06 00:41:51.725 16146 16163 I Finsky  : [66392] RECEIVER_PACKAGE_VERIFICATION#logWorkEndAndFinishGoAsync: SUCCESS
02-06 00:41:51.813 16146 17286 I Finsky  : [66497] VerifyApps: Anti-malware verification task started for package=com.example.f_rizzly
02-06 00:41:51.825 16146 17286 E AbstractLogEventBuilder: The provided ProductIdOrigin 3 is not one of the process-level expected values: 1 or 2
02-06 00:41:51.850 16146 17286 I Finsky  : [66497] Single user settings service is not running, bind it now
02-06 00:41:51.725  1827  4426 I chatty  : uid=1000(system) Binder:1827_14 identical 1 line
02-06 00:41:51.726  1827  4426 D ActivityManager: Raise procstate to external provider: ProcessRecord{74a51e1 10280:com.google.android.gms/u999a40}
02-06 00:41:51.852  1827  3861 D ActivityManager: Raise procstate to external provider: ProcessRecord{74a51e1 10280:com.google.android.gms/u999a40}
02-06 00:41:51.852  1827  3861 I chatty  : uid=1000(system) Binder:1827_10 expire 10 lines
02-06 00:41:51.855 16146 16146 I Finsky  : [2] Single user settings service is connected
02-06 00:41:51.857 16146 16146 W Finsky  : [2] Not all users are synced, requesting all users send setting to primary phonesky
02-06 00:41:51.858  1827  1845 D ActivityManager: Raise procstate to external provider: ProcessRecord{74a51e1 10280:com.google.android.gms/u999a40}
02-06 00:41:51.884 16146 16186 E AbstractLogEventBuilder: The provided ProductIdOrigin 3 is not one of the process-level expected values: 1 or 2
02-06 00:41:52.867  1827  3861 D ActivityManager: Raise procstate to external provider: ProcessRecord{74a51e1 10280:com.google.android.gms/u999a40}
02-06 00:41:52.869 16146 16146 I Finsky  : [2] VerifyApps: Device wide unknown source restriction updated
02-06 00:41:52.871 16146 16165 I Finsky  : [66394] RECEIVER_SINGLE_USER_SETTINGS#logWorkEndAndFinishGoAsync: SUCCESS
02-06 00:41:52.873 16146 16164 I Finsky  : [66393] RECEIVER_SINGLE_USER_SETTINGS#logWorkEndAndFinishGoAsync: SUCCESS
02-06 00:41:52.877 16146 17286 W Settings: Setting install_non_market_apps has moved from android.provider.Settings.Global to android.provider.Settings.Secure, returning read-only value.
02-06 00:41:53.374 16146 17286 I Finsky  : [66497] VerifyApps: Installer app: com.android.shell
02-06 00:41:53.380 16146 17286 I Finsky  : [66497] Task 7 requested foreground
02-06 00:41:53.381 16146 17286 I Finsky  : [66497] Not entering foreground
02-06 00:41:53.382 16146 17286 I Finsky  : [66497] VerifyApps: chooseScanResult for package=com.example.f_rizzly with timeout=15000ms
02-06 00:41:53.422 16146 16186 I Finsky  : [66415] VerifyApps: Starting APK Analysis scan for com.example.f_rizzly.
02-06 00:41:53.422 16146 16186 I Finsky  : [66415] Scanning package com.example.f_rizzly contents with client side protections. File: [CYpzvc_XUZAPMtbGdX997wRdcw8icYuVhrpIRqc4l4M]
02-06 00:41:52.874  1827  3861 I chatty  : uid=1000(system) Binder:1827_10 identical 2 lines
02-06 00:41:52.875  1827  3861 D ActivityManager: Raise procstate to external provider: ProcessRecord{74a51e1 10280:com.google.android.gms/u999a40}
02-06 00:41:53.590  1827  4426 W DropBoxManagerService: Dropping: keymaster (53 > 0 bytes)
02-06 00:41:53.593  1827  1845 W BroadcastQueue: Background execution not allowed: receiving Intent { act=android.intent.action.DROPBOX_ENTRY_ADDED flg=0x10 (has extras) } to com.google.android.gms/.stats.service.DropBoxEntryAddedReceiver
02-06 00:41:53.594  1827  1845 D ActivityManager: Raise procstate to external provider: ProcessRecord{74a51e1 10280:com.google.android.gms/u999a40}
02-06 00:41:53.659  1827  4426 W DropBoxManagerService: Dropping: keymaster (53 > 0 bytes)
02-06 00:41:53.663  1827  1845 W BroadcastQueue: Background execution not allowed: receiving Intent { act=android.intent.action.DROPBOX_ENTRY_ADDED flg=0x10 (has extras) } to com.google.android.gms/.stats.service.DropBoxEntryAddedReceiver
02-06 00:41:53.664  1827  1845 D ActivityManager: Raise procstate to external provider: ProcessRecord{74a51e1 10280:com.google.android.gms/u999a40}
02-06 00:41:53.727  1827  4426 W DropBoxManagerService: Dropping: keymaster (53 > 0 bytes)
02-06 00:41:53.730  1827  1845 W BroadcastQueue: Background execution not allowed: receiving Intent { act=android.intent.action.DROPBOX_ENTRY_ADDED flg=0x10 (has extras) } to com.google.android.gms/.stats.service.DropBoxEntryAddedReceiver
02-06 00:41:53.730  1827  1845 D ActivityManager: Raise procstate to external provider: ProcessRecord{74a51e1 10280:com.google.android.gms/u999a40}
02-06 00:41:53.773 16146 16186 E AbstractLogEventBuilder: The provided ProductIdOrigin 3 is not one of the process-level expected values: 1 or 2
02-06 00:41:53.782 16146 16385 I PlayCore: UID: [10043]  PID: [16146] azjl : Initiate binding to the service.
02-06 00:41:53.801  1827  1847 D Boost   : hostingType=service, hostingName=com.android.vending/com.google.android.finsky.verifier.apkanalysis.service.ApkContentsScanService, callerPackage=com.android.vending, isSystem=true, isBoostNeeded=false.
02-06 00:41:53.804  1827  1847 I ActivityManager: Start proc 17550:com.android.vending/u0i590 for service com.android.vending/com.google.android.finsky.verifier.apkanalysis.service.ApkContentsScanService caller=com.android.vending
02-06 00:41:53.810 17550 17550 E android.vendin: Not starting debugger since process cannot load the jdwp agent.
02-06 00:41:53.826  1827  4426 D ActivityManager: Raise procstate to external provider: ProcessRecord{74a51e1 10280:com.google.android.gms/u999a40}
02-06 00:41:53.834 17550 17550 W android.vending: type=1400 audit(0.0:268070): avc: denied { search } for name="theme" dev="dm-2" ino=131082 scontext=u:r:isolated_app:s0:c78,c258,c512,c768 tcontext=u:object_r:theme_data_file:s0 tclass=dir permissive=0
02-06 00:41:53.834 17550 17550 I chatty  : uid=99590(u0_i590) com.android.vending identical 3 lines
02-06 00:41:53.834 17550 17550 W android.vending: type=1400 audit(0.0:268073): avc: denied { search } for name="theme" dev="dm-2" ino=131082 scontext=u:r:isolated_app:s0:c78,c258,c512,c768 tcontext=u:object_r:theme_data_file:s0 tclass=dir permissive=0
02-06 00:41:53.928 16146 16146 E AbstractLogEventBuilder: The provided ProductIdOrigin 3 is not one of the process-level expected values: 1 or 2
02-06 00:41:53.965 16146 17566 I Finsky  : [66502] VerifyApps: Verification package=com.example.f_rizzly, id=117, response=0, upload_requested=false, enable_ecm=false
02-06 00:41:53.968 16146 17566 I Finsky  : [66502] VerifyApps: PAM result saving to datastore delayed for package: com.example.f_rizzly
02-06 00:41:53.964 17550 17550 W android.vending: type=1400 audit(0.0:268074): avc: denied { search } for name="theme" dev="dm-2" ino=131082 scontext=u:r:isolated_app:s0:c78,c258,c512,c768 tcontext=u:object_r:theme_data_file:s0 tclass=dir permissive=0
02-06 00:41:53.964 17550 17550 W android.vending: type=1400 audit(0.0:268076): avc: denied { search } for name="theme" dev="dm-2" ino=131082 scontext=u:r:isolated_app:s0:c78,c258,c512,c768 tcontext=u:object_r:theme_data_file:s0 tclass=dir permissive=0
02-06 00:41:54.126  1827  4426 W DropBoxManagerService: Dropping: keymaster (53 > 0 bytes)
02-06 00:41:54.127  1827  1845 W BroadcastQueue: Background execution not allowed: receiving Intent { act=android.intent.action.DROPBOX_ENTRY_ADDED flg=0x10 (has extras) } to com.google.android.gms/.stats.service.DropBoxEntryAddedReceiver
02-06 00:41:54.127  1827  1845 D ActivityManager: Raise procstate to external provider: ProcessRecord{74a51e1 10280:com.google.android.gms/u999a40}
02-06 00:41:54.233  1827  4426 W DropBoxManagerService: Dropping: keymaster (53 > 0 bytes)
02-06 00:41:54.234  1827  1845 W BroadcastQueue: Background execution not allowed: receiving Intent { act=android.intent.action.DROPBOX_ENTRY_ADDED flg=0x10 (has extras) } to com.google.android.gms/.stats.service.DropBoxEntryAddedReceiver
02-06 00:41:54.234  1827  1845 D ActivityManager: Raise procstate to external provider: ProcessRecord{74a51e1 10280:com.google.android.gms/u999a40}
02-06 00:41:54.323  1827  4426 W DropBoxManagerService: Dropping: keymaster (53 > 0 bytes)
02-06 00:41:54.324  1827  1845 W BroadcastQueue: Background execution not allowed: receiving Intent { act=android.intent.action.DROPBOX_ENTRY_ADDED flg=0x10 (has extras) } to com.google.android.gms/.stats.service.DropBoxEntryAddedReceiver
02-06 00:41:54.325  1827  1845 D ActivityManager: Raise procstate to external provider: ProcessRecord{74a51e1 10280:com.google.android.gms/u999a40}
02-06 00:41:54.496  1827  4426 D ActivityManager: Raise procstate to external provider: ProcessRecord{74a51e1 10280:com.google.android.gms/u999a40}
02-06 00:41:54.502  1827  4426 D ActivityManager: Raise procstate to external provider: ProcessRecord{74a51e1 10280:com.google.android.gms/u999a40}
02-06 00:41:54.539  1827  4434 D ActivityManager: Raise procstate to external provider: ProcessRecord{74a51e1 10280:com.google.android.gms/u999a40}
02-06 00:41:54.540  1827  4434 I chatty  : uid=1000(system) Binder:1827_18 expire 7 lines
02-06 00:41:54.543  1827  4434 D ActivityManager: Raise procstate to external provider: ProcessRecord{74a51e1 10280:com.google.android.gms/u999a40}
02-06 00:41:54.579  1827  1844 D ActivityManager: Raise procstate to external provider: ProcessRecord{74a51e1 10280:com.google.android.gms/u999a40}
02-06 00:41:54.581  1827  4426 D ActivityManager: Raise procstate to external provider: ProcessRecord{74a51e1 10280:com.google.android.gms/u999a40}
02-06 00:41:54.585  1827  4426 D ActivityManager: Raise procstate to external provider: ProcessRecord{74a51e1 10280:com.google.android.gms/u999a40}
02-06 00:41:54.635  1827  4434 D ActivityManager: Raise procstate to external provider: ProcessRecord{74a51e1 10280:com.google.android.gms/u999a40}
02-06 00:41:54.640  1827  3861 D ActivityManager: Raise procstate to external provider: ProcessRecord{74a51e1 10280:com.google.android.gms/u999a40}
02-06 00:41:56.894 17550 17550 W android.vending: type=1400 audit(0.0:268078): avc: denied { getattr } for path="/data/data/com.android.vending" dev="dm-2" ino=786743 scontext=u:r:isolated_app:s0:c78,c258,c512,c768 tcontext=u:object_r:app_data_file:s0:c512,c768 tclass=dir permissive=0
02-06 00:41:56.904 17550 17550 W android.vending: type=1400 audit(0.0:268079): avc: denied { search } for name="theme" dev="dm-2" ino=131082 scontext=u:r:isolated_app:s0:c78,c258,c512,c768 tcontext=u:object_r:theme_data_file:s0 tclass=dir permissive=0
02-06 00:41:56.904 17550 17550 W android.vending: type=1400 audit(0.0:268080): avc: denied { search } for name="theme" dev="dm-2" ino=131082 scontext=u:r:isolated_app:s0:c78,c258,c512,c768 tcontext=u:object_r:theme_data_file:s0 tclass=dir permissive=0
02-06 00:41:57.229 16146 16146 I PlayCore: UID: [10043]  PID: [16146] azjl : ServiceConnectionImpl.onServiceConnected(ComponentInfo{com.android.vending/com.google.android.finsky.verifier.apkanalysis.service.ApkContentsScanService})
02-06 00:41:57.229 16146 16385 I PlayCore: UID: [10043]  PID: [16146] azjl : linkToDeath
02-06 00:41:57.409 17550 17569 I native  : I0000 00:00:1770334917.409465   17569 zip_archive.cpp:490] +++ Found EOCD at buf+65535
02-06 00:41:57.409 17550 17569 I native  : I0000 00:00:1770334917.409681   17569 zip_archive.cpp:534] +++ num_entries=152dir_size=13799 dir_offset=18065388
02-06 00:41:57.409 17550 17569 I native  : I0000 00:00:1770334917.409749   17569 file_map.cpp:112] MAP: base 0xa723a000/15827 data 0xa723a7ec/13799
02-06 00:41:57.409 17550 17569 I native  : I0000 00:00:1770334917.409864   17569 zip_archive.cpp:695] +++ zip good scan 152 entries
02-06 00:41:58.065  1827  4434 D ActivityManager: Raise procstate to external provider: ProcessRecord{74a51e1 10280:com.google.android.gms/u999a40}
02-06 00:41:58.065  3657  3657 D BoundBrokerSvc: onUnbind: Intent { act=com.google.android.gms.auth.aang.events.services.START dat=chimera-action: cmp=com.google.android.gms/.chimera.PersistentApiService }
02-06 00:41:58.086 10181 10181 D BoundBrokerSvc: onUnbind: Intent { act=com.google.android.gms.semanticlocationhistory.zeroparty.service.START dat=chimera-action: cmp=com.google.android.gms/.chimera.GmsApiService }
02-06 00:41:58.086  1827  4434 D ActivityManager: Raise procstate to external provider: ProcessRecord{74a51e1 10280:com.google.android.gms/u999a40}
02-06 00:41:58.097  1827  3861 D ActivityManager: Raise procstate to external provider: ProcessRecord{74a51e1 10280:com.google.android.gms/u999a40}
02-06 00:41:58.168  1827  3861 D ActivityManager: Raise procstate to external provider: ProcessRecord{74a51e1 10280:com.google.android.gms/u999a40}
02-06 00:41:59.127  1827  4434 D ActivityManager: Raise procstate to external provider: ProcessRecord{74a51e1 10280:com.google.android.gms/u999a40}
02-06 00:41:59.252 17550 17569 I native  : I0000 00:00:1770334919.252935   17569 zip_archive.cpp:783] Closing archive 0x9ecfc280
02-06 00:41:59.253 17550 17560 I android.vendin: ThreadFlipBegin blocked for 424.380ms
02-06 00:41:59.307 16146 16385 I PlayCore: UID: [10043]  PID: [16146] azjl : Unbind from service.
02-06 00:41:59.308  1827  4426 D ActivityManager: Raise procstate to external provider: ProcessRecord{74a51e1 10280:com.google.android.gms/u999a40}
02-06 00:41:59.309  1827  4426 I ActivityManager: Killing 17550:com.android.vending/u0a43i590 (adj 0): isolated not needed
02-06 00:41:59.323 16146 16187 E AbstractLogEventBuilder: The provided ProductIdOrigin 3 is not one of the process-level expected values: 1 or 2
02-06 00:41:59.350 23557  8779 D PMonitor:  onProcessDied:pid = 17550,died-uid=10043
02-06 00:41:59.351   877   877 I Zygote  : Process 17550 exited due to signal (9)
02-06 00:41:59.355  1827  3861 D ActivityManager: Raise procstate to external provider: ProcessRecord{74a51e1 10280:com.google.android.gms/u999a40}
02-06 00:41:59.356 16146 16159 I PlayCore: UID: [10043]  PID: [16146] azjl : reportBinderDeath
02-06 00:41:59.356 16146 16159 I PlayCore: UID: [10043]  PID: [16146] azjl : ApkContentsScanService : Binder has died.
02-06 00:41:59.499  1827  3861 D ActivityManager: Raise procstate to external provider: ProcessRecord{74a51e1 10280:com.google.android.gms/u999a40}
02-06 00:41:59.504  1827  4434 D ActivityManager: Raise procstate to external provider: ProcessRecord{74a51e1 10280:com.google.android.gms/u999a40}
02-06 00:41:59.621  1827  3861 D ActivityManager: Raise procstate to external provider: ProcessRecord{74a51e1 10280:com.google.android.gms/u999a40}
02-06 00:41:59.651  1827  3861 D ActivityManager: Raise procstate to external provider: ProcessRecord{74a51e1 10280:com.google.android.gms/u999a40}
02-06 00:42:00.002  1827  1827 D ActivityManager: Raise procstate to external provider: ProcessRecord{74a51e1 10280:com.google.android.gms/u999a40}
02-06 00:42:00.003  1827  3861 D ActivityManager: Raise procstate to external provider: ProcessRecord{74a51e1 10280:com.google.android.gms/u999a40}
02-06 00:42:01.446 10181 10181 D BoundBrokerSvc: onUnbind: Intent { act=com.google.android.gms.measurement.START pkg=com.google.android.gms }
02-06 00:42:02.866 16146 16186 I android.vendin: Waiting for a blocking GC Alloc
02-06 00:42:02.927 16146 16186 I android.vendin: WaitForGcToComplete blocked Alloc on HeapTrim for 60.997ms
02-06 00:42:02.927 16146 16186 I android.vendin: Starting a blocking GC Alloc
02-06 00:42:03.643 16146 16186 I android.vendin: Waiting for a blocking GC Alloc
02-06 00:42:03.762 16146 16186 I android.vendin: WaitForGcToComplete blocked Alloc on HeapTrim for 118.847ms
02-06 00:42:03.762 16146 16186 I android.vendin: Starting a blocking GC Alloc
02-06 00:42:03.762 16146 16186 I android.vendin: Starting a blocking GC Alloc
02-06 00:42:04.090   864   864 I chatty  : uid=1000(system) /system/bin/surfaceflinger expire 219 lines
02-06 00:42:04.106 16146 16154 W System  : A resource failed to call close. 
02-06 00:42:04.106 16146 16154 W System  : A resource failed to call close. 
02-06 00:42:04.370 16146 16186 I android.vendin: Waiting for a blocking GC Alloc
02-06 00:42:04.524 16146 16186 I android.vendin: WaitForGcToComplete blocked Alloc on HeapTrim for 154.333ms
02-06 00:42:04.524 16146 16186 I android.vendin: Starting a blocking GC Alloc
02-06 00:42:00.367  1827  3861 I chatty  : uid=1000(system) Binder:1827_10 identical 6 lines
02-06 00:42:01.445  1827  3861 D ActivityManager: Raise procstate to external provider: ProcessRecord{74a51e1 10280:com.google.android.gms/u999a40}
02-06 00:42:04.626  1827  1844 D ActivityManager: Raise procstate to external provider: ProcessRecord{74a51e1 10280:com.google.android.gms/u999a40}
02-06 00:42:04.653 14062 14251 I chatty  : uid=1000(system) SysUiNetBg expire 10 lines
02-06 00:42:04.884 16146 16186 I android.vendin: Waiting for a blocking GC Alloc
02-06 00:42:04.955 16146 16186 I android.vendin: Waiting for a blocking GC Alloc
02-06 00:42:04.955 16146 16186 I android.vendin: WaitForGcToComplete blocked Alloc on HeapTrim for 71.148ms
02-06 00:42:04.955 16146 16186 I android.vendin: Starting a blocking GC Alloc
02-06 00:42:05.227 16146 16186 I android.vendin: Waiting for a blocking GC Alloc
02-06 00:42:05.380 16146 16186 I android.vendin: WaitForGcToComplete blocked Alloc on HeapTrim for 153.021ms
02-06 00:42:05.380 16146 16186 I android.vendin: Starting a blocking GC Alloc
02-06 00:42:05.393  1827  4426 D ActivityManager: Raise procstate to external provider: ProcessRecord{74a51e1 10280:com.google.android.gms/u999a40}
02-06 00:42:05.393  3657  3657 D BoundBrokerSvc: onUnbind: Intent { act=com.google.android.gms.presencemanager.service.START dat=chimera-action: cmp=com.google.android.gms/.chimera.PersistentApiService }
02-06 00:42:05.396  3657  3657 D BoundBrokerSvc: onUnbind: Intent { act=com.google.android.gms.presencemanager.service.INTERNAL_IDENTITY dat=chimera-action: cmp=com.google.android.gms/.chimera.PersistentApiService }
02-06 00:42:05.395  1827  4426 D ActivityManager: Raise procstate to external provider: ProcessRecord{74a51e1 10280:com.google.android.gms/u999a40}
02-06 00:42:05.397  1827  3861 D ActivityManager: Raise procstate to external provider: ProcessRecord{74a51e1 10280:com.google.android.gms/u999a40}
02-06 00:42:05.744 16146 16186 I android.vendin: Waiting for a blocking GC Alloc
02-06 00:42:05.811 16146 16186 I android.vendin: WaitForGcToComplete blocked Alloc on HeapTrim for 67.338ms
02-06 00:42:05.811 16146 16186 I android.vendin: Starting a blocking GC Alloc
02-06 00:42:05.919 14062 14062 I chatty  : uid=1000(system) com.android.systemui expire 66 lines
02-06 00:42:05.922 16146 16186 I android.vendin: Waiting for a blocking GC Alloc
02-06 00:42:06.220 16146 16186 I android.vendin: WaitForGcToComplete blocked Alloc on HeapTrim for 297.710ms
02-06 00:42:06.220 16146 16186 I android.vendin: Starting a blocking GC Alloc
02-06 00:42:06.220 16146 16186 I chatty  : uid=10043(com.android.vending) identical 2 lines
02-06 00:42:06.560 16146 16186 I android.vendin: Starting a blocking GC Alloc
02-06 00:42:06.899 16146 16186 I android.vendin: Forcing collection of SoftReferences for 148MB allocation
02-06 00:42:06.899 16146 16186 I android.vendin: Starting a blocking GC Alloc
02-06 00:42:07.367 16146 16186 W android.vendin: Throwing OutOfMemoryError "Failed to allocate a 155189256 byte allocation with 8388608 free bytes and 57MB until OOM, max allowed footprint 149115088, growth limit 201326592"
02-06 00:42:07.368 16146 16186 I android.vendin: Starting a blocking GC Alloc
02-06 00:42:07.705 16146 16186 I android.vendin: Starting a blocking GC Alloc
02-06 00:42:08.041 16146 16186 I android.vendin: Forcing collection of SoftReferences for 148MB allocation
02-06 00:42:08.041 16146 16186 I android.vendin: Starting a blocking GC Alloc
02-06 00:42:08.382 16146 17286 I Finsky  : [66497] VerifyApps: ScanResultPicker returned for package=com.example.f_rizzly: SAFE
02-06 00:42:08.382 16146 17286 I Finsky  : [66497] VerifyApps: chooseScanResult returning verdict SAFE for package=com.example.f_rizzly
02-06 00:42:08.452 16146 17286 E AbstractLogEventBuilder: The provided ProductIdOrigin 3 is not one of the process-level expected values: 1 or 2
02-06 00:42:08.460 16146 17286 I Finsky  : [66497] VerifyApps: Starting required split types check for com.example.f_rizzly.
02-06 00:42:08.517 16146 16186 W android.vendin: Throwing OutOfMemoryError "Failed to allocate a 155189256 byte allocation with 8388608 free bytes and 56MB until OOM, max allowed footprint 150440784, growth limit 201326592"
02-06 00:42:08.537 16146 17286 I Finsky  : [66497] VerifyApps: Required split types check successful for com.example.f_rizzly.
02-06 00:42:08.538 16146 17286 I Finsky  : [66497] VerifyApps AdvancedProtection: Verify AP install started
02-06 00:42:08.538 16146 17286 I Finsky  : [66497] VerifyApps AdvancedProtection: Allowing install because there are no Advanced Protection users
02-06 00:42:08.539 16146 16146 I Finsky  : [2] VerifyApps AdvancedProtection: Reported Advanced Protection verification result: ALLOW
02-06 00:42:08.540 16146 17286 E Finsky  : [66497] Package name null is not an installed package
02-06 00:42:08.566 16146 17286 I Finsky  : [66497] Skipping logging for attempted installation. The source is a system package.
02-06 00:42:08.567 16146 16186 E bkeg    : Input Future failed with Error
02-06 00:42:08.567 16146 16186 E bkeg    : java.lang.OutOfMemoryError: Failed to allocate a 155189256 byte allocation with 8388608 free bytes and 56MB until OOM, max allowed footprint 150440784, growth limit 201326592
02-06 00:42:08.567 16146 16186 E bkeg    : 	at java.util.Arrays.copyOf(Arrays.java:3260)
02-06 00:42:08.567 16146 16186 E bkeg    : 	at java.lang.AbstractStringBuilder.ensureCapacityInternal(AbstractStringBuilder.java:125)
02-06 00:42:08.567 16146 16186 E bkeg    : 	at java.lang.AbstractStringBuilder.append(AbstractStringBuilder.java:451)
02-06 00:42:08.567 16146 16186 E bkeg    : 	at java.lang.StringBuilder.append(StringBuilder.java:137)
02-06 00:42:08.567 16146 16186 E bkeg    : 	at java.util.Arrays.deepToString(Arrays.java:4587)
02-06 00:42:08.567 16146 16186 E bkeg    : 	at java.util.Arrays.deepToString(Arrays.java:4606)
02-06 00:42:08.567 16146 16186 E bkeg    : 	at java.util.Arrays.deepToString(Arrays.java:4559)
02-06 00:42:08.567 16146 16186 E bkeg    : 	at azqe.a(PG:286)
02-06 00:42:08.567 16146 16186 E bkeg    : 	at unr.apply(PG:107)
02-06 00:42:08.567 16146 16186 E bkeg    : 	at bkec.d(PG:3)
02-06 00:42:08.567 16146 16186 E bkeg    : 	at bked.run(PG:47)
02-06 00:42:08.567 16146 16186 E bkeg    : 	at qu.execute(PG:8)
02-06 00:42:08.567 16146 16186 E bkeg    : 	at bxri.di(PG:1)
02-06 00:42:08.567 16146 16186 E bkeg    : 	at bkgg.execute(PG:5)
02-06 00:42:08.567 16146 16186 E bkeg    : 	at bkdr.f(PG:1)
02-06 00:42:08.567 16146 16186 E bkeg    : 	at bkdr.j(PG:95)
02-06 00:42:08.567 16146 16186 E bkeg    : 	at bkdr.m(PG:15)
02-06 00:42:08.567 16146 16186 E bkeg    : 	at bkeu.s(PG:49)
02-06 00:42:08.567 16146 16186 E bkeg    : 	at bkeg.f(PG:45)
02-06 00:42:08.567 16146 16186 E bkeg    : 	at bkeg.u(PG:18)
02-06 00:42:08.567 16146 16186 E bkeg    : 	at bkee.run(PG:7)
02-06 00:42:08.567 16146 16186 E bkeg    : 	at bkez.execute(PG:1)
02-06 00:42:08.567 16146 16186 E bkeg    : 	at bkdr.f(PG:1)
02-06 00:42:08.567 16146 16186 E bkeg    : 	at bkdr.j(PG:95)
02-06 00:42:08.567 16146 16186 E bkeg    : 	at bkdr.m(PG:15)
02-06 00:42:08.567 16146 16186 E bkeg    : 	at bkec.e(PG:1)
02-06 00:42:08.567 16146 16186 E bkeg    : 	at bked.run(PG:53)
02-06 00:42:08.567 16146 16186 E bkeg    : 	at qu.execute(PG:8)
02-06 00:42:08.567 16146 16186 E bkeg    : 	at bxri.di(PG:1)
02-06 00:42:08.567 16146 16186 E bkeg    : 	at bkgg.execute(PG:5)
02-06 00:42:08.567 16146 16186 E bkeg    : 	at bkdr.f(PG:1)
02-06 00:42:08.567 16146 16186 E bkeg    : 	at bkdr.j(PG:95)
02-06 00:42:08.567 16146 16186 E bkeg    : 	at bkdr.m(PG:15)
02-06 00:42:08.567 16146 16186 E bkeg    : 	at bkeu.s(PG:49)
02-06 00:42:08.567 16146 16186 E bkeg    : 	at bkeg.f(PG:45)
02-06 00:42:08.567 16146 16186 E bkeg    : 	at bkeg.u(PG:18)
02-06 00:42:08.567 16146 16186 E bkeg    : 	at bkee.run(PG:7)
02-06 00:42:08.567 16146 16186 E bkeg    : 	at bkez.execute(PG:1)
02-06 00:42:08.567 16146 16186 E bkeg    : 	at bkdr.f(PG:1)
02-06 00:42:08.567 16146 16186 E bkeg    : 	at bkdr.j(PG:95)
02-06 00:42:08.567 16146 16186 E bkeg    : 	at bkdr.m(PG:15)
02-06 00:42:08.567 16146 16186 E bkeg    : 	at bkec.e(PG:1)
02-06 00:42:08.567 16146 16186 E bkeg    : 	at bked.run(PG:53)
02-06 00:42:08.567 16146 16186 E bkeg    : 	at qu.execute(PG:8)
02-06 00:42:08.567 16146 16186 E bkeg    : 	at bxri.di(PG:1)
02-06 00:42:08.567 16146 16186 E bkeg    : 	at bkgg.execute(PG:5)
02-06 00:42:08.567 16146 16186 E bkeg    : 	at bkdr.f(PG:1)
02-06 00:42:08.567 16146 16186 E bkeg    : 	at bkdr.j(PG:95)
02-06 00:42:08.567 16146 16186 E bkeg    : 	at bkdr.m(PG:15)
02-06 00:42:08.567 16146 16186 E bkeg    : 	at bkeu.s(PG:49)
02-06 00:42:08.567 16146 16186 E bkeg    : 	at bkeg.f(PG:45)
02-06 00:42:08.567 16146 16186 E bkeg    : 	at bkeg.u(PG:18)
02-06 00:42:08.567 16146 16186 E bkeg    : 	at bkee.run(PG:7)
02-06 00:42:08.567 16146 16186 E bkeg    : 	at bkez.execute(PG:1)
02-06 00:42:08.567 16146 16186 E bkeg    : 	at bkdr.f(PG:1)
02-06 00:42:08.567 16146 16186 E bkeg    : 	at bkdr.j(PG:95)
02-06 00:42:08.567 16146 16186 E bkeg    : 	at bkdr.m(PG:15)
02-06 00:42:08.567 16146 16186 E bkeg    : 	at bkec.e(PG:1)
02-06 00:42:08.567 16146 16186 E bkeg    : 	at bked.run(PG:53)
02-06 00:42:08.567 16146 16186 E bkeg    : 	at qu.execute(PG:8)
02-06 00:42:08.567 16146 16186 E bkeg    : 	at bxri.di(PG:1)
02-06 00:42:08.567 16146 16186 E bkeg    : 	at bkgg.execute(PG:5)
02-06 00:42:08.567 16146 16186 E bkeg    : 	at bkdr.f(PG:1)
02-06 00:42:08.567 16146 16186 E bkeg    : 	at bkdr.j(PG:95)
02-06 00:42:08.567 16146 16186 E bkeg    : 	at bkdr.m(PG:15)
02-06 00:42:08.567 16146 16186 E bkeg    : 	at bkec.e(PG:1)
02-06 00:42:08.567 16146 16186 E bkeg    : 	at bked.run(PG:53)
02-06 00:42:08.567 16146 16186 E bkeg    : 	at qu.execute(PG:8)
02-06 00:42:08.567 16146 16186 E bkeg    : 	at bxri.di(PG:1)
02-06 00:42:08.567 16146 16186 E bkeg    : 	at bkgg.execute(PG:5)
02-06 00:42:08.567 16146 16186 E bkeg    : 	at bkdr.f(PG:1)
02-06 00:42:08.567 16146 16186 E bkeg    : 	at bkdr.j(PG:95)
02-06 00:42:08.567 16146 16186 E bkeg    : 	at bkdr.m(PG:15)
02-06 00:42:08.567 16146 16186 E bkeg    : 	at azqp.a(PG:38)
02-06 00:42:08.567 16146 16186 E bkeg    : 	at azpl.a(PG:26)
02-06 00:42:08.567 16146 16186 E bkeg    : 	at azyi.a(PG:167)
02-06 00:42:08.567 16146 16186 E bkeg    : 	at azjz.c(PG:304)
02-06 00:42:08.567 16146 16186 E bkeg    : 	at azjw.b(PG:357)
02-06 00:42:08.567 16146 16186 E bkeg    : 	at byaj.qR(PG:6)
02-06 00:42:08.567 16146 16186 E bkeg    : 	at byhm.run(PG:109)
02-06 00:42:08.567 16146 16186 E bkeg    : 	at java.util.concurrent.ThreadPoolExecutor.runWorker(ThreadPoolExecutor.java:1167)
02-06 00:42:08.567 16146 16186 E bkeg    : 	at java.util.concurrent.ThreadPoolExecutor$Worker.run(ThreadPoolExecutor.java:641)
02-06 00:42:08.567 16146 16186 E bkeg    : 	at sbd.run(PG:497)
02-06 00:42:08.567 16146 16186 E bkeg    : 	at java.lang.Thread.run(Thread.java:764)
02-06 00:42:08.612 16146 16186 E AbstractLogEventBuilder: The provided ProductIdOrigin 3 is not one of the process-level expected values: 1 or 2
02-06 00:42:08.615 16146 16186 E Finsky  : [66415] Logging timeout report message
02-06 00:42:08.615 16146 16186 E Finsky  : kotlinx.coroutines.TimeoutCancellationException: Timed out waiting for 10000 ms
02-06 00:42:08.615 16146 16186 E Finsky  : 	at byjp.run(PG:42)
02-06 00:42:08.615 16146 16186 E Finsky  : 	at java.util.concurrent.Executors$RunnableAdapter.call(Executors.java:458)
02-06 00:42:08.615 16146 16186 E Finsky  : 	at java.util.concurrent.FutureTask.run(FutureTask.java:266)
02-06 00:42:08.615 16146 16186 E Finsky  : 	at uyz.run(PG:404)
02-06 00:42:08.615 16146 16186 E Finsky  : 	at java.util.concurrent.ThreadPoolExecutor.runWorker(ThreadPoolExecutor.java:1167)
02-06 00:42:08.615 16146 16186 E Finsky  : 	at java.util.concurrent.ThreadPoolExecutor$Worker.run(ThreadPoolExecutor.java:641)
02-06 00:42:08.615 16146 16186 E Finsky  : 	at sbd.run(PG:497)
02-06 00:42:08.615 16146 16186 E Finsky  : 	at java.lang.Thread.run(Thread.java:764)
02-06 00:42:08.622 16146 17286 I Finsky  : [66497] VerifyApps V31SignatureVerification: Successful verification for the package: com.example.f_rizzly using APK Signature Scheme v3
02-06 00:42:08.623 16146 17286 I Finsky  : [66497] VerifyApps: Returning package verification result id=117, result=ALLOW
02-06 00:42:08.626 16146 16146 I Finsky  : [2] VerifyApps: Install-time verification complete: id=117, package_name=com.example.f_rizzly
02-06 00:42:06.278  1827  3861 D ActivityManager: Raise procstate to external provider: ProcessRecord{74a51e1 10280:com.google.android.gms/u999a40}
02-06 00:42:08.633  1827  4426 D ActivityManager: Raise procstate to external provider: ProcessRecord{74a51e1 10280:com.google.android.gms/u999a40}
02-06 00:42:08.642 16146 16166 I Finsky  : [66395] Apk Analysis Protection verdict logged: null.
02-06 00:42:08.661 16146 16186 W Finsky  : [66415] VerifyApps: APK Analysis scan timed out for com.example.f_rizzly.
02-06 00:42:08.662 16146 16186 I Finsky  : [66415] VerifyApps: APK Analysis scan finished for com.example.f_rizzly. Verdict: SAFE
02-06 00:42:08.662 16146 17566 I Finsky  : [66502] Apk Analysis scan verification duration=PT15.279S 
02-06 00:42:08.912  1827  7394 D ActivityManager: Raise procstate to external provider: ProcessRecord{74a51e1 10280:com.google.android.gms/u999a40}
02-06 00:42:08.914  1827  1845 I ActivityManager: Force stopping com.example.f_rizzly appid=10379 user=-1: installPackageLI
02-06 00:42:08.915 10181 10181 D BoundBrokerSvc: onBind: Intent { act=com.google.android.gms.safetynet.service.START pkg=com.google.android.gms }
02-06 00:42:08.915 10181 10181 D BoundBrokerSvc: Loading bound service for intent: Intent { act=com.google.android.gms.safetynet.service.START pkg=com.google.android.gms }
02-06 00:42:08.915  1827  1845 D ActivityManager: Raise procstate to external provider: ProcessRecord{74a51e1 10280:com.google.android.gms/u999a40}
02-06 00:42:08.918 16146 16187 E AbstractLogEventBuilder: The provided ProductIdOrigin 3 is not one of the process-level expected values: 1 or 2
02-06 00:42:08.918 16146 16186 E AbstractLogEventBuilder: The provided ProductIdOrigin 3 is not one of the process-level expected values: 1 or 2
02-06 00:42:08.919   887  1925 D installd: Found valid user 999
02-06 00:42:08.920  1827  1862 I PackageManager: Update package com.example.f_rizzly code path from /data/app/com.example.f_rizzly-FyG7gCKDfVMt-P2W3Z6IZg== to /data/app/com.example.f_rizzly-MFxfJ-c2cJyHBiDWPBMRBQ==; Retain data and using new
02-06 00:42:08.920  1827  1862 I PackageManager: Update package com.example.f_rizzly resource path from /data/app/com.example.f_rizzly-FyG7gCKDfVMt-P2W3Z6IZg== to /data/app/com.example.f_rizzly-MFxfJ-c2cJyHBiDWPBMRBQ==; Retain data and using new
02-06 00:42:08.922  1827  1845 D ActivityManager: Raise procstate to external provider: ProcessRecord{74a51e1 10280:com.google.android.gms/u999a40}
02-06 00:42:08.924  1827  1844 D ActivityManager: Raise procstate to external provider: ProcessRecord{74a51e1 10280:com.google.android.gms/u999a40}
02-06 00:42:09.654  1827  4426 D ActivityManager: Raise procstate to external provider: ProcessRecord{74a51e1 10280:com.google.android.gms/u999a40}
02-06 00:42:09.654  3657  3657 D BoundBrokerSvc: onUnbind: Intent { act=com.google.android.gms.libs.gmscorelogger.service.START dat=chimera-action: cmp=com.google.android.gms/.chimera.PersistentDirectBootAwareApiService }
02-06 00:42:10.223  1827  4335 I chatty  : uid=1000(system) Binder:1827_13 expire 10 lines
02-06 00:42:10.224  1827  1844 I chatty  : uid=1000(system) android.bg expire 6 lines
02-06 00:42:10.241  1827  1862 D ActivityManager: Raise procstate to external provider: ProcessRecord{74a51e1 10280:com.google.android.gms/u999a40}
02-06 00:42:10.244  1827  1862 I InstallationStatistic: com.example.f_rizzly|null|21730|1496|92|1213|16969|0
02-06 00:42:10.246  1827  4434 D ActivityManager: Raise procstate to external provider: ProcessRecord{74a51e1 10280:com.google.android.gms/u999a40}
02-06 00:42:10.247  1827  4434 I ActivityManager: Killing 16526:com.xiaomi.misettings/1000 (adj 906): empty #17
02-06 00:42:10.249  1827  1848 I chatty  : uid=1000(system) ActivityManager expire 34 lines
02-06 00:42:10.267   877   877 I Zygote  : Process 16526 exited due to signal (9)
02-06 00:42:10.269 23557 27416 D PMonitor:  onProcessDied:pid = 16526,died-uid=1000
02-06 00:42:10.277  1827  4434 D ActivityManager: Raise procstate to external provider: ProcessRecord{74a51e1 10280:com.google.android.gms/u999a40}
02-06 00:42:11.017  1827  1862 I chatty  : uid=1000(system) PackageManager expire 7 lines
02-06 00:42:11.035   887  1925 E         : Couldn't opendir /data/app/vmdl2034383213.tmp: No such file or directory
02-06 00:42:11.035   887  1925 E installd: Failed to delete /data/app/vmdl2034383213.tmp: No such file or directory
02-06 00:42:11.036  1827  1862 I ActivityManager: Force stopping com.example.f_rizzly appid=10379 user=0: pkg removed
02-06 00:42:11.036  1827  1862 I AutoStartManagerService: MIUILOG- Reject RestartService packageName :com.example.f_rizzly uid : 10379
02-06 00:42:11.036  1827  1862 D ActivityManager: Raise procstate to external provider: ProcessRecord{74a51e1 10280:com.google.android.gms/u999a40}
02-06 00:42:11.049  1827  1845 D ActivityManager: Raise procstate to external provider: ProcessRecord{74a51e1 10280:com.google.android.gms/u999a40}
02-06 00:42:11.053  1574  1910 I chatty  : uid=1000(system) pool-22-thread- expire 1 line
02-06 00:42:11.054  6966  6966 D AggregateListener: notifyAction action:android.intent.action.PACKAGE_REMOVED
02-06 00:42:11.055  1574  2190 I chatty  : uid=1000(system) pool-2-thread-1 expire 1 line
02-06 00:42:11.056 16146 16146 I Finsky  : [2] ahwr - Received: android.intent.action.PACKAGE_REMOVED, [Xh4mkv6iWJw0MUwq_MA1skKqHJPYO-iJt4MXJStNT4A]
02-06 00:42:11.057  1827  1967 I MiuiCompatModePackages: package com.example.f_rizzly updated, removing config
02-06 00:42:11.059  1827  1959 V LocationPolicy: ACTION_PACKAGE_ADDED for uid=10379
02-06 00:42:11.060 16336 16336 I Finsky:background: [2] ahwh - Received: android.intent.action.PACKAGE_REMOVED, [Xh4mkv6iWJw0MUwq_MA1skKqHJPYO-iJt4MXJStNT4A]
02-06 00:42:11.060  1574  3792 I chatty  : uid=1000(system) pool-22-thread- expire 2 lines
02-06 00:42:11.061  1574  1979 I chatty  : uid=1000(system) pool-2-thread-5 expire 6 lines
02-06 00:42:11.063 14062 14113 I chatty  : uid=1000(system) android.bg expire 1 line
02-06 00:42:11.064  1827  1845 W BroadcastQueue: Background execution not allowed: receiving Intent { act=android.intent.action.PACKAGE_REMOVED dat=package:com.example.f_rizzly flg=0x4000010 (has extras) } to com.lbe.security.miui/com.lbe.security.service.BootReceiver
02-06 00:42:11.068  1827  1845 D ActivityManager: Raise procstate to external provider: ProcessRecord{74a51e1 10280:com.google.android.gms/u999a40}
02-06 00:42:11.069  1827  1827 D ActivityManager: Raise procstate to external provider: ProcessRecord{74a51e1 10280:com.google.android.gms/u999a40}
02-06 00:42:11.070 15565 15565 D CarrierSvcBindHelper: No carrier app for: 0
02-06 00:42:11.073 15565 15565 D CarrierSvcBindHelper: No carrier app for: 1
02-06 00:42:11.079 15565 15565 D CarrierSvcBindHelper: No carrier app for: 0
02-06 00:42:11.082 15565 15565 D CarrierSvcBindHelper: No carrier app for: 1
02-06 00:42:11.083 15565 15565 D ImsResolver: maybeAddedImsService, packageName: com.example.f_rizzly
02-06 00:42:11.083 16146 17584 I Finsky  : [66503] [ContentSync] finished, scheduled=false
02-06 00:42:11.085  1827  6474 D ActivityManager: Raise procstate to external provider: ProcessRecord{74a51e1 10280:com.google.android.gms/u999a40}
02-06 00:42:11.087  1827  6474 I chatty  : uid=1000(system) Binder:1827_1B expire 10 lines
02-06 00:42:11.089  1574  2160 I chatty  : uid=1000(system) pool-2-thread-9 expire 1 line
02-06 00:42:11.093 16336 16336 I Finsky:background: [2] IQ: onPackageRemoved com.example.f_rizzly, replacing=true, uninstallingFromPlay=false
02-06 00:42:11.093  1827  5865 D ActivityManager: Raise procstate to external provider: ProcessRecord{74a51e1 10280:com.google.android.gms/u999a40}
02-06 00:42:11.099  1827  1847 D Boost   : hostingType=service, hostingName=com.android.keychain/.KeyChainService, callerPackage=android, isSystem=true, isBoostNeeded=false.
02-06 00:42:11.101  1827  1847 I ActivityManager: Start proc 17589:com.android.keychain/1000 for service com.android.keychain/.KeyChainService caller=android
02-06 00:42:11.102 16336 17593 I Finsky:background: [66448] IQ: handled package removed
02-06 00:42:11.102 16336 16336 I Finsky:background: [2] ahwh - Received: android.intent.action.PACKAGE_ADDED, [Xh4mkv6iWJw0MUwq_MA1skKqHJPYO-iJt4MXJStNT4A]
02-06 00:42:11.118 17589 17589 E ndroid.keychai: Not starting debugger since process cannot load the jdwp agent.
02-06 00:42:11.120 16336 16336 I Finsky:background: [2] ahwh - Received: android.intent.action.PACKAGE_ADDED, [Xh4mkv6iWJw0MUwq_MA1skKqHJPYO-iJt4MXJStNT4A]
02-06 00:42:11.126 16336 16336 I Finsky:background: [2] ahwh - Deduping intent android.intent.action.PACKAGE_ADDED
02-06 00:42:11.134  1827  7394 D ActivityManager: Raise procstate to external provider: ProcessRecord{74a51e1 10280:com.google.android.gms/u999a40}
02-06 00:42:11.193  1827  1827 W Looper  : Slow dispatch took 106ms main h=android.app.ActivityThread$H c=android.app.-$$Lambda$LoadedApk$ReceiverDispatcher$Args$_BumDX2UKsnxLVrE6UJsJZkotuA@7a20fb6 m=0
02-06 00:42:11.198 17462 17462 D SecurityCenter: ImageLoader clear memory info
02-06 00:42:11.249  1827  6474 W BroadcastQueue: Background execution not allowed: receiving Intent { act=android.intent.action.PACKAGE_REMOVED dat=package:com.example.f_rizzly flg=0x4000010 (has extras) } to com.android.vending/com.google.android.finsky.packagemonitor.impl.PackageMonitorReceiverImpl$RegisteredReceiver
02-06 00:42:11.249  1827  6474 D ActivityManager: Raise procstate to external provider: ProcessRecord{74a51e1 10280:com.google.android.gms/u999a40}
02-06 00:42:11.252  6923  7256 D IdProviderImpl: getOAID
02-06 00:42:11.252  1827  1845 W BroadcastQueue: Background execution not allowed: receiving Intent { act=android.intent.action.PACKAGE_REMOVED dat=package:com.example.f_rizzly flg=0x4000010 (has extras) } to com.android.vending/com.google.android.finsky.packagemonitor.backgroundimpl.BackgroundPackageMonitorReceiverImpl$RegisteredReceiver
02-06 00:42:11.253  1827  1845 W BroadcastQueue: Background execution not allowed: receiving Intent { act=android.intent.action.PACKAGE_REMOVED dat=package:com.example.f_rizzly flg=0x4000010 (has extras) } to com.android.vending/com.google.android.finsky.instantapps.appmanagement.InstantAppRemoveMonitor
02-06 00:42:11.253  1827  1845 W BroadcastQueue: Background execution not allowed: receiving Intent { act=android.intent.action.PACKAGE_REMOVED dat=package:com.example.f_rizzly flg=0x4000010 (has extras) } to com.facebook.services/com.facebook.oxygen.services.fbns.RegisteredMqttSystemBroadcastReceiver
02-06 00:42:11.253  1827  1845 W BroadcastQueue: Background execution not allowed: receiving Intent { act=android.intent.action.PACKAGE_REMOVED dat=package:com.example.f_rizzly flg=0x4000010 (has extras) } to com.google.android.apps.maps/com.google.android.libraries.social.peoplekit.thirdparty.viewcontrollers.ThirdPartyReceiver
