02-06 00:42:11.253  1827  1845 W BroadcastQueue: Background execution not allowed: receiving Intent { act=android.intent.action.PACKAGE_REMOVED dat=package:com.example.f_rizzly flg=0x4000010 (has extras) } to com.google.android.apps.photos/com.google.android.libraries.social.peoplekit.thirdparty.viewcontrollers.ThirdPartyReceiver
02-06 00:42:11.253  1827  1845 W BroadcastQueue: Background execution not allowed: receiving Intent { act=android.intent.action.PACKAGE_REMOVED dat=package:com.example.f_rizzly flg=0x4000010 (has extras) } to com.google.android.gms/.chimera.GmsIntentOperationService$PersistentTrustedReceiver
02-06 00:42:11.253  1827  1845 W BroadcastQueue: Background execution not allowed: receiving Intent { act=android.intent.action.PACKAGE_REMOVED dat=package:com.example.f_rizzly flg=0x4000010 (has extras) } to com.miui.audioeffect/com.android.musicfx.Compatibility$Receiver
02-06 00:42:11.253  1827  1845 W BroadcastQueue: Background execution not allowed: receiving Intent { act=android.intent.action.PACKAGE_REMOVED dat=package:com.example.f_rizzly flg=0x4000010 (has extras) } to com.xiaomi.discover/com.xiaomi.market.data.MyPackageMonitor
02-06 00:42:11.256  2279  2421 E InstallApkReceiver: uninstall:package:com.example.f_rizzly
02-06 00:42:11.256  2279  2421 E InstallApkReceiver: install:package:com.example.f_rizzly
02-06 00:42:11.256  6923 17606 D AppVerDbManager: will update
02-06 00:42:11.262 14062 14073 I chatty  : uid=1000(system) HeapTaskDaemon expire 1 line
02-06 00:42:11.265 15565 15565 D CarrierConfigLoader: mHandler: 9 phoneId: 0
02-06 00:42:11.273  1827  1847 D Boost   : hostingType=broadcast, hostingName=com.xiaomi.misettings/.usagestats.AppTimerReceiver, callerPackage=null, isSystem=true, isBoostNeeded=false.
02-06 00:42:11.273 16146 16146 I Finsky  : [2] AIM: AppInfoCacheUpdater -> invalidating apps: [com.example.f_rizzly]
02-06 00:42:11.273 16146 16146 I Finsky  : [2] AIM: AppInfoManager-Perf > getApps > called for 1 apps
02-06 00:42:11.274 16146 16186 I Finsky  : [66415] AIM: AppInfoManager-Perf > OnDeviceAppInfo > cacheHitCount=0, cacheMissCount=1. Missed  in cache (limit 10) : [com.example.f_rizzly]
02-06 00:42:11.275  1827  1847 I ActivityManager: Start proc 17609:com.xiaomi.misettings/1000 for broadcast com.xiaomi.misettings/.usagestats.AppTimerReceiver caller=null
02-06 00:42:11.277  1827  4426 D ActivityManager: Raise procstate to external provider: ProcessRecord{74a51e1 10280:com.google.android.gms/u999a40}
02-06 00:42:11.277  1827  4426 I chatty  : uid=1000(system) Binder:1827_14 expire 15 lines
02-06 00:42:11.278 16146 16186 I Finsky  : [66415] AIM: Got app ownership map. App counts: . Unique apps: 0
02-06 00:42:11.278 16146 16186 E Finsky  : [66415] [Counters] attempted to use a non-positive increment for: 4752
02-06 00:42:11.279 16146 16187 E Finsky  : [66416] [Counters] attempted to use a non-positive increment for: 4753
02-06 00:42:11.279 16146 16146 I Finsky  : [2] ahwr - Received: android.intent.action.PACKAGE_ADDED, [Xh4mkv6iWJw0MUwq_MA1skKqHJPYO-iJt4MXJStNT4A]
02-06 00:42:11.297 16146 16146 I Finsky  : [2] DTU: Received onPackageAdded, replacing: true
02-06 00:42:11.300  6966  6966 D AggregateListener: onPackageRemoved packageName:com.example.f_rizzly
02-06 00:42:11.307 16146 16181 I Finsky  : [66410] AIM: AppInfoManager-Perf > OnDeviceAppInfo > cacheHitCount=1, cacheMissCount=0. Missed  in cache (limit 10) : []
02-06 00:42:11.308 16146 16181 I Finsky  : [66410] AIM: Got app ownership map. App counts: . Unique apps: 0
02-06 00:42:11.308 16146 16181 E Finsky  : [66410] [Counters] attempted to use a non-positive increment for: 4752
02-06 00:42:11.308 16146 16181 E Finsky  : [66410] [Counters] attempted to use a non-positive increment for: 4753
02-06 00:42:11.312 16146 17584 I Finsky  : [66503] [ContentSync] finished, scheduled=false
02-06 00:42:11.313  1827  3074 I ActivityManager: START u0 {flg=0x10000000 cmp=com.example.f_rizzly/.MainActivity} from uid 2000
02-06 00:42:11.319 17609 17609 E aomi.misetting: Not starting debugger since process cannot load the jdwp agent.
02-06 00:42:11.352  2279  2300 I com.miui.home: Background concurrent copying GC freed 154201(7MB) AllocSpace objects, 3(180KB) LOS objects, 66% free, 8MB/26MB, paused 175us total 311.465ms
02-06 00:42:11.407  6966  6966 D AggregateListener: notifyAction action:android.intent.action.PACKAGE_ADDED
02-06 00:42:11.420 16146 16146 I Finsky  : [2] AIM: AppInfoCacheUpdater -> invalidating apps: [com.example.f_rizzly]
02-06 00:42:11.420 16146 16146 I Finsky  : [2] AIM: AppInfoManager-Perf > getApps > called for 1 apps
02-06 00:42:11.421 16146 16187 I Finsky  : [66416] AIM: AppInfoManager-Perf > OnDeviceAppInfo > cacheHitCount=0, cacheMissCount=1. Missed  in cache (limit 10) : [com.example.f_rizzly]
02-06 00:42:11.422 16146 16146 I Finsky  : [2] ahwr - Received: android.intent.action.PACKAGE_ADDED, [Xh4mkv6iWJw0MUwq_MA1skKqHJPYO-iJt4MXJStNT4A]
02-06 00:42:11.427 16146 16146 I Finsky  : [2] ahwr - Deduping intent android.intent.action.PACKAGE_ADDED
02-06 00:42:11.432 16146 16186 I Finsky  : [66415] AIM: Got app ownership map. App counts: . Unique apps: 0
02-06 00:42:11.432 16146 16186 E Finsky  : [66415] [Counters] attempted to use a non-positive increment for: 4752
02-06 00:42:11.433 16146 16186 E Finsky  : [66415] [Counters] attempted to use a non-positive increment for: 4753
02-06 00:42:11.465 16466 16466 I PI-ScanDispatch: service bind, pkgName = com.example.f_rizzly, installer = null, isReplace = true, firstGoogleTime = 1726165124979
02-06 00:42:11.520 10181 10191 I gle.android.gm: Background concurrent copying GC freed 167325(8MB) AllocSpace objects, 19(700KB) LOS objects, 49% free, 22MB/44MB, paused 243us total 480.872ms
02-06 00:42:11.572 21487 21528 I dijj    : (REDACTED) maybeUpdateCacheDataForAddedPackage %s
02-06 00:42:11.577 17589 17589 I Perf    : Connecting to perf service.
02-06 00:42:11.585  6923  7256 D IdProviderImpl: getOAID
02-06 00:42:11.617 16336 17586 I Finsky:background: [66446] Wrote row to frosting DB: 24747
02-06 00:42:11.621 16146 16187 I Finsky  : [66416] AIM: AppInfoManager-Perf > ItemModel > CacheSize=140, cacheHitCount=0, cacheMissCount=0, total appsWithNoServerDataCount=11. Missed  in cache (limit 10) : []
02-06 00:42:11.635 16146 16187 I chatty  : uid=10043(com.android.vending) identical 1 line
02-06 00:42:11.649 16146 16187 I Finsky  : [66416] AIM: AppInfoManager-Perf > ItemModel > CacheSize=140, cacheHitCount=0, cacheMissCount=0, total appsWithNoServerDataCount=11. Missed  in cache (limit 10) : []
02-06 00:42:11.657 16146 16187 I Finsky  : [66416] AIM: AppInfoManager-Perf > getApps > data collection finished
02-06 00:42:11.657 16146 16187 I Finsky  : [66416] AIM: AppInfoManager-Perf > maybeDestroyAppInfoManager is called. actives = 1
02-06 00:42:11.662 16146 16187 I Finsky  : [66416] AIM: AppInfoManager-Perf > getApps > data collection finished
02-06 00:42:11.663 16146 16187 I Finsky  : [66416] AIM: AppInfoManager-Perf > maybeDestroyAppInfoManager is called. actives = 0
02-06 00:42:11.667 16336 17586 I Finsky:background: [66446] Wrote row to frosting DB: 24748
02-06 00:42:11.674  1827  1827 I chatty  : uid=1000 system_server expire 4 lines
02-06 00:42:11.687   554   626 E ANDR-PERF-MPCTL: Invalid profile no. 0, total profiles 0 only
02-06 00:42:11.688   450   450 W hwservicemanager: getTransport: Cannot find entry vendor.qti.hardware.iop@2.0::IIop/default in either framework or device manifest.
02-06 00:42:11.689  1827  3074 I chatty  : uid=1000(system) Binder:1827_F expire 11 lines
02-06 00:42:11.690 16336 17586 I Finsky:background: [66446] Wrote row to frosting DB: 24749
02-06 00:42:11.700 16336 17586 I Finsky:background: [66446] Wrote row to frosting DB: 24750
02-06 00:42:11.706 21487 21497 I hbox:interacto: Background concurrent copying GC freed 7201(478KB) AllocSpace objects, 0(0B) LOS objects, 76% free, 5MB/23MB, paused 191.489ms total 666.210ms
02-06 00:42:11.713 16466 16466 D PI-ScanDispatch: receive security msg send client messenger
02-06 00:42:11.720 25721 25785 D GrantPermission: id: 1 packageName: com.mi.android.globallauncher
02-06 00:42:11.721 25721 25785 D GrantPermission: id: 2 packageName: com.sohu.inputmethod.sogou.xiaomi
02-06 00:42:11.721 25721 25785 D GrantPermission: id: 3 packageName: com.comprion.android.GSMA_AC_Mobile_App_SP1_signed
02-06 00:42:11.721 25721 25785 D GrantPermission: id: 4 packageName: com.android.providers.partnerbookmarks
02-06 00:42:11.722 25721 25785 D GrantPermission: id: 5 packageName: de.telekom.tsc
02-06 00:42:11.722 25721 25785 D GrantPermission: id: 6 packageName: com.gallery.player
02-06 00:42:11.733  1827  7394 D ActivityManager: Raise procstate to external provider: ProcessRecord{74a51e1 10280:com.google.android.gms/u999a40}
02-06 00:42:11.738  1827  1845 D ActivityManager: Raise procstate to external provider: ProcessRecord{74a51e1 10280:com.google.android.gms/u999a40}
02-06 00:42:11.757  1827  1847 D Boost   : hostingType=activity, hostingName=com.example.f_rizzly/.MainActivity, callerPackage=null, isSystem=true, isBoostNeeded=false.
02-06 00:42:11.759  1827  1847 I ActivityManager: Start proc 17644:com.example.f_rizzly/u0a379 for activity com.example.f_rizzly/.MainActivity caller=null
02-06 00:42:11.763 16336 17586 I Finsky:background: [66446] Wrote row to frosting DB: 24751
02-06 00:42:11.768  1827  6474 D ActivityManager: Raise procstate to external provider: ProcessRecord{74a51e1 10280:com.google.android.gms/u999a40}
02-06 00:42:11.779  1827  1920 I chatty  : uid=1000(system) InputReader expire 3 lines
02-06 00:42:11.780 17644 17644 I xample.f_rizzl: Late-enabling -Xcheck:jni
02-06 00:42:11.817  3657 17617 I Fitness : (REDACTED) FitCleanupIntentOperation received Intent %s
02-06 00:42:11.819  3657 17654 I FontLog : (REDACTED) Package %s has no metadata
02-06 00:42:11.836  1827  5865 D ActivityManager: Raise procstate to external provider: ProcessRecord{74a51e1 10280:com.google.android.gms/u999a40}
02-06 00:42:11.842 16466 17640 D PI-ScanInterceptor: local first active time: 1726165124979
02-06 00:42:11.842 16466 17640 D PI-ScanInterceptor: the first scan time: 1726165124979
02-06 00:42:11.861 16466 17640 E AutoInstalls: Layout definition not found in package: android.autoinstalls.config.Xiaomi.ysl
02-06 00:42:11.868  1827  3863 D ActivityManager: Raise procstate to external provider: ProcessRecord{74a51e1 10280:com.google.android.gms/u999a40}
02-06 00:42:11.868  1827  3863 I chatty  : uid=1000(system) Binder:1827_12 expire 15 lines
02-06 00:42:11.870 10181 10181 D BoundBrokerSvc: onBind: Intent { act=com.google.android.gms.common.BIND_SHARED_PREFS pkg=com.google.android.gms }
02-06 00:42:11.870 10181 10181 D BoundBrokerSvc: Loading bound service for intent: Intent { act=com.google.android.gms.common.BIND_SHARED_PREFS pkg=com.google.android.gms }
02-06 00:42:11.876 17609 17609 I Perf    : Connecting to perf service.
02-06 00:42:11.894 17609 17609 W aomi.misettings: type=1400 audit(0.0:268081): avc: denied { read } for name="u:object_r:vendor_display_prop:s0" dev="tmpfs" ino=6332 scontext=u:r:system_app:s0 tcontext=u:object_r:vendor_display_prop:s0 tclass=file permissive=0
02-06 00:42:11.909 17609 17609 E libc    : Access denied finding property "ro.vendor.display.type"
02-06 00:42:11.915 17609 17609 D miuisdk : current sdk level is 23
02-06 00:42:11.915 17609 17609 I miuisdk : setup class hook.
02-06 00:42:11.915 17609 17609 D         : InitMiuiSdkHookClasses
02-06 00:42:11.917 17609 17609 I         : Jit enabled JitInlinerInsertMethod for jit inline
02-06 00:42:11.919 17609 17609 I chatty  : uid=1000(system) com.xiaomi.misettings identical 38 lines
02-06 00:42:11.919 17609 17609 I         : Jit enabled JitInlinerInsertMethod for jit inline
02-06 00:42:11.919 17609 17609 I         : Hook EnableMethodTracing
02-06 00:42:11.920 17609 17609 I         : Never hook DisableMethodTracing
02-06 00:42:11.920 17609 17609 I         : sConfigureStubsHookFlag is 0x2, so we must hook ConfigureStubs for methodtracing
02-06 00:42:11.920 17609 17609 I         : Hook ConfigureStubs
02-06 00:42:11.920 16466 17640 W FirebaseRemoteConfig: No value of type 'String' exists for parameter key 'sid'.
02-06 00:42:11.920  1827  3863 D ActivityManager: Raise procstate to external provider: ProcessRecord{74a51e1 10280:com.google.android.gms/u999a40}
02-06 00:42:11.922  1827  5865 D ConnectivityService: Returning UNBLOCKED NetworkInfo to uid=10136
02-06 00:42:11.924  9311  9324 I GST     : forePkg: com.example.f_rizzly, preForePkg: com.miui.bugreport
02-06 00:42:11.924  1574  2197 I chatty  : uid=1000(system) Binder:1574_5 expire 18 lines
02-06 00:42:11.925 22170 22190 D PowerKeeper.AppBgIdle: setUidState, uid = 10379 allow = false
02-06 00:42:11.927 23557 27416 D PMonitor:  onForegroundActivitiesChanged:pid = 17644,activity-uid=10379,foregroundActivities=true
02-06 00:42:11.932 17609 17609 I         : HookArtPluginInitialize
02-06 00:42:11.934  1827  2020 V LocationPolicy: writePolicyLocked()
02-06 00:42:11.947 10181 17648 I Auth    : (REDACTED) [SupervisedAccountIntentOperation] onHandleIntent: %s
02-06 00:42:11.959 16466 17640 D PI-ScanDispatch: interruptCode = 7
02-06 00:42:11.959 16466 17640 D PI-ScanDispatch: send msg to security, the interrupt result7
02-06 00:42:11.964  1827  3045 D ActivityManager: Raise procstate to external provider: ProcessRecord{74a51e1 10280:com.google.android.gms/u999a40}
02-06 00:42:11.967  1827  7394 D ActivityManager: Raise procstate to external provider: ProcessRecord{74a51e1 10280:com.google.android.gms/u999a40}
02-06 00:42:11.968  1827  7394 I ActivityManager: Killing 16248:com.transsion.phoenix/u0a188 (adj 1001): empty #17
02-06 00:42:11.990  1827  3863 D ActivityManager: Raise procstate to external provider: ProcessRecord{74a51e1 10280:com.google.android.gms/u999a40}
02-06 00:42:11.995  1827  1897 I Timeline: Timeline: App_transition_ready time:269487752
02-06 00:42:11.998  1827  1897 I Timeline: Timeline: App_transition_ready time:269487755
02-06 00:42:12.003  1827  3863 D ActivityManager: Raise procstate to external provider: ProcessRecord{74a51e1 10280:com.google.android.gms/u999a40}
02-06 00:42:12.004  1827  3863 I AutoStartManagerService: MIUILOG- Reject RestartService packageName :com.transsion.phoenix uid : 10188
02-06 00:42:12.005   877   877 I Zygote  : Process 16248 exited due to signal (9)
02-06 00:42:12.006  1827  3863 I Timeline: Timeline: App_transition_ready time:269487763
02-06 00:42:12.007 17609 17609 W LR-CommonUtils: ensureRegisterPreLoadYesterdayAlarm: start register
02-06 00:42:12.007  1827  3863 D ActivityManager: Raise procstate to external provider: ProcessRecord{74a51e1 10280:com.google.android.gms/u999a40}
02-06 00:42:12.008 17609 17609 W LR-CommonUtils: ensureRegisterPreLoadYesterdayAlarm: today has register
02-06 00:42:12.008 17609 17609 D Niel-LQuickAppDelegate: --- init() .... START
02-06 00:42:12.008 23557 27416 D PMonitor:  onProcessDied:pid = 16248,died-uid=10188
02-06 00:42:12.012  1827  7394 D ActivityManager: Raise procstate to external provider: ProcessRecord{74a51e1 10280:com.google.android.gms/u999a40}
02-06 00:42:12.022 10181 17677 I NearbyDiscovery: (REDACTED) processGrantSlicePermission: %s
02-06 00:42:12.023 17609 17609 D Niel-LQuickAppDelegate: --- init() .... END
02-06 00:42:12.024 17609 17609 D MiStatInterfaceUtils: ensureHasFinishProvisioned: hasFinishProvisioned=true
02-06 00:42:12.056 28034 28034 E ActivityThread: Service com.cloudview.daemon.way.service.DaemonServiceB has leaked ServiceConnection com.cloudview.daemon.way.service.DaemonServiceB@7d70991 that was originally bound here
02-06 00:42:12.056 28034 28034 E ActivityThread: android.app.ServiceConnectionLeaked: Service com.cloudview.daemon.way.service.DaemonServiceB has leaked ServiceConnection com.cloudview.daemon.way.service.DaemonServiceB@7d70991 that was originally bound here
02-06 00:42:12.056 28034 28034 E ActivityThread: 	at android.app.LoadedApk$ServiceDispatcher.<init>(LoadedApk.java:1618)
02-06 00:42:12.056 28034 28034 E ActivityThread: 	at android.app.LoadedApk.getServiceDispatcher(LoadedApk.java:1510)
02-06 00:42:12.056 28034 28034 E ActivityThread: 	at android.app.ContextImpl.bindServiceCommon(ContextImpl.java:1669)
02-06 00:42:12.056 28034 28034 E ActivityThread: 	at android.app.ContextImpl.bindService(ContextImpl.java:1622)
02-06 00:42:12.056 28034 28034 E ActivityThread: 	at android.content.ContextWrapper.bindService(ContextWrapper.java:708)
02-06 00:42:12.056 28034 28034 E ActivityThread: 	at pg.k.run(SourceFile:1013)
02-06 00:42:12.056 28034 28034 E ActivityThread: 	at pn.h.run(SourceFile:99)
02-06 00:42:12.056 28034 28034 E ActivityThread: 	at java.lang.Thread.run(Thread.java:764)
02-06 00:42:12.056 28034 28034 E ActivityThread: 	at com.tencent.mtt.video.internal.media.b.run(SourceFile:15)
02-06 00:42:12.058  1827  4335 D ActivityManager: Raise procstate to external provider: ProcessRecord{74a51e1 10280:com.google.android.gms/u999a40}
02-06 00:42:12.060  1827  2020 D ActivityManager: Raise procstate to external provider: ProcessRecord{74a51e1 10280:com.google.android.gms/u999a40}
02-06 00:42:12.030 17609 17609 D MiStatInterfaceUtils: ensureHasFinishProvisioned: hasFinishProvisioned=true
02-06 00:42:12.074  1827  1897 I Timeline: Timeline: App_transition_ready time:269487831
02-06 00:42:12.084  1827  1847 D Boost   : hostingType=service, hostingName=com.transsion.phoenix/com.cloudview.daemon.way.service.DaemonServiceA, callerPackage=com.transsion.phoenix, isSystem=false, isBoostNeeded=false.
02-06 00:42:12.088  1827  1847 I ActivityManager: Start proc 17689:com.transsion.phoenix/u0a188 for service com.transsion.phoenix/com.cloudview.daemon.way.service.DaemonServiceA caller=com.transsion.phoenix
02-06 00:42:12.090  1827  3045 D ActivityManager: Raise procstate to external provider: ProcessRecord{74a51e1 10280:com.google.android.gms/u999a40}
02-06 00:42:12.090  1827  3045 I chatty  : uid=1000(system) Binder:1827_D expire 12 lines
02-06 00:42:12.099 17609 17609 I AppTimerReceiver: onReceive: action=android.intent.action.PACKAGE_REMOVED
02-06 00:42:12.101  1827  2020 W BroadcastQueueInjector: Unable to launch app com.lbe.parallel.intl/10230 for broadcast Intent { act=android.intent.action.PACKAGE_REMOVED dat=package:com.example.f_rizzly flg=0x4000010 (has extras) }: process is not permitted to  auto start
02-06 00:42:12.101  1827  2020 D ActivityManager: Raise procstate to external provider: ProcessRecord{74a51e1 10280:com.google.android.gms/u999a40}
02-06 00:42:12.102  1827  2020 I ActivityManager: Killing 28034:com.transsion.phoenix:service/u0a188 (adj 906): empty #17
02-06 00:42:12.114 17689 17689 E anssion.phoeni: Not starting debugger since process cannot load the jdwp agent.
02-06 00:42:12.118  1827  1845 W BroadcastQueueInjector: Unable to launch app com.transsion.phoenix/10188 for broadcast Intent { act=android.intent.action.PACKAGE_REMOVED dat=package:com.example.f_rizzly flg=0x4000010 (has extras) }: process is not permitted to  auto start
02-06 00:42:12.119  1827  3045 D ActivityManager: Raise procstate to external provider: ProcessRecord{74a51e1 10280:com.google.android.gms/u999a40}
02-06 00:42:12.120  1827  1845 W BroadcastQueue: Background execution not allowed: receiving Intent { act=android.intent.action.PACKAGE_ADDED dat=package:com.example.f_rizzly flg=0x4000010 (has extras) } to com.lbe.security.miui/com.lbe.security.service.BootReceiver
02-06 00:42:12.121  1827  1845 D ActivityManager: Raise procstate to external provider: ProcessRecord{74a51e1 10280:com.google.android.gms/u999a40}
02-06 00:42:12.124  1827  6474 W BroadcastQueue: Background execution not allowed: receiving Intent { act=android.intent.action.PACKAGE_ADDED dat=package:com.example.f_rizzly flg=0x4000010 (has extras) } to com.android.vending/com.google.android.finsky.packagemonitor.impl.PackageMonitorReceiverImpl$RegisteredReceiver
02-06 00:42:12.124  1827  6474 D ActivityManager: Raise procstate to external provider: ProcessRecord{74a51e1 10280:com.google.android.gms/u999a40}
02-06 00:42:12.125  1827  1845 W BroadcastQueue: Background execution not allowed: receiving Intent { act=android.intent.action.PACKAGE_ADDED dat=package:com.example.f_rizzly flg=0x4000010 (has extras) } to com.android.vending/com.google.android.finsky.packagemonitor.backgroundimpl.BackgroundPackageMonitorReceiverImpl$RegisteredReceiver
02-06 00:42:12.126  1827  1845 W BroadcastQueue: Background execution not allowed: receiving Intent { act=android.intent.action.PACKAGE_ADDED dat=package:com.example.f_rizzly flg=0x4000010 (has extras) } to com.facebook.appmanager/com.facebook.oxygen.common.packages.event.manifest.ManifestPackageEventReceiver
02-06 00:42:12.126  1827  1845 W BroadcastQueue: Background execution not allowed: receiving Intent { act=android.intent.action.PACKAGE_ADDED dat=package:com.example.f_rizzly flg=0x4000010 (has extras) } to com.google.android.gms/.gass.chimera.PackageChangeBroadcastReceiver
02-06 00:42:12.126  1827  1845 W BroadcastQueue: Background execution not allowed: receiving Intent { act=android.intent.action.PACKAGE_ADDED dat=package:com.example.f_rizzly flg=0x4000010 (has extras) } to com.google.android.gms/.chimera.GmsIntentOperationService$PersistentTrustedReceiver
02-06 00:42:12.126  1827  1845 W BroadcastQueue: Background execution not allowed: receiving Intent { act=android.intent.action.PACKAGE_ADDED dat=package:com.example.f_rizzly flg=0x4000010 (has extras) } to com.miui.audioeffect/com.android.musicfx.Compatibility$Receiver
02-06 00:42:12.126  1827  1845 W BroadcastQueue: Background execution not allowed: receiving Intent { act=android.intent.action.PACKAGE_ADDED dat=package:com.example.f_rizzly flg=0x4000010 (has extras) } to com.xiaomi.discover/com.xiaomi.market.data.MyPackageMonitor
02-06 00:42:12.127  1827  1845 D ActivityManager: Raise procstate to external provider: ProcessRecord{74a51e1 10280:com.google.android.gms/u999a40}
02-06 00:42:12.128 10181 12758 I Icing   : IndexChimeraService.getServiceInterface callingPackage=com.google.android.gms componentName=AppsCorpus serviceId=36
02-06 00:42:12.130 17609 17609 I AppTimerReceiver: onReceive: action=android.intent.action.PACKAGE_ADDED
02-06 00:42:12.132  1827  3045 W BroadcastQueueInjector: Unable to launch app com.evozi.injector/10182 for broadcast Intent { act=android.intent.action.PACKAGE_ADDED dat=package:com.example.f_rizzly flg=0x4000010 (has extras) }: process is not permitted to  auto start
02-06 00:42:12.133  1827  3045 D ActivityManager: Raise procstate to external provider: ProcessRecord{74a51e1 10280:com.google.android.gms/u999a40}
02-06 00:42:12.134  1827  1845 D ActivityManager: Raise procstate to external provider: ProcessRecord{74a51e1 10280:com.google.android.gms/u999a40}
02-06 00:42:12.139 15139 15139 W fb4a.AppComponentFactory: Instantiating BroadcastReceiver
02-06 00:42:12.141  1827  3045 W BroadcastQueueInjector: Unable to launch app com.lbe.parallel.intl/10230 for broadcast Intent { act=android.intent.action.PACKAGE_ADDED dat=package:com.example.f_rizzly flg=0x4000010 (has extras) }: process is not permitted to  auto start
02-06 00:42:12.141  1827  3045 D ActivityManager: Raise procstate to external provider: ProcessRecord{74a51e1 10280:com.google.android.gms/u999a40}
02-06 00:42:12.143  1827  1845 W BroadcastQueueInjector: Unable to launch app com.lbe.parallel.intl/10230 for broadcast Intent { act=android.intent.action.PACKAGE_ADDED dat=package:com.example.f_rizzly flg=0x4000010 (has extras) }: process is not permitted to  auto start
02-06 00:42:12.144  1827  1845 W BroadcastQueueInjector: Unable to launch app com.tlsvpn.tlstunnel/10375 for broadcast Intent { act=android.intent.action.PACKAGE_ADDED dat=package:com.example.f_rizzly flg=0x4000010 (has extras) }: process is not permitted to  auto start
02-06 00:42:12.145  1827  1845 W BroadcastQueueInjector: Unable to launch app com.transsion.phoenix/10188 for broadcast Intent { act=android.intent.action.PACKAGE_ADDED dat=package:com.example.f_rizzly flg=0x4000010 (has extras) }: process is not permitted to  auto start
02-06 00:42:12.145  1827  1845 D ActivityManager: Raise procstate to external provider: ProcessRecord{74a51e1 10280:com.google.android.gms/u999a40}
02-06 00:42:12.149 10181 10181 D BoundBrokerSvc: onBind: Intent { act=com.google.android.gms.feedback.internal.IFeedbackService dat=chimera-action: cmp=com.google.android.gms/.chimera.GmsBoundBrokerService }
02-06 00:42:12.149 10181 10181 D BoundBrokerSvc: Loading bound service for intent: Intent { act=com.google.android.gms.feedback.internal.IFeedbackService dat=chimera-action: cmp=com.google.android.gms/.chimera.GmsBoundBrokerService }
02-06 00:42:12.153 16146 16146 I Finsky  : [2] ahwr - Received: android.intent.action.PACKAGE_ADDED, [Xh4mkv6iWJw0MUwq_MA1skKqHJPYO-iJt4MXJStNT4A]
02-06 00:42:12.156  1827  3045 D ActivityManager: Raise procstate to external provider: ProcessRecord{74a51e1 10280:com.google.android.gms/u999a40}
02-06 00:42:12.171 16146 16146 I Finsky  : [2] ahwr - Deduping intent android.intent.action.PACKAGE_ADDED
02-06 00:42:12.171 16146 16163 I Finsky  : [66392] RECEIVER_PACKAGE_MONITOR#logWorkEndAndFinishGoAsync: SUCCESS
02-06 00:42:12.175  1827  6474 D ActivityManager: Raise procstate to external provider: ProcessRecord{74a51e1 10280:com.google.android.gms/u999a40}
02-06 00:42:12.180  1827  7428 D ConnectivityService: ConnectivityService NetworkRequestInfo binderDied(NetworkRequest [ TRACK_DEFAULT id=11711, [ Capabilities: INTERNET&NOT_RESTRICTED&TRUSTED Unwanted:  Uid: 10188] ], android.os.BinderProxy@df3798)
02-06 00:42:12.181  1827  1946 D ConnectivityService: releasing NetworkRequest [ TRACK_DEFAULT id=11711, [ Capabilities: INTERNET&NOT_RESTRICTED&TRUSTED Unwanted:  Uid: 10188] ] (release request)
02-06 00:42:12.183   877   877 I Zygote  : Process 28034 exited due to signal (9)
02-06 00:42:12.183  2492  2492 D QcrilMsgTunnelIfaceManager: handleMessage what = 1
02-06 00:42:12.207  2492  2492 I QcrilOemhookMsgTunnel: [0]invokeOemRilRequestRaw: serial=34694 length=24
02-06 00:42:12.208  2492  2521 I QcrilOemhookMsgTunnel: [0]processOemHookResponse serial no: 34694 error: 0length=0
02-06 00:42:12.209  2492  2492 D QcrilMsgTunnelIfaceManager: handleMessage what = 2
02-06 00:42:12.210  2492  2492 D QcrilMsgTunnelIfaceManager: handleMessage what = 1
02-06 00:42:12.211  2492  2492 I QcrilOemhookMsgTunnel: [1]invokeOemRilRequestRaw: serial=34695 length=24
02-06 00:42:12.211  1827  4335 D ActivityManager: Raise procstate to external provider: ProcessRecord{74a51e1 10280:com.google.android.gms/u999a40}
02-06 00:42:12.212  2492  2521 I QcrilOemhookMsgTunnel: [0]processOemHookIndication length=28
02-06 00:42:12.213  2492  2492 D QcrilMsgTunnelIfaceManager: handleMessage what = 0
02-06 00:42:12.213  2492  2521 I QcrilOemhookMsgTunnel: [1]processOemHookResponse serial no: 34695 error: 0length=0
02-06 00:42:12.214 16336 16336 I Finsky:background: [2] ahwh - Received: android.intent.action.PACKAGE_ADDED, [Xh4mkv6iWJw0MUwq_MA1skKqHJPYO-iJt4MXJStNT4A]
02-06 00:42:12.218  1827  7394 D ActivityManager: Raise procstate to external provider: ProcessRecord{74a51e1 10280:com.google.android.gms/u999a40}
02-06 00:42:12.219  2492  2521 I QcrilOemhookMsgTunnel: [1]processOemHookIndication length=28
02-06 00:42:12.220 23557 27416 D PMonitor:  onProcessDied:pid = 28034,died-uid=10188
02-06 00:42:12.222  2492  2492 D QcrilMsgTunnelIfaceManager: handleMessage what = 2
02-06 00:42:12.222  2492  2492 D QcrilMsgTunnelIfaceManager: handleMessage what = 0
02-06 00:42:12.227 16336 16336 I Finsky:background: [2] ahwh - Deduping intent android.intent.action.PACKAGE_ADDED
02-06 00:42:12.227 16336 16366 I Finsky:background: [66416] RECEIVER_PACKAGE_MONITOR_BACKGROUND#logWorkEndAndFinishGoAsync: SUCCESS
02-06 00:42:12.230  1827  7428 W BroadcastQueue: Background execution not allowed: receiving Intent { act=android.intent.action.PACKAGE_REPLACED dat=package:com.example.f_rizzly flg=0x4000010 (has extras) } to com.facebook.appmanager/com.facebook.oxygen.common.packages.event.manifest.ManifestPackageEventReceiver
02-06 00:42:12.231  1827  7428 D ActivityManager: Raise procstate to external provider: ProcessRecord{74a51e1 10280:com.google.android.gms/u999a40}
02-06 00:42:12.232  1827  1845 W BroadcastQueue: Background execution not allowed: receiving Intent { act=android.intent.action.PACKAGE_REPLACED dat=package:com.example.f_rizzly flg=0x4000010 (has extras) } to com.google.android.apps.photos/.account.full.FetchAccountPropertiesAppUpgradeBroadcastReceiver
02-06 00:42:12.233  1827  1845 W BroadcastQueue: Background execution not allowed: receiving Intent { act=android.intent.action.PACKAGE_REPLACED dat=package:com.example.f_rizzly flg=0x4000010 (has extras) } to com.google.android.apps.photos/.account.full.SyncAccountsForLoginBroadcastReceiver
02-06 00:42:12.233  1827  1845 W BroadcastQueue: Background execution not allowed: receiving Intent { act=android.intent.action.PACKAGE_REPLACED dat=package:com.example.f_rizzly flg=0x4000010 (has extras) } to com.google.android.apps.photos/.notificationchannels.AppUpdateBroadcastReceiver
02-06 00:42:12.233  1827  1845 W BroadcastQueue: Background execution not allowed: receiving Intent { act=android.intent.action.PACKAGE_REPLACED dat=package:com.example.f_rizzly flg=0x4000010 (has extras) } to com.google.android.gms/.gass.chimera.PackageChangeBroadcastReceiver
02-06 00:42:12.233  1827  1845 W BroadcastQueue: Background execution not allowed: receiving Intent { act=android.intent.action.PACKAGE_REPLACED dat=package:com.example.f_rizzly flg=0x4000010 (has extras) } to com.google.android.gms/.chimera.GmsIntentOperationService$PersistentTrustedReceiver
02-06 00:42:12.233  1827  1845 W BroadcastQueue: Background execution not allowed: receiving Intent { act=android.intent.action.PACKAGE_REPLACED dat=package:com.example.f_rizzly flg=0x4000010 (has extras) } to com.miui.audioeffect/com.android.musicfx.Compatibility$Receiver
02-06 00:42:12.233 10181 12758 I Icing   : IndexChimeraService.getServiceInterface callingPackage=com.google.android.gms componentName=null serviceId=30
02-06 00:42:12.233  1827  1845 W BroadcastQueue: Background execution not allowed: receiving Intent { act=android.intent.action.PACKAGE_REPLACED dat=package:com.example.f_rizzly flg=0x4000010 (has extras) } to com.miui.notes/com.miui.floatwindow.BootBroadcastReceiver
02-06 00:42:12.234  1827  1845 W BroadcastQueueInjector: Unable to launch app com.evozi.injector/10182 for broadcast Intent { act=android.intent.action.PACKAGE_REPLACED dat=package:com.example.f_rizzly flg=0x4000010 (has extras) }: process is not permitted to  auto start
02-06 00:42:12.234  1827  1845 W BroadcastQueueInjector: Unable to launch app com.topjohnwu.magisk/10264 for broadcast Intent { act=android.intent.action.PACKAGE_REPLACED dat=package:com.example.f_rizzly flg=0x4000010 (has extras) }: process is not permitted to  auto start
02-06 00:42:12.235  1827  1845 D ActivityManager: Raise procstate to external provider: ProcessRecord{74a51e1 10280:com.google.android.gms/u999a40}
02-06 00:42:12.254 16336 17586 I Finsky:background: [66446] Wrote row to frosting DB: 24752
02-06 00:42:12.302 10181 15438 I Icing   : Usage reports ok 2, Failed Usage reports 0, indexed 0, rejected 0
02-06 00:42:12.329 10181 15438 I Icing   : Usage reports ok 0, Failed Usage reports 0, indexed 0, rejected 0
02-06 00:42:12.388 17689 17689 W anssion.phoeni: JIT profile information will not be recorded: profile file does not exits.
02-06 00:42:12.396 10181 15438 I Icing   : Indexing com.google.android.gms-apps from com.google.android.gms
02-06 00:42:12.403 17689 17689 I Perf    : Connecting to perf service.
02-06 00:42:12.442 10181 15438 I Icing   : Indexing done com.google.android.gms-apps
02-06 00:42:12.527  1827  1827 W Looper  : Slow dispatch took 1279ms main h=android.app.ActivityThread$H c=android.app.-$$Lambda$LoadedApk$ReceiverDispatcher$Args$_BumDX2UKsnxLVrE6UJsJZkotuA@3e17536 m=0
02-06 00:42:12.527  1827  1827 W Looper  : Slow delivery took 1471ms main h=android.app.ActivityThread$H c=android.app.-$$Lambda$LoadedApk$ReceiverDispatcher$Args$_BumDX2UKsnxLVrE6UJsJZkotuA@6798c37 m=0
02-06 00:42:12.540  1827  7428 D ActivityManager: Raise procstate to external provider: ProcessRecord{74a51e1 10280:com.google.android.gms/u999a40}
02-06 00:42:12.555 17689 17725 D NetworkSecurityConfig: Using Network Security Config from resource network_security_config debugBuild: false
02-06 00:42:12.559 17689 17725 I DpmTcmClient: RegisterTcmMonitor from: $Proxy0
02-06 00:42:12.674 17689 17745 W anssion.phoeni: Unsupported class loader
02-06 00:42:12.676 17689 17745 W anssion.phoeni: Skipping duplicate class check due to unsupported classloader
02-06 00:42:12.716 17689 17745 W anssion.phoeni: Unknown chunk type '200'.
02-06 00:42:12.722  1827  3074 D ActivityManager: Raise procstate to external provider: ProcessRecord{74a51e1 10280:com.google.android.gms/u999a40}
02-06 00:42:12.716 17689 17745 I chatty  : uid=10188(com.transsion.phoenix) identical 1 line
02-06 00:42:12.717 17689 17745 W anssion.phoeni: Unknown chunk type '200'.
02-06 00:42:12.747  1827  7428 D ActivityManager: Raise procstate to external provider: ProcessRecord{74a51e1 10280:com.google.android.gms/u999a40}
02-06 00:42:12.754 17689 17745 W anssion.phoeni: Unsupported class loader
02-06 00:42:12.754  1827  7428 D ActivityManager: Raise procstate to external provider: ProcessRecord{74a51e1 10280:com.google.android.gms/u999a40}
02-06 00:42:12.758  1827  7394 D ActivityManager: Raise procstate to external provider: ProcessRecord{74a51e1 10280:com.google.android.gms/u999a40}
02-06 00:42:12.758 17689 17745 W anssion.phoeni: Skipping duplicate class check due to unsupported classloader
02-06 00:42:12.764  1827  1847 D Boost   : hostingType=service, hostingName=com.transsion.phoenix/com.cloudview.daemon.way.service.DaemonServiceB, callerPackage=com.transsion.phoenix, isSystem=false, isBoostNeeded=false.
02-06 00:42:12.765  1827  7394 D ActivityManager: Raise procstate to external provider: ProcessRecord{74a51e1 10280:com.google.android.gms/u999a40}
02-06 00:42:12.767  1827  1847 I ActivityManager: Start proc 17760:com.transsion.phoenix:service/u0a188 for service com.transsion.phoenix/com.cloudview.daemon.way.service.DaemonServiceB caller=com.transsion.phoenix
02-06 00:42:12.769 17760 17760 E phoenix:servic: Not starting debugger since process cannot load the jdwp agent.
02-06 00:42:12.773  1827  1827 W Looper  : Slow dispatch took 244ms main h=android.app.ActivityThread$H c=android.app.-$$Lambda$LoadedApk$ReceiverDispatcher$Args$_BumDX2UKsnxLVrE6UJsJZkotuA@22e9ce7 m=0
02-06 00:42:12.775  1827  1827 I Telecom : DefaultDialerCache: Refreshing default dialer for user 0: now com.android.contacts: DDC.oR@UIM
02-06 00:42:12.776  1827  1827 I Telecom : DefaultDialerCache: Refreshing default dialer for user 999: now com.android.contacts: DDC.oR@UIM
02-06 00:42:12.805  1827  1827 V BackupManagerConstants: getFullBackupIntervalMilliseconds(...) returns 86400000
02-06 00:42:12.807  1827  3074 D ActivityManager: Raise procstate to external provider: ProcessRecord{74a51e1 10280:com.google.android.gms/u999a40}
02-06 00:42:12.808  1827  3074 I ActivityManager: Killing 16725:com.android.chrome/u0a159 (adj 906): empty #17
02-06 00:42:12.808  2279  2279 D Launcher.Model: LauncherAppsCallback onPackageChanged|com.example.f_rizzly|UserHandle{0}
02-06 00:42:12.808  2279  2446 D Launcher.Model: Got broadcast:Intent { act=android.intent.action.PACKAGE_CHANGED dat=package:com.example.f_rizzly (has extras) }
02-06 00:42:12.809  1827  7394 D ActivityManager: Raise procstate to external provider: ProcessRecord{74a51e1 10280:com.google.android.gms/u999a40}
02-06 00:42:12.810  1827  1844 W LocationProviderProxy-network: Odd, no component found for service com.android.location.service.v3.NetworkLocationProvider
02-06 00:42:12.814  1827  1827 E LoadedApk: Unable to instantiate appComponentFactory
02-06 00:42:12.814  1827  1827 E LoadedApk: java.lang.ClassNotFoundException: Didn't find class "androidx.core.app.CoreComponentFactory" on path: DexPathList[[],nativeLibraryDirectories=[/data/app/com.android.chrome-Tp5C1Yy-XVmvpcmPBbD9Iw==/lib/arm, /data/app/com.android.chrome-Tp5C1Yy-XVmvpcmPBbD9Iw==/base.apk!/lib/armeabi-v7a, /system/lib, /vendor/lib]]
02-06 00:42:12.814  1827  1827 E LoadedApk: 	at dalvik.system.BaseDexClassLoader.findClass(BaseDexClassLoader.java:134)
02-06 00:42:12.814  1827  1827 E LoadedApk: 	at java.lang.ClassLoader.loadClass(ClassLoader.java:379)
02-06 00:42:12.814  1827  1827 E LoadedApk: 	at java.lang.ClassLoader.loadClass(ClassLoader.java:312)
02-06 00:42:12.814  1827  1827 E LoadedApk: 	at android.app.LoadedApk.createAppFactory(LoadedApk.java:228)
02-06 00:42:12.814  1827  1827 E LoadedApk: 	at android.app.LoadedApk.updateApplicationInfo(LoadedApk.java:340)
02-06 00:42:12.814  1827  1827 E LoadedApk: 	at android.app.ActivityThread.handleDispatchPackageBroadcast(ActivityThread.java:5447)
02-06 00:42:12.814  1827  1827 E LoadedApk: 	at android.app.ActivityThread$H.handleMessage(ActivityThread.java:1756)
02-06 00:42:12.814  1827  1827 E LoadedApk: 	at android.os.Handler.dispatchMessage(Handler.java:106)
02-06 00:42:12.814  1827  1827 E LoadedApk: 	at android.os.Looper.loop(Looper.java:201)
02-06 00:42:12.814  1827  1827 E LoadedApk: 	at com.android.server.SystemServer.run(SystemServer.java:479)
02-06 00:42:12.814  1827  1827 E LoadedApk: 	at com.android.server.SystemServer.main(SystemServer.java:313)
02-06 00:42:12.814  1827  1827 E LoadedApk: 	at java.lang.reflect.Method.invoke(Native Method)
02-06 00:42:12.814  1827  1827 E LoadedApk: 	at com.android.internal.os.RuntimeInit$MethodAndArgsCaller.run(RuntimeInit.java:547)
02-06 00:42:12.814  1827  1827 E LoadedApk: 	at com.android.internal.os.ZygoteInit.main(ZygoteInit.java:853)
02-06 00:42:12.836  2279  2446 D ReflectUtils: getFieldValue
02-06 00:42:12.836  2279  2446 D ReflectUtils: java.lang.IllegalAccessException: Class java.lang.Class<com.miui.launcher.utils.ReflectUtils> cannot access private  field android.content.pm.ActivityInfo android.content.pm.LauncherActivityInfo.mActivityInfo of class java.lang.Class<android.content.pm.LauncherActivityInfo>
02-06 00:42:12.836  2279  2446 D ReflectUtils: 	at java.lang.reflect.Field.get(Native Method)
02-06 00:42:12.836  2279  2446 D ReflectUtils: 	at com.miui.launcher.utils.ReflectUtils.getFieldValue(ReflectUtils.java:134)
02-06 00:42:12.836  2279  2446 D ReflectUtils: 	at com.miui.home.library.compat.LauncherActivityInfoCompat.getActivityInfo(LauncherActivityInfoCompat.java:13)
02-06 00:42:12.836  2279  2446 D ReflectUtils: 	at com.miui.home.library.compat.LauncherActivityInfoCompat.getIconResource(LauncherActivityInfoCompat.java:18)
02-06 00:42:12.836  2279  2446 D ReflectUtils: 	at com.miui.home.launcher.IconProvider.getActivityIcon(IconProvider.java:55)
02-06 00:42:12.836  2279  2446 D ReflectUtils: 	at com.miui.home.launcher.IconCache.addIconToMemCache(IconCache.java:132)
02-06 00:42:12.836  2279  2446 D ReflectUtils: 	at com.miui.home.launcher.IconCache.updateIconsForPkg(IconCache.java:113)
02-06 00:42:12.836  2279  2446 D ReflectUtils: 	at com.miui.home.launcher.LauncherModel.onReceiveBackground(LauncherModel.java:964)
02-06 00:42:12.836  2279  2446 D ReflectUtils: 	at com.miui.home.launcher.LauncherModel$LauncherAppsCallback$1.run(LauncherModel.java:322)
02-06 00:42:12.836  2279  2446 D ReflectUtils: 	at com.miui.home.launcher.LauncherModel$8.run(LauncherModel.java:882)
02-06 00:42:12.836  2279  2446 D ReflectUtils: 	at android.os.Handler.handleCallback(Handler.java:873)
02-06 00:42:12.836  2279  2446 D ReflectUtils: 	at android.os.Handler.dispatchMessage(Handler.java:99)
02-06 00:42:12.836  2279  2446 D ReflectUtils: 	at android.os.Looper.loop(Looper.java:201)
02-06 00:42:12.836  2279  2446 D ReflectUtils: 	at android.os.HandlerThread.run(HandlerThread.java:65)
02-06 00:42:12.838  2279  2446 D ReflectUtils: getFieldValue
02-06 00:42:12.838  2279  2446 D ReflectUtils: java.lang.IllegalAccessException: Class java.lang.Class<com.miui.launcher.utils.ReflectUtils> cannot access private  field android.content.pm.ActivityInfo android.content.pm.LauncherActivityInfo.mActivityInfo of class java.lang.Class<android.content.pm.LauncherActivityInfo>
02-06 00:42:12.838  2279  2446 D ReflectUtils: 	at java.lang.reflect.Field.get(Native Method)
02-06 00:42:12.838  2279  2446 D ReflectUtils: 	at com.miui.launcher.utils.ReflectUtils.getFieldValue(ReflectUtils.java:134)
02-06 00:42:12.838  2279  2446 D ReflectUtils: 	at com.miui.home.library.compat.LauncherActivityInfoCompat.getActivityInfo(LauncherActivityInfoCompat.java:13)
02-06 00:42:12.838  2279  2446 D ReflectUtils: 	at com.miui.home.library.compat.LauncherActivityInfoCompat.getIconResource(LauncherActivityInfoCompat.java:18)
02-06 00:42:12.838  2279  2446 D ReflectUtils: 	at com.miui.home.launcher.IconProvider.getActivityIcon(IconProvider.java:60)
02-06 00:42:12.838  2279  2446 D ReflectUtils: 	at com.miui.home.launcher.IconCache.addIconToMemCache(IconCache.java:132)
02-06 00:42:12.838  2279  2446 D ReflectUtils: 	at com.miui.home.launcher.IconCache.updateIconsForPkg(IconCache.java:113)
02-06 00:42:12.838  2279  2446 D ReflectUtils: 	at com.miui.home.launcher.LauncherModel.onReceiveBackground(LauncherModel.java:964)
02-06 00:42:12.838  2279  2446 D ReflectUtils: 	at com.miui.home.launcher.LauncherModel$LauncherAppsCallback$1.run(LauncherModel.java:322)
02-06 00:42:12.838  2279  2446 D ReflectUtils: 	at com.miui.home.launcher.LauncherModel$8.run(LauncherModel.java:882)
02-06 00:42:12.838  2279  2446 D ReflectUtils: 	at android.os.Handler.handleCallback(Handler.java:873)
02-06 00:42:12.838  2279  2446 D ReflectUtils: 	at android.os.Handler.dispatchMessage(Handler.java:99)
02-06 00:42:12.838  2279  2446 D ReflectUtils: 	at android.os.Looper.loop(Looper.java:201)
02-06 00:42:12.838  2279  2446 D ReflectUtils: 	at android.os.HandlerThread.run(HandlerThread.java:65)
02-06 00:42:12.815  1827  1827 E LoadedApk: Unable to instantiate appComponentFactory
02-06 00:42:12.815  1827  1827 E LoadedApk: java.lang.ClassNotFoundException: Didn't find class "androidx.core.app.CoreComponentFactory" on path: DexPathList[[],nativeLibraryDirectories=[/data/app/com.android.chrome-Tp5C1Yy-XVmvpcmPBbD9Iw==/lib/arm, /data/app/com.android.chrome-Tp5C1Yy-XVmvpcmPBbD9Iw==/base.apk!/lib/armeabi-v7a, /system/lib, /vendor/lib]]
02-06 00:42:12.815  1827  1827 E LoadedApk: 	at dalvik.system.BaseDexClassLoader.findClass(BaseDexClassLoader.java:134)
02-06 00:42:12.815  1827  1827 E LoadedApk: 	at java.lang.ClassLoader.loadClass(ClassLoader.java:379)
02-06 00:42:12.815  1827  1827 E LoadedApk: 	at java.lang.ClassLoader.loadClass(ClassLoader.java:312)
02-06 00:42:12.815  1827  1827 E LoadedApk: 	at android.app.LoadedApk.createAppFactory(LoadedApk.java:228)
02-06 00:42:12.815  1827  1827 E LoadedApk: 	at android.app.LoadedApk.updateApplicationInfo(LoadedApk.java:340)
02-06 00:42:12.815  1827  1827 E LoadedApk: 	at android.app.ActivityThread.handleDispatchPackageBroadcast(ActivityThread.java:5447)
02-06 00:42:12.815  1827  1827 E LoadedApk: 	at android.app.ActivityThread$H.handleMessage(ActivityThread.java:1756)
02-06 00:42:12.815  1827  1827 E LoadedApk: 	at android.os.Handler.dispatchMessage(Handler.java:106)
02-06 00:42:12.815  1827  1827 E LoadedApk: 	at android.os.Looper.loop(Looper.java:201)
02-06 00:42:12.815  1827  1827 E LoadedApk: 	at com.android.server.SystemServer.run(SystemServer.java:479)
02-06 00:42:12.815  1827  1827 E LoadedApk: 	at com.android.server.SystemServer.main(SystemServer.java:313)
02-06 00:42:12.815  1827  1827 E LoadedApk: 	at java.lang.reflect.Method.invoke(Native Method)
02-06 00:42:12.815  1827  1827 E LoadedApk: 	at com.android.internal.os.RuntimeInit$MethodAndArgsCaller.run(RuntimeInit.java:547)
02-06 00:42:12.815  1827  1827 E LoadedApk: 	at com.android.internal.os.ZygoteInit.main(ZygoteInit.java:853)
02-06 00:42:12.847  1827  1827 W Looper  : Drained
02-06 00:42:12.849  1827  1897 I Timeline: Timeline: App_transition_stopped time:269488606
02-06 00:42:12.852  2279  2446 D IconCustomizer: Content Ratio = -1.0
02-06 00:42:12.855  2279  2446 D IconCustomizer: Generate customized icon for com.example.f_rizzly.png
02-06 00:42:12.862  2279  2446 D Launcher.AllAppsList: updatePackage, packageName=com.example.f_rizzly, loadMissing=false, user=UserHandle{0}, matchedSize=1
02-06 00:42:12.862  2279  2446 D Launcher.AllAppsList: updatePackage, find appInfo=AppInfo, id=-1, itemType=0, user=UserHandle{0}, mIconType=0, pkgName=com.example.f_rizzly, className=com.example.f_rizzly.MainActivity, screenId=-1, container=-1, cellX=-1, cellY=-1, spanX=1, spanY=1, isLandscapePos=false from ComponentInfo{com.example.f_rizzly/com.example.f_rizzly.MainActivity}
02-06 00:42:12.862  2279  2446 D Launcher.Model: onReceiveBackground, mAllAppsList=add=[], remove=[], modified=[(0, AppInfo, id=-1, itemType=0, user=UserHandle{0}, mIconType=0, pkgName=com.example.f_rizzly, className=com.example.f_rizzly.MainActivity, screenId=-1, container=-1, cellX=-1, cellY=-1, spanX=1, spanY=1, isLandscapePos=false)]
02-06 00:42:12.874   877   877 I Zygote  : Process 16725 exited due to signal (9)
02-06 00:42:12.875 23557 27416 D PMonitor:  onProcessDied:pid = 16725,died-uid=10159
02-06 00:42:12.877  1827  7428 D ActivityManager: Raise procstate to external provider: ProcessRecord{74a51e1 10280:com.google.android.gms/u999a40}
02-06 00:42:12.883  1827  5509 I chatty  : uid=1000(system) RenderThread expire 10 lines
02-06 00:42:12.910 17760 17760 W phoenix:servic: JIT profile information will not be recorded: profile file does not exits.
02-06 00:42:12.924 17760 17760 I Perf    : Connecting to perf service.
02-06 00:42:12.976  3657 20533 I PhenotypeResourceReader: unable to find any Phenotype resource metadata for com.transsion.phoenix
02-06 00:42:12.985  1827  3045 D ActivityManager: Raise procstate to external provider: ProcessRecord{74a51e1 10280:com.google.android.gms/u999a40}
02-06 00:42:13.001  1827  3045 D ConnectivityService: Returning BLOCKED NetworkInfo to uid=10136
02-06 00:42:13.014 17760 17783 W phoenix:servic: Unsupported class loader
02-06 00:42:13.016 17689 17776 I FA      : App measurement initialized, version: 151001
02-06 00:42:13.016 17689 17776 I FA      : To enable debug logging run: adb shell setprop log.tag.FA VERBOSE
02-06 00:42:13.017 17689 17776 I FA      : To enable faster debug mode event logging run:
02-06 00:42:13.017 17689 17776 I FA      :   adb shell setprop debug.firebase.analytics.app com.transsion.phoenix
02-06 00:42:13.021 17760 17783 W phoenix:servic: Skipping duplicate class check due to unsupported classloader
02-06 00:42:13.022  1827  4335 D ActivityManager: Raise procstate to external provider: ProcessRecord{74a51e1 10280:com.google.android.gms/u999a40}
02-06 00:42:13.038 17760 17783 W phoenix:servic: Unknown chunk type '200'.
02-06 00:42:13.038 17760 17783 I chatty  : uid=10188 com.transsion.phoenix:service identical 1 line
02-06 00:42:13.039 17760 17783 W phoenix:servic: Unknown chunk type '200'.
02-06 00:42:13.050  1827  7428 D ActivityManager: Raise procstate to external provider: ProcessRecord{74a51e1 10280:com.google.android.gms/u999a40}
02-06 00:42:13.077 17760 17783 W phoenix:servic: Unsupported class loader
02-06 00:42:13.079 17760 17783 W phoenix:servic: Skipping duplicate class check due to unsupported classloader
02-06 00:42:13.082  1827  4335 D ActivityManager: Raise procstate to external provider: ProcessRecord{74a51e1 10280:com.google.android.gms/u999a40}
02-06 00:42:13.093  1827  4335 D ActivityManager: Raise procstate to external provider: ProcessRecord{74a51e1 10280:com.google.android.gms/u999a40}
02-06 00:42:13.101  1827  7428 D ActivityManager: Raise procstate to external provider: ProcessRecord{74a51e1 10280:com.google.android.gms/u999a40}
02-06 00:42:13.147  3657 20533 I PhenotypeResourceReader: unable to find any Phenotype resource metadata for com.transsion.phoenix
02-06 00:42:13.162  1827  7428 I chatty  : uid=1000(system) Binder:1827_1D expire 6 lines
02-06 00:42:13.161  1827  7428 D ActivityManager: Raise procstate to external provider: ProcessRecord{74a51e1 10280:com.google.android.gms/u999a40}
02-06 00:42:13.167  1827  4335 D ActivityManager: Raise procstate to external provider: ProcessRecord{74a51e1 10280:com.google.android.gms/u999a40}
02-06 00:42:13.178  1827  7428 D ActivityManager: Raise procstate to external provider: ProcessRecord{74a51e1 10280:com.google.android.gms/u999a40}
02-06 00:42:13.228 17760 17798 I FA      : App measurement initialized, version: 151001
02-06 00:42:13.229 17760 17798 I FA      : To enable debug logging run: adb shell setprop log.tag.FA VERBOSE
02-06 00:42:13.229 17760 17798 I FA      : To enable faster debug mode event logging run:
02-06 00:42:13.229 17760 17798 I FA      :   adb shell setprop debug.firebase.analytics.app com.transsion.phoenix
02-06 00:42:13.183  1827  7428 D ActivityManager: Raise procstate to external provider: ProcessRecord{74a51e1 10280:com.google.android.gms/u999a40}
02-06 00:42:13.575  1827  4335 D ActivityManager: Raise procstate to external provider: ProcessRecord{74a51e1 10280:com.google.android.gms/u999a40}
02-06 00:42:13.578 10181 10181 D BoundBrokerSvc: onBind: Intent { act=com.google.android.gms.measurement.START pkg=com.google.android.gms }
02-06 00:42:13.578 10181 10181 D BoundBrokerSvc: Loading bound service for intent: Intent { act=com.google.android.gms.measurement.START pkg=com.google.android.gms }
02-06 00:42:13.604 10181 17458 D AdvertisingIdClient: AdvertisingIdClient already created.
02-06 00:42:13.609 10181 17458 I AdvertisingIdClient: shouldSendLog 1265957024
02-06 00:42:13.609 10181 17458 I AdvertisingIdClient: GetInfoInternal elapse 6ms
