02-06 00:39:12.858 17170 17170 E AndroidRuntime: 	at androidx.compose.material3.ScaffoldKt$ScaffoldLayout$1$1.invoke-0kLqBqw(Scaffold.kt:263)
02-06 00:39:12.858 17170 17170 E AndroidRuntime: 	at androidx.compose.material3.ScaffoldKt$ScaffoldLayout$1$1.invoke(Scaffold.kt:140)
02-06 00:39:12.858 17170 17170 E AndroidRuntime: 	at androidx.compose.ui.layout.LayoutNodeSubcompositionsState$createMeasurePolicy$1.measure-3p2s80s(SubcomposeLayout.kt:914)
02-06 00:39:12.858 17170 17170 E AndroidRuntime: 	at androidx.compose.ui.node.InnerNodeCoordinator.measure-BRTryo0(InnerNodeCoordinator.kt:128)
02-06 00:39:12.858 17170 17170 E AndroidRuntime: 	at androidx.compose.ui.node.MeasurePassDelegate$performMeasureBlock$1.invoke(MeasurePassDelegate.kt:173)
02-06 00:39:12.858 17170 17170 E AndroidRuntime: 	at androidx.compose.ui.node.MeasurePassDelegate$performMeasureBlock$1.invoke(MeasurePassDelegate.kt:172)
02-06 00:39:12.858 17170 17170 E AndroidRuntime: 	at androidx.compose.runtime.snapshots.Snapshot$Companion.observe(Snapshot.kt:502)
02-06 00:39:12.858 17170 17170 E AndroidRuntime: 	at androidx.compose.runtime.snapshots.SnapshotStateObserver$ObservedScopeMap.observe(SnapshotStateObserver.kt:464)
02-06 00:39:12.858 17170 17170 E AndroidRuntime: 	at androidx.compose.runtime.snapshots.SnapshotStateObserver.observeReads(SnapshotStateObserver.kt:248)
02-06 00:39:12.858 17170 17170 E AndroidRuntime: 	at androidx.compose.ui.node.OwnerSnapshotObserver.observeReads$ui_release(OwnerSnapshotObserver.kt:124)
02-06 00:39:12.858 17170 17170 E AndroidRuntime: 	at androidx.compose.ui.node.OwnerSnapshotObserver.observeMeasureSnapshotReads$ui_release(OwnerSnapshotObserver.kt:107)
02-06 00:39:12.858 17170 17170 E AndroidRuntime: 	at androidx.compose.ui.node.MeasurePassDelegate.performMeasure-BRTryo0$ui_release(MeasurePassDelegate.kt:426)
02-06 00:39:12.860 17170 17170 E AndroidRuntime: 	at androidx.compose.ui.node.MeasurePassDelegate.remeasure-BRTryo0(MeasurePassDelegate.kt:477)
02-06 00:39:12.860 17170 17170 E AndroidRuntime: 	at androidx.compose.ui.node.MeasurePassDelegate.measure-BRTryo0(MeasurePassDelegate.kt:454)
02-06 00:39:12.860 17170 17170 E AndroidRuntime: 	at androidx.compose.foundation.layout.BoxMeasurePolicy.measure-3p2s80s(Box.kt:145)
02-06 00:39:12.860 17170 17170 E AndroidRuntime: 	at androidx.compose.ui.node.InnerNodeCoordinator.measure-BRTryo0(InnerNodeCoordinator.kt:128)
02-06 00:39:12.860 17170 17170 E AndroidRuntime: 	at androidx.compose.ui.graphics.SimpleGraphicsLayerModifier.measure-3p2s80s(GraphicsLayerModifier.kt:794)
02-06 00:39:12.860 17170 17170 E AndroidRuntime: 	at androidx.compose.ui.node.LayoutModifierNodeCoordinator.measure-BRTryo0(LayoutModifierNodeCoordinator.kt:190)
02-06 00:39:12.860 17170 17170 E AndroidRuntime: 	at androidx.compose.ui.node.MeasurePassDelegate$performMeasureBlock$1.invoke(MeasurePassDelegate.kt:173)
02-06 00:39:12.860 17170 17170 E AndroidRuntime: 	at androidx.compose.ui.node.MeasurePassDelegate$performMeasureBlock$1.invoke(MeasurePassDelegate.kt:172)
02-06 00:39:12.860 17170 17170 E AndroidRuntime: 	at androidx.compose.runtime.snapshots.Snapshot$Companion.observe(Snapshot.kt:502)
02-06 00:39:12.860 17170 17170 E AndroidRuntime: 	at androidx.compose.runtime.snapshots.SnapshotStateObserver$ObservedScopeMap.observe(SnapshotStateObserver.kt:464)
02-06 00:39:12.860 17170 17170 E AndroidRuntime: 	at androidx.compose.runtime.snapshots.SnapshotStateObserver.observeReads(SnapshotStateObserver.kt:248)
02-06 00:39:12.860 17170 17170 E AndroidRuntime: 	at androidx.compose.ui.node.OwnerSnapshotObserver.observeReads$ui_release(OwnerSnapshotObserver.kt:124)
02-06 00:39:12.860 17170 17170 E AndroidRuntime: 	at androidx.compose.ui.node.OwnerSnapshotObserver.observeMeasureSnapshotReads$ui_release(OwnerSnapshotObserver.kt:107)
02-06 00:39:12.860 17170 17170 E AndroidRuntime: 	at androidx.compose.ui.node.MeasurePassDelegate.performMeasure-BRTryo0$ui_release(MeasurePassDelegate.kt:426)
02-06 00:39:12.860 17170 17170 E AndroidRuntime: 	at androidx.compose.ui.node.MeasurePassDelegate.remeasure-BRTryo0(MeasurePassDelegate.kt:477)
02-06 00:39:12.860 17170 17170 E AndroidRuntime: 	at androidx.compose.ui.node.MeasurePassDelegate.measure-BRTryo0(MeasurePassDelegate.kt:454)
02-06 00:39:12.860 17170 17170 E AndroidRuntime: 	at androidx.compose.ui.layout.RootMeasurePolicy.measure-3p2s80s(RootMeasurePolicy.kt:37)
02-06 00:39:12.860 17170 17170 E AndroidRuntime: 	at androidx.compose.ui.node.InnerNodeCoordinator.measure-BRTryo0(InnerNodeCoordinator.kt:128)
02-06 00:39:12.860 17170 17170 E AndroidRuntime: 	at androidx.compose.ui.layout.RulerProviderModifierNode.measure-3p2s80s(WindowInsetsRulers.android.kt:210)
02-06 00:39:12.860 17170 17170 E AndroidRuntime: 	at androidx.compose.ui.node.LayoutModifierNodeCoordinator.measure-BRTryo0(LayoutModifierNodeCoordinator.kt:190)
02-06 00:39:12.860 17170 17170 E AndroidRuntime: 	at androidx.compose.ui.node.MeasurePassDelegate$performMeasureBlock$1.invoke(MeasurePassDelegate.kt:173)
02-06 00:39:12.860 17170 17170 E AndroidRuntime: 	at androidx.compose.ui.node.MeasurePassDelegate$performMeasureBlock$1.invoke(MeasurePassDelegate.kt:172)
02-06 00:39:12.860 17170 17170 E AndroidRuntime: 	at androidx.compose.runtime.snapshots.Snapshot$Companion.observe(Snapshot.kt:2495)
02-06 00:39:12.860 17170 17170 E AndroidRuntime: 	at androidx.compose.runtime.snapshots.SnapshotStateObserver$ObservedScopeMap.observe(SnapshotStateObserver.kt:464)
02-06 00:39:12.860 17170 17170 E AndroidRuntime: 	at androidx.compose.runtime.snapshots.SnapshotStateObserver.observeReads(SnapshotStateObserver.kt:248)
02-06 00:39:12.860 17170 17170 E AndroidRuntime: 	at androidx.compose.ui.node.OwnerSnapshotObserver.observeReads$ui_release(OwnerSnapshotObserver.kt:124)
02-06 00:39:12.860 17170 17170 E AndroidRuntime: 	at androidx.compose.ui.node.OwnerSnapshotObserver.observeMeasureSnapshotReads$ui_release(OwnerSnapshotObserver.kt:107)
02-06 00:39:12.860 17170 17170 E AndroidRuntime: 	at androidx.compose.ui.node.MeasurePassDelegate.performMeasure-BRTryo0$ui_release(MeasurePassDelegate.kt:426)
02-06 00:39:12.860 17170 17170 E AndroidRuntime: 	at androidx.compose.ui.node.MeasurePassDelegate.remeasure-BRTryo0(MeasurePassDelegate.kt:477)
02-06 00:39:12.860 17170 17170 E AndroidRuntime: 	at androidx.compose.ui.node.LayoutNode.remeasure-_Sx5XlM$ui_release(LayoutNode.kt:1283)
02-06 00:39:12.860 17170 17170 E AndroidRuntime: 	at androidx.compose.ui.node.MeasureAndLayoutDelegate.doRemeasure-sdFAvZA(MeasureAndLayoutDelegate.kt:378)
02-06 00:39:12.860 17170 17170 E AndroidRuntime: 	at androidx.compose.ui.node.MeasureAndLayoutDelegate.remeasureOnly(MeasureAndLayoutDelegate.kt:658)
02-06 00:39:12.860 17170 17170 E AndroidRuntime: 	at androidx.compose.ui.node.MeasureAndLayoutDelegate.measureOnly(MeasureAndLayoutDelegate.kt:446)
02-06 00:39:12.860 17170 17170 E AndroidRuntime: 	at androidx.compose.ui.platform.AndroidComposeView.onMeasure(AndroidComposeView.android.kt:1671)
02-06 00:39:12.860 17170 17170 E AndroidRuntime: 	at android.view.View.measure(View.java:23196)
02-06 00:39:12.860 17170 17170 E AndroidRuntime: 	at androidx.compose.ui.platform.AbstractComposeView.internalOnMeasure$ui_release(ComposeView.android.kt:299)
02-06 00:39:12.860 17170 17170 E AndroidRuntime: 	at androidx.compose.ui.platform.AbstractComposeView.onMeasure(ComposeView.android.kt:286)
02-06 00:39:12.860 17170 17170 E AndroidRuntime: 	at android.view.View.measure(View.java:23196)
02-06 00:39:12.860 17170 17170 E AndroidRuntime: 	at android.view.ViewGroup.measureChildWithMargins(ViewGroup.java:6753)
02-06 00:39:12.860 17170 17170 E AndroidRuntime: 	at android.widget.FrameLayout.onMeasure(FrameLayout.java:185)
02-06 00:39:12.860 17170 17170 E AndroidRuntime: 	at android.view.View.measure(View.java:23196)
02-06 00:39:12.864 17170 17170 E AndroidRuntime: 	at android.view.ViewGroup.measureChildWithMargins(ViewGroup.java:6753)
02-06 00:39:12.864 17170 17170 E AndroidRuntime: 	at android.widget.LinearLayout.measureChildBeforeLayout(LinearLayout.java:1535)
02-06 00:39:12.864 17170 17170 E AndroidRuntime: 	at android.widget.LinearLayout.measureVertical(LinearLayout.java:825)
02-06 00:39:12.864 17170 17170 E AndroidRuntime: 	at android.widget.LinearLayout.onMeasure(LinearLayout.java:704)
02-06 00:39:12.864 17170 17170 E AndroidRuntime: 	at android.view.View.measure(View.java:23196)
02-06 00:39:12.864 17170 17170 E AndroidRuntime: 	at android.view.ViewGroup.measureChildWithMargins(ViewGroup.java:6753)
02-06 00:39:12.864 17170 17170 E AndroidRuntime: 	at android.widget.FrameLayout.onMeasure(FrameLayout.java:185)
02-06 00:39:12.864 17170 17170 E AndroidRuntime: 	at com.android.internal.policy.DecorView.onMeasure(DecorView.java:720)
02-06 00:39:12.864 17170 17170 E AndroidRuntime: 	at android.view.View.measure(View.java:23196)
02-06 00:39:12.864 17170 17170 E AndroidRuntime: 	at android.view.ViewRootImpl.performMeasure(ViewRootImpl.java:2791)
02-06 00:39:12.864 17170 17170 E AndroidRuntime: 	at android.view.ViewRootImpl.measureHierarchy(ViewRootImpl.java:1641)
02-06 00:39:12.864 17170 17170 E AndroidRuntime: 	at android.view.ViewRootImpl.performTraversals(ViewRootImpl.java:1925)
02-06 00:39:12.864 17170 17170 E AndroidRuntime: 	at android.view.ViewRootImpl.doTraversal(ViewRootImpl.java:1529)
02-06 00:39:12.864 17170 17170 E AndroidRuntime: 	at android.view.ViewRootImpl$TraversalRunnable.run(ViewRootImpl.java:7407)
02-06 00:39:12.864 17170 17170 E AndroidRuntime: 	at android.view.Choreographer$CallbackRecord.run(Choreographer.java:1009)
02-06 00:39:12.864 17170 17170 E AndroidRuntime: 	at android.view.Choreographer.doCallbacks(Choreographer.java:821)
02-06 00:39:12.864 17170 17170 E AndroidRuntime: 	at android.view.Choreographer.doFrame(Choreographer.java:756)
02-06 00:39:12.864 17170 17170 E AndroidRuntime: 	at android.view.Choreographer$FrameDisplayEventReceiver.run(Choreographer.java:995)
02-06 00:39:12.864 17170 17170 E AndroidRuntime: 	at android.os.Handler.handleCallback(Handler.java:873)
02-06 00:39:12.864 17170 17170 E AndroidRuntime: 	at android.os.Handler.dispatchMessage(Handler.java:99)
02-06 00:39:12.864 17170 17170 E AndroidRuntime: 	at android.os.Looper.loop(Looper.java:201)
02-06 00:39:12.864 17170 17170 E AndroidRuntime: 	at android.app.ActivityThread.main(ActivityThread.java:6826)
02-06 00:39:12.864 17170 17170 E AndroidRuntime: 	at java.lang.reflect.Method.invoke(Native Method)
02-06 00:39:12.864 17170 17170 E AndroidRuntime: 	at com.android.internal.os.RuntimeInit$MethodAndArgsCaller.run(RuntimeInit.java:547)
02-06 00:39:12.864 17170 17170 E AndroidRuntime: 	at com.android.internal.os.ZygoteInit.main(ZygoteInit.java:873)
02-06 00:39:12.864 17170 17170 E AndroidRuntime: Caused by: java.lang.NullPointerException: null cannot be cast to non-null type android.graphics.drawable.BitmapDrawable
02-06 00:39:12.864 17170 17170 E AndroidRuntime: 	at androidx.compose.ui.res.ImageResources_androidKt.imageResource(ImageResources.android.kt:39)
02-06 00:39:12.864 17170 17170 E AndroidRuntime: 	at androidx.compose.ui.res.PainterResources_androidKt.loadImageBitmapResource(PainterResources.android.kt:110)
02-06 00:39:12.864 17170 17170 E AndroidRuntime: 	... 254 more
02-06 00:39:12.486  1827  2020 I chatty  : uid=1000(system) Binder:1827_3 identical 1 line
02-06 00:39:12.784  1827  2020 D ActivityManager: Raise procstate to external provider: ProcessRecord{74a51e1 10280:com.google.android.gms/u999a40}
02-06 00:39:12.903  1827  2020 W ActivityManager:   Force finishing activity com.example.f_rizzly/.MainActivity
02-06 00:39:12.905  2279  5358 D LauncherFsGestureCompat: componentName is com.example.f_rizzly/.MainActivity
02-06 00:39:12.906  2279  5358 D Launcher: get showing item successandroid.graphics.Bitmap@cdffb53
02-06 00:39:12.908  1827  5509 I OpenGLRenderer: Initialized EGL, version 1.4
02-06 00:39:12.908  1827  5509 D OpenGLRenderer: Swap behavior 2
02-06 00:39:12.909  1827  2020 D ActivityTrigger: ActivityTrigger activityPauseTrigger 
02-06 00:39:12.976  1827 17191 W DropBoxManagerService: Dropping: data_app_crash (10 > 0 bytes)
02-06 00:39:12.993  1827 17192 W ContextImpl: Calling a method in the system process without a qualified user: android.app.ContextImpl.bindService:1621 android.content.ContextWrapper.bindService:708 miui.os.DropBoxManager.em:361 miui.os.DropBoxManager.a:350 miui.os.DropBoxManager.addText:314 
02-06 00:39:13.002  1827  1845 W BroadcastQueue: Background execution not allowed: receiving Intent { act=android.intent.action.DROPBOX_ENTRY_ADDED flg=0x10 (has extras) } to com.google.android.gms/.stats.service.DropBoxEntryAddedReceiver
02-06 00:39:13.002  1827  1845 D ActivityManager: Raise procstate to external provider: ProcessRecord{74a51e1 10280:com.google.android.gms/u999a40}
02-06 00:39:13.006  1827 17192 D ActivityManager: Raise procstate to external provider: ProcessRecord{74a51e1 10280:com.google.android.gms/u999a40}
02-06 00:39:13.009  1827 17192 D CompatibilityInfo: mCompatibilityFlags - 0
02-06 00:39:13.009  1827 17192 D CompatibilityInfo: applicationDensity - 320
02-06 00:39:13.009  1827 17192 D CompatibilityInfo: applicationScale - 1.0
02-06 00:39:13.012  1827  3046 D ActivityManager: Raise procstate to external provider: ProcessRecord{74a51e1 10280:com.google.android.gms/u999a40}
02-06 00:39:13.013  1827  3046 D CompatibilityInfo: mCompatibilityFlags - 0
02-06 00:39:13.013  1827  3046 D CompatibilityInfo: applicationDensity - 320
02-06 00:39:13.013  1827  3046 D CompatibilityInfo: applicationScale - 1.0
02-06 00:39:13.014  1827  1827 W Binder  : Outgoing transactions from this process must be FLAG_ONEWAY
02-06 00:39:13.014  1827  1827 W Binder  : java.lang.Throwable
02-06 00:39:13.014  1827  1827 W Binder  : 	at android.os.BinderProxy.transact(Binder.java:1116)
02-06 00:39:13.014  1827  1827 W Binder  : 	at com.miui.internal.server.IDropBoxManagerService$Stub$Proxy.add(SourceFile:134)
02-06 00:39:13.014  1827  1827 W Binder  : 	at miui.os.DropBoxManager$2.onServiceConnected(SourceFile:286)
02-06 00:39:13.014  1827  1827 W Binder  : 	at android.app.LoadedApk$ServiceDispatcher.doConnected(LoadedApk.java:1738)
02-06 00:39:13.014  1827  1827 W Binder  : 	at android.app.LoadedApk$ServiceDispatcher$RunConnection.run(LoadedApk.java:1770)
02-06 00:39:13.014  1827  1827 W Binder  : 	at android.os.Handler.handleCallback(Handler.java:873)
02-06 00:39:13.014  1827  1827 W Binder  : 	at android.os.Handler.dispatchMessage(Handler.java:99)
02-06 00:39:13.014  1827  1827 W Binder  : 	at android.os.Looper.loop(Looper.java:201)
02-06 00:39:13.014  1827  1827 W Binder  : 	at com.android.server.SystemServer.run(SystemServer.java:479)
02-06 00:39:13.014  1827  1827 W Binder  : 	at com.android.server.SystemServer.main(SystemServer.java:313)
02-06 00:39:13.014  1827  1827 W Binder  : 	at java.lang.reflect.Method.invoke(Native Method)
02-06 00:39:13.014  1827  1827 W Binder  : 	at com.android.internal.os.RuntimeInit$MethodAndArgsCaller.run(RuntimeInit.java:547)
02-06 00:39:13.014  1827  1827 W Binder  : 	at com.android.internal.os.ZygoteInit.main(ZygoteInit.java:853)
02-06 00:39:13.021  3427  3441 W DropBoxManagerService: Dropping: fc_anr (10 > 0 bytes)
02-06 00:39:13.025  1827  1827 D ActivityManager: Raise procstate to external provider: ProcessRecord{74a51e1 10280:com.google.android.gms/u999a40}
02-06 00:39:13.027  1827  6474 D ActivityManager: Raise procstate to external provider: ProcessRecord{74a51e1 10280:com.google.android.gms/u999a40}
02-06 00:39:13.032  1827  4434 D ActivityManager: Raise procstate to external provider: ProcessRecord{74a51e1 10280:com.google.android.gms/u999a40}
02-06 00:39:13.032  1827  4434 D CompatibilityInfo: mCompatibilityFlags - 0
02-06 00:39:13.032  1827  4434 D CompatibilityInfo: applicationDensity - 320
02-06 00:39:13.032  1827  4434 D CompatibilityInfo: applicationScale - 1.0
02-06 00:39:13.040  3657 17195 I chatty  : uid=10040 com.google.android.gms.persistent expire 16 lines
02-06 00:39:13.043  1827  1846 W Looper  : Slow dispatch took 127ms android.ui h=com.android.server.am.ActivityManagerService$UiHandler c=null m=1
02-06 00:39:13.120 16146 16162 I Finsky  : [66391] Stats for Executor: BlockingExecutor uzx@9f33889[Running, pool size = 4, active threads = 0, queued tasks = 0, completed tasks = 51]
02-06 00:39:13.128 16146 16162 I Finsky  : [66391] Stats for Executor: LightweightExecutor uzx@abf008e[Running, pool size = 4, active threads = 0, queued tasks = 0, completed tasks = 199]
02-06 00:39:13.155   864   864 I ConfigStore: android::hardware::configstore::V1_0::ISurfaceFlingerConfigs::hasHDRDisplay retrieved: 0
02-06 00:39:13.173   864   864 I ConfigStore: android::hardware::configstore::V1_0::ISurfaceFlingerConfigs::hasHDRDisplay retrieved: 0
02-06 00:39:13.183 16146 16162 I Finsky  : [66391] Stats for Executor: bgExecutor uzx@152b0af[Running, pool size = 4, active threads = 0, queued tasks = 0, completed tasks = 290]
02-06 00:39:13.191   864   864 I ConfigStore: android::hardware::configstore::V1_0::ISurfaceFlingerConfigs::hasHDRDisplay retrieved: 0
02-06 00:39:13.361  1827  7394 D ActivityManager: Raise procstate to external provider: ProcessRecord{74a51e1 10280:com.google.android.gms/u999a40}
02-06 00:39:13.362  1827  7394 I ActivityManager: Killing 16192:com.google.process.gapps/u0a40 (adj 906): empty #17
02-06 00:39:13.357   864   864 I ConfigStore: android::hardware::configstore::V1_0::ISurfaceFlingerConfigs::hasHDRDisplay retrieved: 0
02-06 00:39:13.363  1827  1848 W libprocessgroup: kill(-16192, 9) failed: No such process
02-06 00:39:13.364  1827  7394 D CompatibilityInfo: mCompatibilityFlags - 0
02-06 00:39:13.364  1827  7394 D CompatibilityInfo: applicationDensity - 320
02-06 00:39:13.364  1827  7394 D CompatibilityInfo: applicationScale - 1.0
02-06 00:39:13.369  1827  1848 W libprocessgroup: kill(-16192, 9) failed: No such process
02-06 00:39:13.371   864   864 I ConfigStore: android::hardware::configstore::V1_0::ISurfaceFlingerConfigs::hasHDRDisplay retrieved: 0
02-06 00:39:13.372   864   864 I chatty  : uid=1000(system) /system/bin/surfaceflinger identical 165 lines
02-06 00:39:13.374  1827  1848 I chatty  : uid=1000(system) ActivityManager expire 5 lines
02-06 00:39:13.380 23557 32076 D PMonitor:  onProcessDied:pid = 16192,died-uid=10040
02-06 00:39:13.382   877   877 I Zygote  : Process 16192 exited due to signal (9)
02-06 00:39:13.387  1827  4434 D ActivityManager: Raise procstate to external provider: ProcessRecord{74a51e1 10280:com.google.android.gms/u999a40}
02-06 00:39:13.387  3657 16304 I chatty  : uid=10040 com.google.android.gms.persistent expire 74 lines
02-06 00:39:13.394  1827  4434 I chatty  : uid=1000(system) Binder:1827_18 expire 42 lines
02-06 00:39:13.394  1827  4434 I chatty  : uid=1000(system) Binder:1827_18 identical 1 line
02-06 00:39:13.400  1827  4434 D ActivityManager: Raise procstate to external provider: ProcessRecord{74a51e1 10280:com.google.android.gms/u999a40}
02-06 00:39:13.411  1827  1845 W ActivityManager: Activity pause timeout for ActivityRecord{afd0b13 u0 com.example.f_rizzly/.MainActivity t806 f}
02-06 00:39:13.413   554   626 E ANDR-PERF-MPCTL: Invalid profile no. 0, total profiles 0 only
02-06 00:39:13.414   554   626 E ANDR-PERF-RESOURCEQS: Failed to apply optimization [2, 0]
02-06 00:39:13.416  1827  1845 D ActivityManager: Raise procstate to external provider: ProcessRecord{74a51e1 10280:com.google.android.gms/u999a40}
02-06 00:39:13.414   554   626 I chatty  : uid=0(root) perf@1.0-servic identical 1 line
02-06 00:39:13.414   554   626 E ANDR-PERF-RESOURCEQS: Failed to apply optimization [2, 0]
02-06 00:39:13.420  9311  9324 I GST     : forePkg: com.miui.home, preForePkg: com.example.f_rizzly
02-06 00:39:13.420  1574  6017 I ProcessMonitor: onForegroundInfoChanged: ForegroundInfo{mForegroundPackageName='com.miui.home', mForegroundUid=10041, mForegroundPid=2279, mLastForegroundPackageName='com.example.f_rizzly', mLastForegroundUid=10379, mLastForegroundPid=17170, mMultiWindowForegroundPackageName='null', mMultiWindowForegroundUid=-1, mFlags=0}
02-06 00:39:13.421  1574  6017 I GameBoosterService: onForegroundInfoChanged: Cur=com.miui.home	 last=com.example.f_rizzly
02-06 00:39:13.421  1574  6017 D GameBoosterService: onGameStatusChange foreground:ForegroundInfo{mForegroundPackageName='com.miui.home', mForegroundUid=10041, mForegroundPid=2279, mLastForegroundPackageName='com.example.f_rizzly', mLastForegroundUid=10379, mLastForegroundPid=17170, mMultiWindowForegroundPackageName='null', mMultiWindowForegroundUid=-1, mFlags=0}
02-06 00:39:13.421  1574  6017 I VideoBoxUtils: isSupportVideoBox: false
02-06 00:39:13.431 14062 14062 I chatty  : uid=1000(system) com.android.systemui expire 18 lines
02-06 00:39:13.431  1827  1845 I Timeline: Timeline: App_transition_ready time:269309188
02-06 00:39:13.431  1827  1845 I Timeline: Timeline: App_transition_stopped time:269309189
02-06 00:39:13.437  1574  6017 I VideoToolBoxService: splitMode: onfalse
02-06 00:39:13.437  1574  6017 I VideoToolBoxService: not support vtb. skipExit : false
02-06 00:39:13.438  1827  1845 D ActivityManager: Raise procstate to external provider: ProcessRecord{74a51e1 10280:com.google.android.gms/u999a40}
02-06 00:39:13.439  1827  4434 D ActivityManager: Raise procstate to external provider: ProcessRecord{74a51e1 10280:com.google.android.gms/u999a40}
02-06 00:39:13.455  2279  2279 D Launcher.Lifecycle: onResume:UserHandle{0},5377ed5,false
02-06 00:39:13.455  2279  2583 I RenderThread: RenderThread resumed
02-06 00:39:13.455  2279  2583 I RenderThread: All controllers paused.
02-06 00:39:13.456  2279  2583 I RenderThread: RenderThread paused, waiting for signal
02-06 00:39:13.456  2279  2421 D StatusBarController: handleMessage: flag 800000  disable false
02-06 00:39:13.460  1827  1928 V UiModeManager: switch night mode to 2
02-06 00:39:13.461  1827  3046 D ActivityManager: Raise procstate to external provider: ProcessRecord{74a51e1 10280:com.google.android.gms/u999a40}
02-06 00:39:13.462  1827  1853 I Timeline: Timeline: Activity_windows_visible id: ActivityRecord{e4a8d6a u0 com.miui.home/.launcher.Launcher t1} time:269309219
02-06 00:39:13.470  2279  2279 D Launcher_WallpaperUtils: changeStatusBarMode:false
02-06 00:39:13.471  2279  2279 I RenderVsyncUpdater: All controllers paused.
02-06 00:39:13.474  1827  4434 D ActivityManager: Raise procstate to external provider: ProcessRecord{74a51e1 10280:com.google.android.gms/u999a40}
02-06 00:39:13.484 23557 32076 D PMonitor:  onForegroundActivitiesChanged:pid = 17170,activity-uid=10379,foregroundActivities=false
02-06 00:39:13.809 16146 16162 I Finsky  : [66391] Stats for Executor: GrpcBackgroundExecutor uzx@864bcbc[Running, pool size = 1, active threads = 0, queued tasks = 0, completed tasks = 1]
02-06 00:39:13.795  1827  4434 I chatty  : uid=1000(system) Binder:1827_18 identical 6 lines
02-06 00:39:13.804  1827  4434 D ActivityManager: Raise procstate to external provider: ProcessRecord{74a51e1 10280:com.google.android.gms/u999a40}
02-06 00:39:14.048  1827  3046 D ActivityManager: Raise procstate to external provider: ProcessRecord{74a51e1 10280:com.google.android.gms/u999a40}
02-06 00:39:14.048  1827  3046 I chatty  : uid=1000(system) Binder:1827_E expire 9 lines
02-06 00:39:14.076  3657  3669 I chatty  : uid=10040(com.google.android.gms) HeapTaskDaemon expire 1 line
02-06 00:39:14.057  1827  3046 D ActivityManager: Raise procstate to external provider: ProcessRecord{74a51e1 10280:com.google.android.gms/u999a40}
02-06 00:39:14.094  1827  4434 D ActivityManager: Raise procstate to external provider: ProcessRecord{74a51e1 10280:com.google.android.gms/u999a40}
02-06 00:39:14.101  1827  4434 D ActivityManager: Raise procstate to external provider: ProcessRecord{74a51e1 10280:com.google.android.gms/u999a40}
02-06 00:39:14.124  1827  1842 D ActivityManager: Raise procstate to external provider: ProcessRecord{74a51e1 10280:com.google.android.gms/u999a40}
02-06 00:39:14.125  1827  1842 I chatty  : uid=1000(system) Binder:1827_2 expire 9 lines
02-06 00:39:14.130  1827  1842 D ActivityManager: Raise procstate to external provider: ProcessRecord{74a51e1 10280:com.google.android.gms/u999a40}
02-06 00:39:14.152  1827  4434 D ActivityManager: Raise procstate to external provider: ProcessRecord{74a51e1 10280:com.google.android.gms/u999a40}
02-06 00:39:14.160  1827  4434 D ActivityManager: Raise procstate to external provider: ProcessRecord{74a51e1 10280:com.google.android.gms/u999a40}
02-06 00:39:14.280  1827  3046 D ActivityManager: Raise procstate to external provider: ProcessRecord{74a51e1 10280:com.google.android.gms/u999a40}
02-06 00:39:14.290  1827  3046 D ActivityManager: Raise procstate to external provider: ProcessRecord{74a51e1 10280:com.google.android.gms/u999a40}
02-06 00:39:14.337  1827  4434 D ActivityManager: Raise procstate to external provider: ProcessRecord{74a51e1 10280:com.google.android.gms/u999a40}
02-06 00:39:14.347  1827  4434 D ActivityManager: Raise procstate to external provider: ProcessRecord{74a51e1 10280:com.google.android.gms/u999a40}
02-06 00:39:14.355  1827  1967 D ActivityManager: Raise procstate to external provider: ProcessRecord{74a51e1 10280:com.google.android.gms/u999a40}
02-06 00:39:14.359  1827  1967 I chatty  : uid=1000(system) miui.fg expire 3 lines
02-06 00:39:14.365 16146 16146 I Finsky  : [2] SCH: job service start with id 9345.
02-06 00:39:14.378 16146 16456 I Finsky  : [66470] SCH: Satisfied jobs for 9345 are: 12-1
02-06 00:39:14.379 16146 16933 I Finsky  : [66476] SCH: Job 12-1 starting
02-06 00:39:14.380 16146 16146 I Finsky  : [2] WM::SCH: Logging work start for 12-1
02-06 00:39:14.380 16146 16146 I Finsky  : [2] [ContentSync] job started
02-06 00:39:14.581  1827  3046 D ActivityManager: Raise procstate to external provider: ProcessRecord{74a51e1 10280:com.google.android.gms/u999a40}
02-06 00:39:14.591  1827  3046 D ActivityManager: Raise procstate to external provider: ProcessRecord{74a51e1 10280:com.google.android.gms/u999a40}
02-06 00:39:14.615  1827  7394 D ActivityManager: Raise procstate to external provider: ProcessRecord{74a51e1 10280:com.google.android.gms/u999a40}
02-06 00:39:14.615  1827  7394 I chatty  : uid=1000(system) Binder:1827_1C expire 9 lines
02-06 00:39:14.624  3657 16304 I chatty  : uid=10040 com.google.android.gms.persistent expire 12 lines
02-06 00:39:14.662  1827  7394 I chatty  : uid=1000(system) Binder:1827_1C identical 2 lines
02-06 00:39:14.669  1827  7394 D ActivityManager: Raise procstate to external provider: ProcessRecord{74a51e1 10280:com.google.android.gms/u999a40}
02-06 00:39:14.729  1827  4434 D ActivityManager: Raise procstate to external provider: ProcessRecord{74a51e1 10280:com.google.android.gms/u999a40}
02-06 00:39:14.735  1827  3046 D ActivityManager: Raise procstate to external provider: ProcessRecord{74a51e1 10280:com.google.android.gms/u999a40}
02-06 00:39:14.737  3657 16304 I Auth    : (REDACTED) [GetToken] GetToken failed for app=%s with userRecoverable status: %s 
02-06 00:39:14.741  3657 16304 W Auth    : [ChimeraGetToken] exception while trying to fetch auth tokens for app=com.google.android.gsf, scope=oauth2:https://www.googleapis.com/auth/cclog [CONTEXT service_id=153 ]
02-06 00:39:14.741  3657 16304 W Auth    : adro: GetToken failed with status code and recovery intent: BadAuthentication
02-06 00:39:14.741  3657 16304 W Auth    : 	at adrt.b(:com.google.android.gms@260235009@26.02.35 (100300-862924022):338)
02-06 00:39:14.741  3657 16304 W Auth    : 	at xiz.d(:com.google.android.gms@260235009@26.02.35 (100300-862924022):656)
02-06 00:39:14.741  3657 16304 W Auth    : 	at acuu.a(:com.google.android.gms@260235009@26.02.35 (100300-862924022):33)
02-06 00:39:14.741  3657 16304 W Auth    : 	at acva.m(:com.google.android.gms@260235009@26.02.35 (100300-862924022):34)
02-06 00:39:14.741  3657 16304 W Auth    : 	at acva.o(:com.google.android.gms@260235009@26.02.35 (100300-862924022):64)
02-06 00:39:14.741  3657 16304 W Auth    : 	at acva.h(:com.google.android.gms@260235009@26.02.35 (100300-862924022):4)
02-06 00:39:14.741  3657 16304 W Auth    : 	at adjz.d(:com.google.android.gms@260235009@26.02.35 (100300-862924022):42)
02-06 00:39:14.741  3657 16304 W Auth    : 	at bbna.b(:com.google.android.gms@260235009@26.02.35 (100300-862924022):72)
02-06 00:39:14.741  3657 16304 W Auth    : 	at com.google.android.gms.clearcut.uploader.QosUploaderChimeraService.g(:com.google.android.gms@260235009@26.02.35 (100300-862924022):1589)
02-06 00:39:14.741  3657 16304 W Auth    : 	at com.google.android.gms.clearcut.uploader.QosUploaderChimeraService.a(:com.google.android.gms@260235009@26.02.35 (100300-862924022):42)
02-06 00:39:14.741  3657 16304 W Auth    : 	at cpfa.call(:com.google.android.gms@260235009@26.02.35 (100300-862924022):30)
02-06 00:39:14.741  3657 16304 W Auth    : 	at java.util.concurrent.FutureTask.run(FutureTask.java:266)
02-06 00:39:14.741  3657 16304 W Auth    : 	at bdrn.c(:com.google.android.gms@260235009@26.02.35 (100300-862924022):50)
02-06 00:39:14.741  3657 16304 W Auth    : 	at bdrn.run(:com.google.android.gms@260235009@26.02.35 (100300-862924022):73)
02-06 00:39:14.741  3657 16304 W Auth    : 	at java.util.concurrent.ThreadPoolExecutor.runWorker(ThreadPoolExecutor.java:1167)
02-06 00:39:14.741  3657 16304 W Auth    : 	at java.util.concurrent.ThreadPoolExecutor$Worker.run(ThreadPoolExecutor.java:641)
02-06 00:39:14.741  3657 16304 W Auth    : 	at bdxe.run(:com.google.android.gms@260235009@26.02.35 (100300-862924022):8)
02-06 00:39:14.741  3657 16304 W Auth    : 	at java.lang.Thread.run(Thread.java:764)
02-06 00:39:14.742  3657 16304 W Auth    : [GoogleAuthUtil] [GoogleAuthUtil] error status:BAD_AUTHENTICATION with method:getTokenWithDetails
02-06 00:39:14.742  3657 16304 I CCTUploader: Failed to get auth token due to class com.google.android.gms.auth.UserRecoverableAuthException
02-06 00:39:14.759  3657 16304 E AuthPII : [RequestTokenManager] getToken() -> BAD_AUTHENTICATION. App: com.google.android.gms, Service: oauth2:https://www.googleapis.com/auth/cclog
02-06 00:39:14.759  3657 16304 E AuthPII : bclg: Long live credential not available.
02-06 00:39:14.759  3657 16304 E AuthPII : 	at adrp.a(:com.google.android.gms@260235009@26.02.35 (100300-862924022):1351)
02-06 00:39:14.759  3657 16304 E AuthPII : 	at adrw.b(:com.google.android.gms@260235009@26.02.35 (100300-862924022):26)
02-06 00:39:14.759  3657 16304 E AuthPII : 	at adru.a(:com.google.android.gms@260235009@26.02.35 (100300-862924022):764)
02-06 00:39:14.759  3657 16304 E AuthPII : 	at adrt.b(:com.google.android.gms@260235009@26.02.35 (100300-862924022):142)
02-06 00:39:14.759  3657 16304 E AuthPII : 	at xiz.d(:com.google.android.gms@260235009@26.02.35 (100300-862924022):656)
02-06 00:39:14.759  3657 16304 E AuthPII : 	at acuu.a(:com.google.android.gms@260235009@26.02.35 (100300-862924022):33)
02-06 00:39:14.759  3657 16304 E AuthPII : 	at acva.m(:com.google.android.gms@260235009@26.02.35 (100300-862924022):34)
02-06 00:39:14.759  3657 16304 E AuthPII : 	at acva.o(:com.google.android.gms@260235009@26.02.35 (100300-862924022):64)
02-06 00:39:14.759  3657 16304 E AuthPII : 	at acva.h(:com.google.android.gms@260235009@26.02.35 (100300-862924022):4)
02-06 00:39:14.759  3657 16304 E AuthPII : 	at adjz.d(:com.google.android.gms@260235009@26.02.35 (100300-862924022):42)
02-06 00:39:14.759  3657 16304 E AuthPII : 	at bbna.b(:com.google.android.gms@260235009@26.02.35 (100300-862924022):72)
02-06 00:39:14.759  3657 16304 E AuthPII : 	at com.google.android.gms.clearcut.uploader.QosUploaderChimeraService.g(:com.google.android.gms@260235009@26.02.35 (100300-862924022):1589)
02-06 00:39:14.759  3657 16304 E AuthPII : 	at com.google.android.gms.clearcut.uploader.QosUploaderChimeraService.a(:com.google.android.gms@260235009@26.02.35 (100300-862924022):42)
02-06 00:39:14.759  3657 16304 E AuthPII : 	at cpfa.call(:com.google.android.gms@260235009@26.02.35 (100300-862924022):30)
02-06 00:39:14.759  3657 16304 E AuthPII : 	at java.util.concurrent.FutureTask.run(FutureTask.java:266)
02-06 00:39:14.759  3657 16304 E AuthPII : 	at bdrn.c(:com.google.android.gms@260235009@26.02.35 (100300-862924022):50)
02-06 00:39:14.759  3657 16304 E AuthPII : 	at bdrn.run(:com.google.android.gms@260235009@26.02.35 (100300-862924022):73)
02-06 00:39:14.759  3657 16304 E AuthPII : 	at java.util.concurrent.ThreadPoolExecutor.runWorker(ThreadPoolExecutor.java:1167)
02-06 00:39:14.759  3657 16304 E AuthPII : 	at java.util.concurrent.ThreadPoolExecutor$Worker.run(ThreadPoolExecutor.java:641)
02-06 00:39:14.759  3657 16304 E AuthPII : 	at bdxe.run(:com.google.android.gms@260235009@26.02.35 (100300-862924022):8)
02-06 00:39:14.759  3657 16304 E AuthPII : 	at java.lang.Thread.run(Thread.java:764)
02-06 00:39:14.760  3657 16304 E AuthPII : Message is Long live credential not available.
02-06 00:39:14.760  3657 16304 E AuthPII : bclg: Long live credential not available.
02-06 00:39:14.760  3657 16304 E AuthPII : 	at adrp.a(:com.google.android.gms@260235009@26.02.35 (100300-862924022):1351)
02-06 00:39:14.760  3657 16304 E AuthPII : 	at adrw.b(:com.google.android.gms@260235009@26.02.35 (100300-862924022):26)
02-06 00:39:14.760  3657 16304 E AuthPII : 	at adru.a(:com.google.android.gms@260235009@26.02.35 (100300-862924022):764)
02-06 00:39:14.760  3657 16304 E AuthPII : 	at adrt.b(:com.google.android.gms@260235009@26.02.35 (100300-862924022):142)
02-06 00:39:14.760  3657 16304 E AuthPII : 	at xiz.d(:com.google.android.gms@260235009@26.02.35 (100300-862924022):656)
02-06 00:39:14.760  3657 16304 E AuthPII : 	at acuu.a(:com.google.android.gms@260235009@26.02.35 (100300-862924022):33)
02-06 00:39:14.760  3657 16304 E AuthPII : 	at acva.m(:com.google.android.gms@260235009@26.02.35 (100300-862924022):34)
02-06 00:39:14.760  3657 16304 E AuthPII : 	at acva.o(:com.google.android.gms@260235009@26.02.35 (100300-862924022):64)
02-06 00:39:14.760  3657 16304 E AuthPII : 	at acva.h(:com.google.android.gms@260235009@26.02.35 (100300-862924022):4)
02-06 00:39:14.760  3657 16304 E AuthPII : 	at adjz.d(:com.google.android.gms@260235009@26.02.35 (100300-862924022):42)
02-06 00:39:14.760  3657 16304 E AuthPII : 	at bbna.b(:com.google.android.gms@260235009@26.02.35 (100300-862924022):72)
02-06 00:39:14.760  3657 16304 E AuthPII : 	at com.google.android.gms.clearcut.uploader.QosUploaderChimeraService.g(:com.google.android.gms@260235009@26.02.35 (100300-862924022):1589)
02-06 00:39:14.760  3657 16304 E AuthPII : 	at com.google.android.gms.clearcut.uploader.QosUploaderChimeraService.a(:com.google.android.gms@260235009@26.02.35 (100300-862924022):42)
02-06 00:39:14.760  3657 16304 E AuthPII : 	at cpfa.call(:com.google.android.gms@260235009@26.02.35 (100300-862924022):30)
02-06 00:39:14.760  3657 16304 E AuthPII : 	at java.util.concurrent.FutureTask.run(FutureTask.java:266)
02-06 00:39:14.760  3657 16304 E AuthPII : 	at bdrn.c(:com.google.android.gms@260235009@26.02.35 (100300-862924022):50)
02-06 00:39:14.760  3657 16304 E AuthPII : 	at bdrn.run(:com.google.android.gms@260235009@26.02.35 (100300-862924022):73)
02-06 00:39:14.760  3657 16304 E AuthPII : 	at java.util.concurrent.ThreadPoolExecutor.runWorker(ThreadPoolExecutor.java:1167)
02-06 00:39:14.760  3657 16304 E AuthPII : 	at java.util.concurrent.ThreadPoolExecutor$Worker.run(ThreadPoolExecutor.java:641)
02-06 00:39:14.760  3657 16304 E AuthPII : 	at bdxe.run(:com.google.android.gms@260235009@26.02.35 (100300-862924022):8)
02-06 00:39:14.760  3657 16304 E AuthPII : 	at java.lang.Thread.run(Thread.java:764)
02-06 00:39:14.765  1827  4434 D ActivityManager: Raise procstate to external provider: ProcessRecord{74a51e1 10280:com.google.android.gms/u999a40}
02-06 00:39:14.774  1827  1842 D ActivityManager: Raise procstate to external provider: ProcessRecord{74a51e1 10280:com.google.android.gms/u999a40}
02-06 00:39:14.776  3657 16304 I Auth    : (REDACTED) [GetToken] GetToken failed for app=%s with userRecoverable status: %s 
02-06 00:39:14.777  3657 16304 W Auth    : [ChimeraGetToken] exception while trying to fetch auth tokens for app=com.google.android.gsf, scope=oauth2:https://www.googleapis.com/auth/cclog [CONTEXT service_id=153 ]
02-06 00:39:14.777  3657 16304 W Auth    : adro: GetToken failed with status code and recovery intent: BadAuthentication
02-06 00:39:14.777  3657 16304 W Auth    : 	at adrt.b(:com.google.android.gms@260235009@26.02.35 (100300-862924022):338)
02-06 00:39:14.777  3657 16304 W Auth    : 	at xiz.d(:com.google.android.gms@260235009@26.02.35 (100300-862924022):656)
02-06 00:39:14.777  3657 16304 W Auth    : 	at acuu.a(:com.google.android.gms@260235009@26.02.35 (100300-862924022):33)
02-06 00:39:14.777  3657 16304 W Auth    : 	at acva.m(:com.google.android.gms@260235009@26.02.35 (100300-862924022):34)
02-06 00:39:14.777  3657 16304 W Auth    : 	at acva.o(:com.google.android.gms@260235009@26.02.35 (100300-862924022):64)
02-06 00:39:14.777  3657 16304 W Auth    : 	at acva.h(:com.google.android.gms@260235009@26.02.35 (100300-862924022):4)
02-06 00:39:14.777  3657 16304 W Auth    : 	at adjz.d(:com.google.android.gms@260235009@26.02.35 (100300-862924022):42)
02-06 00:39:14.777  3657 16304 W Auth    : 	at bbna.b(:com.google.android.gms@260235009@26.02.35 (100300-862924022):72)
02-06 00:39:14.777  3657 16304 W Auth    : 	at com.google.android.gms.clearcut.uploader.QosUploaderChimeraService.g(:com.google.android.gms@260235009@26.02.35 (100300-862924022):1589)
02-06 00:39:14.777  3657 16304 W Auth    : 	at com.google.android.gms.clearcut.uploader.QosUploaderChimeraService.a(:com.google.android.gms@260235009@26.02.35 (100300-862924022):42)
02-06 00:39:14.777  3657 16304 W Auth    : 	at cpfa.call(:com.google.android.gms@260235009@26.02.35 (100300-862924022):30)
02-06 00:39:14.777  3657 16304 W Auth    : 	at java.util.concurrent.FutureTask.run(FutureTask.java:266)
02-06 00:39:14.777  3657 16304 W Auth    : 	at bdrn.c(:com.google.android.gms@260235009@26.02.35 (100300-862924022):50)
02-06 00:39:14.777  3657 16304 W Auth    : 	at bdrn.run(:com.google.android.gms@260235009@26.02.35 (100300-862924022):73)
02-06 00:39:14.777  3657 16304 W Auth    : 	at java.util.concurrent.ThreadPoolExecutor.runWorker(ThreadPoolExecutor.java:1167)
02-06 00:39:14.777  3657 16304 W Auth    : 	at java.util.concurrent.ThreadPoolExecutor$Worker.run(ThreadPoolExecutor.java:641)
02-06 00:39:14.777  3657 16304 W Auth    : 	at bdxe.run(:com.google.android.gms@260235009@26.02.35 (100300-862924022):8)
02-06 00:39:14.777  3657 16304 W Auth    : 	at java.lang.Thread.run(Thread.java:764)
02-06 00:39:14.777  3657 16304 W Auth    : [GoogleAuthUtil] [GoogleAuthUtil] error status:BAD_AUTHENTICATION with method:getTokenWithDetails
02-06 00:39:14.778  3657 16304 I CCTUploader: Failed to get auth token due to class com.google.android.gms.auth.UserRecoverableAuthException
02-06 00:39:14.795  3657 16304 E AuthPII : [RequestTokenManager] getToken() -> BAD_AUTHENTICATION. App: com.google.android.gms, Service: oauth2:https://www.googleapis.com/auth/cclog
02-06 00:39:14.795  3657 16304 E AuthPII : bclg: Long live credential not available.
02-06 00:39:14.795  3657 16304 E AuthPII : 	at adrp.a(:com.google.android.gms@260235009@26.02.35 (100300-862924022):1351)
02-06 00:39:14.795  3657 16304 E AuthPII : 	at adrw.b(:com.google.android.gms@260235009@26.02.35 (100300-862924022):26)
02-06 00:39:14.795  3657 16304 E AuthPII : 	at adru.a(:com.google.android.gms@260235009@26.02.35 (100300-862924022):764)
02-06 00:39:14.795  3657 16304 E AuthPII : 	at adrt.b(:com.google.android.gms@260235009@26.02.35 (100300-862924022):142)
02-06 00:39:14.795  3657 16304 E AuthPII : 	at xiz.d(:com.google.android.gms@260235009@26.02.35 (100300-862924022):656)
02-06 00:39:14.795  3657 16304 E AuthPII : 	at acuu.a(:com.google.android.gms@260235009@26.02.35 (100300-862924022):33)
02-06 00:39:14.795  3657 16304 E AuthPII : 	at acva.m(:com.google.android.gms@260235009@26.02.35 (100300-862924022):34)
02-06 00:39:14.795  3657 16304 E AuthPII : 	at acva.o(:com.google.android.gms@260235009@26.02.35 (100300-862924022):64)
02-06 00:39:14.795  3657 16304 E AuthPII : 	at acva.h(:com.google.android.gms@260235009@26.02.35 (100300-862924022):4)
02-06 00:39:14.795  3657 16304 E AuthPII : 	at adjz.d(:com.google.android.gms@260235009@26.02.35 (100300-862924022):42)
02-06 00:39:14.795  3657 16304 E AuthPII : 	at bbna.b(:com.google.android.gms@260235009@26.02.35 (100300-862924022):72)
02-06 00:39:14.795  3657 16304 E AuthPII : 	at com.google.android.gms.clearcut.uploader.QosUploaderChimeraService.g(:com.google.android.gms@260235009@26.02.35 (100300-862924022):1589)
02-06 00:39:14.795  3657 16304 E AuthPII : 	at com.google.android.gms.clearcut.uploader.QosUploaderChimeraService.a(:com.google.android.gms@260235009@26.02.35 (100300-862924022):42)
02-06 00:39:14.795  3657 16304 E AuthPII : 	at cpfa.call(:com.google.android.gms@260235009@26.02.35 (100300-862924022):30)
02-06 00:39:14.795  3657 16304 E AuthPII : 	at java.util.concurrent.FutureTask.run(FutureTask.java:266)
02-06 00:39:14.795  3657 16304 E AuthPII : 	at bdrn.c(:com.google.android.gms@260235009@26.02.35 (100300-862924022):50)
02-06 00:39:14.795  3657 16304 E AuthPII : 	at bdrn.run(:com.google.android.gms@260235009@26.02.35 (100300-862924022):73)
02-06 00:39:14.795  3657 16304 E AuthPII : 	at java.util.concurrent.ThreadPoolExecutor.runWorker(ThreadPoolExecutor.java:1167)
02-06 00:39:14.795  3657 16304 E AuthPII : 	at java.util.concurrent.ThreadPoolExecutor$Worker.run(ThreadPoolExecutor.java:641)
02-06 00:39:14.795  3657 16304 E AuthPII : 	at bdxe.run(:com.google.android.gms@260235009@26.02.35 (100300-862924022):8)
02-06 00:39:14.795  3657 16304 E AuthPII : 	at java.lang.Thread.run(Thread.java:764)
02-06 00:39:14.796  3657 16304 E AuthPII : Message is Long live credential not available.
02-06 00:39:14.796  3657 16304 E AuthPII : bclg: Long live credential not available.
02-06 00:39:14.796  3657 16304 E AuthPII : 	at adrp.a(:com.google.android.gms@260235009@26.02.35 (100300-862924022):1351)
02-06 00:39:14.796  3657 16304 E AuthPII : 	at adrw.b(:com.google.android.gms@260235009@26.02.35 (100300-862924022):26)
02-06 00:39:14.796  3657 16304 E AuthPII : 	at adru.a(:com.google.android.gms@260235009@26.02.35 (100300-862924022):764)
02-06 00:39:14.796  3657 16304 E AuthPII : 	at adrt.b(:com.google.android.gms@260235009@26.02.35 (100300-862924022):142)
02-06 00:39:14.796  3657 16304 E AuthPII : 	at xiz.d(:com.google.android.gms@260235009@26.02.35 (100300-862924022):656)
02-06 00:39:14.796  3657 16304 E AuthPII : 	at acuu.a(:com.google.android.gms@260235009@26.02.35 (100300-862924022):33)
02-06 00:39:14.796  3657 16304 E AuthPII : 	at acva.m(:com.google.android.gms@260235009@26.02.35 (100300-862924022):34)
02-06 00:39:14.796  3657 16304 E AuthPII : 	at acva.o(:com.google.android.gms@260235009@26.02.35 (100300-862924022):64)
02-06 00:39:14.796  3657 16304 E AuthPII : 	at acva.h(:com.google.android.gms@260235009@26.02.35 (100300-862924022):4)
02-06 00:39:14.796  3657 16304 E AuthPII : 	at adjz.d(:com.google.android.gms@260235009@26.02.35 (100300-862924022):42)
02-06 00:39:14.796  3657 16304 E AuthPII : 	at bbna.b(:com.google.android.gms@260235009@26.02.35 (100300-862924022):72)
02-06 00:39:14.796  3657 16304 E AuthPII : 	at com.google.android.gms.clearcut.uploader.QosUploaderChimeraService.g(:com.google.android.gms@260235009@26.02.35 (100300-862924022):1589)
02-06 00:39:14.796  3657 16304 E AuthPII : 	at com.google.android.gms.clearcut.uploader.QosUploaderChimeraService.a(:com.google.android.gms@260235009@26.02.35 (100300-862924022):42)
02-06 00:39:14.796  3657 16304 E AuthPII : 	at cpfa.call(:com.google.android.gms@260235009@26.02.35 (100300-862924022):30)
02-06 00:39:14.796  3657 16304 E AuthPII : 	at java.util.concurrent.FutureTask.run(FutureTask.java:266)
02-06 00:39:14.796  3657 16304 E AuthPII : 	at bdrn.c(:com.google.android.gms@260235009@26.02.35 (100300-862924022):50)
02-06 00:39:14.796  3657 16304 E AuthPII : 	at bdrn.run(:com.google.android.gms@260235009@26.02.35 (100300-862924022):73)
02-06 00:39:14.796  3657 16304 E AuthPII : 	at java.util.concurrent.ThreadPoolExecutor.runWorker(ThreadPoolExecutor.java:1167)
02-06 00:39:14.796  3657 16304 E AuthPII : 	at java.util.concurrent.ThreadPoolExecutor$Worker.run(ThreadPoolExecutor.java:641)
02-06 00:39:14.796  3657 16304 E AuthPII : 	at bdxe.run(:com.google.android.gms@260235009@26.02.35 (100300-862924022):8)
02-06 00:39:14.796  3657 16304 E AuthPII : 	at java.lang.Thread.run(Thread.java:764)
02-06 00:39:14.801  1827  1842 D ActivityManager: Raise procstate to external provider: ProcessRecord{74a51e1 10280:com.google.android.gms/u999a40}
02-06 00:39:14.809  1827  4434 D ActivityManager: Raise procstate to external provider: ProcessRecord{74a51e1 10280:com.google.android.gms/u999a40}
02-06 00:39:14.811  3657 16304 I Auth    : (REDACTED) [GetToken] GetToken failed for app=%s with userRecoverable status: %s 
02-06 00:39:14.812  3657 16304 W Auth    : [ChimeraGetToken] exception while trying to fetch auth tokens for app=com.google.android.gsf, scope=oauth2:https://www.googleapis.com/auth/cclog [CONTEXT service_id=153 ]
02-06 00:39:14.812  3657 16304 W Auth    : adro: GetToken failed with status code and recovery intent: BadAuthentication
02-06 00:39:14.812  3657 16304 W Auth    : 	at adrt.b(:com.google.android.gms@260235009@26.02.35 (100300-862924022):338)
02-06 00:39:14.812  3657 16304 W Auth    : 	at xiz.d(:com.google.android.gms@260235009@26.02.35 (100300-862924022):656)
02-06 00:39:14.812  3657 16304 W Auth    : 	at acuu.a(:com.google.android.gms@260235009@26.02.35 (100300-862924022):33)
02-06 00:39:14.812  3657 16304 W Auth    : 	at acva.m(:com.google.android.gms@260235009@26.02.35 (100300-862924022):34)
02-06 00:39:14.812  3657 16304 W Auth    : 	at acva.o(:com.google.android.gms@260235009@26.02.35 (100300-862924022):64)
02-06 00:39:14.812  3657 16304 W Auth    : 	at acva.h(:com.google.android.gms@260235009@26.02.35 (100300-862924022):4)
02-06 00:39:14.812  3657 16304 W Auth    : 	at adjz.d(:com.google.android.gms@260235009@26.02.35 (100300-862924022):42)
02-06 00:39:14.812  3657 16304 W Auth    : 	at bbna.b(:com.google.android.gms@260235009@26.02.35 (100300-862924022):72)
02-06 00:39:14.812  3657 16304 W Auth    : 	at com.google.android.gms.clearcut.uploader.QosUploaderChimeraService.g(:com.google.android.gms@260235009@26.02.35 (100300-862924022):1589)
02-06 00:39:14.812  3657 16304 W Auth    : 	at com.google.android.gms.clearcut.uploader.QosUploaderChimeraService.a(:com.google.android.gms@260235009@26.02.35 (100300-862924022):42)
02-06 00:39:14.812  3657 16304 W Auth    : 	at cpfa.call(:com.google.android.gms@260235009@26.02.35 (100300-862924022):30)
02-06 00:39:14.812  3657 16304 W Auth    : 	at java.util.concurrent.FutureTask.run(FutureTask.java:266)
02-06 00:39:14.812  3657 16304 W Auth    : 	at bdrn.c(:com.google.android.gms@260235009@26.02.35 (100300-862924022):50)
02-06 00:39:14.812  3657 16304 W Auth    : 	at bdrn.run(:com.google.android.gms@260235009@26.02.35 (100300-862924022):73)
02-06 00:39:14.812  3657 16304 W Auth    : 	at java.util.concurrent.ThreadPoolExecutor.runWorker(ThreadPoolExecutor.java:1167)
02-06 00:39:14.812  3657 16304 W Auth    : 	at java.util.concurrent.ThreadPoolExecutor$Worker.run(ThreadPoolExecutor.java:641)
02-06 00:39:14.812  3657 16304 W Auth    : 	at bdxe.run(:com.google.android.gms@260235009@26.02.35 (100300-862924022):8)
02-06 00:39:14.812  3657 16304 W Auth    : 	at java.lang.Thread.run(Thread.java:764)
02-06 00:39:14.812  3657 16304 W Auth    : [GoogleAuthUtil] [GoogleAuthUtil] error status:BAD_AUTHENTICATION with method:getTokenWithDetails
02-06 00:39:14.813  3657 16304 I CCTUploader: Failed to get auth token due to class com.google.android.gms.auth.UserRecoverableAuthException
02-06 00:39:14.895  3657  3657 D BoundBrokerSvc: onUnbind: Intent { act=com.google.android.gms.libs.gmscorelogger.service.START dat=chimera-action: cmp=com.google.android.gms/.chimera.PersistentDirectBootAwareApiService }
02-06 00:39:15.027  3657 16304 E AuthPII : [RequestTokenManager] getToken() -> BAD_AUTHENTICATION. App: com.google.android.gms, Service: oauth2:https://www.googleapis.com/auth/cclog
02-06 00:39:15.027  3657 16304 E AuthPII : bclg: Long live credential not available.
02-06 00:39:15.027  3657 16304 E AuthPII : 	at adrp.a(:com.google.android.gms@260235009@26.02.35 (100300-862924022):1351)
02-06 00:39:15.027  3657 16304 E AuthPII : 	at adrw.b(:com.google.android.gms@260235009@26.02.35 (100300-862924022):26)
02-06 00:39:15.027  3657 16304 E AuthPII : 	at adru.a(:com.google.android.gms@260235009@26.02.35 (100300-862924022):764)
02-06 00:39:15.027  3657 16304 E AuthPII : 	at adrt.b(:com.google.android.gms@260235009@26.02.35 (100300-862924022):142)
02-06 00:39:15.027  3657 16304 E AuthPII : 	at xiz.d(:com.google.android.gms@260235009@26.02.35 (100300-862924022):656)
02-06 00:39:15.027  3657 16304 E AuthPII : 	at acuu.a(:com.google.android.gms@260235009@26.02.35 (100300-862924022):33)
02-06 00:39:15.027  3657 16304 E AuthPII : 	at acva.m(:com.google.android.gms@260235009@26.02.35 (100300-862924022):34)
02-06 00:39:15.027  3657 16304 E AuthPII : 	at acva.o(:com.google.android.gms@260235009@26.02.35 (100300-862924022):64)
02-06 00:39:15.027  3657 16304 E AuthPII : 	at acva.h(:com.google.android.gms@260235009@26.02.35 (100300-862924022):4)
02-06 00:39:15.027  3657 16304 E AuthPII : 	at adjz.d(:com.google.android.gms@260235009@26.02.35 (100300-862924022):42)
02-06 00:39:15.027  3657 16304 E AuthPII : 	at bbna.b(:com.google.android.gms@260235009@26.02.35 (100300-862924022):72)
02-06 00:39:15.027  3657 16304 E AuthPII : 	at com.google.android.gms.clearcut.uploader.QosUploaderChimeraService.g(:com.google.android.gms@260235009@26.02.35 (100300-862924022):1589)
