02-06 00:38:53.493  3657  5489 I chatty  : uid=10040(com.google.android.gms) Binder:3657_8 expire 20 lines
02-06 00:38:53.366  1827  7394 I chatty  : uid=1000(system) Binder:1827_1C identical 2 lines
02-06 00:38:53.423  1827  7394 D ActivityManager: Raise procstate to external provider: ProcessRecord{74a51e1 10280:com.google.android.gms/u999a40}
02-06 00:38:53.498  1827  3045 D ActivityManager: Raise procstate to external provider: ProcessRecord{74a51e1 10280:com.google.android.gms/u999a40}
02-06 00:38:53.505 16959 17025 D HttpFlagsLoader: Found application exporting HTTP flags: com.google.android.gms
02-06 00:38:53.506 16959 17025 D HttpFlagsLoader: HTTP flags file path: /data/user_de/0/com.google.android.gms/app_httpflags/flags.binarypb
02-06 00:38:53.507  3657  9242 I chatty  : uid=10040(com.google.android.gms) Binder:3657_A expire 9 lines
02-06 00:38:53.504  1827  3045 D ActivityManager: Raise procstate to external provider: ProcessRecord{74a51e1 10280:com.google.android.gms/u999a40}
02-06 00:38:53.514  1827  9204 D ActivityManager: Raise procstate to external provider: ProcessRecord{74a51e1 10280:com.google.android.gms/u999a40}
02-06 00:38:53.519 16959 17025 I HttpFlagsLoader: HTTP flags log line (API): Using live production flag values from Google
02-06 00:38:53.540 16959 17095 W VideoCapabilities: Unsupported mime video/divx
02-06 00:38:53.531  1827  9204 D ActivityManager: Raise procstate to external provider: ProcessRecord{74a51e1 10280:com.google.android.gms/u999a40}
02-06 00:38:53.542  1827  3045 D ActivityManager: Raise procstate to external provider: ProcessRecord{74a51e1 10280:com.google.android.gms/u999a40}
02-06 00:38:53.542  1827  9204 D ActivityManager: Raise procstate to external provider: ProcessRecord{74a51e1 10280:com.google.android.gms/u999a40}
02-06 00:38:53.544 16959 17095 W VideoCapabilities: Unsupported mime video/divx311
02-06 00:38:53.548 16959 17095 W VideoCapabilities: Unsupported mime video/divx4
02-06 00:38:53.550  1827  7394 D ActivityManager: Raise procstate to external provider: ProcessRecord{74a51e1 10280:com.google.android.gms/u999a40}
02-06 00:38:53.556  1827  9204 D ActivityManager: Raise procstate to external provider: ProcessRecord{74a51e1 10280:com.google.android.gms/u999a40}
02-06 00:38:53.556 16959 17025 W chbox:googleap: Unsupported class loader
02-06 00:38:53.573 16959 17025 W chbox:googleap: Skipping duplicate class check due to unsupported classloader
02-06 00:38:53.575 16959 17025 I DynamiteModule: Considering local module com.google.android.gms.cronet_dynamite:0 and remote module com.google.android.gms.cronet_dynamite:4311
02-06 00:38:53.575 16959 17025 I DynamiteModule: Selected remote version of com.google.android.gms.cronet_dynamite, version >= 4311
02-06 00:38:53.575 16959 17025 V DynamiteModule: Dynamite loader version >= 2, using loadModule2NoCrashUtils
02-06 00:38:53.579 16959 17095 W VideoCapabilities: Unrecognized profile 4 for video/hevc
02-06 00:38:53.581 16959 17095 W VideoCapabilities: Unrecognized profile/level 0/3 for video/mpeg2
02-06 00:38:53.586 16959 17095 W VideoCapabilities: Unrecognized profile/level 0/3 for video/mpeg2
02-06 00:38:53.591 16959 17095 W VideoCapabilities: Unsupported mime video/x-ms-wmv
02-06 00:38:53.592 16959 17095 I chatty  : uid=10042(com.google.android.googlequicksearchbox) ThreadPoolSingl identical 1 line
02-06 00:38:53.594 16959 17095 W VideoCapabilities: Unsupported mime video/x-ms-wmv
02-06 00:38:53.618 16959 17025 W chbox:googleap: Unknown chunk type '200'.
02-06 00:38:53.618 16959 17025 I chatty  : uid=10042 com.google.android.googlequicksearchbox:googleapp identical 1 line
02-06 00:38:53.619 16959 17025 W chbox:googleap: Unknown chunk type '200'.
02-06 00:38:53.626 16959 17095 I VideoCapabilities: Unsupported profile 4 for video/mp4v-es
02-06 00:38:53.629 16959 17095 W Utils   : could not parse long range '175-174'
02-06 00:38:53.645 16959 17025 W chbox:googleap: Unsupported class loader
02-06 00:38:53.653 16959 17025 W chbox:googleap: Skipping duplicate class check due to unsupported classloader
02-06 00:38:53.686  3657  3657 I chatty  : uid=10040 com.google.android.gms.persistent expire 1 line
02-06 00:38:53.608  1827  9204 I chatty  : uid=1000(system) Binder:1827_1F identical 2 lines
02-06 00:38:53.682  1827  9204 D ActivityManager: Raise procstate to external provider: ProcessRecord{74a51e1 10280:com.google.android.gms/u999a40}
02-06 00:38:53.687  1827  9204 D ConnectivityService: requestNetwork for uid/pid:10042/16959 NetworkRequest [ TRACK_DEFAULT id=11897, [ Capabilities: INTERNET&NOT_RESTRICTED&TRUSTED Unwanted:  Uid: 10042] ]
02-06 00:38:53.688  1827  1941 D WIFI    : got request NetworkRequest [ TRACK_DEFAULT id=11897, [ Capabilities: INTERNET&NOT_RESTRICTED&TRUSTED Unwanted:  Uid: 10042] ] with score 60
02-06 00:38:53.688  1827  1941 D WIFI_UT : got request NetworkRequest [ TRACK_DEFAULT id=11897, [ Capabilities: INTERNET&NOT_RESTRICTED&TRUSTED Unwanted:  Uid: 10042] ] with score 60
02-06 00:38:53.688  1827  1993 D Ethernet: got request NetworkRequest [ TRACK_DEFAULT id=11897, [ Capabilities: INTERNET&NOT_RESTRICTED&TRUSTED Unwanted:  Uid: 10042] ] with score 60
02-06 00:38:53.689 15565 15565 D PhoneSwitcherNetworkRequstListener: got request NetworkRequest [ TRACK_DEFAULT id=11897, [ Capabilities: INTERNET&NOT_RESTRICTED&TRUSTED Unwanted:  Uid: 10042] ] with score 60
02-06 00:38:53.691  2492  2492 D QcrilMsgTunnelIfaceManager: handleMessage what = 1
02-06 00:38:53.692  2492  2492 I QcrilOemhookMsgTunnel: [0]invokeOemRilRequestRaw: serial=34678 length=24
02-06 00:38:53.694  2492  2521 I QcrilOemhookMsgTunnel: [0]processOemHookResponse serial no: 34678 error: 0length=0
02-06 00:38:53.694  2492  2492 D QcrilMsgTunnelIfaceManager: handleMessage what = 2
02-06 00:38:53.695  2492  2492 D QcrilMsgTunnelIfaceManager: handleMessage what = 1
02-06 00:38:53.696  2492  2492 I QcrilOemhookMsgTunnel: [1]invokeOemRilRequestRaw: serial=34679 length=24
02-06 00:38:53.696  2492  2521 I QcrilOemhookMsgTunnel: [0]processOemHookIndication length=28
02-06 00:38:53.696  2492  2492 D QcrilMsgTunnelIfaceManager: handleMessage what = 0
02-06 00:38:53.698  2492  2521 I QcrilOemhookMsgTunnel: [1]processOemHookResponse serial no: 34679 error: 0length=0
02-06 00:38:53.699  2492  2492 D QcrilMsgTunnelIfaceManager: handleMessage what = 2
02-06 00:38:53.700  2492  2521 I QcrilOemhookMsgTunnel: [1]processOemHookIndication length=28
02-06 00:38:53.700  2492  2492 D QcrilMsgTunnelIfaceManager: handleMessage what = 0
02-06 00:38:53.713 16959 17025 I cn_CronetLibraryLoader: Cronet version: 145.0.7608.0, arch: armv7l
02-06 00:38:53.727 16959 17147 W chromium: [0206/003853.727708:WARNING:components/cronet/url_request_context_config.cc:769] Unrecognized Cronet experimental option "enable_telemetry" with params "true
02-06 00:38:53.727 16959 17147 W chromium: 
02-06 00:38:53.793  1827  3045 D ActivityManager: Raise procstate to external provider: ProcessRecord{74a51e1 10280:com.google.android.gms/u999a40}
02-06 00:38:53.934  1827  1936 D NtpTrustedTime: currentTimeMillis() cache hit
02-06 00:38:53.937  1827  7394 D ActivityManager: Raise procstate to external provider: ProcessRecord{74a51e1 10280:com.google.android.gms/u999a40}
02-06 00:38:53.982  1827  1936 D NtpTrustedTime: currentTimeMillis() cache hit
02-06 00:38:53.995  1574  2141 D TrafficManageService: onReceive: intent.action = com.android.server.action.NETWORK_STATS_UPDATED
02-06 00:38:54.126 16146 17131 I PlayCommon: [66481] Preparing logs for uploading
02-06 00:38:54.129 16146 17131 I PlayCommon: [66481] Connecting to server for timestamp: https://play.googleapis.com/play/log/timestamp
02-06 00:38:54.164  1827  7394 D CompatibilityInfo: mCompatibilityFlags - 0
02-06 00:38:54.164  1827  7394 D CompatibilityInfo: applicationDensity - 320
02-06 00:38:54.164  1827  7394 D CompatibilityInfo: applicationScale - 1.0
02-06 00:38:54.163  1827  7394 D ActivityManager: Raise procstate to external provider: ProcessRecord{74a51e1 10280:com.google.android.gms/u999a40}
02-06 00:38:54.171  1827  9204 D ActivityManager: Raise procstate to external provider: ProcessRecord{74a51e1 10280:com.google.android.gms/u999a40}
02-06 00:38:54.184 16146 16935 I Finsky  : [66477] Completed 1 account content syncs with 0 successful.
02-06 00:38:54.185 16146 16146 I Finsky  : [2] [ContentSync] Installation state replication failed, parameters=Id: 12-1, CT: 1770334713178, Constraints: [{ L: 15000, D: 86400000, C: CHARGING_NONE, I: IDLE_NONE, N: NET_ANY, B: BATTERY_ANY }].
02-06 00:38:54.185 16146 16146 I Finsky  : [2] [ContentSync] Scheduling replication attempt 0.
02-06 00:38:54.185 16146 16146 I Finsky  : [2] SCH: jobFinished: 12-1. TimeElapsed: 5936ms.
02-06 00:38:54.186 16146 16146 I Finsky  : [2] WM::SCH: Logging work end for 12-1
02-06 00:38:54.352 16146 16456 I Finsky  : [66470] SCH: Attempting to reschedule job: Id: 12-1, Constraints: [{ L: 20000, D: 86400000, C: CHARGING_NONE, I: IDLE_NONE, N: NET_ANY, B: BATTERY_ANY }]
02-06 00:38:54.447 16146 16178 I Finsky  : [66407] SCH: Scheduling phonesky job Id: 1-1337, CT: 1770332574310, Constraints: [{ L: 43196699, D: 86396699, C: CHARGING_NONE, I: IDLE_NONE, N: NET_ANY, B: BATTERY_ANY }]
02-06 00:38:54.447 16146 16178 I Finsky  : [66407] SCH: Scheduling phonesky job Id: 34-2133, CT: 1770332611407, Constraints: [{ L: 604800000, D: 2582945207, C: CHARGING_NONE, I: IDLE_NONE, N: NET_ANY, B: BATTERY_ANY }]
02-06 00:38:54.447 16146 16178 I Finsky  : [66407] SCH: Scheduling phonesky job Id: 34-2136, CT: 1770332611407, Constraints: [{ L: 70138096, D: 1366138096, C: CHARGING_NONE, I: IDLE_NONE, N: NET_ANY, B: BATTERY_ANY }]
02-06 00:38:54.299  1827  9204 I chatty  : uid=1000(system) Binder:1827_1F identical 2 lines
02-06 00:38:54.304  1827  9204 D ActivityManager: Raise procstate to external provider: ProcessRecord{74a51e1 10280:com.google.android.gms/u999a40}
02-06 00:38:54.464  1827  7394 D ActivityManager: Raise procstate to external provider: ProcessRecord{74a51e1 10280:com.google.android.gms/u999a40}
02-06 00:38:54.465  1827  7394 D CompatibilityInfo: mCompatibilityFlags - 0
02-06 00:38:54.465  1827  7394 D CompatibilityInfo: applicationDensity - 320
02-06 00:38:54.465  1827  7394 D CompatibilityInfo: applicationScale - 1.0
02-06 00:38:54.483 16146 16186 I Finsky  : [66415] SCH: Scheduling 1 system job(s)
02-06 00:38:54.483 16146 16186 I Finsky  : [66415] SCH: Scheduling system job Id: 9345, L: 41036526, D: 84236526, C: false, I: false, N: 1
02-06 00:38:54.483  3657 16304 I chatty  : uid=10040 com.google.android.gms.persistent expire 36 lines
02-06 00:38:54.494  1827  7394 D CompatibilityInfo: mCompatibilityFlags - 0
02-06 00:38:54.494  1827  7394 D CompatibilityInfo: applicationDensity - 320
02-06 00:38:54.494  1827  7394 D CompatibilityInfo: applicationScale - 1.0
02-06 00:38:54.493  1827  7394 I chatty  : uid=1000(system) Binder:1827_1C identical 1 line
02-06 00:38:54.500  1827  7394 D ActivityManager: Raise procstate to external provider: ProcessRecord{74a51e1 10280:com.google.android.gms/u999a40}
02-06 00:38:54.501  1827  9204 D ActivityManager: Raise procstate to external provider: ProcessRecord{74a51e1 10280:com.google.android.gms/u999a40}
02-06 00:38:54.526 16959 17145 D NetworkSecurityConfig: Using Network Security Config from resource network_security_config debugBuild: false
02-06 00:38:54.535  1827  4434 D ActivityManager: Raise procstate to external provider: ProcessRecord{74a51e1 10280:com.google.android.gms/u999a40}
02-06 00:38:54.546 16146 16933 I Finsky  : [66476] SCH: job service finished with id 9326.
02-06 00:38:54.547  1827  3045 D ActivityManager: Raise procstate to external provider: ProcessRecord{74a51e1 10280:com.google.android.gms/u999a40}
02-06 00:38:54.548  1827  4434 D ActivityManager: Raise procstate to external provider: ProcessRecord{74a51e1 10280:com.google.android.gms/u999a40}
02-06 00:38:54.549  1827  4434 D CompatibilityInfo: mCompatibilityFlags - 0
02-06 00:38:54.549  1827  4434 D CompatibilityInfo: applicationDensity - 320
02-06 00:38:54.549  1827  4434 D CompatibilityInfo: applicationScale - 1.0
02-06 00:38:54.571  1827  3045 D ActivityManager: Raise procstate to external provider: ProcessRecord{74a51e1 10280:com.google.android.gms/u999a40}
02-06 00:38:54.730 16146 16174 I Finsky  : [66403] WM::SCH: Logging work initialize for 12-1
02-06 00:38:54.895  3657 14233 I chatty  : uid=10040(com.google.android.gms) Binder:3657_C expire 5 lines
02-06 00:38:54.903  1827  7394 D ActivityManager: Raise procstate to external provider: ProcessRecord{74a51e1 10280:com.google.android.gms/u999a40}
02-06 00:38:54.904  1827  7394 D CompatibilityInfo: mCompatibilityFlags - 0
02-06 00:38:54.904  1827  7394 D CompatibilityInfo: applicationDensity - 320
02-06 00:38:54.904  1827  7394 D CompatibilityInfo: applicationScale - 1.0
02-06 00:38:54.913  1827  7394 D ActivityManager: Raise procstate to external provider: ProcessRecord{74a51e1 10280:com.google.android.gms/u999a40}
02-06 00:38:54.920  1827  9204 D ActivityManager: Raise procstate to external provider: ProcessRecord{74a51e1 10280:com.google.android.gms/u999a40}
02-06 00:38:54.922 16146 17131 W PlayCommon: [66481] Deferring log upload because couldn't retrieve auth token
02-06 00:38:55.003 16146 16181 I Finsky  : [66410] SCH: Scheduling phonesky job Id: 12-1, CT: 1770334734352, Constraints: [{ L: 20000, D: 86400000, C: CHARGING_NONE, I: IDLE_NONE, N: NET_ANY, B: BATTERY_ANY }]
02-06 00:38:55.074 16146 16186 I Finsky  : [66415] SCH: Scheduling 1 system job(s)
02-06 00:38:55.074 16146 16186 I Finsky  : [66415] SCH: Scheduling system job Id: 9345, L: 19278, D: 84235935, C: false, I: false, N: 1
02-06 00:38:55.165  1827  9204 D CompatibilityInfo: mCompatibilityFlags - 0
02-06 00:38:55.165  1827  9204 D CompatibilityInfo: applicationDensity - 320
02-06 00:38:55.165  1827  9204 D CompatibilityInfo: applicationScale - 1.0
02-06 00:38:55.186  1827  9204 D CompatibilityInfo: mCompatibilityFlags - 0
02-06 00:38:55.186  1827  9204 D CompatibilityInfo: applicationDensity - 320
02-06 00:38:55.186  1827  9204 D CompatibilityInfo: applicationScale - 1.0
02-06 00:38:55.212 14062 14251 D MobileSignalController: onSignalStrengthsChanged: SignalStrength: 99 0 -120 -160 -120 -160 -1 20 -106 -14 118 2147483647 0 2147483647 99 255 2147483647 gsm|lte use_rsrp_and_rssnr_for_lte_level  [-120, -115, -110, -105, -97] [-115, -105, -95, -85]
02-06 00:38:55.212 14062 14251 D NetworkController.MobileSignalController(3): 4G level = 3
02-06 00:38:55.186  1827  9204 I chatty  : uid=1000(system) Binder:1827_1F identical 2 lines
02-06 00:38:55.193  1827  9204 D ActivityManager: Raise procstate to external provider: ProcessRecord{74a51e1 10280:com.google.android.gms/u999a40}
02-06 00:38:55.393  1827  7394 D ActivityManager: Raise procstate to external provider: ProcessRecord{74a51e1 10280:com.google.android.gms/u999a40}
02-06 00:38:55.459  1827  7394 D CompatibilityInfo: mCompatibilityFlags - 0
02-06 00:38:55.459  1827  7394 D CompatibilityInfo: applicationDensity - 320
02-06 00:38:55.459  1827  7394 D CompatibilityInfo: applicationScale - 1.0
02-06 00:38:55.459  1827  7394 I chatty  : uid=1000(system) Binder:1827_1C identical 1 line
02-06 00:38:55.466  1827  7394 D ActivityManager: Raise procstate to external provider: ProcessRecord{74a51e1 10280:com.google.android.gms/u999a40}
02-06 00:38:55.494  1827  9204 D ActivityManager: Raise procstate to external provider: ProcessRecord{74a51e1 10280:com.google.android.gms/u999a40}
02-06 00:38:55.495  1827  9204 D CompatibilityInfo: mCompatibilityFlags - 0
02-06 00:38:55.495  1827  9204 D CompatibilityInfo: applicationDensity - 320
02-06 00:38:55.495  1827  9204 D CompatibilityInfo: applicationScale - 1.0
02-06 00:38:55.524   864   864 I ConfigStore: android::hardware::configstore::V1_0::ISurfaceFlingerConfigs::hasHDRDisplay retrieved: 0
02-06 00:38:55.525   864   864 I ConfigStore: android::hardware::configstore::V1_0::ISurfaceFlingerConfigs::hasHDRDisplay retrieved: 0
02-06 00:38:55.502  1827  9204 D ActivityManager: Raise procstate to external provider: ProcessRecord{74a51e1 10280:com.google.android.gms/u999a40}
02-06 00:38:55.535  1827  3045 D ActivityManager: Raise procstate to external provider: ProcessRecord{74a51e1 10280:com.google.android.gms/u999a40}
02-06 00:38:55.535  1827  3045 D CompatibilityInfo: mCompatibilityFlags - 0
02-06 00:38:55.535  1827  3045 D CompatibilityInfo: applicationDensity - 320
02-06 00:38:55.535  1827  3045 D CompatibilityInfo: applicationScale - 1.0
02-06 00:38:55.540   864   864 I ConfigStore: android::hardware::configstore::V1_0::ISurfaceFlingerConfigs::hasHDRDisplay retrieved: 0
02-06 00:38:55.541   864   864 I ConfigStore: android::hardware::configstore::V1_0::ISurfaceFlingerConfigs::hasHDRDisplay retrieved: 0
02-06 00:38:55.571  1827  3045 D CompatibilityInfo: mCompatibilityFlags - 0
02-06 00:38:55.571  1827  3045 D CompatibilityInfo: applicationDensity - 320
02-06 00:38:55.571  1827  3045 D CompatibilityInfo: applicationScale - 1.0
02-06 00:38:55.839  3657 16304 I chatty  : uid=10040 com.google.android.gms.persistent expire 54 lines
02-06 00:38:55.570  1827  3045 I chatty  : uid=1000(system) Binder:1827_D identical 2 lines
02-06 00:38:55.578  1827  3045 D ActivityManager: Raise procstate to external provider: ProcessRecord{74a51e1 10280:com.google.android.gms/u999a40}
02-06 00:38:55.851  1827  9204 D ActivityManager: Raise procstate to external provider: ProcessRecord{74a51e1 10280:com.google.android.gms/u999a40}
02-06 00:38:55.853  1827  9204 D CompatibilityInfo: mCompatibilityFlags - 0
02-06 00:38:55.853  1827  9204 D CompatibilityInfo: applicationDensity - 320
02-06 00:38:55.853  1827  9204 D CompatibilityInfo: applicationScale - 1.0
02-06 00:38:55.866  1827  9204 D ActivityManager: Raise procstate to external provider: ProcessRecord{74a51e1 10280:com.google.android.gms/u999a40}
02-06 00:38:55.904  1827  7394 D ActivityManager: Raise procstate to external provider: ProcessRecord{74a51e1 10280:com.google.android.gms/u999a40}
02-06 00:38:55.905  1827  7394 D CompatibilityInfo: mCompatibilityFlags - 0
02-06 00:38:55.905  1827  7394 D CompatibilityInfo: applicationDensity - 320
02-06 00:38:55.905  1827  7394 D CompatibilityInfo: applicationScale - 1.0
02-06 00:38:55.914  1827  7394 D ActivityManager: Raise procstate to external provider: ProcessRecord{74a51e1 10280:com.google.android.gms/u999a40}
02-06 00:38:55.959  1827  3045 D ActivityManager: Raise procstate to external provider: ProcessRecord{74a51e1 10280:com.google.android.gms/u999a40}
02-06 00:38:55.960  1827  3045 D CompatibilityInfo: mCompatibilityFlags - 0
02-06 00:38:55.960  1827  3045 D CompatibilityInfo: applicationDensity - 320
02-06 00:38:55.960  1827  3045 D CompatibilityInfo: applicationScale - 1.0
02-06 00:38:55.969  1827  3045 D ActivityManager: Raise procstate to external provider: ProcessRecord{74a51e1 10280:com.google.android.gms/u999a40}
02-06 00:38:56.002  1827  4434 D ActivityManager: Raise procstate to external provider: ProcessRecord{74a51e1 10280:com.google.android.gms/u999a40}
02-06 00:38:56.003  1827  4434 D CompatibilityInfo: mCompatibilityFlags - 0
02-06 00:38:56.003  1827  4434 D CompatibilityInfo: applicationDensity - 320
02-06 00:38:56.003  1827  4434 D CompatibilityInfo: applicationScale - 1.0
02-06 00:38:56.010  1827  4434 D ActivityManager: Raise procstate to external provider: ProcessRecord{74a51e1 10280:com.google.android.gms/u999a40}
02-06 00:38:56.043  1827  3045 D ActivityManager: Raise procstate to external provider: ProcessRecord{74a51e1 10280:com.google.android.gms/u999a40}
02-06 00:38:56.043  1827  3045 D CompatibilityInfo: mCompatibilityFlags - 0
02-06 00:38:56.043  1827  3045 D CompatibilityInfo: applicationDensity - 320
02-06 00:38:56.043  1827  3045 D CompatibilityInfo: applicationScale - 1.0
02-06 00:38:56.050  1827  3045 D ActivityManager: Raise procstate to external provider: ProcessRecord{74a51e1 10280:com.google.android.gms/u999a40}
02-06 00:38:56.087  1827  4434 D ActivityManager: Raise procstate to external provider: ProcessRecord{74a51e1 10280:com.google.android.gms/u999a40}
02-06 00:38:56.088  1827  4434 D CompatibilityInfo: mCompatibilityFlags - 0
02-06 00:38:56.088  1827  4434 D CompatibilityInfo: applicationDensity - 320
02-06 00:38:56.088  1827  4434 D CompatibilityInfo: applicationScale - 1.0
02-06 00:38:56.097  1827  4434 D ActivityManager: Raise procstate to external provider: ProcessRecord{74a51e1 10280:com.google.android.gms/u999a40}
02-06 00:38:56.123  1827  7394 D ActivityManager: Raise procstate to external provider: ProcessRecord{74a51e1 10280:com.google.android.gms/u999a40}
02-06 00:38:56.125  1827  9204 D ActivityManager: Raise procstate to external provider: ProcessRecord{74a51e1 10280:com.google.android.gms/u999a40}
02-06 00:38:56.127  1827  4434 D ActivityManager: Raise procstate to external provider: ProcessRecord{74a51e1 10280:com.google.android.gms/u999a40}
02-06 00:38:56.127 10181 10181 I chatty  : uid=10040(com.google.android.gms) expire 1 line
02-06 00:38:56.128  1827  7394 D ActivityManager: Raise procstate to external provider: ProcessRecord{74a51e1 10280:com.google.android.gms/u999a40}
02-06 00:38:56.133  1827  7394 D ActivityManager: Raise procstate to external provider: ProcessRecord{74a51e1 10280:com.google.android.gms/u999a40}
02-06 00:38:56.136  1827  9204 D ActivityManager: Raise procstate to external provider: ProcessRecord{74a51e1 10280:com.google.android.gms/u999a40}
02-06 00:38:56.136  1827  9204 D CompatibilityInfo: mCompatibilityFlags - 0
02-06 00:38:56.136  1827  9204 D CompatibilityInfo: applicationDensity - 320
02-06 00:38:56.136  1827  9204 D CompatibilityInfo: applicationScale - 1.0
02-06 00:38:56.138  1827  3045 D ActivityManager: Raise procstate to external provider: ProcessRecord{74a51e1 10280:com.google.android.gms/u999a40}
02-06 00:38:56.139  1827  3045 I ActivityManager: Killing 15940:com.shazam.android/u0a202 (adj 904): empty #17
02-06 00:38:56.140  1827  3045 I ActivityManager: Killing 15070:com.superlive.liveapp/u0a231 (adj 906): empty #18
02-06 00:38:56.140  1827  1848 W libprocessgroup: kill(-15940, 9) failed: No such process
02-06 00:38:56.147  1827  3045 D ActivityManager: Raise procstate to external provider: ProcessRecord{74a51e1 10280:com.google.android.gms/u999a40}
02-06 00:38:56.146  1827  1848 W libprocessgroup: kill(-15940, 9) failed: No such process
02-06 00:38:56.151  1827  1848 W libprocessgroup: kill(-15940, 9) failed: No such process
02-06 00:38:56.158  1827  1848 W libprocessgroup: kill(-15940, 9) failed: No such process
02-06 00:38:56.164  1827  4434 D ConnectivityService: ConnectivityService NetworkRequestInfo binderDied(NetworkRequest [ TRACK_DEFAULT id=11886, [ Capabilities: INTERNET&NOT_RESTRICTED&TRUSTED Unwanted:  Uid: 10202] ], android.os.BinderProxy@780f40c)
02-06 00:38:56.164  1827  1946 D ConnectivityService: releasing NetworkRequest [ TRACK_DEFAULT id=11886, [ Capabilities: INTERNET&NOT_RESTRICTED&TRUSTED Unwanted:  Uid: 10202] ] (release request)
02-06 00:38:56.163  1827  1848 W libprocessgroup: kill(-15940, 9) failed: No such process
02-06 00:38:56.165   877   877 I Zygote  : Process 15940 exited due to signal (9)
02-06 00:38:56.165 23557 28716 D PMonitor:  onProcessDied:pid = 15940,died-uid=10202
02-06 00:38:56.167  2492  2492 D QcrilMsgTunnelIfaceManager: handleMessage what = 1
02-06 00:38:56.168  2492  2492 I QcrilOemhookMsgTunnel: [0]invokeOemRilRequestRaw: serial=34680 length=24
02-06 00:38:56.168  1827  2020 D ActivityManager: Raise procstate to external provider: ProcessRecord{74a51e1 10280:com.google.android.gms/u999a40}
02-06 00:38:56.168  2492  2521 I QcrilOemhookMsgTunnel: [0]processOemHookResponse serial no: 34680 error: 0length=0
02-06 00:38:56.169  2492  2492 D QcrilMsgTunnelIfaceManager: handleMessage what = 2
02-06 00:38:56.169  1827  1848 W libprocessgroup: kill(-15940, 9) failed: No such process
02-06 00:38:56.169  1827  1848 I libprocessgroup: Successfully killed process cgroup uid 10202 pid 15940 in 28ms
02-06 00:38:56.169  1827  1848 W libprocessgroup: kill(-15070, 9) failed: No such process
02-06 00:38:56.170  2492  2492 D QcrilMsgTunnelIfaceManager: handleMessage what = 1
02-06 00:38:56.170  2492  2521 I QcrilOemhookMsgTunnel: [0]processOemHookIndication length=28
02-06 00:38:56.171  2492  2492 I QcrilOemhookMsgTunnel: [1]invokeOemRilRequestRaw: serial=34681 length=24
02-06 00:38:56.171  2492  2492 D QcrilMsgTunnelIfaceManager: handleMessage what = 0
02-06 00:38:56.171  1827  2277 D ConnectivityService: ConnectivityService NetworkRequestInfo binderDied(NetworkRequest [ TRACK_DEFAULT id=11876, [ Capabilities: INTERNET&NOT_RESTRICTED&TRUSTED Unwanted:  Uid: 10231] ], android.os.BinderProxy@98bc155)
02-06 00:38:56.171  1827  1946 D ConnectivityService: releasing NetworkRequest [ TRACK_DEFAULT id=11876, [ Capabilities: INTERNET&NOT_RESTRICTED&TRUSTED Unwanted:  Uid: 10231] ] (release request)
02-06 00:38:56.171  1827  4434 D ConnectivityService: ConnectivityService NetworkRequestInfo binderDied(NetworkRequest [ TRACK_DEFAULT id=11877, [ Capabilities: INTERNET&NOT_RESTRICTED&TRUSTED Unwanted:  Uid: 10231] ], android.os.BinderProxy@227676a)
02-06 00:38:56.172  1827  1946 D ConnectivityService: releasing NetworkRequest [ TRACK_DEFAULT id=11877, [ Capabilities: INTERNET&NOT_RESTRICTED&TRUSTED Unwanted:  Uid: 10231] ] (release request)
02-06 00:38:56.172  2492  2521 I QcrilOemhookMsgTunnel: [1]processOemHookResponse serial no: 34681 error: 0length=0
02-06 00:38:56.172 23557 28716 D PMonitor:  onProcessDied:pid = 15070,died-uid=10231
02-06 00:38:56.173   877   877 I Zygote  : Process 15070 exited due to signal (9)
02-06 00:38:56.174  1827  1848 W libprocessgroup: kill(-15070, 9) failed: No such process
02-06 00:38:56.174  1827  1848 I libprocessgroup: Successfully killed process cgroup uid 10231 pid 15070 in 5ms
02-06 00:38:56.175  2492  2521 I QcrilOemhookMsgTunnel: [1]processOemHookIndication length=28
02-06 00:38:56.176  1827  7394 D ActivityManager: Raise procstate to external provider: ProcessRecord{74a51e1 10280:com.google.android.gms/u999a40}
02-06 00:38:56.177  2492  2492 D QcrilMsgTunnelIfaceManager: handleMessage what = 2
02-06 00:38:56.177  2492  2492 D QcrilMsgTunnelIfaceManager: handleMessage what = 0
02-06 00:38:56.179  1827  3046 D ActivityManager: Raise procstate to external provider: ProcessRecord{74a51e1 10280:com.google.android.gms/u999a40}
02-06 00:38:56.180  2492  2492 D QcrilMsgTunnelIfaceManager: handleMessage what = 1
02-06 00:38:56.180  1827  3046 D CompatibilityInfo: mCompatibilityFlags - 0
02-06 00:38:56.180  1827  3046 D CompatibilityInfo: applicationDensity - 320
02-06 00:38:56.180  1827  3046 D CompatibilityInfo: applicationScale - 1.0
02-06 00:38:56.180  2492  2492 I QcrilOemhookMsgTunnel: [0]invokeOemRilRequestRaw: serial=34682 length=24
02-06 00:38:56.182  2492  2521 I QcrilOemhookMsgTunnel: [0]processOemHookResponse serial no: 34682 error: 0length=0
02-06 00:38:56.182  2492  2492 D QcrilMsgTunnelIfaceManager: handleMessage what = 2
02-06 00:38:56.184  2492  2492 D QcrilMsgTunnelIfaceManager: handleMessage what = 1
02-06 00:38:56.184  2492  2521 I QcrilOemhookMsgTunnel: [0]processOemHookIndication length=28
02-06 00:38:56.185  2492  2492 I QcrilOemhookMsgTunnel: [1]invokeOemRilRequestRaw: serial=34683 length=24
02-06 00:38:56.185  2492  2492 D QcrilMsgTunnelIfaceManager: handleMessage what = 0
02-06 00:38:56.185  2492  2521 I QcrilOemhookMsgTunnel: [1]processOemHookResponse serial no: 34683 error: 0length=0
02-06 00:38:56.186  2492  2492 D QcrilMsgTunnelIfaceManager: handleMessage what = 2
02-06 00:38:56.187  2492  2521 I QcrilOemhookMsgTunnel: [1]processOemHookIndication length=28
02-06 00:38:56.187  2492  2492 D QcrilMsgTunnelIfaceManager: handleMessage what = 1
02-06 00:38:56.188  2492  2492 I QcrilOemhookMsgTunnel: [0]invokeOemRilRequestRaw: serial=34684 length=24
02-06 00:38:56.189  2492  2492 D QcrilMsgTunnelIfaceManager: handleMessage what = 0
02-06 00:38:56.189  2492  2521 I QcrilOemhookMsgTunnel: [0]processOemHookResponse serial no: 34684 error: 0length=0
02-06 00:38:56.190  2492  2492 D QcrilMsgTunnelIfaceManager: handleMessage what = 2
02-06 00:38:56.192  2492  2492 D QcrilMsgTunnelIfaceManager: handleMessage what = 1
02-06 00:38:56.193  2492  2521 I QcrilOemhookMsgTunnel: [0]processOemHookIndication length=28
02-06 00:38:56.193  1827  4434 D ActivityManager: Raise procstate to external provider: ProcessRecord{74a51e1 10280:com.google.android.gms/u999a40}
02-06 00:38:56.194  2492  2492 I QcrilOemhookMsgTunnel: [1]invokeOemRilRequestRaw: serial=34685 length=24
02-06 00:38:56.194  2492  2492 D QcrilMsgTunnelIfaceManager: handleMessage what = 0
02-06 00:38:56.195  2492  2521 I QcrilOemhookMsgTunnel: [1]processOemHookResponse serial no: 34685 error: 0length=0
02-06 00:38:56.196  2492  2492 D QcrilMsgTunnelIfaceManager: handleMessage what = 2
02-06 00:38:56.198  2492  2521 I QcrilOemhookMsgTunnel: [1]processOemHookIndication length=28
02-06 00:38:56.198  2492  2492 D QcrilMsgTunnelIfaceManager: handleMessage what = 0
02-06 00:38:56.248  1827  3046 D ActivityManager: Raise procstate to external provider: ProcessRecord{74a51e1 10280:com.google.android.gms/u999a40}
02-06 00:38:56.249  1827  3046 D CompatibilityInfo: mCompatibilityFlags - 0
02-06 00:38:56.249  1827  3046 D CompatibilityInfo: applicationDensity - 320
02-06 00:38:56.249  1827  3046 D CompatibilityInfo: applicationScale - 1.0
02-06 00:38:56.256  1827  3046 D ActivityManager: Raise procstate to external provider: ProcessRecord{74a51e1 10280:com.google.android.gms/u999a40}
02-06 00:38:56.814  1827  4434 D ActivityManager: Raise procstate to external provider: ProcessRecord{74a51e1 10280:com.google.android.gms/u999a40}
02-06 00:38:57.016  1827  7394 D ActivityManager: Raise procstate to external provider: ProcessRecord{74a51e1 10280:com.google.android.gms/u999a40}
02-06 00:38:57.017  1827  7394 D CompatibilityInfo: mCompatibilityFlags - 0
02-06 00:38:57.017  1827  7394 D CompatibilityInfo: applicationDensity - 320
02-06 00:38:57.018  1827  7394 D CompatibilityInfo: applicationScale - 1.0
02-06 00:38:57.035  3657 16304 I chatty  : uid=10040 com.google.android.gms.persistent expire 102 lines
02-06 00:38:57.043  1827  7394 D CompatibilityInfo: mCompatibilityFlags - 0
02-06 00:38:57.043  1827  7394 D CompatibilityInfo: applicationDensity - 320
02-06 00:38:57.043  1827  7394 D CompatibilityInfo: applicationScale - 1.0
02-06 00:38:57.042  1827  7394 D ActivityManager: Raise procstate to external provider: ProcessRecord{74a51e1 10280:com.google.android.gms/u999a40}
02-06 00:38:57.050  1827  3046 D ActivityManager: Raise procstate to external provider: ProcessRecord{74a51e1 10280:com.google.android.gms/u999a40}
02-06 00:38:57.069  1827  7394 D ActivityManager: Raise procstate to external provider: ProcessRecord{74a51e1 10280:com.google.android.gms/u999a40}
02-06 00:38:57.213  1827  3046 D ActivityManager: Raise procstate to external provider: ProcessRecord{74a51e1 10280:com.google.android.gms/u999a40}
02-06 00:38:57.401 16466 17155 E FilePhenotypeFlags: Config package com.google.android.gms.clearcut_client#com.miui.global.packageinstaller cannot use FILE backing without declarative registration. See go/phenotype-android-integration#phenotype for more information. This will lead to stale flags.
02-06 00:38:57.409 16466 17155 E FilePhenotypeFlags: Config package com.google.android.gms.clearcut_client#com.miui.global.packageinstaller cannot use FILE backing without declarative registration. See go/phenotype-android-integration#phenotype for more information. This will lead to stale flags.
02-06 00:38:57.441 14062 14062 D SignalClusterView: updateMobileTypeImage  0
02-06 00:38:57.443 14062 14062 I chatty  : uid=1000(system) com.android.systemui identical 16 lines
02-06 00:38:57.444 14062 14062 D SignalClusterView: updateMobileTypeImage  0
02-06 00:38:57.481   864   864 I ConfigStore: android::hardware::configstore::V1_0::ISurfaceFlingerConfigs::hasHDRDisplay retrieved: 0
02-06 00:38:57.499   864   864 I chatty  : uid=1000(system) /system/bin/surfaceflinger identical 26 lines
02-06 00:38:57.500   864   864 I ConfigStore: android::hardware::configstore::V1_0::ISurfaceFlingerConfigs::hasHDRDisplay retrieved: 0
02-06 00:38:57.766 14062 14251 D MobileSignalController: onSignalStrengthsChanged: SignalStrength: 99 0 -120 -160 -120 -160 -1 99 2147483647 2147483647 2147483647 2147483647 0 2147483647 13 31 -89 gsm|lte use_rsrp_and_rssnr_for_lte_level  [-120, -115, -110, -105, -97] [-115, -105, -95, -85]
02-06 00:38:57.766 14062 14251 D NetworkController.MobileSignalController(1): 4G level = 5
02-06 00:38:57.780  1827  7394 D ActivityManager: Raise procstate to external provider: ProcessRecord{74a51e1 10280:com.google.android.gms/u999a40}
02-06 00:38:57.875 17037 17061 I earchbox:searc: Waiting for a blocking GC ProfileSaver
02-06 00:38:57.903 17037 17061 I earchbox:searc: WaitForGcToComplete blocked ProfileSaver on AddRemoveAppImageSpace for 28.165ms
02-06 00:38:58.119  1827  1844 D ActivityManager: Raise procstate to external provider: ProcessRecord{74a51e1 10280:com.google.android.gms/u999a40}
02-06 00:38:58.442 14062 14062 D SignalClusterView: updateMobileTypeImage  0
02-06 00:38:58.454  1827  7394 D ActivityManager: Raise procstate to external provider: ProcessRecord{74a51e1 10280:com.google.android.gms/u999a40}
02-06 00:38:58.445 14062 14062 D SignalClusterView: updateMobileTypeImage  0
02-06 00:38:58.454  1827  7394 D CompatibilityInfo: mCompatibilityFlags - 0
02-06 00:38:58.454  1827  7394 D CompatibilityInfo: applicationDensity - 320
02-06 00:38:58.455  1827  7394 D CompatibilityInfo: applicationScale - 1.0
02-06 00:38:58.465   864   864 I ConfigStore: android::hardware::configstore::V1_0::ISurfaceFlingerConfigs::hasHDRDisplay retrieved: 0
02-06 00:38:58.466   864   864 I ConfigStore: android::hardware::configstore::V1_0::ISurfaceFlingerConfigs::hasHDRDisplay retrieved: 0
02-06 00:38:58.477 16959 17022 V ClearcutMetricXmitter: Transmission is done.
02-06 00:38:58.481   864   864 I ConfigStore: android::hardware::configstore::V1_0::ISurfaceFlingerConfigs::hasHDRDisplay retrieved: 0
02-06 00:38:58.483   864   864 I ConfigStore: android::hardware::configstore::V1_0::ISurfaceFlingerConfigs::hasHDRDisplay retrieved: 0
02-06 00:38:58.484  1827  7394 D CompatibilityInfo: mCompatibilityFlags - 0
02-06 00:38:58.484  1827  7394 D CompatibilityInfo: applicationDensity - 320
02-06 00:38:58.484  1827  7394 D CompatibilityInfo: applicationScale - 1.0
02-06 00:38:58.526  1827  7394 D CompatibilityInfo: mCompatibilityFlags - 0
02-06 00:38:58.526  1827  7394 D CompatibilityInfo: applicationDensity - 320
02-06 00:38:58.526  1827  7394 D CompatibilityInfo: applicationScale - 1.0
02-06 00:38:58.571  1827  7394 D CompatibilityInfo: mCompatibilityFlags - 0
02-06 00:38:58.571  1827  7394 D CompatibilityInfo: applicationDensity - 320
02-06 00:38:58.571  1827  7394 D CompatibilityInfo: applicationScale - 1.0
02-06 00:38:58.570  1827  7394 I chatty  : uid=1000(system) Binder:1827_1C identical 5 lines
02-06 00:38:58.579  1827  7394 D ActivityManager: Raise procstate to external provider: ProcessRecord{74a51e1 10280:com.google.android.gms/u999a40}
02-06 00:38:58.617  1827  2020 D ActivityManager: Raise procstate to external provider: ProcessRecord{74a51e1 10280:com.google.android.gms/u999a40}
02-06 00:38:58.617  1827  2020 D CompatibilityInfo: mCompatibilityFlags - 0
02-06 00:38:58.617  1827  2020 D CompatibilityInfo: applicationDensity - 320
02-06 00:38:58.617  1827  2020 D CompatibilityInfo: applicationScale - 1.0
02-06 00:38:58.624  1827  2020 D ActivityManager: Raise procstate to external provider: ProcessRecord{74a51e1 10280:com.google.android.gms/u999a40}
02-06 00:38:58.649  1827  3046 D ActivityManager: Raise procstate to external provider: ProcessRecord{74a51e1 10280:com.google.android.gms/u999a40}
02-06 00:38:58.650  1827  3046 D CompatibilityInfo: mCompatibilityFlags - 0
02-06 00:38:58.650  1827  3046 D CompatibilityInfo: applicationDensity - 320
02-06 00:38:58.650  1827  3046 D CompatibilityInfo: applicationScale - 1.0
02-06 00:38:58.657  1827  3046 D ActivityManager: Raise procstate to external provider: ProcessRecord{74a51e1 10280:com.google.android.gms/u999a40}
02-06 00:38:58.685  1827  7394 D ActivityManager: Raise procstate to external provider: ProcessRecord{74a51e1 10280:com.google.android.gms/u999a40}
02-06 00:38:58.685  1827  7394 D CompatibilityInfo: mCompatibilityFlags - 0
02-06 00:38:58.685  1827  7394 D CompatibilityInfo: applicationDensity - 320
02-06 00:38:58.686  1827  7394 D CompatibilityInfo: applicationScale - 1.0
02-06 00:38:58.694  1827  2020 D ActivityManager: Raise procstate to external provider: ProcessRecord{74a51e1 10280:com.google.android.gms/u999a40}
02-06 00:38:58.695  1827  3046 D ActivityManager: Raise procstate to external provider: ProcessRecord{74a51e1 10280:com.google.android.gms/u999a40}
02-06 00:38:58.695  3657  3657 I chatty  : uid=10040 com.google.android.gms.persistent expire 1 line
02-06 00:38:58.726  1827  7394 D ActivityManager: Raise procstate to external provider: ProcessRecord{74a51e1 10280:com.google.android.gms/u999a40}
02-06 00:38:58.727  1827  7394 D CompatibilityInfo: mCompatibilityFlags - 0
02-06 00:38:58.727  1827  7394 D CompatibilityInfo: applicationDensity - 320
02-06 00:38:58.727  1827  7394 D CompatibilityInfo: applicationScale - 1.0
02-06 00:38:58.735  1827  7394 D ActivityManager: Raise procstate to external provider: ProcessRecord{74a51e1 10280:com.google.android.gms/u999a40}
02-06 00:38:58.779  1827  4434 D ActivityManager: Raise procstate to external provider: ProcessRecord{74a51e1 10280:com.google.android.gms/u999a40}
02-06 00:38:58.780  1827  4434 D CompatibilityInfo: mCompatibilityFlags - 0
02-06 00:38:58.780  1827  4434 D CompatibilityInfo: applicationDensity - 320
02-06 00:38:58.780  1827  4434 D CompatibilityInfo: applicationScale - 1.0
02-06 00:38:58.789  1827  4434 D ActivityManager: Raise procstate to external provider: ProcessRecord{74a51e1 10280:com.google.android.gms/u999a40}
02-06 00:38:58.820  1827  2020 D ActivityManager: Raise procstate to external provider: ProcessRecord{74a51e1 10280:com.google.android.gms/u999a40}
02-06 00:38:58.821  1827  2020 D CompatibilityInfo: mCompatibilityFlags - 0
02-06 00:38:58.821  1827  2020 D CompatibilityInfo: applicationDensity - 320
02-06 00:38:58.821  1827  2020 D CompatibilityInfo: applicationScale - 1.0
02-06 00:38:58.828  1827  2020 D ActivityManager: Raise procstate to external provider: ProcessRecord{74a51e1 10280:com.google.android.gms/u999a40}
02-06 00:38:58.860  1827  4434 D ActivityManager: Raise procstate to external provider: ProcessRecord{74a51e1 10280:com.google.android.gms/u999a40}
02-06 00:38:58.861  1827  4434 D CompatibilityInfo: mCompatibilityFlags - 0
02-06 00:38:58.861  1827  4434 D CompatibilityInfo: applicationDensity - 320
02-06 00:38:58.861  1827  4434 D CompatibilityInfo: applicationScale - 1.0
02-06 00:38:58.871  1827  4434 D ActivityManager: Raise procstate to external provider: ProcessRecord{74a51e1 10280:com.google.android.gms/u999a40}
02-06 00:38:58.905  1827  7394 D ActivityManager: Raise procstate to external provider: ProcessRecord{74a51e1 10280:com.google.android.gms/u999a40}
02-06 00:38:58.905  1827  7394 D CompatibilityInfo: mCompatibilityFlags - 0
02-06 00:38:58.906  1827  7394 D CompatibilityInfo: applicationDensity - 320
02-06 00:38:58.906  1827  7394 D CompatibilityInfo: applicationScale - 1.0
02-06 00:38:59.264  1827  7394 D CompatibilityInfo: mCompatibilityFlags - 0
02-06 00:38:59.264  1827  7394 D CompatibilityInfo: applicationDensity - 320
02-06 00:38:59.264  1827  7394 D CompatibilityInfo: applicationScale - 1.0
02-06 00:38:58.915  1827  7394 I chatty  : uid=1000(system) Binder:1827_1C identical 1 line
02-06 00:38:59.262  1827  7394 D ActivityManager: Raise procstate to external provider: ProcessRecord{74a51e1 10280:com.google.android.gms/u999a40}
02-06 00:38:59.274  1827  4434 D ActivityManager: Raise procstate to external provider: ProcessRecord{74a51e1 10280:com.google.android.gms/u999a40}
02-06 00:38:59.403  1827  2020 D ActivityManager: Raise procstate to external provider: ProcessRecord{74a51e1 10280:com.google.android.gms/u999a40}
02-06 00:38:59.404  1827  2020 D CompatibilityInfo: mCompatibilityFlags - 0
02-06 00:38:59.404  1827  2020 D CompatibilityInfo: applicationDensity - 320
02-06 00:38:59.404  1827  2020 D CompatibilityInfo: applicationScale - 1.0
02-06 00:38:59.412  1827  3046 D ActivityManager: Raise procstate to external provider: ProcessRecord{74a51e1 10280:com.google.android.gms/u999a40}
02-06 00:38:59.444 14062 14062 D SignalClusterView: updateMobileTypeImage  0
02-06 00:38:59.445 14062 14062 D SignalClusterView: updateMobileTypeImage  0
02-06 00:38:59.468   864   864 I ConfigStore: android::hardware::configstore::V1_0::ISurfaceFlingerConfigs::hasHDRDisplay retrieved: 0
02-06 00:38:59.456  1827  3046 D ActivityManager: Raise procstate to external provider: ProcessRecord{74a51e1 10280:com.google.android.gms/u999a40}
02-06 00:38:59.510  1827  2020 D ActivityManager: Raise procstate to external provider: ProcessRecord{74a51e1 10280:com.google.android.gms/u999a40}
02-06 00:38:59.485   864   864 I ConfigStore: android::hardware::configstore::V1_0::ISurfaceFlingerConfigs::hasHDRDisplay retrieved: 0
02-06 00:38:59.519 14062 14062 D SignalClusterView: updateMobileTypeImage  0
02-06 00:38:59.550 14062 14062 D SignalClusterView: updateMobileTypeImage  0
02-06 00:38:59.553   864   864 I ConfigStore: android::hardware::configstore::V1_0::ISurfaceFlingerConfigs::hasHDRDisplay retrieved: 0
02-06 00:38:59.588   864   864 I ConfigStore: android::hardware::configstore::V1_0::ISurfaceFlingerConfigs::hasHDRDisplay retrieved: 0
02-06 00:38:59.600  1827  2020 D CompatibilityInfo: mCompatibilityFlags - 0
02-06 00:38:59.601  1827  2020 D CompatibilityInfo: applicationDensity - 320
02-06 00:38:59.601  1827  2020 D CompatibilityInfo: applicationScale - 1.0
02-06 00:38:59.635  1827  2020 D CompatibilityInfo: mCompatibilityFlags - 0
02-06 00:38:59.635  1827  2020 D CompatibilityInfo: applicationDensity - 320
02-06 00:38:59.635  1827  2020 D CompatibilityInfo: applicationScale - 1.0
02-06 00:38:59.599  1827  2020 I chatty  : uid=1000(system) Binder:1827_3 identical 1 line
02-06 00:38:59.634  1827  2020 D ActivityManager: Raise procstate to external provider: ProcessRecord{74a51e1 10280:com.google.android.gms/u999a40}
02-06 00:38:59.643  1827  3046 D ActivityManager: Raise procstate to external provider: ProcessRecord{74a51e1 10280:com.google.android.gms/u999a40}
02-06 00:38:59.678  1827  2020 D ActivityManager: Raise procstate to external provider: ProcessRecord{74a51e1 10280:com.google.android.gms/u999a40}
02-06 00:38:59.679  1827  2020 D CompatibilityInfo: mCompatibilityFlags - 0
02-06 00:38:59.679  1827  2020 D CompatibilityInfo: applicationDensity - 320
02-06 00:38:59.679  1827  2020 D CompatibilityInfo: applicationScale - 1.0
02-06 00:38:59.688  1827  2020 D ActivityManager: Raise procstate to external provider: ProcessRecord{74a51e1 10280:com.google.android.gms/u999a40}
02-06 00:38:59.719  1827  7394 D ActivityManager: Raise procstate to external provider: ProcessRecord{74a51e1 10280:com.google.android.gms/u999a40}
02-06 00:38:59.719  1827  7394 D CompatibilityInfo: mCompatibilityFlags - 0
02-06 00:38:59.719  1827  7394 D CompatibilityInfo: applicationDensity - 320
02-06 00:38:59.719  1827  7394 D CompatibilityInfo: applicationScale - 1.0
02-06 00:38:59.727  1827  7394 D ActivityManager: Raise procstate to external provider: ProcessRecord{74a51e1 10280:com.google.android.gms/u999a40}
02-06 00:38:59.756  1827  2020 D ActivityManager: Raise procstate to external provider: ProcessRecord{74a51e1 10280:com.google.android.gms/u999a40}
02-06 00:38:59.757  1827  2020 D CompatibilityInfo: mCompatibilityFlags - 0
02-06 00:38:59.757  1827  2020 D CompatibilityInfo: applicationDensity - 320
02-06 00:38:59.757  1827  2020 D CompatibilityInfo: applicationScale - 1.0
02-06 00:38:59.764  1827  2020 D ActivityManager: Raise procstate to external provider: ProcessRecord{74a51e1 10280:com.google.android.gms/u999a40}
02-06 00:38:59.813  1827  3046 D ActivityManager: Raise procstate to external provider: ProcessRecord{74a51e1 10280:com.google.android.gms/u999a40}
02-06 00:38:59.814  1827  3046 D CompatibilityInfo: mCompatibilityFlags - 0
02-06 00:38:59.814  1827  3046 D CompatibilityInfo: applicationDensity - 320
02-06 00:38:59.814  1827  3046 D CompatibilityInfo: applicationScale - 1.0
02-06 00:38:59.826  3657 16304 I chatty  : uid=10040 com.google.android.gms.persistent expire 61 lines
02-06 00:38:59.822  1827  3046 D ActivityManager: Raise procstate to external provider: ProcessRecord{74a51e1 10280:com.google.android.gms/u999a40}
02-06 00:39:00.004  1827  1827 D ActivityManager: Raise procstate to external provider: ProcessRecord{74a51e1 10280:com.google.android.gms/u999a40}
02-06 00:39:00.005 14062 14062 D KeyguardUpdateMonitor: handleTimeUpdate
02-06 00:39:00.006  1827  7394 D ActivityManager: Raise procstate to external provider: ProcessRecord{74a51e1 10280:com.google.android.gms/u999a40}
02-06 00:39:00.054   864   864 I ConfigStore: android::hardware::configstore::V1_0::ISurfaceFlingerConfigs::hasHDRDisplay retrieved: 0
02-06 00:39:00.015  1827  7394 I chatty  : uid=1000(system) Binder:1827_1C identical 4 lines
02-06 00:39:00.016  1827  7394 D ActivityManager: Raise procstate to external provider: ProcessRecord{74a51e1 10280:com.google.android.gms/u999a40}
02-06 00:39:00.173  1827  3046 D ActivityManager: Raise procstate to external provider: ProcessRecord{74a51e1 10280:com.google.android.gms/u999a40}
02-06 00:39:00.106   864   864 I chatty  : uid=1000(system) /system/bin/surfaceflinger identical 129 lines
02-06 00:39:00.107   864   864 I ConfigStore: android::hardware::configstore::V1_0::ISurfaceFlingerConfigs::hasHDRDisplay retrieved: 0
02-06 00:39:00.187 17037 17050 V ClearcutMetricXmitter: Transmission is done.
02-06 00:39:00.447 14062 14062 D SignalClusterView: updateMobileTypeImage  0
02-06 00:39:00.450 14062 14062 I chatty  : uid=1000(system) com.android.systemui identical 24 lines
02-06 00:39:00.450 14062 14062 D SignalClusterView: updateMobileTypeImage  0
02-06 00:39:00.472   864   864 I ConfigStore: android::hardware::configstore::V1_0::ISurfaceFlingerConfigs::hasHDRDisplay retrieved: 0
02-06 00:39:00.490   864   864 I ConfigStore: android::hardware::configstore::V1_0::ISurfaceFlingerConfigs::hasHDRDisplay retrieved: 0
02-06 00:39:01.009  6923  7256 D IdProviderImpl: getOAID
02-06 00:39:00.200  1827  3046 D ActivityManager: Raise procstate to external provider: ProcessRecord{74a51e1 10280:com.google.android.gms/u999a40}
02-06 00:39:01.159  1827  7394 D ActivityManager: Raise procstate to external provider: ProcessRecord{74a51e1 10280:com.google.android.gms/u999a40}
02-06 00:39:01.160  1827  7394 D CompatibilityInfo: mCompatibilityFlags - 0
02-06 00:39:01.160  1827  7394 D CompatibilityInfo: applicationDensity - 320
02-06 00:39:01.160  1827  7394 D CompatibilityInfo: applicationScale - 1.0
02-06 00:39:01.181  1827  7394 D CompatibilityInfo: mCompatibilityFlags - 0
02-06 00:39:01.181  1827  7394 D CompatibilityInfo: applicationDensity - 320
02-06 00:39:01.181  1827  7394 D CompatibilityInfo: applicationScale - 1.0
02-06 00:39:01.193  9778  9789 I obalminusscree: Background concurrent copying GC freed 541611(17MB) AllocSpace objects, 0(0B) LOS objects, 82% free, 3MB/21MB, paused 220us total 122.548ms
02-06 00:39:01.181  1827  7394 I chatty  : uid=1000(system) Binder:1827_1C identical 1 line
02-06 00:39:01.190  1827  7394 D ActivityManager: Raise procstate to external provider: ProcessRecord{74a51e1 10280:com.google.android.gms/u999a40}
02-06 00:39:01.211  1827  3046 D ActivityManager: Raise procstate to external provider: ProcessRecord{74a51e1 10280:com.google.android.gms/u999a40}
02-06 00:39:01.212  1827  3046 D CompatibilityInfo: mCompatibilityFlags - 0
02-06 00:39:01.212  1827  3046 D CompatibilityInfo: applicationDensity - 320
02-06 00:39:01.212  1827  3046 D CompatibilityInfo: applicationScale - 1.0
02-06 00:39:01.218  1827  3046 D ActivityManager: Raise procstate to external provider: ProcessRecord{74a51e1 10280:com.google.android.gms/u999a40}
02-06 00:39:01.240  1827  7394 D ActivityManager: Raise procstate to external provider: ProcessRecord{74a51e1 10280:com.google.android.gms/u999a40}
02-06 00:39:01.240  1827  7394 D CompatibilityInfo: mCompatibilityFlags - 0
02-06 00:39:01.240  1827  7394 D CompatibilityInfo: applicationDensity - 320
02-06 00:39:01.240  1827  7394 D CompatibilityInfo: applicationScale - 1.0
02-06 00:39:01.246  1827  7394 D ActivityManager: Raise procstate to external provider: ProcessRecord{74a51e1 10280:com.google.android.gms/u999a40}
02-06 00:39:01.261  1827  4434 D ActivityManager: Raise procstate to external provider: ProcessRecord{74a51e1 10280:com.google.android.gms/u999a40}
02-06 00:39:02.277  1827  1844 D ActivityManager: Raise procstate to external provider: ProcessRecord{74a51e1 10280:com.google.android.gms/u999a40}
02-06 00:39:02.453 14062 14062 D SignalClusterView: updateMobileTypeImage  0
02-06 00:39:02.456 14062 14062 D SignalClusterView: updateMobileTypeImage  0
02-06 00:39:02.493   864   864 I ConfigStore: android::hardware::configstore::V1_0::ISurfaceFlingerConfigs::hasHDRDisplay retrieved: 0
02-06 00:39:02.511   864   864 I ConfigStore: android::hardware::configstore::V1_0::ISurfaceFlingerConfigs::hasHDRDisplay retrieved: 0
02-06 00:39:02.894 14062 14251 D MobileSignalController: onSignalStrengthsChanged: SignalStrength: 99 0 -120 -160 -120 -160 -1 19 -106 -12 90 2147483647 0 2147483647 99 255 2147483647 gsm|lte use_rsrp_and_rssnr_for_lte_level  [-120, -115, -110, -105, -97] [-115, -105, -95, -85]
02-06 00:39:02.894 14062 14251 D NetworkController.MobileSignalController(3): 4G level = 3
