02-06 00:39:23.564 17037 17111 D WM-PackageManagerHelper: Skipping component enablement for androidx.work.impl.background.systemalarm.RescheduleReceiver
02-06 00:39:23.568 17037 17102 I dlll    : Broadcasting OPA enabled
02-06 00:39:23.569 17037 17102 I dlll    : Broadcasting OPA user enabled
02-06 00:39:23.590  1574  2141 I chatty  : uid=1000(system) TrafficManageSe expire 2 lines
02-06 00:39:23.591 17037 17111 I WM-WorkerWrapper: Worker result SUCCESS for Work [ id=ad0b10a5-fe72-4bc3-9233-bcde103efe85, tags={ com.google.apps.tiktok.contrib.work.TikTokListenableWorker,TikTokWorker#com.google.android.libraries.search.assistant.launcher.OpaEnabledBroadcastWorker } ]
02-06 00:39:23.594 17037 17037 D WM-Processor: nic ad0b10a5-fe72-4bc3-9233-bcde103efe85 executed; reschedule = false
02-06 00:39:23.594 17037 17037 D WM-SystemJobService: ad0b10a5-fe72-4bc3-9233-bcde103efe85 executed on JobScheduler
02-06 00:39:23.596  1827 10878 D ActivityManager: Raise procstate to external provider: ProcessRecord{74a51e1 10280:com.google.android.gms/u999a40}
02-06 00:39:23.599  1827  2020 D ActivityManager: Raise procstate to external provider: ProcessRecord{74a51e1 10280:com.google.android.gms/u999a40}
02-06 00:39:23.599 17037 17111 D WM-GreedyScheduler: Cancelling work ID ad0b10a5-fe72-4bc3-9233-bcde103efe85
02-06 00:39:23.607 17037 17111 D WM-GreedyScheduler: Ignoring {WorkSpec: 8873ea08-cec4-42f6-8b05-bf783694513e}. Requires device idle.
02-06 00:39:23.688 16336 16422 I PlayCommon: [66439] Connecting to server: https://play.googleapis.com/play/log?format=raw&proto_v2=true
02-06 00:39:23.831 16336 16422 I PlayCommon: [66439] Successfully uploaded logs.
02-06 00:39:28.400  3657  3657 I chatty  : uid=10040 com.google.android.gms.persistent expire 6 lines
02-06 00:39:26.480  1827  2020 I chatty  : uid=1000(system) Binder:1827_3 identical 1 line
02-06 00:39:28.400  1827  2020 D ActivityManager: Raise procstate to external provider: ProcessRecord{74a51e1 10280:com.google.android.gms/u999a40}
02-06 00:39:28.404  1827 10878 D ActivityManager: Raise procstate to external provider: ProcessRecord{74a51e1 10280:com.google.android.gms/u999a40}
02-06 00:39:30.778  1827  2020 D ActivityManager: Raise procstate to external provider: ProcessRecord{74a51e1 10280:com.google.android.gms/u999a40}
02-06 00:39:30.781  1827 10878 D ActivityManager: Raise procstate to external provider: ProcessRecord{74a51e1 10280:com.google.android.gms/u999a40}
02-06 00:39:31.699   864   864 I chatty  : uid=1000(system) /system/bin/surfaceflinger expire 83 lines
02-06 00:39:31.792  1827 10878 I chatty  : uid=1000(system) Binder:1827_20 identical 1 line
02-06 00:39:31.795  1827 10878 D ActivityManager: Raise procstate to external provider: ProcessRecord{74a51e1 10280:com.google.android.gms/u999a40}
02-06 00:39:31.826  1827  2020 D ActivityManager: Raise procstate to external provider: ProcessRecord{74a51e1 10280:com.google.android.gms/u999a40}
02-06 00:39:32.665  1827  2020 I chatty  : uid=1000(system) Binder:1827_3 identical 1 line
02-06 00:39:32.709  1827  2020 D ActivityManager: Raise procstate to external provider: ProcessRecord{74a51e1 10280:com.google.android.gms/u999a40}
02-06 00:39:33.113   899  1057 E storaged: getDiskStats failed with result NOT_SUPPORTED and size 0
02-06 00:39:36.621  1827 10878 D ActivityManager: Raise procstate to external provider: ProcessRecord{74a51e1 10280:com.google.android.gms/u999a40}
02-06 00:39:37.074  1574  1574 I chatty  : uid=1000(system) com.miui.securitycenter.remote expire 10 lines
02-06 00:39:37.075 22170 22202 D PowerCheckerService: onBatteryChanged, mBatteryLevel = 100, status = 2, level = 100, plug = 2, scale = 100
02-06 00:39:37.076 14062 14062 I chatty  : uid=1000(system) com.android.systemui expire 41 lines
02-06 00:39:37.084   552  2129 E IzatSvc_PassiveLocListener: Exiting with error onLocationChanged line 154 "1"
02-06 00:39:37.084   552  2129 V LocSvc_HIDL_IzatProvider: [onLocationChanged][71] [HS] =>>>> [HC]
02-06 00:39:37.085  1827  1922 I chatty  : uid=1000(system) HwBinder:1827_3 expire 4 lines
02-06 00:39:37.721  1827  2020 D ActivityManager: Raise procstate to external provider: ProcessRecord{74a51e1 10280:com.google.android.gms/u999a40}
02-06 00:39:37.721 10181 10181 I chatty  : uid=10040(com.google.android.gms) expire 7 lines
02-06 00:39:43.856 14062 14251 I chatty  : uid=1000(system) SysUiNetBg expire 33 lines
02-06 00:39:49.898 18364 18477 I DGW     : I[sendRequest:90] StreamGroupConnectivityAwareNetworkLayer[notifgateway] processing request with connection state: 1
02-06 00:39:49.899 18364 18477 I DGW     : I[sendRequest:110] StreamGroupMNSNetworkLayer[notifgateway] DGW Connecting to https://z-m-gateway.facebook.com/notifgateway
02-06 00:39:49.919 18364 18477 W fbservices-stub:NotificationDeliveryStorePreferences: [AI] Failed to deserialize notification item
02-06 00:39:49.920 18364 18477 W fbservices-stub:NotificationDeliveryStorePreferences: [AI] Failed to deserialize notification item
02-06 00:39:50.597   864   864 I chatty  : uid=1000(system) /system/bin/surfaceflinger expire 105 lines
02-06 00:39:48.374  1827  2020 I chatty  : uid=1000(system) Binder:1827_3 identical 1 line
02-06 00:39:51.738  1827  2020 D ActivityManager: Raise procstate to external provider: ProcessRecord{74a51e1 10280:com.google.android.gms/u999a40}
02-06 00:39:52.045  1827 10878 D ActivityManager: Raise procstate to external provider: ProcessRecord{74a51e1 10280:com.google.android.gms/u999a40}
02-06 00:39:53.354  1827 10878 W DropBoxManagerService: Dropping: keymaster (56 > 0 bytes)
02-06 00:39:53.357  1827  1845 W BroadcastQueue: Background execution not allowed: receiving Intent { act=android.intent.action.DROPBOX_ENTRY_ADDED flg=0x10 (has extras) } to com.google.android.gms/.stats.service.DropBoxEntryAddedReceiver
02-06 00:39:53.358  1827  1845 D ActivityManager: Raise procstate to external provider: ProcessRecord{74a51e1 10280:com.google.android.gms/u999a40}
02-06 00:39:56.350  1827  1967 D ActivityManager: Raise procstate to external provider: ProcessRecord{74a51e1 10280:com.google.android.gms/u999a40}
02-06 00:39:56.364 16146 16146 I Finsky  : [2] SCH: job service start with id 9349.
02-06 00:39:56.382 16146 17263 I Finsky  : [66486] SCH: Satisfied jobs for 9349 are: 12-1
02-06 00:39:56.383 16146 17262 I Finsky  : [66485] SCH: Job 12-1 starting
02-06 00:39:56.383 16146 16146 I Finsky  : [2] WM::SCH: Logging work start for 12-1
02-06 00:39:56.384 16146 16146 I Finsky  : [2] [ContentSync] job started
02-06 00:39:56.964  1015 19184 I LOWI-8.6.0.33: [LOWI-Scan] lowi_close_record:Scan done in 8936024ms, 6 APs in scan results
02-06 00:39:56.965  1015  1044 I LOWI-8.6.0.33: [LOWIUtils] responseToOutPostcard - TO: GTP-FDAL, FROM:   LOWI-SERVER, RESP:  LOWI_ASYNC_DISCOVERY_SCAN_RESULTS
02-06 00:39:56.965   915  1000 V QCALOG  : [MessageQ] wait result 1
02-06 00:39:56.965   915  1000 V QCALOG  : [MessageQueueClientInfo] LOWI-SERVER: read
02-06 00:39:56.965   915  1000 V QCALOG  : [MessageQueueClientInfo] just read 4 bytes
02-06 00:39:56.965   915  1000 V QCALOG  : [MessageQ] wait result 1
02-06 00:39:56.965   915  1000 V QCALOG  : [MessageQueueClientInfo] LOWI-SERVER: read
02-06 00:39:56.965   915  1000 V QCALOG  : [MessageQueueClientInfo] just read 5912 bytes
02-06 00:39:56.965   915  1000 V QCALOG  : [MessageQueueClientInfo] card length 5912 + 4 bytes, current size 5916 bytes
02-06 00:39:56.965   915  1000 V QCALOG  : [MessageQ] lookupAndDeliver delivering message to client GTP-FDAL 
02-06 00:39:56.965   915  1000 V QCALOG  : [MessageQ] wait result 1
02-06 00:39:56.965   915  1000 V QCALOG  : [MessageQueueClientInfo] GTP-FDAL: write
02-06 00:39:56.965   915  1000 D QCALOG  : [MessageQueueClientInfo] write to [GTP-FDAL], 5916 bytes finished, 0 bytes left
02-06 00:39:56.967  1827  1944 I chatty  : uid=1000(system) WifiScanningSer expire 2 lines
02-06 00:39:56.968  1017  1076 W XTCC-6.2.0.6: [WifiScanner] WiFi scan result : [6] AP's, async result: 1
02-06 00:39:57.259 18364 18477 W DGW     : W[onSuccessfulResponse:862] StreamGroupTransport[notifgateway] on successful response. DGW is now connected.
02-06 00:39:58.239 16146 16146 I Finsky  : [2] App states replicator found 43 unowned apps
02-06 00:39:58.286  1827  2020 D ActivityManager: Raise procstate to external provider: ProcessRecord{74a51e1 10280:com.google.android.gms/u999a40}
02-06 00:39:58.293  1827  2020 D ActivityManager: Raise procstate to external provider: ProcessRecord{74a51e1 10280:com.google.android.gms/u999a40}
02-06 00:39:58.298  1827  3861 D ActivityManager: Raise procstate to external provider: ProcessRecord{74a51e1 10280:com.google.android.gms/u999a40}
02-06 00:39:58.300 16146 17264 I Finsky  : [66487] Completed 1 account content syncs with 0 successful.
02-06 00:39:58.300 16146 16146 I Finsky  : [2] [ContentSync] Installation state replication failed, parameters=Id: 12-1, CT: 1770334756333, Constraints: [{ L: 40000, D: 86400000, C: CHARGING_NONE, I: IDLE_NONE, N: NET_ANY, B: BATTERY_ANY }].
02-06 00:39:58.301 16146 16146 I Finsky  : [2] [ContentSync] Scheduling replication attempt 2.
02-06 00:39:58.301 16146 16146 I Finsky  : [2] SCH: jobFinished: 12-1. TimeElapsed: 1917ms.
02-06 00:39:58.301 16146 16146 I Finsky  : [2] WM::SCH: Logging work end for 12-1
02-06 00:39:58.321 16146 17263 I Finsky  : [66486] SCH: Attempting to reschedule job: Id: 12-1, Constraints: [{ L: 60000, D: 86400000, C: CHARGING_NONE, I: IDLE_NONE, N: NET_ANY, B: BATTERY_ANY }]
02-06 00:39:58.340 16146 16187 I Finsky  : [66416] SCH: Scheduling phonesky job Id: 1-1337, CT: 1770332574310, Constraints: [{ L: 43196699, D: 86396699, C: CHARGING_NONE, I: IDLE_NONE, N: NET_ANY, B: BATTERY_ANY }]
02-06 00:39:58.341 16146 16187 I Finsky  : [66416] SCH: Scheduling phonesky job Id: 34-2133, CT: 1770332611407, Constraints: [{ L: 604800000, D: 2582945207, C: CHARGING_NONE, I: IDLE_NONE, N: NET_ANY, B: BATTERY_ANY }]
02-06 00:39:58.341 16146 16187 I Finsky  : [66416] SCH: Scheduling phonesky job Id: 34-2136, CT: 1770332611407, Constraints: [{ L: 70138096, D: 1366138096, C: CHARGING_NONE, I: IDLE_NONE, N: NET_ANY, B: BATTERY_ANY }]
02-06 00:39:58.354 16146 16181 I Finsky  : [66410] SCH: Scheduling 1 system job(s)
02-06 00:39:58.354 16146 16181 I Finsky  : [66410] SCH: Scheduling system job Id: 9353, L: 40972655, D: 84172655, C: false, I: false, N: 1
02-06 00:39:58.370 16146 17262 I Finsky  : [66485] SCH: job service finished with id 9349.
02-06 00:39:58.374  1827  3861 D ActivityManager: Raise procstate to external provider: ProcessRecord{74a51e1 10280:com.google.android.gms/u999a40}
02-06 00:39:58.384  1827 10878 D ActivityManager: Raise procstate to external provider: ProcessRecord{74a51e1 10280:com.google.android.gms/u999a40}
02-06 00:39:58.419 16146 16175 I Finsky  : [66404] WM::SCH: Logging work initialize for 12-1
02-06 00:39:58.450 16146 16178 I Finsky  : [66407] SCH: Scheduling phonesky job Id: 12-1, CT: 1770334798321, Constraints: [{ L: 60000, D: 86400000, C: CHARGING_NONE, I: IDLE_NONE, N: NET_ANY, B: BATTERY_ANY }]
02-06 00:39:58.465 16146 16181 I Finsky  : [66410] SCH: Scheduling 1 system job(s)
02-06 00:39:58.465 16146 16181 I Finsky  : [66410] SCH: Scheduling system job Id: 9353, L: 59856, D: 84172544, C: false, I: false, N: 1
02-06 00:39:59.384  1827  3861 D ActivityManager: Raise procstate to external provider: ProcessRecord{74a51e1 10280:com.google.android.gms/u999a40}
02-06 00:39:59.394  1827 10878 D ActivityManager: Raise procstate to external provider: ProcessRecord{74a51e1 10280:com.google.android.gms/u999a40}
02-06 00:39:59.593 14062 14062 I chatty  : uid=1000(system) com.android.systemui expire 37 lines
02-06 00:40:00.004  1827  1827 D ActivityManager: Raise procstate to external provider: ProcessRecord{74a51e1 10280:com.google.android.gms/u999a40}
02-06 00:40:00.008  1827 10878 D ActivityManager: Raise procstate to external provider: ProcessRecord{74a51e1 10280:com.google.android.gms/u999a40}
02-06 00:40:00.010  1827 10878 I chatty  : uid=1000(system) Binder:1827_20 identical 1 line
02-06 00:40:00.013  1827 10878 D ActivityManager: Raise procstate to external provider: ProcessRecord{74a51e1 10280:com.google.android.gms/u999a40}
02-06 00:40:00.015  1827  3861 D ActivityManager: Raise procstate to external provider: ProcessRecord{74a51e1 10280:com.google.android.gms/u999a40}
02-06 00:40:00.018  1827  3861 I chatty  : uid=1000(system) Binder:1827_10 identical 1 line
02-06 00:40:00.019  1827  3861 D ActivityManager: Raise procstate to external provider: ProcessRecord{74a51e1 10280:com.google.android.gms/u999a40}
02-06 00:40:07.096  1827 10878 D ActivityManager: Raise procstate to external provider: ProcessRecord{74a51e1 10280:com.google.android.gms/u999a40}
02-06 00:40:13.359  1827  3861 D ActivityManager: Raise procstate to external provider: ProcessRecord{74a51e1 10280:com.google.android.gms/u999a40}
02-06 00:40:13.583  1827  3861 V LocationPolicy: writePolicyLocked()
02-06 00:40:13.660 22170 22190 D PowerKeeper.AppBgIdle: setUidState, uid = 10379 allow = true
02-06 00:40:33.047 24010 26463 I .gms.persisten: Explicit concurrent copying GC freed 27653(1396KB) AllocSpace objects, 9(372KB) LOS objects, 77% free, 5MB/23MB, paused 999us total 274.896ms
02-06 00:40:33.115   899  1057 E storaged: getDiskStats failed with result NOT_SUPPORTED and size 0
02-06 00:40:33.722   864   864 I chatty  : uid=1000(system) /system/bin/surfaceflinger expire 50 lines
02-06 00:40:37.073 22170 22202 D PowerCheckerService: onBatteryChanged, mBatteryLevel = 100, status = 2, level = 100, plug = 2, scale = 100
02-06 00:40:37.076 14062 14062 I chatty  : uid=1000(system) com.android.systemui expire 27 lines
02-06 00:40:37.082   552  2129 E IzatSvc_PassiveLocListener: Exiting with error onLocationChanged line 154 "1"
02-06 00:40:37.082   552  2129 V LocSvc_HIDL_IzatProvider: [onLocationChanged][71] [HS] =>>>> [HC]
02-06 00:40:37.614 14062 14251 I chatty  : uid=1000(system) SysUiNetBg expire 18 lines
02-06 00:40:44.431  1827  2020 D ActivityManager: Raise procstate to external provider: ProcessRecord{74a51e1 10280:com.google.android.gms/u999a40}
02-06 00:40:44.433  1827  2020 I chatty  : uid=1000(system) Binder:1827_3 expire 11 lines
02-06 00:40:44.443  1827  3861 D ActivityManager: Raise procstate to external provider: ProcessRecord{74a51e1 10280:com.google.android.gms/u999a40}
02-06 00:40:58.330  1827  1967 D ActivityManager: Raise procstate to external provider: ProcessRecord{74a51e1 10280:com.google.android.gms/u999a40}
02-06 00:40:58.344 16146 16146 I Finsky  : [2] SCH: job service start with id 9353.
02-06 00:40:58.423 16146 17281 I Finsky  : [66492] SCH: Satisfied jobs for 9353 are: 12-1
02-06 00:40:58.425 16146 17280 I Finsky  : [66491] SCH: Job 12-1 starting
02-06 00:40:58.426 16146 16146 I Finsky  : [2] WM::SCH: Logging work start for 12-1
02-06 00:40:58.427 16146 16146 I Finsky  : [2] [ContentSync] job started
02-06 00:40:58.781   864   864 I chatty  : uid=1000(system) /system/bin/surfaceflinger expire 63 lines
02-06 00:41:00.002  1827  1827 D ActivityManager: Raise procstate to external provider: ProcessRecord{74a51e1 10280:com.google.android.gms/u999a40}
02-06 00:41:00.002  1827  3861 D ActivityManager: Raise procstate to external provider: ProcessRecord{74a51e1 10280:com.google.android.gms/u999a40}
02-06 00:41:00.234 16146 16146 I Finsky  : [2] App states replicator found 43 unowned apps
02-06 00:41:00.287  1827  3861 I chatty  : uid=1000(system) Binder:1827_10 identical 6 lines
02-06 00:41:00.294  1827  3861 D ActivityManager: Raise procstate to external provider: ProcessRecord{74a51e1 10280:com.google.android.gms/u999a40}
02-06 00:41:00.300  1827  2020 D ActivityManager: Raise procstate to external provider: ProcessRecord{74a51e1 10280:com.google.android.gms/u999a40}
02-06 00:41:00.302 16146 17282 I Finsky  : [66493] Completed 1 account content syncs with 0 successful.
02-06 00:41:00.302 16146 16146 I Finsky  : [2] [ContentSync] Installation state replication failed, parameters=Id: 12-1, CT: 1770334798321, Constraints: [{ L: 60000, D: 86400000, C: CHARGING_NONE, I: IDLE_NONE, N: NET_ANY, B: BATTERY_ANY }].
02-06 00:41:00.302 16146 16146 I Finsky  : [2] [ContentSync] Scheduling replication attempt 3.
02-06 00:41:00.303 16146 16146 I Finsky  : [2] SCH: jobFinished: 12-1. TimeElapsed: 1877ms.
02-06 00:41:00.303 16146 16146 I Finsky  : [2] WM::SCH: Logging work end for 12-1
02-06 00:41:00.326 16146 17281 I Finsky  : [66492] SCH: Attempting to reschedule job: Id: 12-1, Constraints: [{ L: 80000, D: 86400000, C: CHARGING_NONE, I: IDLE_NONE, N: NET_ANY, B: BATTERY_ANY }]
02-06 00:41:00.346 16146 16186 I Finsky  : [66415] SCH: Scheduling phonesky job Id: 1-1337, CT: 1770332574310, Constraints: [{ L: 43196699, D: 86396699, C: CHARGING_NONE, I: IDLE_NONE, N: NET_ANY, B: BATTERY_ANY }]
02-06 00:41:00.346 16146 16186 I Finsky  : [66415] SCH: Scheduling phonesky job Id: 34-2133, CT: 1770332611407, Constraints: [{ L: 604800000, D: 2582945207, C: CHARGING_NONE, I: IDLE_NONE, N: NET_ANY, B: BATTERY_ANY }]
02-06 00:41:00.346 16146 16186 I Finsky  : [66415] SCH: Scheduling phonesky job Id: 34-2136, CT: 1770332611407, Constraints: [{ L: 70138096, D: 1366138096, C: CHARGING_NONE, I: IDLE_NONE, N: NET_ANY, B: BATTERY_ANY }]
02-06 00:41:00.358 16146 16178 I Finsky  : [66407] SCH: Scheduling 1 system job(s)
02-06 00:41:00.359 16146 16178 I Finsky  : [66407] SCH: Scheduling system job Id: 9357, L: 40910651, D: 84110651, C: false, I: false, N: 1
02-06 00:41:00.375 16146 17280 I Finsky  : [66491] SCH: job service finished with id 9353.
02-06 00:41:00.424 16146 16173 I Finsky  : [66402] WM::SCH: Logging work initialize for 12-1
02-06 00:41:00.450 16146 16181 I Finsky  : [66410] SCH: Scheduling phonesky job Id: 12-1, CT: 1770334860326, Constraints: [{ L: 80000, D: 86400000, C: CHARGING_NONE, I: IDLE_NONE, N: NET_ANY, B: BATTERY_ANY }]
02-06 00:41:00.464 16146 16178 I Finsky  : [66407] SCH: Scheduling 1 system job(s)
02-06 00:41:00.465 16146 16178 I Finsky  : [66407] SCH: Scheduling system job Id: 9357, L: 79862, D: 84110545, C: false, I: false, N: 1
02-06 00:41:00.764 14062 14062 I chatty  : uid=1000(system) com.android.systemui expire 23 lines
02-06 00:41:02.683  3657 17256 I chatty  : uid=10040 com.google.android.gms.persistent expire 2 lines
02-06 00:41:00.378  1827  2020 I chatty  : uid=1000(system) Binder:1827_3 identical 1 line
02-06 00:41:00.388  1827  2020 D ActivityManager: Raise procstate to external provider: ProcessRecord{74a51e1 10280:com.google.android.gms/u999a40}
02-06 00:41:02.719  1827  1847 D Boost   : hostingType=broadcast, hostingName=com.superlive.liveapp/com.google.firebase.iid.FirebaseInstanceIdReceiver, callerPackage=com.google.android.gms, isSystem=true, isBoostNeeded=false.
02-06 00:41:02.721  1827  1847 I ActivityManager: Start proc 17290:com.superlive.liveapp/u0a231 for broadcast com.superlive.liveapp/com.google.firebase.iid.FirebaseInstanceIdReceiver caller=com.google.android.gms
02-06 00:41:02.728 17290 17290 E perlive.liveap: Not starting debugger since process cannot load the jdwp agent.
02-06 00:41:02.747  1827 10878 D ActivityManager: Raise procstate to external provider: ProcessRecord{74a51e1 10280:com.google.android.gms/u999a40}
02-06 00:41:03.016 17290 17290 W perlive.liveap: JIT profile information will not be recorded: profile file does not exits.
02-06 00:41:03.016 17290 17290 I chatty  : uid=10231(com.superlive.liveapp) identical 1 line
02-06 00:41:03.016 17290 17290 W perlive.liveap: JIT profile information will not be recorded: profile file does not exits.
02-06 00:41:03.041 17290 17290 I Perf    : Connecting to perf service.
02-06 00:41:03.137 17290 17290 D SessionsDependencies: Dependency to CRASHLYTICS added.
02-06 00:41:03.144 17290 17290 I FirebaseApp: Device unlocked: initializing all Firebase APIs for app [DEFAULT]
02-06 00:41:03.189 17290 17290 D FirebaseSessions: Initializing Firebase Sessions SDK.
02-06 00:41:03.204 17290 17290 I FirebaseCrashlytics: Initializing Firebase Crashlytics 19.0.2 for com.superlive.liveapp
02-06 00:41:03.220 17290 17313 W perlive.liveap: Unsupported class loader
02-06 00:41:03.223 17290 17313 W perlive.liveap: Skipping duplicate class check due to unsupported classloader
02-06 00:41:03.227 17290 17313 I DynamiteModule: Considering local module com.google.android.gms.measurement.dynamite:117 and remote module com.google.android.gms.measurement.dynamite:175
02-06 00:41:03.227 17290 17313 I DynamiteModule: Selected remote version of com.google.android.gms.measurement.dynamite, version >= 175
02-06 00:41:03.227 17290 17313 V DynamiteModule: Dynamite loader version >= 2, using loadModule2NoCrashUtils
02-06 00:41:03.232 17290 17290 D SessionsDependencies: Subscriber CRASHLYTICS registered.
02-06 00:41:03.251 17290 17313 W perlive.liveap: Unknown chunk type '200'.
02-06 00:41:03.252 17290 17313 I chatty  : uid=10231(com.superlive.liveapp) identical 1 line
02-06 00:41:03.257 17290 17313 W perlive.liveap: Unknown chunk type '200'.
02-06 00:41:03.272 17290 17290 I FirebaseInitProvider: FirebaseApp initialization successful
02-06 00:41:03.274 17290 17321 D LifecycleServiceBinder: Binding service to application.
02-06 00:41:03.279 17290 17290 W DdRumContentProvider: processImportance:300
02-06 00:41:03.286 17290 17313 W perlive.liveap: Unsupported class loader
02-06 00:41:03.289 17290 17313 W perlive.liveap: Skipping duplicate class check due to unsupported classloader
02-06 00:41:03.297 17290 17322 I FirebaseCrashlytics: Saved version control info
02-06 00:41:03.348 17290 17290 D SessionLifecycleService: Service bound to new client on process 17290
02-06 00:41:03.278  1827 10878 I chatty  : uid=1000(system) Binder:1827_20 identical 1 line
02-06 00:41:03.349  1827 10878 D ActivityManager: Raise procstate to external provider: ProcessRecord{74a51e1 10280:com.google.android.gms/u999a40}
02-06 00:41:03.352  1827  3861 D ActivityManager: Raise procstate to external provider: ProcessRecord{74a51e1 10280:com.google.android.gms/u999a40}
02-06 00:41:03.357 17290 17341 W perlive.liveap: Accessing hidden method Landroid/os/WorkSource;->isEmpty()Z (dark greylist, reflection)
02-06 00:41:03.357 17290 17290 D SessionLifecycleClient: Connected to SessionLifecycleService. Queue size 0
02-06 00:41:03.364 17290 17343 D SessionLifecycleService: App has not yet foregrounded. Using previously stored session: null
02-06 00:41:03.365 17290 17343 D SessionLifecycleService: Client android.os.Messenger@72e306e bound at 269419105. Clients: 1
02-06 00:41:03.384 17290 17318 D NetworkSecurityConfig: Using Network Security Config from resource network_security_config debugBuild: false
02-06 00:41:03.362  1827  3861 D ActivityManager: Raise procstate to external provider: ProcessRecord{74a51e1 10280:com.google.android.gms/u999a40}
02-06 00:41:03.384  1827 10878 D ActivityManager: Raise procstate to external provider: ProcessRecord{74a51e1 10280:com.google.android.gms/u999a40}
02-06 00:41:03.387  1827  2020 D ActivityManager: Raise procstate to external provider: ProcessRecord{74a51e1 10280:com.google.android.gms/u999a40}
02-06 00:41:03.387 17290 17318 I DpmTcmClient: RegisterTcmMonitor from: $Proxy0
02-06 00:41:03.390  1827  5865 D ActivityManager: Raise procstate to external provider: ProcessRecord{74a51e1 10280:com.google.android.gms/u999a40}
02-06 00:41:03.393  1827  5865 I chatty  : uid=1000(system) Binder:1827_1A expire 12 lines
02-06 00:41:03.397  1827  2020 D ActivityManager: Raise procstate to external provider: ProcessRecord{74a51e1 10280:com.google.android.gms/u999a40}
02-06 00:41:03.401  1827  2020 I chatty  : uid=1000(system) Binder:1827_3 identical 1 line
02-06 00:41:03.409  1827  2020 D ActivityManager: Raise procstate to external provider: ProcessRecord{74a51e1 10280:com.google.android.gms/u999a40}
02-06 00:41:03.418  1827 10878 D ActivityManager: Raise procstate to external provider: ProcessRecord{74a51e1 10280:com.google.android.gms/u999a40}
02-06 00:41:03.432  1827 10878 D ActivityManager: Raise procstate to external provider: ProcessRecord{74a51e1 10280:com.google.android.gms/u999a40}
02-06 00:41:03.439  1827 10878 D ConnectivityService: requestNetwork for uid/pid:10231/17290 NetworkRequest [ TRACK_DEFAULT id=11899, [ Capabilities: INTERNET&NOT_RESTRICTED&TRUSTED Unwanted:  Uid: 10231] ]
02-06 00:41:03.439  1827  1941 I chatty  : uid=1000(system) WifiStateMachin expire 10 lines
02-06 00:41:03.440  1827  1993 I chatty  : uid=1000(system) EthernetService expire 5 lines
02-06 00:41:03.440 15565 15565 D PhoneSwitcherNetworkRequstListener: got request NetworkRequest [ TRACK_DEFAULT id=11899, [ Capabilities: INTERNET&NOT_RESTRICTED&TRUSTED Unwanted:  Uid: 10231] ] with score 60
02-06 00:41:03.441  2492  2492 D QcrilMsgTunnelIfaceManager: handleMessage what = 1
02-06 00:41:03.442  2492  2492 I QcrilOemhookMsgTunnel: [0]invokeOemRilRequestRaw: serial=34686 length=24
02-06 00:41:03.443  2492  2521 I QcrilOemhookMsgTunnel: [0]processOemHookResponse serial no: 34686 error: 0length=0
02-06 00:41:03.443  2492  2492 D QcrilMsgTunnelIfaceManager: handleMessage what = 2
02-06 00:41:03.444  2492  2492 D QcrilMsgTunnelIfaceManager: handleMessage what = 1
02-06 00:41:03.445  2492  2521 I QcrilOemhookMsgTunnel: [0]processOemHookIndication length=28
02-06 00:41:03.446  2492  2492 I QcrilOemhookMsgTunnel: [1]invokeOemRilRequestRaw: serial=34687 length=24
02-06 00:41:03.446  2492  2492 D QcrilMsgTunnelIfaceManager: handleMessage what = 0
02-06 00:41:03.447  2492  2521 I QcrilOemhookMsgTunnel: [1]processOemHookResponse serial no: 34687 error: 0length=0
02-06 00:41:03.447  2492  2492 D QcrilMsgTunnelIfaceManager: handleMessage what = 2
02-06 00:41:03.448 17290 17350 W Glide   : Failed to find GeneratedAppGlideModule. You should include an annotationProcessor compile dependency on com.github.bumptech.glide:compiler in your application and a @GlideModule annotated AppGlideModule implementation or LibraryGlideModules will be silently ignored
02-06 00:41:03.449 17290 17363 D AdvertisingIdClient: Creating AdvertisingIdClient
02-06 00:41:03.449  2492  2521 I QcrilOemhookMsgTunnel: [1]processOemHookIndication length=28
02-06 00:41:03.449 17290 17363 D AdvertisingIdClient: AdvertisingIdClient already created.
02-06 00:41:03.449  2492  2492 D QcrilMsgTunnelIfaceManager: handleMessage what = 0
02-06 00:41:03.462  1827 10878 D ActivityManager: Raise procstate to external provider: ProcessRecord{74a51e1 10280:com.google.android.gms/u999a40}
02-06 00:41:03.463  1827  5865 D ActivityManager: Raise procstate to external provider: ProcessRecord{74a51e1 10280:com.google.android.gms/u999a40}
02-06 00:41:03.473 17290 17363 D AdvertisingIdClient: AdvertisingIdClient is not bounded. Starting to bind it...
02-06 00:41:03.478 17290 17363 D AdvertisingIdClient: AdvertisingIdClient is bounded
02-06 00:41:03.483 17290 17363 I AdvertisingIdClient: shouldSendLog -1
02-06 00:41:03.484 17290 17363 I AdvertisingIdClient: GetInfoInternal elapse 12ms
02-06 00:41:03.488  1827 10878 D ConnectivityService: requestNetwork for uid/pid:10231/17290 NetworkRequest [ TRACK_DEFAULT id=11900, [ Capabilities: INTERNET&NOT_RESTRICTED&TRUSTED Unwanted:  Uid: 10231] ]
02-06 00:41:03.489 15565 15565 D PhoneSwitcherNetworkRequstListener: got request NetworkRequest [ TRACK_DEFAULT id=11900, [ Capabilities: INTERNET&NOT_RESTRICTED&TRUSTED Unwanted:  Uid: 10231] ] with score 60
02-06 00:41:03.490  2492  2492 D QcrilMsgTunnelIfaceManager: handleMessage what = 1
02-06 00:41:03.491  2492  2492 I QcrilOemhookMsgTunnel: [0]invokeOemRilRequestRaw: serial=34688 length=24
02-06 00:41:03.492  2492  2521 I QcrilOemhookMsgTunnel: [0]processOemHookResponse serial no: 34688 error: 0length=0
02-06 00:41:03.492  2492  2492 D QcrilMsgTunnelIfaceManager: handleMessage what = 2
02-06 00:41:03.493  2492  2492 D QcrilMsgTunnelIfaceManager: handleMessage what = 1
02-06 00:41:03.494  2492  2521 I QcrilOemhookMsgTunnel: [0]processOemHookIndication length=28
02-06 00:41:03.494  2492  2492 I QcrilOemhookMsgTunnel: [1]invokeOemRilRequestRaw: serial=34689 length=24
02-06 00:41:03.494  2492  2492 D QcrilMsgTunnelIfaceManager: handleMessage what = 0
02-06 00:41:03.495  2492  2521 I QcrilOemhookMsgTunnel: [1]processOemHookResponse serial no: 34689 error: 0length=0
02-06 00:41:03.495  2492  2492 D QcrilMsgTunnelIfaceManager: handleMessage what = 2
02-06 00:41:03.498  2492  2521 I QcrilOemhookMsgTunnel: [1]processOemHookIndication length=28
02-06 00:41:03.498  2492  2492 D QcrilMsgTunnelIfaceManager: handleMessage what = 0
02-06 00:41:03.499  1827  5865 D ActivityManager: Raise procstate to external provider: ProcessRecord{74a51e1 10280:com.google.android.gms/u999a40}
02-06 00:41:03.508  3657 20533 I chatty  : uid=10040(com.google.android.gms) highpool[12] expire 1 line
02-06 00:41:03.519 17290 17290 I AdvertisingIdClient: getting error as 17: API: ClientTelemetry.API is not available on this device. Connection failed with: ConnectionResult{statusCode=API_DISABLED_FOR_CONNECTION, resolution=null, message=null}
02-06 00:41:03.683 17290 17356 I FA      : App measurement initialized, version: 151001
02-06 00:41:03.683 17290 17356 I FA      : To enable debug logging run: adb shell setprop log.tag.FA VERBOSE
02-06 00:41:03.684 17290 17356 I FA      : To enable faster debug mode event logging run:
02-06 00:41:03.684 17290 17356 I FA      :   adb shell setprop debug.firebase.analytics.app com.superlive.liveapp
02-06 00:41:03.510  1827  5865 D ActivityManager: Raise procstate to external provider: ProcessRecord{74a51e1 10280:com.google.android.gms/u999a40}
02-06 00:41:03.737  1827  5865 E NotificationService: Suppressing notification from package by user request.
02-06 00:41:03.787  1827  5865 D ActivityManager: Raise procstate to external provider: ProcessRecord{74a51e1 10280:com.google.android.gms/u999a40}
02-06 00:41:03.832 10181 17381 I chatty  : uid=10040(com.google.android.gms) expire 5 lines
02-06 00:41:03.985 17290 17363 D AdvertisingIdClient: AdvertisingIdClient already created.
02-06 00:41:03.994 17290 17363 I AdvertisingIdClient: shouldSendLog 1267471727
02-06 00:41:03.994 17290 17363 I AdvertisingIdClient: GetInfoInternal elapse 9ms
02-06 00:41:04.002  1827 10878 D ConnectivityService: Returning UNBLOCKED NetworkInfo to uid=10231
02-06 00:41:04.487 17290 17363 D AdvertisingIdClient: AdvertisingIdClient already created.
02-06 00:41:04.495 17290 17363 I AdvertisingIdClient: shouldSendLog 1267471727
02-06 00:41:04.495 17290 17363 I AdvertisingIdClient: GetInfoInternal elapse 8ms
02-06 00:41:08.522  1827 10878 D ActivityManager: Raise procstate to external provider: ProcessRecord{74a51e1 10280:com.google.android.gms/u999a40}
02-06 00:41:09.268 17290 17387 D ProfileInstaller: Skipping profile installation for com.superlive.liveapp
02-06 00:41:10.906 14062 14251 I chatty  : uid=1000(system) SysUiNetBg expire 12 lines
02-06 00:41:11.966   864   864 I chatty  : uid=1000(system) /system/bin/surfaceflinger expire 111 lines
02-06 00:41:12.663  1827  1967 D ActivityManager: Raise procstate to external provider: ProcessRecord{74a51e1 10280:com.google.android.gms/u999a40}
02-06 00:41:12.674 17037 17037 D WM-SystemJobService: onStartJob for WorkGenerationalId(workSpecId=eb7d2bec-f865-4d0c-8273-d64873e477e5, generation=6876)
02-06 00:41:12.683 17037 17094 D WM-Processor: nic: processing WorkGenerationalId(workSpecId=eb7d2bec-f865-4d0c-8273-d64873e477e5, generation=6876)
02-06 00:41:12.694 17037 17037 D WM-WorkerWrapper: Starting work for androidx.work.multiprocess.RemoteListenableDelegatingWorker
02-06 00:41:12.699 17037 17037 D WM-ListenableWorkerImpl: Binding to com.google.android.googlequicksearchbox, com.google.android.libraries.search.integrations.tiktok.RemoteWorkerService_search
02-06 00:41:12.703  1827 10878 D ActivityManager: Raise procstate to external provider: ProcessRecord{74a51e1 10280:com.google.android.gms/u999a40}
02-06 00:41:12.725 17037 17037 I WM-RemoteWorkerService: Binding to RemoteWorkerService
02-06 00:41:12.726 17037 17037 D WM-ListenableWorkerImpl: Service connected
02-06 00:41:12.728 17037 17114 D WM-ListenableWorkerImpl: Executing work request (eb7d2bec-f865-4d0c-8273-d64873e477e5, com.google.apps.tiktok.contrib.work.TikTokListenableWorker)
02-06 00:41:12.753 17037 17128 D WM-DelayedWorkTracker: Scheduling work eb7d2bec-f865-4d0c-8273-d64873e477e5
02-06 00:41:12.753 17037 17128 D WM-GreedyScheduler: Starting tracking for eb7d2bec-f865-4d0c-8273-d64873e477e5
02-06 00:41:12.756 17037 17114 D WM-ConstraintTracker: nlv: initial state = true
02-06 00:41:12.757 17037 17114 D WM-BrdcstRcvrCnstrntTrc: nlv: registering receiver
02-06 00:41:12.760 17037 17114 D WM-ConstraintTracker: nmg: initial state = NetworkState(isConnected=true, isValidated=true, isMetered=false, isNotRoaming=true, isBlocked=false)
02-06 00:41:12.761 17037 17114 D WM-NetworkStateTracker: Registering network callback
02-06 00:41:12.763  1827 10878 D ConnectivityService: requestNetwork for uid/pid:10042/17037 NetworkRequest [ TRACK_DEFAULT id=11901, [ Capabilities: INTERNET&NOT_RESTRICTED&TRUSTED Unwanted:  Uid: 10042] ]
02-06 00:41:12.764 15565 15565 D PhoneSwitcherNetworkRequstListener: got request NetworkRequest [ TRACK_DEFAULT id=11901, [ Capabilities: INTERNET&NOT_RESTRICTED&TRUSTED Unwanted:  Uid: 10042] ] with score 60
02-06 00:41:12.766  2492  2492 D QcrilMsgTunnelIfaceManager: handleMessage what = 1
02-06 00:41:12.766 17037 17114 D WM-GreedyScheduler: Constraints met: Scheduling work ID WorkGenerationalId(workSpecId=eb7d2bec-f865-4d0c-8273-d64873e477e5, generation=6876)
02-06 00:41:12.767  2492  2492 I QcrilOemhookMsgTunnel: [0]invokeOemRilRequestRaw: serial=34690 length=24
02-06 00:41:12.768  2492  2521 I QcrilOemhookMsgTunnel: [0]processOemHookResponse serial no: 34690 error: 0length=0
02-06 00:41:12.768  2492  2492 D QcrilMsgTunnelIfaceManager: handleMessage what = 2
02-06 00:41:12.769 17037 17388 D WM-NetworkStateTracker: Network capabilities changed: [ Transports: WIFI Capabilities: NOT_METERED&INTERNET&NOT_RESTRICTED&TRUSTED&NOT_VPN&VALIDATED&NOT_ROAMING&FOREGROUND&NOT_CONGESTED&NOT_SUSPENDED Unwanted:  LinkUpBandwidth>=1048576Kbps LinkDnBandwidth>=1048576Kbps SignalStrength: -45 SSID: "DJAWEB_00"]
02-06 00:41:12.770  2492  2492 D QcrilMsgTunnelIfaceManager: handleMessage what = 1
02-06 00:41:12.770 17037 17114 D WM-Processor: Work WorkGenerationalId(workSpecId=eb7d2bec-f865-4d0c-8273-d64873e477e5, generation=6876) is already enqueued for processing
02-06 00:41:12.771  2492  2492 I QcrilOemhookMsgTunnel: [1]invokeOemRilRequestRaw: serial=34691 length=24
02-06 00:41:12.772  2492  2521 I QcrilOemhookMsgTunnel: [0]processOemHookIndication length=28
02-06 00:41:12.772  2492  2492 D QcrilMsgTunnelIfaceManager: handleMessage what = 0
02-06 00:41:12.774  2492  2521 I QcrilOemhookMsgTunnel: [1]processOemHookResponse serial no: 34691 error: 0length=0
02-06 00:41:12.774  2492  2492 D QcrilMsgTunnelIfaceManager: handleMessage what = 2
02-06 00:41:12.776  2492  2521 I QcrilOemhookMsgTunnel: [1]processOemHookIndication length=28
02-06 00:41:12.776  2492  2492 D QcrilMsgTunnelIfaceManager: handleMessage what = 0
02-06 00:41:12.815 17037 17037 I eimu    : #sync(). Running Synclets and scheduling next sync.
02-06 00:41:12.995 17037 17114 I eimu    : (REDACTED) Running synclets: %s
02-06 00:41:13.001 17037 17127 I eimu    : (REDACTED) Starting synclet: %s
02-06 00:41:13.037  1827 10878 D ActivityManager: Raise procstate to external provider: ProcessRecord{74a51e1 10280:com.google.android.gms/u999a40}
02-06 00:41:13.038  1827 10878 I chatty  : uid=1000(system) Binder:1827_20 expire 3 lines
02-06 00:41:13.110 17037 17392 I carq    : (REDACTED) Using GoogleAuthUtil for getToken for 1p app: %s
02-06 00:41:13.127  1827  5865 D ActivityManager: Raise procstate to external provider: ProcessRecord{74a51e1 10280:com.google.android.gms/u999a40}
02-06 00:41:13.190 17037 17127 I drnw    : (REDACTED) Attempting to cache the data for enabled corpora %s.
02-06 00:41:13.192 17037 17123 I cput    : (REDACTED) Starting batch sync for corpora: %s
02-06 00:41:13.200 17037 17114 D NetworkSecurityConfig: Using Network Security Config from resource network_security_config debugBuild: false
02-06 00:41:13.236 17037 17094 I cpyc    : (REDACTED) Setting isLegacySQLite mode to %s.
02-06 00:41:13.390 17037 17394 I cput    : (REDACTED) The syncToken for corpus %s is %s and the syncRequestReason is %s
02-06 00:41:13.391 17037 17394 I cput    : (REDACTED) The syncToken for corpus %s is %s and the syncRequestReason is %s
02-06 00:41:13.393 17037 17102 W fgpf    : Failed to create JWT helper. This is unexpected
02-06 00:41:13.393 17037 17102 W fgpf    : java.lang.NoSuchMethodException: getScopes []
02-06 00:41:13.393 17037 17102 W fgpf    : 	at java.lang.Class.getMethod(Class.java:2068)
02-06 00:41:13.393 17037 17102 W fgpf    : 	at java.lang.Class.getMethod(Class.java:1690)
02-06 00:41:13.393 17037 17102 W fgpf    : 	at fgpd.<init>(PG:15)
02-06 00:41:13.393 17037 17102 W fgpf    : 	at fgpf.<clinit>(PG:27)
02-06 00:41:13.393 17037 17102 W fgpf    : 	at cpua.a(PG:54)
02-06 00:41:13.393 17037 17102 W fgpf    : 	at cput.c(PG:50)
02-06 00:41:13.393 17037 17102 W fgpf    : 	at cpug.a(PG:32)
02-06 00:41:13.393 17037 17102 W fgpf    : 	at eiuq.a(PG:22)
02-06 00:41:13.393 17037 17102 W fgpf    : 	at erxm.b(PG:8)
02-06 00:41:13.393 17037 17102 W fgpf    : 	at erxi.apply(PG:20)
02-06 00:41:13.393 17037 17102 W fgpf    : 	at erwp.d(PG:3)
02-06 00:41:13.393 17037 17102 W fgpf    : 	at erwr.run(PG:47)
02-06 00:41:13.393 17037 17102 W fgpf    : 	at cnjw.run(PG:5)
02-06 00:41:13.393 17037 17102 W fgpf    : 	at equw.run(PG:46)
02-06 00:41:13.393 17037 17102 W fgpf    : 	at cnji.run(PG:81)
02-06 00:41:13.393 17037 17102 W fgpf    : 	at java.lang.Thread.run(Thread.java:764)
02-06 00:41:13.393 17037 17102 W fgpf    : 	at cnla.run(PG:63)
02-06 00:41:13.793 14062 14062 I chatty  : uid=1000(system) com.android.systemui expire 79 lines
02-06 00:41:13.208  1827  5865 I chatty  : uid=1000(system) Binder:1827_1A identical 2 lines
02-06 00:41:13.214  1827  5865 D ActivityManager: Raise procstate to external provider: ProcessRecord{74a51e1 10280:com.google.android.gms/u999a40}
02-06 00:41:13.869  1827  1842 D ActivityManager: Raise procstate to external provider: ProcessRecord{74a51e1 10280:com.google.android.gms/u999a40}
02-06 00:41:15.893 17037 17394 I cpyc    : (REDACTED) Writing data for these Geller corpora: %s
02-06 00:41:15.934 17037 17394 I cpyc    : (REDACTED) Wrote %d elements for corpus %s
02-06 00:41:15.936 17037 17394 I cpyc    : (REDACTED) Writing metadata key: %s, corpus: %s
02-06 00:41:15.936 17037 17394 I cpyc    : (REDACTED) Writing metadata key: %s, corpus: %s
02-06 00:41:16.006 17037 17394 I cpyc    : (REDACTED) Writing data for these Geller corpora: %s
02-06 00:41:16.006 17037 17394 I cpyc    : (REDACTED) Writing metadata key: %s, corpus: %s
02-06 00:41:16.007 17037 17394 I chatty  : uid=10042(com.google.android.googlequicksearchbox) identical 1 line
02-06 00:41:16.007 17037 17394 I cpyc    : (REDACTED) Writing metadata key: %s, corpus: %s
02-06 00:41:16.019 17037 17122 I xux     : PR status onSyncCompleted called in TNG
02-06 00:41:16.024  1827  5865 D ActivityManager: Raise procstate to external provider: ProcessRecord{74a51e1 10280:com.google.android.gms/u999a40}
02-06 00:41:16.031 17037 17124 I utm     : Geller-AiAi egress is not enabled
02-06 00:41:16.035 17037 17124 E ehcd    : (REDACTED) Failed to share %s data to AiAi.
02-06 00:41:16.035 17037 17124 E ehcd    : cprx: Geller AiAi data share is not enabled
02-06 00:41:16.035 17037 17124 E ehcd    : 	at utm.c(PG:28)
02-06 00:41:16.035 17037 17124 E ehcd    : 	at utm.b(PG:1)
02-06 00:41:16.035 17037 17124 E ehcd    : 	at utr.a(PG:29)
02-06 00:41:16.035 17037 17124 E ehcd    : 	at eiuv.a(PG:17)
02-06 00:41:16.035 17037 17124 E ehcd    : 	at erya.a(PG:3)
02-06 00:41:16.035 17037 17124 E ehcd    : 	at erzq.run(PG:19)
02-06 00:41:16.035 17037 17124 E ehcd    : 	at cnjw.run(PG:5)
02-06 00:41:16.035 17037 17124 E ehcd    : 	at equw.run(PG:46)
02-06 00:41:16.035 17037 17124 E ehcd    : 	at cnji.run(PG:81)
02-06 00:41:16.035 17037 17124 E ehcd    : 	at java.lang.Thread.run(Thread.java:764)
02-06 00:41:16.035 17037 17124 E ehcd    : 	at cnla.run(PG:63)
02-06 00:41:16.039 17037 17127 I xux     : (REDACTED) PR status onSyncCompleted updated in TNG to %s
02-06 00:41:16.078 21487 21487 I etmb    : (REDACTED) Created gRPC endpoint for service %s
02-06 00:41:16.087 17037 17122 I eimu    : Scheduling next wakeup
02-06 00:41:16.087 17037 17122 I eint    : Scheduling next periodic WorkManager workers
02-06 00:41:16.101 17037 17094 D WM-GreedyScheduler: Cancelling work ID 78351c6e-65df-496b-b210-e229f69aa906
02-06 00:41:16.112 21487 21544 I xof     : (REDACTED) OnChange called on field %s
02-06 00:41:16.115 17037 17094 D WM-SystemJobScheduler: Scheduling work ID 78351c6e-65df-496b-b210-e229f69aa906Job ID 76936
02-06 00:41:16.117 17037 17094 D WM-GreedyScheduler: Ignoring {WorkSpec: 8873ea08-cec4-42f6-8b05-bf783694513e}. Requires device idle.
02-06 00:41:16.132 17037 17094 D WM-GreedyScheduler: Cancelling work ID 2bcfa85f-6569-4e91-9d00-83f462791693
02-06 00:41:16.138  1827  2020 D ActivityManager: Raise procstate to external provider: ProcessRecord{74a51e1 10280:com.google.android.gms/u999a40}
02-06 00:41:16.148 17037 17094 D WM-SystemJobScheduler: Scheduling work ID 2bcfa85f-6569-4e91-9d00-83f462791693Job ID 76937
02-06 00:41:16.149 17037 17094 D WM-GreedyScheduler: Ignoring {WorkSpec: 8873ea08-cec4-42f6-8b05-bf783694513e}. Requires device idle.
02-06 00:41:16.158 17037 17094 D WM-GreedyScheduler: Cancelling work ID 51b492d0-8cbf-4830-b503-ad32a0d6860b
02-06 00:41:16.167 17037 17094 D WM-SystemJobScheduler: Scheduling work ID 51b492d0-8cbf-4830-b503-ad32a0d6860bJob ID 76938
02-06 00:41:16.169 17037 17094 D WM-GreedyScheduler: Ignoring {WorkSpec: 8873ea08-cec4-42f6-8b05-bf783694513e}. Requires device idle.
02-06 00:41:16.179 17037 17122 I eint    : Successfully scheduled next periodic workers
02-06 00:41:16.183 17037 17114 I eimu    : #sync() complete
02-06 00:41:16.187 17037 17102 D RemoteListenableDelegatingWorker: Cleaning up
02-06 00:41:16.191 17037 17102 I WM-WorkerWrapper: Worker result SUCCESS for Work [ id=eb7d2bec-f865-4d0c-8273-d64873e477e5, tags={ com.google.apps.tiktok.contrib.work.TikTokListenableWorker,com.google.apps.tiktok.sync.impl.workmanager.SyncPeriodicWorker_proc<search>,TikTokWorker#com.google.apps.tiktok.sync.impl.workmanager.SyncPeriodicWorker } ]
02-06 00:41:16.195 17037 17037 D WM-Processor: nic eb7d2bec-f865-4d0c-8273-d64873e477e5 executed; reschedule = false
02-06 00:41:16.195 17037 17037 D WM-GreedyScheduler: Stopping tracking for WorkGenerationalId(workSpecId=eb7d2bec-f865-4d0c-8273-d64873e477e5, generation=6876)
02-06 00:41:16.196 17037 17037 D WM-SystemJobService: eb7d2bec-f865-4d0c-8273-d64873e477e5 executed on JobScheduler
02-06 00:41:16.188  1827  2020 D ActivityManager: Raise procstate to external provider: ProcessRecord{74a51e1 10280:com.google.android.gms/u999a40}
02-06 00:41:16.197  1827  5865 D ActivityManager: Raise procstate to external provider: ProcessRecord{74a51e1 10280:com.google.android.gms/u999a40}
02-06 00:41:16.199 17037 17102 D WM-GreedyScheduler: Cancelling work ID eb7d2bec-f865-4d0c-8273-d64873e477e5
02-06 00:41:16.207 17037 17102 D WM-SystemJobScheduler: Scheduling work ID eb7d2bec-f865-4d0c-8273-d64873e477e5Job ID 76939
02-06 00:41:16.209 17037 17102 D WM-GreedyScheduler: Ignoring {WorkSpec: 8873ea08-cec4-42f6-8b05-bf783694513e}. Requires device idle.
02-06 00:41:16.209 17037 17102 D WM-BrdcstRcvrCnstrntTrc: nlv: unregistering receiver
02-06 00:41:16.211 17037 17102 D WM-NetworkStateTracker: Unregistering network callback
02-06 00:41:16.199  1827  5865 D ActivityManager: Raise procstate to external provider: ProcessRecord{74a51e1 10280:com.google.android.gms/u999a40}
02-06 00:41:16.211  1827  1946 D ConnectivityService: releasing NetworkRequest [ TRACK_DEFAULT id=11901, [ Capabilities: INTERNET&NOT_RESTRICTED&TRUSTED Unwanted:  Uid: 10042] ] (release request)
02-06 00:41:16.213  2492  2492 D QcrilMsgTunnelIfaceManager: handleMessage what = 1
02-06 00:41:16.214  2492  2492 I QcrilOemhookMsgTunnel: [0]invokeOemRilRequestRaw: serial=34692 length=24
02-06 00:41:16.215  2492  2521 I QcrilOemhookMsgTunnel: [0]processOemHookResponse serial no: 34692 error: 0length=0
02-06 00:41:16.215  2492  2492 D QcrilMsgTunnelIfaceManager: handleMessage what = 2
02-06 00:41:16.216  2492  2492 D QcrilMsgTunnelIfaceManager: handleMessage what = 1
02-06 00:41:16.217  2492  2492 I QcrilOemhookMsgTunnel: [1]invokeOemRilRequestRaw: serial=34693 length=24
02-06 00:41:16.217  2492  2521 I QcrilOemhookMsgTunnel: [0]processOemHookIndication length=28
02-06 00:41:16.218  2492  2492 D QcrilMsgTunnelIfaceManager: handleMessage what = 0
02-06 00:41:16.218  2492  2521 I QcrilOemhookMsgTunnel: [1]processOemHookResponse serial no: 34693 error: 0length=0
02-06 00:41:16.219  2492  2492 D QcrilMsgTunnelIfaceManager: handleMessage what = 2
02-06 00:41:16.221  2492  2521 I QcrilOemhookMsgTunnel: [1]processOemHookIndication length=28
02-06 00:41:16.221  2492  2492 D QcrilMsgTunnelIfaceManager: handleMessage what = 0
02-06 00:41:17.708  1827  5865 D ActivityManager: Raise procstate to external provider: ProcessRecord{74a51e1 10280:com.google.android.gms/u999a40}
02-06 00:41:18.190  1827  5865 D ActivityManager: Raise procstate to external provider: ProcessRecord{74a51e1 10280:com.google.android.gms/u999a40}
02-06 00:41:18.382  1827  1842 D ActivityManager: Raise procstate to external provider: ProcessRecord{74a51e1 10280:com.google.android.gms/u999a40}
02-06 00:41:20.104  3657 17289 I chatty  : uid=10040 com.google.android.gms.persistent expire 1 line
02-06 00:41:20.137  3657 17289 I AlarmManager: setExactAndAllowWhileIdle [name: GCM_HB_ALARM type: 2 triggerAtMillis: 1268148381]
02-06 00:41:20.146  3657 17190 I AlarmManager: setExactAndAllowWhileIdle [name: FcmRetry type: 2 triggerAtMillis: 1267608386]
02-06 00:41:18.715  1827  1842 D ActivityManager: Raise procstate to external provider: ProcessRecord{74a51e1 10280:com.google.android.gms/u999a40}
02-06 00:41:20.158  1827  1845 D ActivityManager: Raise procstate to external provider: ProcessRecord{74a51e1 10280:com.google.android.gms/u999a40}
02-06 00:41:20.160  1827  1845 I chatty  : uid=1000(system) ActivityManager expire 12 lines
02-06 00:41:20.164  1827  1842 D ActivityManager: Raise procstate to external provider: ProcessRecord{74a51e1 10280:com.google.android.gms/u999a40}
02-06 00:41:20.169  1827  5865 D ActivityManager: Raise procstate to external provider: ProcessRecord{74a51e1 10280:com.google.android.gms/u999a40}
02-06 00:41:20.171  1827  5865 I chatty  : uid=1000(system) Binder:1827_1A expire 21 lines
02-06 00:41:20.180  1827  2020 D ActivityManager: Raise procstate to external provider: ProcessRecord{74a51e1 10280:com.google.android.gms/u999a40}
02-06 00:41:20.183  1827  5865 D ActivityManager: Raise procstate to external provider: ProcessRecord{74a51e1 10280:com.google.android.gms/u999a40}
02-06 00:41:20.186  1827  5865 D ActivityManager: Raise procstate to external provider: ProcessRecord{74a51e1 10280:com.google.android.gms/u999a40}
02-06 00:41:20.999  1827  5865 E NotificationService: Suppressing notification from package by user request.
02-06 00:41:24.614  3657 17256 I AlarmManager: setExactAndAllowWhileIdle [name: GCM_HB_ALARM type: 2 triggerAtMillis: 1268152858]
02-06 00:41:24.637  3657 17190 W ChimeraUtils: Module com.google.android.gms.gcm missing resource null(0)
02-06 00:41:24.651  3657 17190 I AlarmManager: setExactAndAllowWhileIdle [name: FcmRetry type: 2 triggerAtMillis: 1267612893]
02-06 00:41:24.662  1827  1845 D ActivityManager: Raise procstate to external provider: ProcessRecord{74a51e1 10280:com.google.android.gms/u999a40}
02-06 00:41:24.670  1827  1842 D ActivityManager: Raise procstate to external provider: ProcessRecord{74a51e1 10280:com.google.android.gms/u999a40}
02-06 00:41:24.671  1827  1842 I chatty  : uid=1000(system) Binder:1827_2 expire 12 lines
02-06 00:41:24.675  1827  5865 D ActivityManager: Raise procstate to external provider: ProcessRecord{74a51e1 10280:com.google.android.gms/u999a40}
02-06 00:41:24.689  1827  5865 I chatty  : uid=1000(system) Binder:1827_1A identical 2 lines
02-06 00:41:24.692  1827  5865 D ActivityManager: Raise procstate to external provider: ProcessRecord{74a51e1 10280:com.google.android.gms/u999a40}
02-06 00:41:24.723  1827  2020 E NotificationService: Suppressing notification from package by user request.
02-06 00:41:25.651  3657 17190 I AlarmManager: setExactAndAllowWhileIdle [name: GCM_HB_ALARM type: 2 triggerAtMillis: 1268153895]
02-06 00:41:25.670  3657 17419 W ChimeraUtils: Module com.google.android.gms.gcm missing resource null(0)
02-06 00:41:25.678  3657 17416 I AlarmManager: setExactAndAllowWhileIdle [name: GCM_HB_ALARM type: 2 triggerAtMillis: 1268153923]
02-06 00:41:25.683  3657 17419 I AlarmManager: setExactAndAllowWhileIdle [name: FcmRetry type: 2 triggerAtMillis: 1267613925]
02-06 00:41:25.687  1827  1845 D ActivityManager: Raise procstate to external provider: ProcessRecord{74a51e1 10280:com.google.android.gms/u999a40}
02-06 00:41:25.694  1827  5865 D ActivityManager: Raise procstate to external provider: ProcessRecord{74a51e1 10280:com.google.android.gms/u999a40}
02-06 00:41:25.698  1827  2020 D ActivityManager: Raise procstate to external provider: ProcessRecord{74a51e1 10280:com.google.android.gms/u999a40}
02-06 00:41:25.708  1827  5865 D ActivityManager: Raise procstate to external provider: ProcessRecord{74a51e1 10280:com.google.android.gms/u999a40}
02-06 00:41:25.712  1827 10878 D ActivityManager: Raise procstate to external provider: ProcessRecord{74a51e1 10280:com.google.android.gms/u999a40}
02-06 00:41:25.715  1827 10878 D ActivityManager: Raise procstate to external provider: ProcessRecord{74a51e1 10280:com.google.android.gms/u999a40}
