02-06 00:36:11.020  1827  6474 D ActivityManager: Raise procstate to external provider: ProcessRecord{74a51e1 10280:com.google.android.gms/u999a40}
02-06 00:36:11.033  1827  2036 D ActivityManager: Raise procstate to external provider: ProcessRecord{74a51e1 10280:com.google.android.gms/u999a40}
02-06 00:36:11.035  1827  5865 D ActivityManager: Raise procstate to external provider: ProcessRecord{74a51e1 10280:com.google.android.gms/u999a40}
02-06 00:36:11.038  1827  5865 D ActivityManager: Raise procstate to external provider: ProcessRecord{74a51e1 10280:com.google.android.gms/u999a40}
02-06 00:36:11.059  1827  5865 E NotificationService: Suppressing notification from package by user request.
02-06 00:36:24.366  1827  5865 D ActivityManager: Raise procstate to external provider: ProcessRecord{74a51e1 10280:com.google.android.gms/u999a40}
02-06 00:36:26.047  1827  5865 I chatty  : uid=1000(system) Binder:1827_1A identical 2 lines
02-06 00:36:30.304  1827  5865 D ActivityManager: Raise procstate to external provider: ProcessRecord{74a51e1 10280:com.google.android.gms/u999a40}
02-06 00:36:31.014  1827  1844 D ActivityManager: Raise procstate to external provider: ProcessRecord{74a51e1 10280:com.google.android.gms/u999a40}
02-06 00:36:31.775  1827  2036 D ActivityManager: Raise procstate to external provider: ProcessRecord{74a51e1 10280:com.google.android.gms/u999a40}
02-06 00:36:31.777  1827  2036 D ActivityManager: Raise procstate to external provider: ProcessRecord{74a51e1 10280:com.google.android.gms/u999a40}
02-06 00:36:33.107   899  1057 E storaged: getDiskStats failed with result NOT_SUPPORTED and size 0
02-06 00:36:36.036  1827  2036 D ActivityManager: Raise procstate to external provider: ProcessRecord{74a51e1 10280:com.google.android.gms/u999a40}
02-06 00:36:38.944  1827  1845 D ActivityManager: Raise procstate to external provider: ProcessRecord{74a51e1 10280:com.google.android.gms/u999a40}
02-06 00:36:38.972  1827  2036 D ActivityManager: Raise procstate to external provider: ProcessRecord{74a51e1 10280:com.google.android.gms/u999a40}
02-06 00:36:38.974  1827  2036 I chatty  : uid=1000(system) Binder:1827_4 identical 1 line
02-06 00:36:45.345  1827  2036 D ActivityManager: Raise procstate to external provider: ProcessRecord{74a51e1 10280:com.google.android.gms/u999a40}
02-06 00:36:51.866  1827  5865 D ActivityManager: Raise procstate to external provider: ProcessRecord{74a51e1 10280:com.google.android.gms/u999a40}
02-06 00:36:51.879  1827  5865 D ActivityManager: Raise procstate to external provider: ProcessRecord{74a51e1 10280:com.google.android.gms/u999a40}
02-06 00:36:51.887  1827  2036 D ActivityManager: Raise procstate to external provider: ProcessRecord{74a51e1 10280:com.google.android.gms/u999a40}
02-06 00:37:00.003  1827  1827 D ActivityManager: Raise procstate to external provider: ProcessRecord{74a51e1 10280:com.google.android.gms/u999a40}
02-06 00:37:00.006  1827  2036 D ActivityManager: Raise procstate to external provider: ProcessRecord{74a51e1 10280:com.google.android.gms/u999a40}
02-06 00:37:00.015  1827  2036 I chatty  : uid=1000(system) Binder:1827_4 identical 5 lines
02-06 00:37:01.929  1827  2036 D ActivityManager: Raise procstate to external provider: ProcessRecord{74a51e1 10280:com.google.android.gms/u999a40}
02-06 00:37:01.935  1827  5865 D ActivityManager: Raise procstate to external provider: ProcessRecord{74a51e1 10280:com.google.android.gms/u999a40}
02-06 00:37:01.997  1827  5865 D ActivityManager: Raise procstate to external provider: ProcessRecord{74a51e1 10280:com.google.android.gms/u999a40}
02-06 00:37:02.002  1827  2036 D ActivityManager: Raise procstate to external provider: ProcessRecord{74a51e1 10280:com.google.android.gms/u999a40}
02-06 00:37:02.053  1827  5865 D ActivityManager: Raise procstate to external provider: ProcessRecord{74a51e1 10280:com.google.android.gms/u999a40}
02-06 00:37:02.059  1827  5865 D ActivityManager: Raise procstate to external provider: ProcessRecord{74a51e1 10280:com.google.android.gms/u999a40}
02-06 00:37:02.114  1827  2036 D ActivityManager: Raise procstate to external provider: ProcessRecord{74a51e1 10280:com.google.android.gms/u999a40}
02-06 00:37:02.120  1827  2036 D ActivityManager: Raise procstate to external provider: ProcessRecord{74a51e1 10280:com.google.android.gms/u999a40}
02-06 00:37:06.922  1827  5865 D ActivityManager: Raise procstate to external provider: ProcessRecord{74a51e1 10280:com.google.android.gms/u999a40}
02-06 00:37:12.014  1827  1967 D ActivityManager: Raise procstate to external provider: ProcessRecord{74a51e1 10280:com.google.android.gms/u999a40}
02-06 00:37:12.089  1827  1849 E BatteryExternalStatsWorker: no controller energy info supplied for bluetooth
02-06 00:37:12.165  1827  1936 D ActivityManager: Raise procstate to external provider: ProcessRecord{74a51e1 10280:com.google.android.gms/u999a40}
02-06 00:37:12.167  1827  1936 D ActivityManager: Raise procstate to external provider: ProcessRecord{74a51e1 10280:com.google.android.gms/u999a40}
02-06 00:37:12.219  1827  1849 E BatteryExternalStatsWorker: no controller energy info supplied for bluetooth
02-06 00:37:13.010  1827  5865 D ActivityManager: Raise procstate to external provider: ProcessRecord{74a51e1 10280:com.google.android.gms/u999a40}
02-06 00:37:13.013  1827  5865 D ActivityManager: Raise procstate to external provider: ProcessRecord{74a51e1 10280:com.google.android.gms/u999a40}
02-06 00:37:18.750  1827  1847 D Boost   : hostingType=service, hostingName=com.shazam.android/com.shazam.popup.android.service.FloatingShazamTileService, callerPackage=com.android.systemui, isSystem=true, isBoostNeeded=false.
02-06 00:37:18.753  1827  1847 I ActivityManager: Start proc 15940:com.shazam.android/u0a202 for service com.shazam.android/com.shazam.popup.android.service.FloatingShazamTileService caller=com.android.systemui
02-06 00:37:18.795  1827  6474 D ActivityManager: Raise procstate to external provider: ProcessRecord{74a51e1 10280:com.google.android.gms/u999a40}
02-06 00:37:19.090  1827  6474 I chatty  : uid=1000(system) Binder:1827_1B identical 1 line
02-06 00:37:19.197  1827  6474 D ActivityManager: Raise procstate to external provider: ProcessRecord{74a51e1 10280:com.google.android.gms/u999a40}
02-06 00:37:19.229  1827  2036 D ActivityManager: Raise procstate to external provider: ProcessRecord{74a51e1 10280:com.google.android.gms/u999a40}
02-06 00:37:19.244  1827  5865 D ConnectivityService: requestNetwork for uid/pid:10202/15940 NetworkRequest [ TRACK_DEFAULT id=11886, [ Capabilities: INTERNET&NOT_RESTRICTED&TRUSTED Unwanted:  Uid: 10202] ]
02-06 00:37:19.446  1827  2318 D ActivityManager: Raise procstate to external provider: ProcessRecord{74a51e1 10280:com.google.android.gms/u999a40}
02-06 00:37:22.727  1827  3037 I ActivityManager: Killing 15862:com.example.f_rizzly/u0a379 (adj 900): crash
02-06 00:37:22.772 22170 22190 D PowerKeeper.AppBgIdle: setUidState, uid = 10379 allow = true
02-06 00:37:22.782  1827  1853 W ActivityManager: setHasOverlayUi called on unknown pid: 15862
02-06 00:37:24.285  1827  4426 D ActivityManager: Raise procstate to external provider: ProcessRecord{74a51e1 10280:com.google.android.gms/u999a40}
02-06 00:37:24.424  1827  2787 D ActivityManager: Raise procstate to external provider: ProcessRecord{74a51e1 10280:com.google.android.gms/u999a40}
02-06 00:37:24.433  1827  4426 D ActivityManager: Raise procstate to external provider: ProcessRecord{74a51e1 10280:com.google.android.gms/u999a40}
02-06 00:37:24.487  1827  4426 D ActivityManager: Raise procstate to external provider: ProcessRecord{74a51e1 10280:com.google.android.gms/u999a40}
02-06 00:37:24.491  1827  2787 D ActivityManager: Raise procstate to external provider: ProcessRecord{74a51e1 10280:com.google.android.gms/u999a40}
02-06 00:37:24.536  1827  4426 D ActivityManager: Raise procstate to external provider: ProcessRecord{74a51e1 10280:com.google.android.gms/u999a40}
02-06 00:37:24.542  1827  4426 D ActivityManager: Raise procstate to external provider: ProcessRecord{74a51e1 10280:com.google.android.gms/u999a40}
02-06 00:37:24.588  1827  2787 D ActivityManager: Raise procstate to external provider: ProcessRecord{74a51e1 10280:com.google.android.gms/u999a40}
02-06 00:37:24.593  1827  2787 D ActivityManager: Raise procstate to external provider: ProcessRecord{74a51e1 10280:com.google.android.gms/u999a40}
02-06 00:37:29.494  1827  2788 D ActivityManager: Raise procstate to external provider: ProcessRecord{74a51e1 10280:com.google.android.gms/u999a40}
02-06 00:37:31.206  1827  1845 D ActivityManager: Raise procstate to external provider: ProcessRecord{74a51e1 10280:com.google.android.gms/u999a40}
02-06 00:37:31.207  1827  1845 D ActivityManager: Raise procstate to external provider: ProcessRecord{74a51e1 10280:com.google.android.gms/u999a40}
02-06 00:37:31.217  1827  2788 D ActivityManager: Raise procstate to external provider: ProcessRecord{74a51e1 10280:com.google.android.gms/u999a40}
02-06 00:37:31.223  1827  4426 D ActivityManager: Raise procstate to external provider: ProcessRecord{74a51e1 10280:com.google.android.gms/u999a40}
02-06 00:37:31.255  1827  4426 D ActivityManager: Raise procstate to external provider: ProcessRecord{74a51e1 10280:com.google.android.gms/u999a40}
02-06 00:37:31.258  1827  6474 D ActivityManager: Raise procstate to external provider: ProcessRecord{74a51e1 10280:com.google.android.gms/u999a40}
02-06 00:37:31.262  1827  6474 D ActivityManager: Raise procstate to external provider: ProcessRecord{74a51e1 10280:com.google.android.gms/u999a40}
02-06 00:37:31.264  1827  2788 E NotificationService: Suppressing notification from package by user request.
02-06 00:37:31.268  1827  1845 D ActivityManager: Raise procstate to external provider: ProcessRecord{74a51e1 10280:com.google.android.gms/u999a40}
02-06 00:37:31.272  1827  2787 D ActivityManager: Raise procstate to external provider: ProcessRecord{74a51e1 10280:com.google.android.gms/u999a40}
02-06 00:37:31.275  1827  4426 D ActivityManager: Raise procstate to external provider: ProcessRecord{74a51e1 10280:com.google.android.gms/u999a40}
02-06 00:37:31.285  1827  6474 D ActivityManager: Raise procstate to external provider: ProcessRecord{74a51e1 10280:com.google.android.gms/u999a40}
02-06 00:37:31.287  1827  4426 D ActivityManager: Raise procstate to external provider: ProcessRecord{74a51e1 10280:com.google.android.gms/u999a40}
02-06 00:37:31.290  1827  4426 D ActivityManager: Raise procstate to external provider: ProcessRecord{74a51e1 10280:com.google.android.gms/u999a40}
02-06 00:37:31.311  1827  2787 E NotificationService: Suppressing notification from package by user request.
02-06 00:37:32.380  1827  2787 D ConnectivityService: Returning UNBLOCKED NetworkInfo to uid=10231
02-06 00:37:33.109   899  1057 E storaged: getDiskStats failed with result NOT_SUPPORTED and size 0
02-06 00:37:34.353  1827  2787 D ActivityManager: Raise procstate to external provider: ProcessRecord{74a51e1 10280:com.google.android.gms/u999a40}
02-06 00:37:34.358  1827  2787 I chatty  : uid=1000(system) Binder:1827_9 identical 1 line
02-06 00:37:34.421  1827  2787 D ActivityManager: Raise procstate to external provider: ProcessRecord{74a51e1 10280:com.google.android.gms/u999a40}
02-06 00:37:42.958  1827  1845 D ActivityManager: Raise procstate to external provider: ProcessRecord{74a51e1 10280:com.google.android.gms/u999a40}
02-06 00:37:42.964  1827  4426 D ActivityManager: Raise procstate to external provider: ProcessRecord{74a51e1 10280:com.google.android.gms/u999a40}
02-06 00:37:42.970  1827  2787 D ActivityManager: Raise procstate to external provider: ProcessRecord{74a51e1 10280:com.google.android.gms/u999a40}
02-06 00:37:42.982  1827  2787 D ActivityManager: Raise procstate to external provider: ProcessRecord{74a51e1 10280:com.google.android.gms/u999a40}
02-06 00:37:42.985  1827  6474 D ActivityManager: Raise procstate to external provider: ProcessRecord{74a51e1 10280:com.google.android.gms/u999a40}
02-06 00:37:42.987  1827  6474 D ActivityManager: Raise procstate to external provider: ProcessRecord{74a51e1 10280:com.google.android.gms/u999a40}
02-06 00:37:43.013  1827  2787 E NotificationService: Suppressing notification from package by user request.
02-06 00:37:48.747  1827  6474 D ActivityManager: Raise procstate to external provider: ProcessRecord{74a51e1 10280:com.google.android.gms/u999a40}
02-06 00:37:48.750  1827  3037 D ActivityManager: Raise procstate to external provider: ProcessRecord{74a51e1 10280:com.google.android.gms/u999a40}
02-06 00:37:57.955  1827  6474 D ActivityManager: Raise procstate to external provider: ProcessRecord{74a51e1 10280:com.google.android.gms/u999a40}
02-06 00:37:57.998  1827  6474 D ActivityManager: Raise procstate to external provider: ProcessRecord{74a51e1 10280:com.google.android.gms/u999a40}
02-06 00:38:00.006  1827  1827 D ActivityManager: Raise procstate to external provider: ProcessRecord{74a51e1 10280:com.google.android.gms/u999a40}
02-06 00:38:00.010  1827  6474 D ActivityManager: Raise procstate to external provider: ProcessRecord{74a51e1 10280:com.google.android.gms/u999a40}
02-06 00:38:00.024  1827  6474 I chatty  : uid=1000(system) Binder:1827_1B identical 4 lines
02-06 00:38:00.025  1827  6474 D ActivityManager: Raise procstate to external provider: ProcessRecord{74a51e1 10280:com.google.android.gms/u999a40}
02-06 00:38:02.974  1827  1844 D ActivityManager: Raise procstate to external provider: ProcessRecord{74a51e1 10280:com.google.android.gms/u999a40}
02-06 00:38:07.990  1827  6474 D ActivityManager: Raise procstate to external provider: ProcessRecord{74a51e1 10280:com.google.android.gms/u999a40}
02-06 00:38:09.622  1827  6474 I InstallationStatistic: beginInstallSession: 887814525
02-06 00:38:09.922  1827  4426 I ActivityManager: Process android.process.acore (pid 15006) has died: cch+6CEM 
02-06 00:38:09.928  1827  4426 D ActivityManager: Raise procstate to external provider: ProcessRecord{74a51e1 10280:com.google.android.gms/u999a40}
02-06 00:38:09.979  1827  2036 D ConnectivityService: ConnectivityService NetworkRequestInfo binderDied(NetworkRequest [ TRACK_DEFAULT id=11872, [ Capabilities: INTERNET&NOT_RESTRICTED&TRUSTED Unwanted:  Uid: 10144] ], android.os.BinderProxy@8ee8c6d)
02-06 00:38:09.979  1827  4426 D ConnectivityService: ConnectivityService NetworkRequestInfo binderDied(NetworkRequest [ TRACK_DEFAULT id=11869, [ Capabilities: INTERNET&NOT_RESTRICTED&TRUSTED Unwanted:  Uid: 10144] ], android.os.BinderProxy@5a930a2)
02-06 00:38:09.979  1827  3862 D ConnectivityService: ConnectivityService NetworkRequestInfo binderDied(NetworkRequest [ TRACK_DEFAULT id=11867, [ Capabilities: INTERNET&NOT_RESTRICTED&TRUSTED Unwanted:  Uid: 10144] ], android.os.BinderProxy@5274133)
02-06 00:38:09.979  1827  2787 I ActivityManager: Process com.google.android.youtube (pid 14377) has died: cch+4CEM 
02-06 00:38:09.979  1827  4432 D ConnectivityService: ConnectivityService NetworkRequestInfo binderDied(NetworkRequest [ LISTEN id=11870, [ Capabilities: INTERNET&NOT_RESTRICTED&TRUSTED Unwanted:  Uid: 10144] ], android.os.BinderProxy@8067cf0)
02-06 00:38:09.979  1827  1946 D ConnectivityService: releasing NetworkRequest [ TRACK_DEFAULT id=11872, [ Capabilities: INTERNET&NOT_RESTRICTED&TRUSTED Unwanted:  Uid: 10144] ] (release request)
02-06 00:38:09.980  1827  1946 D ConnectivityService: releasing NetworkRequest [ TRACK_DEFAULT id=11869, [ Capabilities: INTERNET&NOT_RESTRICTED&TRUSTED Unwanted:  Uid: 10144] ] (release request)
02-06 00:38:09.981  1827  1946 D ConnectivityService: releasing NetworkRequest [ TRACK_DEFAULT id=11867, [ Capabilities: INTERNET&NOT_RESTRICTED&TRUSTED Unwanted:  Uid: 10144] ] (release request)
02-06 00:38:09.985  1827  2787 D ActivityManager: Raise procstate to external provider: ProcessRecord{74a51e1 10280:com.google.android.gms/u999a40}
02-06 00:38:10.002  1827  7428 D ConnectivityService: ConnectivityService NetworkRequestInfo binderDied(NetworkRequest [ TRACK_DEFAULT id=11868, [ Capabilities: INTERNET&NOT_RESTRICTED&TRUSTED Unwanted:  Uid: 10127] ], android.os.BinderProxy@6748269)
02-06 00:38:10.002  1827  7394 I ActivityManager: Process com.google.android.apps.photos (pid 14273) has died: cch+6CEM 
02-06 00:38:10.002  1827  1946 D ConnectivityService: releasing NetworkRequest [ TRACK_DEFAULT id=11868, [ Capabilities: INTERNET&NOT_RESTRICTED&TRUSTED Unwanted:  Uid: 10127] ] (release request)
02-06 00:38:10.009  1827  7394 D ActivityManager: Raise procstate to external provider: ProcessRecord{74a51e1 10280:com.google.android.gms/u999a40}
02-06 00:38:10.047  1827  3862 D ConnectivityService: ConnectivityService NetworkRequestInfo binderDied(NetworkRequest [ TRACK_DEFAULT id=11748, [ Capabilities: INTERNET&NOT_RESTRICTED&TRUSTED Unwanted:  Uid: 10043] ], android.os.BinderProxy@58db4ee)
02-06 00:38:10.047  1827  4432 D ConnectivityService: ConnectivityService NetworkRequestInfo binderDied(NetworkRequest [ LISTEN id=11749, [ Capabilities: INTERNET&NOT_RESTRICTED&TRUSTED Unwanted:  Uid: 10043] ], android.os.BinderProxy@88abd8f)
02-06 00:38:10.047  1827  3863 I ActivityManager: Process com.android.vending (pid 31121) has died: cch+6CEM 
02-06 00:38:10.047  1827  1946 D ConnectivityService: releasing NetworkRequest [ TRACK_DEFAULT id=11748, [ Capabilities: INTERNET&NOT_RESTRICTED&TRUSTED Unwanted:  Uid: 10043] ] (release request)
02-06 00:38:10.054  1827  3863 D ActivityManager: Raise procstate to external provider: ProcessRecord{74a51e1 10280:com.google.android.gms/u999a40}
02-06 00:38:11.084  1827  2332 W ActivityManager: Permission Denial: getStackInfo() from pid=7058, uid=10088 requires android.permission.MANAGE_ACTIVITY_STACKS
02-06 00:38:11.185  1827  4433 W DropBoxManagerService: Dropping: keymaster (53 > 0 bytes)
02-06 00:38:11.187  1827  1845 W BroadcastQueue: Background execution not allowed: receiving Intent { act=android.intent.action.DROPBOX_ENTRY_ADDED flg=0x10 (has extras) } to com.google.android.gms/.stats.service.DropBoxEntryAddedReceiver
02-06 00:38:11.188  1827  1845 D ActivityManager: Raise procstate to external provider: ProcessRecord{74a51e1 10280:com.google.android.gms/u999a40}
02-06 00:38:11.207  1827  4433 W DropBoxManagerService: Dropping: keymaster (53 > 0 bytes)
02-06 00:38:11.209  1827  2332 D ActivityManager: Raise procstate to external provider: ProcessRecord{74a51e1 10280:com.google.android.gms/u999a40}
02-06 00:38:11.212  1827  1845 W BroadcastQueue: Background execution not allowed: receiving Intent { act=android.intent.action.DROPBOX_ENTRY_ADDED flg=0x10 (has extras) } to com.google.android.gms/.stats.service.DropBoxEntryAddedReceiver
02-06 00:38:11.213  1827  1845 D ActivityManager: Raise procstate to external provider: ProcessRecord{74a51e1 10280:com.google.android.gms/u999a40}
02-06 00:38:11.227  1827  2332 W DropBoxManagerService: Dropping: keymaster (53 > 0 bytes)
02-06 00:38:11.228  1827  1845 W BroadcastQueue: Background execution not allowed: receiving Intent { act=android.intent.action.DROPBOX_ENTRY_ADDED flg=0x10 (has extras) } to com.google.android.gms/.stats.service.DropBoxEntryAddedReceiver
02-06 00:38:11.229  1827  1845 D ActivityManager: Raise procstate to external provider: ProcessRecord{74a51e1 10280:com.google.android.gms/u999a40}
02-06 00:38:11.249  1827  2332 W DropBoxManagerService: Dropping: keymaster (53 > 0 bytes)
02-06 00:38:11.250  1827  1845 W BroadcastQueue: Background execution not allowed: receiving Intent { act=android.intent.action.DROPBOX_ENTRY_ADDED flg=0x10 (has extras) } to com.google.android.gms/.stats.service.DropBoxEntryAddedReceiver
02-06 00:38:11.251  1827  1845 D ActivityManager: Raise procstate to external provider: ProcessRecord{74a51e1 10280:com.google.android.gms/u999a40}
02-06 00:38:11.265  1827  2332 W DropBoxManagerService: Dropping: keymaster (53 > 0 bytes)
02-06 00:38:11.267  1827  1845 W BroadcastQueue: Background execution not allowed: receiving Intent { act=android.intent.action.DROPBOX_ENTRY_ADDED flg=0x10 (has extras) } to com.google.android.gms/.stats.service.DropBoxEntryAddedReceiver
02-06 00:38:11.267  1827  1845 D ActivityManager: Raise procstate to external provider: ProcessRecord{74a51e1 10280:com.google.android.gms/u999a40}
02-06 00:38:11.282  1827  2332 W DropBoxManagerService: Dropping: keymaster (53 > 0 bytes)
02-06 00:38:11.284  1827  1845 W BroadcastQueue: Background execution not allowed: receiving Intent { act=android.intent.action.DROPBOX_ENTRY_ADDED flg=0x10 (has extras) } to com.google.android.gms/.stats.service.DropBoxEntryAddedReceiver
02-06 00:38:11.285  1827  1845 D ActivityManager: Raise procstate to external provider: ProcessRecord{74a51e1 10280:com.google.android.gms/u999a40}
02-06 00:38:11.289  1827  1896 I ActivityManager: START u0 {act=android.intent.action.VIEW dat=file:///data/app/vmdl887814525.tmp typ=application/vnd.android.package-archive flg=0x18000000 cmp=com.miui.securitycenter/com.miui.permcenter.install.AdbInstallActivity (has extras)} from uid 1000
02-06 00:38:11.476  1827  1847 D Boost   : hostingType=activity, hostingName=com.miui.securitycenter/com.miui.permcenter.install.AdbInstallActivity, callerPackage=pm, isSystem=true, isBoostNeeded=false.
02-06 00:38:11.477  1827  1847 I ActivityManager: Start proc 16064:com.miui.securitycenter/1000 for activity com.miui.securitycenter/com.miui.permcenter.install.AdbInstallActivity caller=pm
02-06 00:38:11.506  1827  2332 D ActivityManager: Raise procstate to external provider: ProcessRecord{74a51e1 10280:com.google.android.gms/u999a40}
02-06 00:38:11.516  1827  1897 I Timeline: Timeline: App_transition_ready time:269247273
02-06 00:38:12.188  1827  9204 D ActivityManager: Raise procstate to external provider: ProcessRecord{74a51e1 10280:com.google.android.gms/u999a40}
02-06 00:38:12.195  1827  9204 D ActivityManager: Raise procstate to external provider: ProcessRecord{74a51e1 10280:com.google.android.gms/u999a40}
02-06 00:38:12.202  1827  3863 D ActivityManager: Raise procstate to external provider: ProcessRecord{74a51e1 10280:com.google.android.gms/u999a40}
02-06 00:38:12.207  1827  4433 D ActivityManager: Raise procstate to external provider: ProcessRecord{74a51e1 10280:com.google.android.gms/u999a40}
02-06 00:38:12.238  1827  1928 V UiModeManager: switch night mode to 2
02-06 00:38:12.238 16064 16064 W Looper  : Slow Looper: Activity com.miui.securitycenter/com.miui.permcenter.install.AdbInstallActivity is 457ms late (wall=270ms running=0ms ClientTransaction{ callbacks=[android.app.servertransaction.LaunchActivityItem] lifecycleRequest=android.app.servertransaction.ResumeActivityItem }) because of 2 msg, msg 2 took 452ms (late=11ms h=android.app.ActivityThread$H w=110)
02-06 00:38:12.238  1827  3863 D ActivityManager: Raise procstate to external provider: ProcessRecord{74a51e1 10280:com.google.android.gms/u999a40}
02-06 00:38:12.241  1827  3863 I chatty  : uid=1000(system) Binder:1827_12 identical 1 line
02-06 00:38:12.248  1827  3863 D ActivityManager: Raise procstate to external provider: ProcessRecord{74a51e1 10280:com.google.android.gms/u999a40}
02-06 00:38:12.258  1827  3863 I Timeline: Timeline: App_transition_ready time:269248015
02-06 00:38:12.258  1827  3863 I Timeline: Timeline: App_transition_stopped time:269248015
02-06 00:38:12.270  1827  1928 V UiModeManager: switch night mode to 2
02-06 00:38:12.280 16064 16064 V ActivityThread: handleTrimMemory:com.miui.securitycenter
02-06 00:38:12.282  1827  1896 D com.android.server.pm.PackageManagerServiceInjector: Package verify start
02-06 00:38:12.283  1827  1845 D ActivityManager: Raise procstate to external provider: ProcessRecord{74a51e1 10280:com.google.android.gms/u999a40}
02-06 00:38:12.299  1827  3074 D ActivityManager: Raise procstate to external provider: ProcessRecord{74a51e1 10280:com.google.android.gms/u999a40}
02-06 00:38:12.300  1827  3074 I chatty  : uid=1000(system) Binder:1827_F identical 1 line
02-06 00:38:12.303  1827  3074 D ActivityManager: Raise procstate to external provider: ProcessRecord{74a51e1 10280:com.google.android.gms/u999a40}
02-06 00:38:12.310  1827  3074 W WindowManager: Failed looking up window callers=com.android.server.wm.WindowManagerService.windowForClientLocked:5904 com.android.server.wm.WindowManagerService.relayoutWindow:2084 com.android.server.wm.Session.relayout:244 
02-06 00:38:12.313  1827  3074 W WindowManager: Failed looking up window callers=com.android.server.wm.WindowManagerService.windowForClientLocked:5904 com.android.server.wm.WindowManagerService.removeWindow:1852 com.android.server.wm.Session.remove:226 
02-06 00:38:12.358  1827  9204 D ActivityManager: Raise procstate to external provider: ProcessRecord{74a51e1 10280:com.google.android.gms/u999a40}
02-06 00:38:12.379  1827  1847 D Boost   : hostingType=service, hostingName=com.android.defcontainer/.DefaultContainerService, callerPackage=android, isSystem=true, isBoostNeeded=false.
02-06 00:38:12.380  1827  1847 I ActivityManager: Start proc 16130:com.android.defcontainer/u0a69 for service com.android.defcontainer/.DefaultContainerService caller=android
02-06 00:38:12.401  1827  3863 D ActivityManager: Raise procstate to external provider: ProcessRecord{74a51e1 10280:com.google.android.gms/u999a40}
02-06 00:38:12.734  1827  1847 D Boost   : hostingType=broadcast, hostingName=com.android.vending/com.google.android.finsky.verifier.impl.PackageVerificationReceiver, callerPackage=android, isSystem=true, isBoostNeeded=false.
02-06 00:38:12.736  1827  1847 I ActivityManager: Start proc 16146:com.android.vending/u0a43 for broadcast com.android.vending/com.google.android.finsky.verifier.impl.PackageVerificationReceiver caller=android
02-06 00:38:12.756  1827  3863 D ActivityManager: Raise procstate to external provider: ProcessRecord{74a51e1 10280:com.google.android.gms/u999a40}
02-06 00:38:13.374  1827  3862 D ActivityManager: Raise procstate to external provider: ProcessRecord{74a51e1 10280:com.google.android.gms/u999a40}
02-06 00:38:13.412  1827  1847 D Boost   : hostingType=content provider, hostingName=com.google.android.gsf/.settings.GoogleSettingsProvider, callerPackage=com.android.vending, isSystem=true, isBoostNeeded=false.
02-06 00:38:13.414  1827  1847 I ActivityManager: Start proc 16192:com.google.process.gapps/u0a40 for content provider com.google.android.gsf/.settings.GoogleSettingsProvider caller=com.android.vending
02-06 00:38:13.416  1827  9204 D ConnectivityService: requestNetwork for uid/pid:10043/16146 NetworkRequest [ TRACK_DEFAULT id=11887, [ Capabilities: INTERNET&NOT_RESTRICTED&TRUSTED Unwanted:  Uid: 10043] ]
02-06 00:38:13.419  1827  1845 D ActivityManager: Raise procstate to external provider: ProcessRecord{74a51e1 10280:com.google.android.gms/u999a40}
02-06 00:38:13.440  1827  3863 D ActivityManager: Raise procstate to external provider: ProcessRecord{74a51e1 10280:com.google.android.gms/u999a40}
02-06 00:38:13.455  1827  4433 D ActivityManager: Raise procstate to external provider: ProcessRecord{74a51e1 10280:com.google.android.gms/u999a40}
02-06 00:38:13.611  1827  9204 D ActivityManager: Raise procstate to external provider: ProcessRecord{74a51e1 10280:com.google.android.gms/u999a40}
02-06 00:38:13.634  1827  3862 D ActivityManager: Raise procstate to external provider: ProcessRecord{74a51e1 10280:com.google.android.gms/u999a40}
02-06 00:38:13.656  1827  3862 I chatty  : uid=1000(system) Binder:1827_11 identical 1 line
02-06 00:38:13.791  1827  3862 D ActivityManager: Raise procstate to external provider: ProcessRecord{74a51e1 10280:com.google.android.gms/u999a40}
02-06 00:38:13.792  1827  4433 D ActivityManager: Raise procstate to external provider: ProcessRecord{74a51e1 10280:com.google.android.gms/u999a40}
02-06 00:38:13.793  1827  4433 D ActivityManager: Raise procstate to external provider: ProcessRecord{74a51e1 10280:com.google.android.gms/u999a40}
02-06 00:38:13.794  1827  3863 D ActivityManager: Raise procstate to external provider: ProcessRecord{74a51e1 10280:com.google.android.gms/u999a40}
02-06 00:38:13.801  1827  4433 D ActivityManager: Raise procstate to external provider: ProcessRecord{74a51e1 10280:com.google.android.gms/u999a40}
02-06 00:38:13.816  1827  4433 I chatty  : uid=1000(system) Binder:1827_17 identical 1 line
02-06 00:38:13.816  1827  4433 D ActivityManager: Raise procstate to external provider: ProcessRecord{74a51e1 10280:com.google.android.gms/u999a40}
02-06 00:38:13.870  1827  3862 I ActivityManager: Process com.transsion.phoenix (pid 15498) has died: cch+4CEM 
02-06 00:38:13.871  1827  3862 D ActivityManager: Raise procstate to external provider: ProcessRecord{74a51e1 10280:com.google.android.gms/u999a40}
02-06 00:38:13.873  1827  3862 I AutoStartManagerService: MIUILOG- Reject RestartService packageName :com.transsion.phoenix uid : 10188
02-06 00:38:13.874 28034 28034 E ActivityThread: Service com.cloudview.daemon.way.service.DaemonServiceB has leaked ServiceConnection com.cloudview.daemon.way.service.DaemonServiceB@e49bc2a that was originally bound here
02-06 00:38:13.874 28034 28034 E ActivityThread: android.app.ServiceConnectionLeaked: Service com.cloudview.daemon.way.service.DaemonServiceB has leaked ServiceConnection com.cloudview.daemon.way.service.DaemonServiceB@e49bc2a that was originally bound here
02-06 00:38:13.874 28034 28034 E ActivityThread: 	at android.app.LoadedApk$ServiceDispatcher.<init>(LoadedApk.java:1618)
02-06 00:38:13.874 28034 28034 E ActivityThread: 	at android.app.LoadedApk.getServiceDispatcher(LoadedApk.java:1510)
02-06 00:38:13.874 28034 28034 E ActivityThread: 	at android.app.ContextImpl.bindServiceCommon(ContextImpl.java:1669)
02-06 00:38:13.874 28034 28034 E ActivityThread: 	at android.app.ContextImpl.bindService(ContextImpl.java:1622)
02-06 00:38:13.874 28034 28034 E ActivityThread: 	at android.content.ContextWrapper.bindService(ContextWrapper.java:708)
02-06 00:38:13.874 28034 28034 E ActivityThread: 	at pg.k.run(SourceFile:1013)
02-06 00:38:13.874 28034 28034 E ActivityThread: 	at pn.h.run(SourceFile:99)
02-06 00:38:13.874 28034 28034 E ActivityThread: 	at java.lang.Thread.run(Thread.java:764)
02-06 00:38:13.874 28034 28034 E ActivityThread: 	at com.tencent.mtt.video.internal.media.b.run(SourceFile:15)
02-06 00:38:13.878  1827  3862 D ActivityManager: Raise procstate to external provider: ProcessRecord{74a51e1 10280:com.google.android.gms/u999a40}
02-06 00:38:13.880  1827  4433 D ActivityManager: Raise procstate to external provider: ProcessRecord{74a51e1 10280:com.google.android.gms/u999a40}
02-06 00:38:13.881  1827  2332 D ActivityManager: Raise procstate to external provider: ProcessRecord{74a51e1 10280:com.google.android.gms/u999a40}
02-06 00:38:13.896  1827  1847 D Boost   : hostingType=service, hostingName=com.transsion.phoenix/com.cloudview.daemon.way.service.DaemonServiceA, callerPackage=com.transsion.phoenix, isSystem=false, isBoostNeeded=false.
02-06 00:38:13.897  1827  1847 I ActivityManager: Start proc 16248:com.transsion.phoenix/u0a188 for service com.transsion.phoenix/com.cloudview.daemon.way.service.DaemonServiceA caller=com.transsion.phoenix
02-06 00:38:13.919  1827  3863 D ActivityManager: Raise procstate to external provider: ProcessRecord{74a51e1 10280:com.google.android.gms/u999a40}
02-06 00:38:14.031  1827  2332 I ActivityManager: Process com.miui.bugreport (pid 14965) has died: cch+4CEM 
02-06 00:38:14.034  1827  2332 D ActivityManager: Raise procstate to external provider: ProcessRecord{74a51e1 10280:com.google.android.gms/u999a40}
02-06 00:38:14.034  1827  1853 W ActivityManager: setHasOverlayUi called on unknown pid: 14965
02-06 00:38:14.124  1827  2332 D ActivityManager: Raise procstate to external provider: ProcessRecord{74a51e1 10280:com.google.android.gms/u999a40}
02-06 00:38:14.189  1827  2332 D ActivityManager: Raise procstate to external provider: ProcessRecord{74a51e1 10280:com.google.android.gms/u999a40}
02-06 00:38:14.211  1827  1845 D ActivityManager: Raise procstate to external provider: ProcessRecord{74a51e1 10280:com.google.android.gms/u999a40}
02-06 00:38:14.443  1827  3863 D ActivityManager: Raise procstate to external provider: ProcessRecord{74a51e1 10280:com.google.android.gms/u999a40}
02-06 00:38:14.446  1827  2332 D ActivityManager: Raise procstate to external provider: ProcessRecord{74a51e1 10280:com.google.android.gms/u999a40}
02-06 00:38:14.450  1827  3074 D ActivityManager: Raise procstate to external provider: ProcessRecord{74a51e1 10280:com.google.android.gms/u999a40}
02-06 00:38:14.454  1827  3863 D ActivityManager: Raise procstate to external provider: ProcessRecord{74a51e1 10280:com.google.android.gms/u999a40}
02-06 00:38:14.470  1827  3863 I chatty  : uid=1000(system) Binder:1827_12 identical 1 line
02-06 00:38:14.473  1827  3863 D ActivityManager: Raise procstate to external provider: ProcessRecord{74a51e1 10280:com.google.android.gms/u999a40}
02-06 00:38:14.494  1827  3862 D ActivityManager: Raise procstate to external provider: ProcessRecord{74a51e1 10280:com.google.android.gms/u999a40}
02-06 00:38:14.496  1827  3862 D ActivityManager: Raise procstate to external provider: ProcessRecord{74a51e1 10280:com.google.android.gms/u999a40}
02-06 00:38:14.526  1827  4426 I ActivityManager: Process com.facebook.appmanager (pid 15281) has died: cch+6CEM 
02-06 00:38:14.530  1827  4426 D ActivityManager: Raise procstate to external provider: ProcessRecord{74a51e1 10280:com.google.android.gms/u999a40}
02-06 00:38:14.558  1827  4426 D ActivityManager: Raise procstate to external provider: ProcessRecord{74a51e1 10280:com.google.android.gms/u999a40}
02-06 00:38:14.571  1827  8283 D ActivityManager: Raise procstate to external provider: ProcessRecord{74a51e1 10280:com.google.android.gms/u999a40}
02-06 00:38:15.233  1827  7394 D ActivityManager: Raise procstate to external provider: ProcessRecord{74a51e1 10280:com.google.android.gms/u999a40}
02-06 00:38:15.248  1827  7394 D ActivityManager: Raise procstate to external provider: ProcessRecord{74a51e1 10280:com.google.android.gms/u999a40}
02-06 00:38:15.251  1827  4426 D ActivityManager: Raise procstate to external provider: ProcessRecord{74a51e1 10280:com.google.android.gms/u999a40}
02-06 00:38:15.253  1827  7394 D ActivityManager: Raise procstate to external provider: ProcessRecord{74a51e1 10280:com.google.android.gms/u999a40}
02-06 00:38:15.273  1827  8283 D ActivityManager: Raise procstate to external provider: ProcessRecord{74a51e1 10280:com.google.android.gms/u999a40}
02-06 00:38:15.274  1827  8283 D ActivityManager: Raise procstate to external provider: ProcessRecord{74a51e1 10280:com.google.android.gms/u999a40}
02-06 00:38:15.275  1827  3862 D ActivityManager: Raise procstate to external provider: ProcessRecord{74a51e1 10280:com.google.android.gms/u999a40}
02-06 00:38:15.282  1827  1847 D Boost   : hostingType=service, hostingName=com.android.vending/com.google.frameworks.client.data.android.server.play.BackgroundProcessEndpointService, callerPackage=com.android.vending, isSystem=true, isBoostNeeded=false.
02-06 00:38:15.284  1827  1847 I ActivityManager: Start proc 16336:com.android.vending:background/u0a43 for service com.android.vending/com.google.frameworks.client.data.android.server.play.BackgroundProcessEndpointService caller=com.android.vending
02-06 00:38:15.314  1827  3862 D ActivityManager: Raise procstate to external provider: ProcessRecord{74a51e1 10280:com.google.android.gms/u999a40}
02-06 00:38:15.755  1827  3862 D ConnectivityService: requestNetwork for uid/pid:10043/16336 NetworkRequest [ TRACK_DEFAULT id=11889, [ Capabilities: INTERNET&NOT_RESTRICTED&TRUSTED Unwanted:  Uid: 10043] ]
02-06 00:38:16.461  1827  8283 W DropBoxManagerService: Dropping: keymaster (53 > 0 bytes)
02-06 00:38:16.464  1827  1845 W BroadcastQueue: Background execution not allowed: receiving Intent { act=android.intent.action.DROPBOX_ENTRY_ADDED flg=0x10 (has extras) } to com.google.android.gms/.stats.service.DropBoxEntryAddedReceiver
02-06 00:38:16.465  1827  1845 D ActivityManager: Raise procstate to external provider: ProcessRecord{74a51e1 10280:com.google.android.gms/u999a40}
02-06 00:38:16.550  1827  8283 W DropBoxManagerService: Dropping: keymaster (53 > 0 bytes)
02-06 00:38:16.553  1827  1845 W BroadcastQueue: Background execution not allowed: receiving Intent { act=android.intent.action.DROPBOX_ENTRY_ADDED flg=0x10 (has extras) } to com.google.android.gms/.stats.service.DropBoxEntryAddedReceiver
02-06 00:38:16.554  1827  1845 D ActivityManager: Raise procstate to external provider: ProcessRecord{74a51e1 10280:com.google.android.gms/u999a40}
02-06 00:38:16.638  1827  8283 W DropBoxManagerService: Dropping: keymaster (53 > 0 bytes)
02-06 00:38:16.640  1827  1845 W BroadcastQueue: Background execution not allowed: receiving Intent { act=android.intent.action.DROPBOX_ENTRY_ADDED flg=0x10 (has extras) } to com.google.android.gms/.stats.service.DropBoxEntryAddedReceiver
02-06 00:38:16.641  1827  1845 D ActivityManager: Raise procstate to external provider: ProcessRecord{74a51e1 10280:com.google.android.gms/u999a40}
02-06 00:38:16.757  1827  1847 D Boost   : hostingType=service, hostingName=com.android.vending/com.google.android.finsky.verifier.apkanalysis.service.ApkContentsScanService, callerPackage=com.android.vending, isSystem=true, isBoostNeeded=false.
02-06 00:38:16.758  1827  1847 I ActivityManager: Start proc 16386:com.android.vending/u0i587 for service com.android.vending/com.google.android.finsky.verifier.apkanalysis.service.ApkContentsScanService caller=com.android.vending
02-06 00:38:16.783  1827  8283 D ActivityManager: Raise procstate to external provider: ProcessRecord{74a51e1 10280:com.google.android.gms/u999a40}
02-06 00:38:18.553  1827  8283 W DropBoxManagerService: Dropping: keymaster (53 > 0 bytes)
02-06 00:38:18.554  1827  1845 W BroadcastQueue: Background execution not allowed: receiving Intent { act=android.intent.action.DROPBOX_ENTRY_ADDED flg=0x10 (has extras) } to com.google.android.gms/.stats.service.DropBoxEntryAddedReceiver
02-06 00:38:18.555  1827  1845 D ActivityManager: Raise procstate to external provider: ProcessRecord{74a51e1 10280:com.google.android.gms/u999a40}
02-06 00:38:18.620  1827  8283 W DropBoxManagerService: Dropping: keymaster (53 > 0 bytes)
02-06 00:38:18.621  1827  1845 W BroadcastQueue: Background execution not allowed: receiving Intent { act=android.intent.action.DROPBOX_ENTRY_ADDED flg=0x10 (has extras) } to com.google.android.gms/.stats.service.DropBoxEntryAddedReceiver
02-06 00:38:18.621  1827  1845 D ActivityManager: Raise procstate to external provider: ProcessRecord{74a51e1 10280:com.google.android.gms/u999a40}
02-06 00:38:18.699  1827  8283 W DropBoxManagerService: Dropping: keymaster (53 > 0 bytes)
02-06 00:38:18.701  1827  1845 W BroadcastQueue: Background execution not allowed: receiving Intent { act=android.intent.action.DROPBOX_ENTRY_ADDED flg=0x10 (has extras) } to com.google.android.gms/.stats.service.DropBoxEntryAddedReceiver
02-06 00:38:18.701  1827  1845 D ActivityManager: Raise procstate to external provider: ProcessRecord{74a51e1 10280:com.google.android.gms/u999a40}
02-06 00:38:21.383  1827  7394 D ActivityManager: Raise procstate to external provider: ProcessRecord{74a51e1 10280:com.google.android.gms/u999a40}
02-06 00:38:22.453  1827  8283 D ActivityManager: Raise procstate to external provider: ProcessRecord{74a51e1 10280:com.google.android.gms/u999a40}
02-06 00:38:23.097  1827  7394 D ActivityManager: Raise procstate to external provider: ProcessRecord{74a51e1 10280:com.google.android.gms/u999a40}
02-06 00:38:23.254  1827  8283 D ActivityManager: Raise procstate to external provider: ProcessRecord{74a51e1 10280:com.google.android.gms/u999a40}
02-06 00:38:23.254  1827  8283 I ActivityManager: Killing 16386:com.android.vending/u0a43i587 (adj 0): isolated not needed
02-06 00:38:23.310  1827  4426 D ActivityManager: Raise procstate to external provider: ProcessRecord{74a51e1 10280:com.google.android.gms/u999a40}
02-06 00:38:23.397  1827  7394 D ActivityManager: Raise procstate to external provider: ProcessRecord{74a51e1 10280:com.google.android.gms/u999a40}
02-06 00:38:23.403  1827  4426 D ActivityManager: Raise procstate to external provider: ProcessRecord{74a51e1 10280:com.google.android.gms/u999a40}
02-06 00:38:23.477  1827  4426 I chatty  : uid=1000(system) Binder:1827_14 identical 2 lines
02-06 00:38:25.306  1827  4426 D ActivityManager: Raise procstate to external provider: ProcessRecord{74a51e1 10280:com.google.android.gms/u999a40}
02-06 00:38:26.539  1827 10878 D ActivityManager: Raise procstate to external provider: ProcessRecord{74a51e1 10280:com.google.android.gms/u999a40}
02-06 00:38:26.541  1827 10878 D ActivityManager: Raise procstate to external provider: ProcessRecord{74a51e1 10280:com.google.android.gms/u999a40}
02-06 00:38:26.543  1827  4426 D ActivityManager: Raise procstate to external provider: ProcessRecord{74a51e1 10280:com.google.android.gms/u999a40}
02-06 00:38:26.726  1827  4426 D ConnectivityService: requestNetwork for uid/pid:10043/16336 NetworkRequest [ TRACK_DEFAULT id=11890, [ Capabilities: INTERNET&NOT_RESTRICTED&TRUSTED Unwanted:  Uid: 10043] ]
02-06 00:38:27.370  1827  4426 D ActivityManager: Raise procstate to external provider: ProcessRecord{74a51e1 10280:com.google.android.gms/u999a40}
02-06 00:38:27.547  1827  4426 I ActivityManager: Process com.facebook.system (pid 15335) has died: cch+6CEM 
02-06 00:38:27.550  1827  4426 D ActivityManager: Raise procstate to external provider: ProcessRecord{74a51e1 10280:com.google.android.gms/u999a40}
02-06 00:38:28.853  1827  7394 D ActivityManager: Raise procstate to external provider: ProcessRecord{74a51e1 10280:com.google.android.gms/u999a40}
02-06 00:38:29.206  1827  7394 I chatty  : uid=1000(system) Binder:1827_1C identical 1 line
02-06 00:38:29.208  1827  7394 D ActivityManager: Raise procstate to external provider: ProcessRecord{74a51e1 10280:com.google.android.gms/u999a40}
02-06 00:38:29.723  1827  1844 D ActivityManager: Raise procstate to external provider: ProcessRecord{74a51e1 10280:com.google.android.gms/u999a40}
02-06 00:38:29.853  1827  7394 D ActivityManager: Raise procstate to external provider: ProcessRecord{74a51e1 10280:com.google.android.gms/u999a40}
02-06 00:38:30.856  1827  1862 I PackageManager: Verification timed out for file:///data/app/vmdl887814525.tmp
02-06 00:38:30.856  1827  1862 I PackageManager: Continuing with installation of file:///data/app/vmdl887814525.tmp
02-06 00:38:30.875  1827  1845 I ActivityManager: Force stopping com.example.f_rizzly appid=10379 user=-1: installPackageLI
02-06 00:38:30.876  1827  1845 D ActivityManager: Raise procstate to external provider: ProcessRecord{74a51e1 10280:com.google.android.gms/u999a40}
02-06 00:38:30.878  1827  1845 D ActivityManager: Raise procstate to external provider: ProcessRecord{74a51e1 10280:com.google.android.gms/u999a40}
02-06 00:38:31.102  1827  1862 I PackageManager: Update package com.example.f_rizzly code path from /data/app/com.example.f_rizzly-3KE3jiDcsPdwCJiAtJIbaQ== to /data/app/com.example.f_rizzly-FyG7gCKDfVMt-P2W3Z6IZg==; Retain data and using new
02-06 00:38:31.102  1827  1862 I PackageManager: Update package com.example.f_rizzly resource path from /data/app/com.example.f_rizzly-3KE3jiDcsPdwCJiAtJIbaQ== to /data/app/com.example.f_rizzly-FyG7gCKDfVMt-P2W3Z6IZg==; Retain data and using new
02-06 00:38:31.463  1827  1862 D ActivityManager: Raise procstate to external provider: ProcessRecord{74a51e1 10280:com.google.android.gms/u999a40}
02-06 00:38:31.463  1827  1862 I InstallationStatistic: com.example.f_rizzly|null|21841|1313|104|1360|18136|0
02-06 00:38:31.473  1827  7394 D ActivityManager: Raise procstate to external provider: ProcessRecord{74a51e1 10280:com.google.android.gms/u999a40}
02-06 00:38:31.476  1827  7394 D ActivityManager: Raise procstate to external provider: ProcessRecord{74a51e1 10280:com.google.android.gms/u999a40}
02-06 00:38:32.260  1827  1862 I ActivityManager: Force stopping com.example.f_rizzly appid=10379 user=0: pkg removed
02-06 00:38:32.260  1827  1862 I AutoStartManagerService: MIUILOG- Reject RestartService packageName :com.example.f_rizzly uid : 10379
02-06 00:38:32.260  1827  1862 D ActivityManager: Raise procstate to external provider: ProcessRecord{74a51e1 10280:com.google.android.gms/u999a40}
02-06 00:38:32.272  1827  1845 D ActivityManager: Raise procstate to external provider: ProcessRecord{74a51e1 10280:com.google.android.gms/u999a40}
02-06 00:38:32.281  1827  1959 V LocationPolicy: ACTION_PACKAGE_ADDED for uid=10379
02-06 00:38:32.281  1827  1967 I MiuiCompatModePackages: package com.example.f_rizzly updated, removing config
02-06 00:38:32.287  1827  1845 W BroadcastQueue: Background execution not allowed: receiving Intent { act=android.intent.action.PACKAGE_REMOVED dat=package:com.example.f_rizzly flg=0x4000010 (has extras) } to com.lbe.security.miui/com.lbe.security.service.BootReceiver
02-06 00:38:32.288  1827  1827 D ActivityManager: Raise procstate to external provider: ProcessRecord{74a51e1 10280:com.google.android.gms/u999a40}
02-06 00:38:32.291  1827  7394 D ActivityManager: Raise procstate to external provider: ProcessRecord{74a51e1 10280:com.google.android.gms/u999a40}
02-06 00:38:32.296  1827  1845 D ActivityManager: Raise procstate to external provider: ProcessRecord{74a51e1 10280:com.google.android.gms/u999a40}
02-06 00:38:32.332  1827  1847 D Boost   : hostingType=service, hostingName=com.android.keychain/.KeyChainService, callerPackage=android, isSystem=true, isBoostNeeded=false.
02-06 00:38:32.335  1827  1847 I ActivityManager: Start proc 16450:com.android.keychain/1000 for service com.android.keychain/.KeyChainService caller=android
02-06 00:38:32.387  1827  1847 D Boost   : hostingType=service, hostingName=com.miui.global.packageinstaller/.service.ScanDispatchService, callerPackage=com.miui.securitycenter, isSystem=true, isBoostNeeded=false.
02-06 00:38:32.389  1827  1847 I ActivityManager: Start proc 16466:com.miui.global.packageinstaller/u0a136 for service com.miui.global.packageinstaller/.service.ScanDispatchService caller=com.miui.securitycenter
02-06 00:38:32.397  1827  6474 D ActivityManager: Raise procstate to external provider: ProcessRecord{74a51e1 10280:com.google.android.gms/u999a40}
02-06 00:38:32.403  1827  4426 I ActivityManager: START u0 {flg=0x10000000 cmp=com.example.f_rizzly/.MainActivity} from uid 2000
02-06 00:38:32.436  1827  4433 D ConnectivityService: Returning BLOCKED NetworkInfo to uid=10231
02-06 00:38:32.716  1827  3862 D ActivityManager: Raise procstate to external provider: ProcessRecord{74a51e1 10280:com.google.android.gms/u999a40}
02-06 00:38:32.723  1827  1845 D ActivityManager: Raise procstate to external provider: ProcessRecord{74a51e1 10280:com.google.android.gms/u999a40}
02-06 00:38:32.748  1827  6474 W BroadcastQueue: Background execution not allowed: receiving Intent { act=android.intent.action.PACKAGE_REMOVED dat=package:com.example.f_rizzly flg=0x4000010 (has extras) } to com.android.vending/com.google.android.finsky.packagemonitor.impl.PackageMonitorReceiverImpl$RegisteredReceiver
02-06 00:38:32.749  1827  6474 D ActivityManager: Raise procstate to external provider: ProcessRecord{74a51e1 10280:com.google.android.gms/u999a40}
02-06 00:38:32.751  1827  8283 D ActivityManager: Raise procstate to external provider: ProcessRecord{74a51e1 10280:com.google.android.gms/u999a40}
02-06 00:38:32.771  1827  1847 D Boost   : hostingType=activity, hostingName=com.example.f_rizzly/.MainActivity, callerPackage=null, isSystem=true, isBoostNeeded=false.
02-06 00:38:32.772  1827  1845 D ActivityManager: Raise procstate to external provider: ProcessRecord{74a51e1 10280:com.google.android.gms/u999a40}
02-06 00:38:32.776  1827  1845 W BroadcastQueue: Background execution not allowed: receiving Intent { act=android.intent.action.PACKAGE_REMOVED dat=package:com.example.f_rizzly flg=0x4000010 (has extras) } to com.android.vending/com.google.android.finsky.packagemonitor.backgroundimpl.BackgroundPackageMonitorReceiverImpl$RegisteredReceiver
02-06 00:38:32.776  1827  1845 W BroadcastQueue: Background execution not allowed: receiving Intent { act=android.intent.action.PACKAGE_REMOVED dat=package:com.example.f_rizzly flg=0x4000010 (has extras) } to com.android.vending/com.google.android.finsky.instantapps.appmanagement.InstantAppRemoveMonitor
02-06 00:38:32.776  1827  1845 W BroadcastQueue: Background execution not allowed: receiving Intent { act=android.intent.action.PACKAGE_REMOVED dat=package:com.example.f_rizzly flg=0x4000010 (has extras) } to com.facebook.services/com.facebook.oxygen.services.fbns.RegisteredMqttSystemBroadcastReceiver
02-06 00:38:32.787  1827  1847 I ActivityManager: Start proc 16509:com.example.f_rizzly/u0a379 for activity com.example.f_rizzly/.MainActivity caller=null
02-06 00:38:32.791  1827  3862 D ActivityManager: Raise procstate to external provider: ProcessRecord{74a51e1 10280:com.google.android.gms/u999a40}
02-06 00:38:32.792  1827  1845 W BroadcastQueue: Background execution not allowed: receiving Intent { act=android.intent.action.PACKAGE_REMOVED dat=package:com.example.f_rizzly flg=0x4000010 (has extras) } to com.google.android.apps.maps/com.google.android.libraries.social.peoplekit.thirdparty.viewcontrollers.ThirdPartyReceiver
02-06 00:38:32.793  1827  1845 W BroadcastQueue: Background execution not allowed: receiving Intent { act=android.intent.action.PACKAGE_REMOVED dat=package:com.example.f_rizzly flg=0x4000010 (has extras) } to com.google.android.apps.photos/com.google.android.libraries.social.peoplekit.thirdparty.viewcontrollers.ThirdPartyReceiver
