02-06 00:36:51.859  3657  3670 E AuthPII : 	at android.accounts.IAccountAuthenticator$Stub.onTransact(IAccountAuthenticator.java:114)
02-06 00:36:51.859  3657  3670 E AuthPII : 	at android.os.Binder.transact(Binder.java:667)
02-06 00:36:51.859  3657  3670 E AuthPII : 	at cflj.onTransact(:com.google.android.gms@260235009@26.02.35 (100300-862924022):10)
02-06 00:36:51.859  3657  3670 E AuthPII : 	at android.os.Binder.transact(Binder.java:667)
02-06 00:36:51.859  3657  3670 E AuthPII : 	at bugh.onTransact(:com.google.android.gms@260235009@26.02.35 (100300-862924022):161)
02-06 00:36:51.859  3657  3670 E AuthPII : 	at android.os.Binder.execTransact(Binder.java:731)
02-06 00:36:51.859  3657  3670 E AuthPII : Message is Long live credential not available.
02-06 00:36:51.859  3657  3670 E AuthPII : bclg: Long live credential not available.
02-06 00:36:51.859  3657  3670 E AuthPII : 	at adrp.a(:com.google.android.gms@260235009@26.02.35 (100300-862924022):1351)
02-06 00:36:51.859  3657  3670 E AuthPII : 	at adrw.b(:com.google.android.gms@260235009@26.02.35 (100300-862924022):26)
02-06 00:36:51.859  3657  3670 E AuthPII : 	at adru.a(:com.google.android.gms@260235009@26.02.35 (100300-862924022):764)
02-06 00:36:51.859  3657  3670 E AuthPII : 	at adrt.b(:com.google.android.gms@260235009@26.02.35 (100300-862924022):142)
02-06 00:36:51.859  3657  3670 E AuthPII : 	at xiz.d(:com.google.android.gms@260235009@26.02.35 (100300-862924022):656)
02-06 00:36:51.859  3657  3670 E AuthPII : 	at adlp.getAuthToken(:com.google.android.gms@260235009@26.02.35 (100300-862924022):411)
02-06 00:36:51.859  3657  3670 E AuthPII : 	at android.accounts.AbstractAccountAuthenticator$Transport.getAuthToken(AbstractAccountAuthenticator.java:247)
02-06 00:36:51.859  3657  3670 E AuthPII : 	at android.accounts.IAccountAuthenticator$Stub.onTransact(IAccountAuthenticator.java:114)
02-06 00:36:51.859  3657  3670 E AuthPII : 	at android.os.Binder.transact(Binder.java:667)
02-06 00:36:51.859  3657  3670 E AuthPII : 	at cflj.onTransact(:com.google.android.gms@260235009@26.02.35 (100300-862924022):10)
02-06 00:36:51.859  3657  3670 E AuthPII : 	at android.os.Binder.transact(Binder.java:667)
02-06 00:36:51.859  3657  3670 E AuthPII : 	at bugh.onTransact(:com.google.android.gms@260235009@26.02.35 (100300-862924022):161)
02-06 00:36:51.859  3657  3670 E AuthPII : 	at android.os.Binder.execTransact(Binder.java:731)
02-06 00:36:38.974  1827  2036 I chatty  : uid=1000(system) Binder:1827_4 identical 1 line
02-06 00:36:45.345  1827  2036 D ActivityManager: Raise procstate to external provider: ProcessRecord{74a51e1 10280:com.google.android.gms/u999a40}
02-06 00:36:51.866  1827  5865 D ActivityManager: Raise procstate to external provider: ProcessRecord{74a51e1 10280:com.google.android.gms/u999a40}
02-06 00:36:51.867  1827  5865 D CompatibilityInfo: mCompatibilityFlags - 0
02-06 00:36:51.867  1827  5865 D CompatibilityInfo: applicationDensity - 320
02-06 00:36:51.867  1827  5865 D CompatibilityInfo: applicationScale - 1.0
02-06 00:36:51.883  3657  3670 I Auth    : (REDACTED) [GetToken] GetToken failed for app=%s with userRecoverable status: %s 
02-06 00:36:51.884  3657  3670 W Auth    : [ChimeraGetToken] exception while trying to fetch auth tokens for app=com.google.android.gsf, scope=oauth2:https://www.googleapis.com/auth/googleplay [CONTEXT service_id=153 ]
02-06 00:36:51.884  3657  3670 W Auth    : adro: GetToken failed with status code and recovery intent: BadAuthentication
02-06 00:36:51.884  3657  3670 W Auth    : 	at adrt.b(:com.google.android.gms@260235009@26.02.35 (100300-862924022):338)
02-06 00:36:51.884  3657  3670 W Auth    : 	at xiz.d(:com.google.android.gms@260235009@26.02.35 (100300-862924022):656)
02-06 00:36:51.884  3657  3670 W Auth    : 	at adlp.getAuthToken(:com.google.android.gms@260235009@26.02.35 (100300-862924022):411)
02-06 00:36:51.884  3657  3670 W Auth    : 	at android.accounts.AbstractAccountAuthenticator$Transport.getAuthToken(AbstractAccountAuthenticator.java:247)
02-06 00:36:51.884  3657  3670 W Auth    : 	at android.accounts.IAccountAuthenticator$Stub.onTransact(IAccountAuthenticator.java:114)
02-06 00:36:51.884  3657  3670 W Auth    : 	at android.os.Binder.transact(Binder.java:667)
02-06 00:36:51.884  3657  3670 W Auth    : 	at cflj.onTransact(:com.google.android.gms@260235009@26.02.35 (100300-862924022):10)
02-06 00:36:51.884  3657  3670 W Auth    : 	at android.os.Binder.transact(Binder.java:667)
02-06 00:36:51.884  3657  3670 W Auth    : 	at bugh.onTransact(:com.google.android.gms@260235009@26.02.35 (100300-862924022):161)
02-06 00:36:51.884  3657  3670 W Auth    : 	at android.os.Binder.execTransact(Binder.java:731)
02-06 00:36:51.884  3657  3670 W GLSActivity: [GmsAccountAuthenticatorImpl] error status while fetching token:BadAuthentication
02-06 00:36:51.879  1827  5865 D ActivityManager: Raise procstate to external provider: ProcessRecord{74a51e1 10280:com.google.android.gms/u999a40}
02-06 00:36:51.887  1827  2036 D ActivityManager: Raise procstate to external provider: ProcessRecord{74a51e1 10280:com.google.android.gms/u999a40}
02-06 00:36:51.889 31121 32226 W PlayCommon: [65638] Deferring log upload because couldn't retrieve auth token
02-06 00:36:54.152 14062 14062 D SignalClusterView: updateMobileTypeImage  0
02-06 00:36:54.154 14062 14062 I chatty  : uid=1000(system) com.android.systemui identical 4 lines
02-06 00:36:54.154 14062 14062 D SignalClusterView: updateMobileTypeImage  0
02-06 00:36:54.174   864   864 I ConfigStore: android::hardware::configstore::V1_0::ISurfaceFlingerConfigs::hasHDRDisplay retrieved: 0
02-06 00:36:54.176   864   864 I chatty  : uid=1000(system) /system/bin/surfaceflinger identical 3 lines
02-06 00:36:54.177   864   864 I ConfigStore: android::hardware::configstore::V1_0::ISurfaceFlingerConfigs::hasHDRDisplay retrieved: 0
02-06 00:36:54.898 14062 14251 D MobileSignalController: onSignalStrengthsChanged: SignalStrength: 99 0 -120 -160 -120 -160 -1 21 -105 -14 124 2147483647 0 2147483647 99 255 2147483647 gsm|lte use_rsrp_and_rssnr_for_lte_level  [-120, -115, -110, -105, -97] [-115, -105, -95, -85]
02-06 00:36:54.898 14062 14251 D NetworkController.MobileSignalController(3): 4G level = 4
02-06 00:36:55.244   864   864 I ConfigStore: android::hardware::configstore::V1_0::ISurfaceFlingerConfigs::hasHDRDisplay retrieved: 0
02-06 00:36:55.246   864   864 I chatty  : uid=1000(system) /system/bin/surfaceflinger identical 3 lines
02-06 00:36:55.246   864   864 I ConfigStore: android::hardware::configstore::V1_0::ISurfaceFlingerConfigs::hasHDRDisplay retrieved: 0
02-06 00:36:55.606  9778  9789 I obalminusscree: Background concurrent copying GC freed 542144(17MB) AllocSpace objects, 0(0B) LOS objects, 82% free, 3MB/21MB, paused 332us total 130.722ms
02-06 00:36:57.159 14062 14062 D SignalClusterView: updateMobileTypeImage  0
02-06 00:36:57.162 14062 14062 I chatty  : uid=1000(system) com.android.systemui identical 4 lines
02-06 00:36:57.162 14062 14062 D SignalClusterView: updateMobileTypeImage  0
02-06 00:36:57.199   864   864 I ConfigStore: android::hardware::configstore::V1_0::ISurfaceFlingerConfigs::hasHDRDisplay retrieved: 0
02-06 00:36:57.200   864   864 I chatty  : uid=1000(system) /system/bin/surfaceflinger identical 3 lines
02-06 00:36:57.200   864   864 I ConfigStore: android::hardware::configstore::V1_0::ISurfaceFlingerConfigs::hasHDRDisplay retrieved: 0
02-06 00:36:58.162 14062 14062 D SignalClusterView: updateMobileTypeImage  0
02-06 00:36:58.165 14062 14062 I chatty  : uid=1000(system) com.android.systemui identical 4 lines
02-06 00:36:58.165 14062 14062 D SignalClusterView: updateMobileTypeImage  0
02-06 00:36:58.184   864   864 I ConfigStore: android::hardware::configstore::V1_0::ISurfaceFlingerConfigs::hasHDRDisplay retrieved: 0
02-06 00:36:58.186   864   864 I chatty  : uid=1000(system) /system/bin/surfaceflinger identical 3 lines
02-06 00:36:58.186   864   864 I ConfigStore: android::hardware::configstore::V1_0::ISurfaceFlingerConfigs::hasHDRDisplay retrieved: 0
02-06 00:36:59.164 14062 14062 D SignalClusterView: updateMobileTypeImage  0
02-06 00:36:59.167 14062 14062 I chatty  : uid=1000(system) com.android.systemui identical 4 lines
02-06 00:36:59.167 14062 14062 D SignalClusterView: updateMobileTypeImage  0
02-06 00:36:59.204   864   864 I ConfigStore: android::hardware::configstore::V1_0::ISurfaceFlingerConfigs::hasHDRDisplay retrieved: 0
02-06 00:37:00.003  1827  1827 D ActivityManager: Raise procstate to external provider: ProcessRecord{74a51e1 10280:com.google.android.gms/u999a40}
02-06 00:36:59.255   864   864 I chatty  : uid=1000(system) /system/bin/surfaceflinger identical 8 lines
02-06 00:36:59.255   864   864 I ConfigStore: android::hardware::configstore::V1_0::ISurfaceFlingerConfigs::hasHDRDisplay retrieved: 0
02-06 00:37:00.004 14062 14062 D KeyguardUpdateMonitor: handleTimeUpdate
02-06 00:37:00.006  1827  2036 D ActivityManager: Raise procstate to external provider: ProcessRecord{74a51e1 10280:com.google.android.gms/u999a40}
02-06 00:37:00.037   864   864 I ConfigStore: android::hardware::configstore::V1_0::ISurfaceFlingerConfigs::hasHDRDisplay retrieved: 0
02-06 00:37:00.055   864   864 I chatty  : uid=1000(system) /system/bin/surfaceflinger identical 8 lines
02-06 00:37:00.055   864   864 I ConfigStore: android::hardware::configstore::V1_0::ISurfaceFlingerConfigs::hasHDRDisplay retrieved: 0
02-06 00:37:00.167 14062 14062 D SignalClusterView: updateMobileTypeImage  0
02-06 00:37:00.170 14062 14062 I chatty  : uid=1000(system) com.android.systemui identical 4 lines
02-06 00:37:00.170 14062 14062 D SignalClusterView: updateMobileTypeImage  0
02-06 00:37:00.206   864   864 I ConfigStore: android::hardware::configstore::V1_0::ISurfaceFlingerConfigs::hasHDRDisplay retrieved: 0
02-06 00:37:00.209   864   864 I chatty  : uid=1000(system) /system/bin/surfaceflinger identical 3 lines
02-06 00:37:00.209   864   864 I ConfigStore: android::hardware::configstore::V1_0::ISurfaceFlingerConfigs::hasHDRDisplay retrieved: 0
02-06 00:37:01.930  1827  2036 D CompatibilityInfo: mCompatibilityFlags - 0
02-06 00:37:01.930  1827  2036 D CompatibilityInfo: applicationDensity - 320
02-06 00:37:01.930  1827  2036 D CompatibilityInfo: applicationScale - 1.0
02-06 00:37:00.015  1827  2036 I chatty  : uid=1000(system) Binder:1827_4 identical 5 lines
02-06 00:37:01.929  1827  2036 D ActivityManager: Raise procstate to external provider: ProcessRecord{74a51e1 10280:com.google.android.gms/u999a40}
02-06 00:37:01.935  1827  5865 D ActivityManager: Raise procstate to external provider: ProcessRecord{74a51e1 10280:com.google.android.gms/u999a40}
02-06 00:37:01.998  1827  5865 D CompatibilityInfo: mCompatibilityFlags - 0
02-06 00:37:01.998  1827  5865 D CompatibilityInfo: applicationDensity - 320
02-06 00:37:01.998  1827  5865 D CompatibilityInfo: applicationScale - 1.0
02-06 00:37:01.997  1827  5865 D ActivityManager: Raise procstate to external provider: ProcessRecord{74a51e1 10280:com.google.android.gms/u999a40}
02-06 00:37:02.002  1827  2036 D ActivityManager: Raise procstate to external provider: ProcessRecord{74a51e1 10280:com.google.android.gms/u999a40}
02-06 00:37:02.053  1827  5865 D ActivityManager: Raise procstate to external provider: ProcessRecord{74a51e1 10280:com.google.android.gms/u999a40}
02-06 00:37:02.054  1827  5865 D CompatibilityInfo: mCompatibilityFlags - 0
02-06 00:37:02.054  1827  5865 D CompatibilityInfo: applicationDensity - 320
02-06 00:37:02.054  1827  5865 D CompatibilityInfo: applicationScale - 1.0
02-06 00:37:02.059  1827  5865 D ActivityManager: Raise procstate to external provider: ProcessRecord{74a51e1 10280:com.google.android.gms/u999a40}
02-06 00:37:02.114  1827  2036 D ActivityManager: Raise procstate to external provider: ProcessRecord{74a51e1 10280:com.google.android.gms/u999a40}
02-06 00:37:02.114  1827  2036 D CompatibilityInfo: mCompatibilityFlags - 0
02-06 00:37:02.114  1827  2036 D CompatibilityInfo: applicationDensity - 320
02-06 00:37:02.114  1827  2036 D CompatibilityInfo: applicationScale - 1.0
02-06 00:37:03.264   864   864 I ConfigStore: android::hardware::configstore::V1_0::ISurfaceFlingerConfigs::hasHDRDisplay retrieved: 0
02-06 00:37:02.120  1827  2036 D ActivityManager: Raise procstate to external provider: ProcessRecord{74a51e1 10280:com.google.android.gms/u999a40}
02-06 00:37:06.922  1827  5865 D ActivityManager: Raise procstate to external provider: ProcessRecord{74a51e1 10280:com.google.android.gms/u999a40}
02-06 00:37:07.276   864   864 I chatty  : uid=1000(system) /system/bin/surfaceflinger identical 8 lines
02-06 00:37:07.277   864   864 I ConfigStore: android::hardware::configstore::V1_0::ISurfaceFlingerConfigs::hasHDRDisplay retrieved: 0
02-06 00:37:07.701 14062 14251 D MobileSignalController: onSignalStrengthsChanged: SignalStrength: 99 0 -120 -160 -120 -160 -1 19 -105 -10 122 2147483647 0 2147483647 99 255 2147483647 gsm|lte use_rsrp_and_rssnr_for_lte_level  [-120, -115, -110, -105, -97] [-115, -105, -95, -85]
02-06 00:37:07.701 14062 14251 D NetworkController.MobileSignalController(3): 4G level = 4
02-06 00:37:10.266 14062 14251 D MobileSignalController: onSignalStrengthsChanged: SignalStrength: 99 0 -120 -160 -120 -160 -1 99 2147483647 2147483647 2147483647 2147483647 0 2147483647 13 32 -88 gsm|lte use_rsrp_and_rssnr_for_lte_level  [-120, -115, -110, -105, -97] [-115, -105, -95, -85]
02-06 00:37:10.266 14062 14251 D NetworkController.MobileSignalController(1): 4G level = 5
02-06 00:37:11.284   864   864 I ConfigStore: android::hardware::configstore::V1_0::ISurfaceFlingerConfigs::hasHDRDisplay retrieved: 0
02-06 00:37:11.286   864   864 I chatty  : uid=1000(system) /system/bin/surfaceflinger identical 3 lines
02-06 00:37:11.286   864   864 I ConfigStore: android::hardware::configstore::V1_0::ISurfaceFlingerConfigs::hasHDRDisplay retrieved: 0
02-06 00:37:11.931  1827  1936 D NtpTrustedTime: currentTimeMillis() cache hit
02-06 00:37:11.989  1574  2061 W BatteryHistoryManager: checkReset
02-06 00:37:12.014  1827  1967 D ActivityManager: Raise procstate to external provider: ProcessRecord{74a51e1 10280:com.google.android.gms/u999a40}
02-06 00:37:12.019  1827  1967 D CompatibilityInfo: mCompatibilityFlags - 0
02-06 00:37:12.019  1827  1967 D CompatibilityInfo: applicationDensity - 320
02-06 00:37:12.019  1827  1967 D CompatibilityInfo: applicationScale - 1.0
02-06 00:37:12.022 15139 15139 W fb4a.AppComponentFactory: Instantiating Service
02-06 00:37:12.023  1574  2087 W BatteryHistoryManager: check reset inner : 2026.2.6  0:37
02-06 00:37:12.089  1827  1849 E BatteryExternalStatsWorker: no controller energy info supplied for bluetooth
02-06 00:37:12.152  1827  1936 D NtpTrustedTime: currentTimeMillis() cache hit
02-06 00:37:12.164  1574  2141 D TrafficManageService: onReceive: intent.action = com.android.server.action.NETWORK_STATS_UPDATED
02-06 00:37:12.165  1827  1936 D ActivityManager: Raise procstate to external provider: ProcessRecord{74a51e1 10280:com.google.android.gms/u999a40}
02-06 00:37:12.191  1574  2087 I BatteryDataUtils: getFirstHistoryData baseTime =-68
02-06 00:37:12.191  1574  2087 I BatteryDataUtils: getFirstHistoryData time =1266174749
02-06 00:37:12.195  1574  2087 I PowerRankHelperHolder: refreshStats begin
02-06 00:37:12.195  1574  2087 I PowerRankHelperHolder: mDesktopPkgSet =[]
02-06 00:37:12.167  1827  1936 D ActivityManager: Raise procstate to external provider: ProcessRecord{74a51e1 10280:com.google.android.gms/u999a40}
02-06 00:37:12.219  1827  1849 E BatteryExternalStatsWorker: no controller energy info supplied for bluetooth
02-06 00:37:12.327  1574  2087 I PowerRankHelperHolder: mMiscUsageList size = 4
02-06 00:37:12.327  1574  2087 I PowerRankHelperHolder: refreshStats end
02-06 00:37:12.598  1827  5865 D WificondControl: Scan result ready event
02-06 00:37:12.599  1015 19184 I LOWI-8.6.0.33: [LOWI-Scan] lowi_close_record:Scan done in 8771659ms, 5 APs in scan results
02-06 00:37:12.601  1015  1044 I LOWI-8.6.0.33: [LOWIUtils] responseToOutPostcard - TO: GTP-FDAL, FROM:   LOWI-SERVER, RESP:  LOWI_ASYNC_DISCOVERY_SCAN_RESULTS
02-06 00:37:12.602   915  1000 V QCALOG  : [MessageQ] wait result 1
02-06 00:37:12.602   915  1000 V QCALOG  : [MessageQueueClientInfo] LOWI-SERVER: read
02-06 00:37:12.602   915  1000 V QCALOG  : [MessageQueueClientInfo] just read 4 bytes
02-06 00:37:12.602   915  1000 V QCALOG  : [MessageQ] wait result 1
02-06 00:37:12.602   915  1000 V QCALOG  : [MessageQueueClientInfo] LOWI-SERVER: read
02-06 00:37:12.602   915  1000 V QCALOG  : [MessageQueueClientInfo] just read 4948 bytes
02-06 00:37:12.602   915  1000 V QCALOG  : [MessageQueueClientInfo] card length 4948 + 4 bytes, current size 4952 bytes
02-06 00:37:12.602   915  1000 V QCALOG  : [MessageQ] lookupAndDeliver delivering message to client GTP-FDAL 
02-06 00:37:12.602   915  1000 V QCALOG  : [MessageQ] wait result 1
02-06 00:37:12.602   915  1000 V QCALOG  : [MessageQueueClientInfo] GTP-FDAL: write
02-06 00:37:12.602   915  1000 D QCALOG  : [MessageQueueClientInfo] write to [GTP-FDAL], 4952 bytes finished, 0 bytes left
02-06 00:37:12.605  1827  1944 D WificondScannerImpl: Filtering out 1 scan results.
02-06 00:37:12.606  1017  1076 W XTCC-6.2.0.6: [WifiScanner] WiFi scan result : [5] AP's, async result: 1
02-06 00:37:12.816 14062 14251 D MobileSignalController: onSignalStrengthsChanged: SignalStrength: 99 0 -120 -160 -120 -160 -1 21 -104 -14 124 2147483647 0 2147483647 99 255 2147483647 gsm|lte use_rsrp_and_rssnr_for_lte_level  [-120, -115, -110, -105, -97] [-115, -105, -95, -85]
02-06 00:37:12.816 14062 14251 D NetworkController.MobileSignalController(3): 4G level = 4
02-06 00:37:13.010  1827  5865 D ActivityManager: Raise procstate to external provider: ProcessRecord{74a51e1 10280:com.google.android.gms/u999a40}
02-06 00:37:13.200 14062 14062 D SignalClusterView: updateMobileTypeImage  0
02-06 00:37:13.203 14062 14062 I chatty  : uid=1000(system) com.android.systemui identical 4 lines
02-06 00:37:13.203 14062 14062 D SignalClusterView: updateMobileTypeImage  0
02-06 00:37:13.222   864   864 I ConfigStore: android::hardware::configstore::V1_0::ISurfaceFlingerConfigs::hasHDRDisplay retrieved: 0
02-06 00:37:13.224   864   864 I chatty  : uid=1000(system) /system/bin/surfaceflinger identical 3 lines
02-06 00:37:13.224   864   864 I ConfigStore: android::hardware::configstore::V1_0::ISurfaceFlingerConfigs::hasHDRDisplay retrieved: 0
02-06 00:37:14.202 14062 14062 D SignalClusterView: updateMobileTypeImage  0
02-06 00:37:14.205 14062 14062 I chatty  : uid=1000(system) com.android.systemui identical 4 lines
02-06 00:37:14.205 14062 14062 D SignalClusterView: updateMobileTypeImage  0
02-06 00:37:14.242   864   864 I ConfigStore: android::hardware::configstore::V1_0::ISurfaceFlingerConfigs::hasHDRDisplay retrieved: 0
02-06 00:37:13.013  1827  5865 D ActivityManager: Raise procstate to external provider: ProcessRecord{74a51e1 10280:com.google.android.gms/u999a40}
02-06 00:37:18.750  1827  1847 D Boost   : hostingType=service, hostingName=com.shazam.android/com.shazam.popup.android.service.FloatingShazamTileService, callerPackage=com.android.systemui, isSystem=true, isBoostNeeded=false.
02-06 00:37:18.753  1827  1847 I ActivityManager: Start proc 15940:com.shazam.android/u0a202 for service com.shazam.android/com.shazam.popup.android.service.FloatingShazamTileService caller=com.android.systemui
02-06 00:37:15.296   864   864 I chatty  : uid=1000(system) /system/bin/surfaceflinger identical 8 lines
02-06 00:37:15.296   864   864 I ConfigStore: android::hardware::configstore::V1_0::ISurfaceFlingerConfigs::hasHDRDisplay retrieved: 0
02-06 00:37:18.764 15940 15940 E .shazam.androi: Not starting debugger since process cannot load the jdwp agent.
02-06 00:37:18.788  1827  6474 D CompatibilityInfo: mCompatibilityFlags - 0
02-06 00:37:18.788  1827  6474 D CompatibilityInfo: applicationDensity - 320
02-06 00:37:18.788  1827  6474 D CompatibilityInfo: applicationScale - 1.0
02-06 00:37:18.795  1827  6474 D ActivityManager: Raise procstate to external provider: ProcessRecord{74a51e1 10280:com.google.android.gms/u999a40}
02-06 00:37:18.798  1827  6474 D CompatibilityInfo: mCompatibilityFlags - 0
02-06 00:37:18.798  1827  6474 D CompatibilityInfo: applicationDensity - 320
02-06 00:37:18.798  1827  6474 D CompatibilityInfo: applicationScale - 1.0
02-06 00:37:18.971 15940 15940 W .shazam.androi: JIT profile information will not be recorded: profile file does not exits.
02-06 00:37:18.971 15940 15940 I chatty  : uid=10202(com.shazam.android) identical 1 line
02-06 00:37:18.971 15940 15940 W .shazam.androi: JIT profile information will not be recorded: profile file does not exits.
02-06 00:37:18.990 15940 15940 I Perf    : Connecting to perf service.
02-06 00:37:19.071 15940 15958 W .shazam.androi: Unsupported class loader
02-06 00:37:19.079 15940 15977 W .shazam.androi: Accessing hidden field Ljava/util/Collections$SynchronizedCollection;->mutex:Ljava/lang/Object; (dark greylist, reflection)
02-06 00:37:19.087 15940 15977 W .shazam.androi: Accessing hidden method Ljava/util/Collections$SynchronizedSet;-><init>(Ljava/util/Set;Ljava/lang/Object;)V (dark greylist, reflection)
02-06 00:37:19.087 15940 15977 W .shazam.androi: Accessing hidden method Ljava/util/Collections$SynchronizedCollection;-><init>(Ljava/util/Collection;Ljava/lang/Object;)V (dark greylist, reflection)
02-06 00:37:19.088 15940 15958 W .shazam.androi: Skipping duplicate class check due to unsupported classloader
02-06 00:37:19.091  1827  6474 D CompatibilityInfo: mCompatibilityFlags - 0
02-06 00:37:19.091  1827  6474 D CompatibilityInfo: applicationDensity - 320
02-06 00:37:19.091  1827  6474 D CompatibilityInfo: applicationScale - 1.0
02-06 00:37:19.112 15940 15958 W .shazam.androi: Unknown chunk type '200'.
02-06 00:37:19.112 15940 15958 I chatty  : uid=10202(com.shazam.android) identical 1 line
02-06 00:37:19.112 15940 15958 W .shazam.androi: Unknown chunk type '200'.
02-06 00:37:19.144 15940 15958 W .shazam.androi: Unsupported class loader
02-06 00:37:19.154 15940 15958 W .shazam.androi: Skipping duplicate class check due to unsupported classloader
02-06 00:37:19.198  1827  6474 D CompatibilityInfo: mCompatibilityFlags - 0
02-06 00:37:19.198  1827  6474 D CompatibilityInfo: applicationDensity - 320
02-06 00:37:19.198  1827  6474 D CompatibilityInfo: applicationScale - 1.0
02-06 00:37:19.202  3657  3657 D WearableService: Creating wearable service asynchronously.
02-06 00:37:19.202 15940 15990 D NetworkSecurityConfig: Using Network Security Config from resource network_security_config debugBuild: false
02-06 00:37:19.211 15940 15987 W Settings: Setting airplane_mode_on has moved from android.provider.Settings.System to android.provider.Settings.Global, returning read-only value.
02-06 00:37:19.090  1827  6474 I chatty  : uid=1000(system) Binder:1827_1B identical 1 line
02-06 00:37:19.197  1827  6474 D ActivityManager: Raise procstate to external provider: ProcessRecord{74a51e1 10280:com.google.android.gms/u999a40}
02-06 00:37:19.229  1827  2036 D ActivityManager: Raise procstate to external provider: ProcessRecord{74a51e1 10280:com.google.android.gms/u999a40}
02-06 00:37:19.244  1827  5865 D ConnectivityService: requestNetwork for uid/pid:10202/15940 NetworkRequest [ TRACK_DEFAULT id=11886, [ Capabilities: INTERNET&NOT_RESTRICTED&TRUSTED Unwanted:  Uid: 10202] ]
02-06 00:37:19.245  1827  1941 D WIFI    : got request NetworkRequest [ TRACK_DEFAULT id=11886, [ Capabilities: INTERNET&NOT_RESTRICTED&TRUSTED Unwanted:  Uid: 10202] ] with score 60
02-06 00:37:19.245  1827  1941 D WIFI_UT : got request NetworkRequest [ TRACK_DEFAULT id=11886, [ Capabilities: INTERNET&NOT_RESTRICTED&TRUSTED Unwanted:  Uid: 10202] ] with score 60
02-06 00:37:19.245  1827  1993 D Ethernet: got request NetworkRequest [ TRACK_DEFAULT id=11886, [ Capabilities: INTERNET&NOT_RESTRICTED&TRUSTED Unwanted:  Uid: 10202] ] with score 60
02-06 00:37:19.246 15565 15565 D PhoneSwitcherNetworkRequstListener: got request NetworkRequest [ TRACK_DEFAULT id=11886, [ Capabilities: INTERNET&NOT_RESTRICTED&TRUSTED Unwanted:  Uid: 10202] ] with score 60
02-06 00:37:19.247  2492  2492 D QcrilMsgTunnelIfaceManager: handleMessage what = 1
02-06 00:37:19.248  2492  2492 I QcrilOemhookMsgTunnel: [0]invokeOemRilRequestRaw: serial=34652 length=24
02-06 00:37:19.250  2492  2521 I QcrilOemhookMsgTunnel: [0]processOemHookResponse serial no: 34652 error: 0length=0
02-06 00:37:19.250  2492  2492 D QcrilMsgTunnelIfaceManager: handleMessage what = 2
02-06 00:37:19.252  2492  2492 D QcrilMsgTunnelIfaceManager: handleMessage what = 1
02-06 00:37:19.252  2492  2521 I QcrilOemhookMsgTunnel: [0]processOemHookIndication length=28
02-06 00:37:19.253  2492  2492 I QcrilOemhookMsgTunnel: [1]invokeOemRilRequestRaw: serial=34653 length=24
02-06 00:37:19.253  2492  2492 D QcrilMsgTunnelIfaceManager: handleMessage what = 0
02-06 00:37:19.254  2492  2521 I QcrilOemhookMsgTunnel: [1]processOemHookResponse serial no: 34653 error: 0length=0
02-06 00:37:19.254  2492  2492 D QcrilMsgTunnelIfaceManager: handleMessage what = 2
02-06 00:37:19.255  2492  2521 I QcrilOemhookMsgTunnel: [1]processOemHookIndication length=28
02-06 00:37:19.256  2492  2492 D QcrilMsgTunnelIfaceManager: handleMessage what = 0
02-06 00:37:19.257  3657  3670 D WearableService: onGetService: waiting for onCreate to be completed.
02-06 00:37:19.274  3657  3698 I Wear_Controller: Wearable module requires a companion app to be installed.
02-06 00:37:19.274  3657  3698 I WearableService: onCreate: Wearable Services not starting. Wear is not available on this device.
02-06 00:37:19.275  3657  3670 W WearableService: onGetService: Wear is not available on this device.
02-06 00:37:19.287  3657 15329 I PhenotypeResourceReader: unable to find any Phenotype resource metadata for com.shazam.android
02-06 00:37:19.301   864   864 I ConfigStore: android::hardware::configstore::V1_0::ISurfaceFlingerConfigs::hasHDRDisplay retrieved: 0
02-06 00:37:19.302   864   864 I chatty  : uid=1000(system) /system/bin/surfaceflinger identical 3 lines
02-06 00:37:19.302   864   864 I ConfigStore: android::hardware::configstore::V1_0::ISurfaceFlingerConfigs::hasHDRDisplay retrieved: 0
02-06 00:37:19.402 15940 15998 I FA      : App measurement initialized, version: 151001
02-06 00:37:19.402 15940 15998 I FA      : To enable debug logging run: adb shell setprop log.tag.FA VERBOSE
02-06 00:37:19.403 15940 15998 I FA      : To enable faster debug mode event logging run:
02-06 00:37:19.403 15940 15998 I FA      :   adb shell setprop debug.firebase.analytics.app com.shazam.android
02-06 00:37:19.446  1827  2318 D ActivityManager: Raise procstate to external provider: ProcessRecord{74a51e1 10280:com.google.android.gms/u999a40}
02-06 00:37:19.448  1827  2318 D CompatibilityInfo: mCompatibilityFlags - 0
02-06 00:37:19.448  1827  2318 D CompatibilityInfo: applicationDensity - 320
02-06 00:37:19.448  1827  2318 D CompatibilityInfo: applicationScale - 1.0
02-06 00:37:19.450 10181 10181 D BoundBrokerSvc: onBind: Intent { act=com.google.android.gms.measurement.START pkg=com.google.android.gms }
02-06 00:37:19.450 10181 10181 D BoundBrokerSvc: Loading bound service for intent: Intent { act=com.google.android.gms.measurement.START pkg=com.google.android.gms }
02-06 00:37:20.505 14062 14251 D MobileSignalController: onSignalStrengthsChanged: SignalStrength: 99 0 -120 -160 -120 -160 -1 21 -103 -12 134 2147483647 0 2147483647 99 255 2147483647 gsm|lte use_rsrp_and_rssnr_for_lte_level  [-120, -115, -110, -105, -97] [-115, -105, -95, -85]
02-06 00:37:20.506 14062 14251 D NetworkController.MobileSignalController(3): 4G level = 4
02-06 00:37:21.218 14062 14062 D SignalClusterView: updateMobileTypeImage  0
02-06 00:37:21.220 14062 14062 I chatty  : uid=1000(system) com.android.systemui identical 4 lines
02-06 00:37:21.221 14062 14062 D SignalClusterView: updateMobileTypeImage  0
02-06 00:37:21.243   864   864 I ConfigStore: android::hardware::configstore::V1_0::ISurfaceFlingerConfigs::hasHDRDisplay retrieved: 0
02-06 00:37:22.727  1827  3037 I ActivityManager: Killing 15862:com.example.f_rizzly/u0a379 (adj 900): crash
02-06 00:37:22.712   864   864 I chatty  : uid=1000(system) /system/bin/surfaceflinger identical 24 lines
02-06 00:37:22.729   864   864 I ConfigStore: android::hardware::configstore::V1_0::ISurfaceFlingerConfigs::hasHDRDisplay retrieved: 0
02-06 00:37:22.729  1827  1848 W libprocessgroup: kill(-15862, 9) failed: No such process
02-06 00:37:22.729   864   864 I ConfigStore: android::hardware::configstore::V1_0::ISurfaceFlingerConfigs::hasHDRDisplay retrieved: 0
02-06 00:37:22.731   864   864 I chatty  : uid=1000(system) /system/bin/surfaceflinger identical 2 lines
02-06 00:37:22.731   864   864 I ConfigStore: android::hardware::configstore::V1_0::ISurfaceFlingerConfigs::hasHDRDisplay retrieved: 0
02-06 00:37:22.735  1827  1848 W libprocessgroup: kill(-15862, 9) failed: No such process
02-06 00:37:22.744  1827  1848 I chatty  : uid=1000(system) ActivityManager identical 1 line
02-06 00:37:22.749  1827  1848 W libprocessgroup: kill(-15862, 9) failed: No such process
02-06 00:37:22.750   864   864 I ConfigStore: android::hardware::configstore::V1_0::ISurfaceFlingerConfigs::hasHDRDisplay retrieved: 0
02-06 00:37:22.752   864   864 I chatty  : uid=1000(system) /system/bin/surfaceflinger identical 3 lines
02-06 00:37:22.752   864   864 I ConfigStore: android::hardware::configstore::V1_0::ISurfaceFlingerConfigs::hasHDRDisplay retrieved: 0
02-06 00:37:22.753  1827  1846 W AlertController: dialog has already been dismissed, disregard message process
02-06 00:37:22.755  2279  2279 D Launcher.Lifecycle: onWindowFocusChanged:true,UserHandle{0},5377ed5,false
02-06 00:37:22.755  2279  2279 D Launcher_UnlockAnimationStateMachine: onWindowFocus:IDLE
02-06 00:37:22.756  1827  1848 W libprocessgroup: kill(-15862, 9) failed: No such process
02-06 00:37:22.761  1827  1848 W libprocessgroup: kill(-15862, 9) failed: No such process
02-06 00:37:22.763 23557 28716 D PMonitor:  onProcessDied:pid = 15862,died-uid=10379
02-06 00:37:22.765   864   864 I ConfigStore: android::hardware::configstore::V1_0::ISurfaceFlingerConfigs::hasHDRDisplay retrieved: 0
02-06 00:37:22.766   864   864 I chatty  : uid=1000(system) /system/bin/surfaceflinger identical 3 lines
02-06 00:37:22.766   864   864 I ConfigStore: android::hardware::configstore::V1_0::ISurfaceFlingerConfigs::hasHDRDisplay retrieved: 0
02-06 00:37:22.767  1827  1848 W libprocessgroup: kill(-15862, 9) failed: No such process
02-06 00:37:22.772 22170 22190 D PowerKeeper.AppBgIdle: setUidState, uid = 10379 allow = true
02-06 00:37:22.773  1827  1848 I chatty  : uid=1000(system) ActivityManager identical 1 line
02-06 00:37:22.778  1827  1848 W libprocessgroup: kill(-15862, 9) failed: No such process
02-06 00:37:22.779   864   864 I ConfigStore: android::hardware::configstore::V1_0::ISurfaceFlingerConfigs::hasHDRDisplay retrieved: 0
02-06 00:37:22.782  1827  1853 W ActivityManager: setHasOverlayUi called on unknown pid: 15862
02-06 00:37:22.780   864   864 I chatty  : uid=1000(system) /system/bin/surfaceflinger identical 3 lines
02-06 00:37:22.780   864   864 I ConfigStore: android::hardware::configstore::V1_0::ISurfaceFlingerConfigs::hasHDRDisplay retrieved: 0
02-06 00:37:22.783   877   877 I Zygote  : Process 15862 exited due to signal (9)
02-06 00:37:22.783  1827  1848 W libprocessgroup: kill(-15862, 9) failed: No such process
02-06 00:37:22.784  1827  1848 I libprocessgroup: Successfully killed process cgroup uid 10379 pid 15862 in 54ms
02-06 00:37:22.795   864   864 I ConfigStore: android::hardware::configstore::V1_0::ISurfaceFlingerConfigs::hasHDRDisplay retrieved: 0
02-06 00:37:22.921   864   864 I chatty  : uid=1000(system) /system/bin/surfaceflinger identical 37 lines
02-06 00:37:22.921   864   864 I ConfigStore: android::hardware::configstore::V1_0::ISurfaceFlingerConfigs::hasHDRDisplay retrieved: 0
02-06 00:37:22.929   864  1881 W SurfaceFlinger: Attempting to set client state on removed layer: Dim Layer for - mAboveAppWindowsContainers#0
02-06 00:37:22.929   864  1881 W SurfaceFlinger: Attempting to destroy on removed layer: Dim Layer for - mAboveAppWindowsContainers#0
02-06 00:37:22.935   864   864 I ConfigStore: android::hardware::configstore::V1_0::ISurfaceFlingerConfigs::hasHDRDisplay retrieved: 0
02-06 00:37:22.936   864   864 I chatty  : uid=1000(system) /system/bin/surfaceflinger identical 1 line
02-06 00:37:22.936   864   864 I ConfigStore: android::hardware::configstore::V1_0::ISurfaceFlingerConfigs::hasHDRDisplay retrieved: 0
02-06 00:37:22.944   864  1881 W SurfaceFlinger: Attempting to destroy on removed layer: c7d9bfd Application Error: com.example.f_rizzly#0
02-06 00:37:22.948   864   864 I ConfigStore: android::hardware::configstore::V1_0::ISurfaceFlingerConfigs::hasHDRDisplay retrieved: 0
02-06 00:37:22.950   864   864 I chatty  : uid=1000(system) /system/bin/surfaceflinger identical 4 lines
02-06 00:37:22.950   864   864 I ConfigStore: android::hardware::configstore::V1_0::ISurfaceFlingerConfigs::hasHDRDisplay retrieved: 0
02-06 00:37:23.056  2279  2279 D Launcher: reset shortcutMenuLayer alpha and scale
02-06 00:37:23.057  2279  2279 E Launcher: changeViewByFsGestureState,  view=ShortcutMenuLayer,  alpha=1.0,  scale=1.0
02-06 00:37:23.058 14062 14251 D MobileSignalController: onSignalStrengthsChanged: SignalStrength: 99 0 -120 -160 -120 -160 -1 99 2147483647 2147483647 2147483647 2147483647 0 2147483647 13 33 -87 gsm|lte use_rsrp_and_rssnr_for_lte_level  [-120, -115, -110, -105, -97] [-115, -105, -95, -85]
02-06 00:37:23.058 14062 14251 D NetworkController.MobileSignalController(1): 4G level = 5
02-06 00:37:23.313   864   864 I ConfigStore: android::hardware::configstore::V1_0::ISurfaceFlingerConfigs::hasHDRDisplay retrieved: 0
02-06 00:37:24.285  1827  4426 D ActivityManager: Raise procstate to external provider: ProcessRecord{74a51e1 10280:com.google.android.gms/u999a40}
02-06 00:37:24.424  1827  2787 D ActivityManager: Raise procstate to external provider: ProcessRecord{74a51e1 10280:com.google.android.gms/u999a40}
02-06 00:37:23.332   864   864 I chatty  : uid=1000(system) /system/bin/surfaceflinger identical 7 lines
02-06 00:37:23.332   864   864 I ConfigStore: android::hardware::configstore::V1_0::ISurfaceFlingerConfigs::hasHDRDisplay retrieved: 0
02-06 00:37:24.425  1827  2787 D CompatibilityInfo: mCompatibilityFlags - 0
02-06 00:37:24.425  1827  2787 D CompatibilityInfo: applicationDensity - 320
02-06 00:37:24.425  1827  2787 D CompatibilityInfo: applicationScale - 1.0
02-06 00:37:24.433  1827  4426 D ActivityManager: Raise procstate to external provider: ProcessRecord{74a51e1 10280:com.google.android.gms/u999a40}
02-06 00:37:24.488  1827  4426 D CompatibilityInfo: mCompatibilityFlags - 0
02-06 00:37:24.488  1827  4426 D CompatibilityInfo: applicationDensity - 320
02-06 00:37:24.488  1827  4426 D CompatibilityInfo: applicationScale - 1.0
02-06 00:37:24.487  1827  4426 D ActivityManager: Raise procstate to external provider: ProcessRecord{74a51e1 10280:com.google.android.gms/u999a40}
02-06 00:37:24.491  1827  2787 D ActivityManager: Raise procstate to external provider: ProcessRecord{74a51e1 10280:com.google.android.gms/u999a40}
02-06 00:37:24.536  1827  4426 D ActivityManager: Raise procstate to external provider: ProcessRecord{74a51e1 10280:com.google.android.gms/u999a40}
02-06 00:37:24.537  1827  4426 D CompatibilityInfo: mCompatibilityFlags - 0
02-06 00:37:24.538  1827  4426 D CompatibilityInfo: applicationDensity - 320
02-06 00:37:24.538  1827  4426 D CompatibilityInfo: applicationScale - 1.0
02-06 00:37:24.542  1827  4426 D ActivityManager: Raise procstate to external provider: ProcessRecord{74a51e1 10280:com.google.android.gms/u999a40}
02-06 00:37:24.588  1827  2787 D ActivityManager: Raise procstate to external provider: ProcessRecord{74a51e1 10280:com.google.android.gms/u999a40}
02-06 00:37:24.589  1827  2787 D CompatibilityInfo: mCompatibilityFlags - 0
02-06 00:37:24.589  1827  2787 D CompatibilityInfo: applicationDensity - 320
02-06 00:37:24.589  1827  2787 D CompatibilityInfo: applicationScale - 1.0
02-06 00:37:25.229 14062 14062 D SignalClusterView: updateMobileTypeImage  0
02-06 00:37:25.232 14062 14062 I chatty  : uid=1000(system) com.android.systemui identical 4 lines
02-06 00:37:25.232 14062 14062 D SignalClusterView: updateMobileTypeImage  0
02-06 00:37:25.268   864   864 I ConfigStore: android::hardware::configstore::V1_0::ISurfaceFlingerConfigs::hasHDRDisplay retrieved: 0
02-06 00:37:25.288   864   864 I chatty  : uid=1000(system) /system/bin/surfaceflinger identical 7 lines
02-06 00:37:25.288   864   864 I ConfigStore: android::hardware::configstore::V1_0::ISurfaceFlingerConfigs::hasHDRDisplay retrieved: 0
02-06 00:37:25.624 14062 14251 D MobileSignalController: onSignalStrengthsChanged: SignalStrength: 99 0 -120 -160 -120 -160 -1 99 2147483647 2147483647 2147483647 2147483647 0 2147483647 13 30 -90 gsm|lte use_rsrp_and_rssnr_for_lte_level  [-120, -115, -110, -105, -97] [-115, -105, -95, -85]
02-06 00:37:25.625 14062 14251 D NetworkController.MobileSignalController(1): 4G level = 5
02-06 00:37:27.323   864   864 I ConfigStore: android::hardware::configstore::V1_0::ISurfaceFlingerConfigs::hasHDRDisplay retrieved: 0
02-06 00:37:27.343   864   864 I chatty  : uid=1000(system) /system/bin/surfaceflinger identical 7 lines
02-06 00:37:27.343   864   864 I ConfigStore: android::hardware::configstore::V1_0::ISurfaceFlingerConfigs::hasHDRDisplay retrieved: 0
02-06 00:37:28.184 14062 14251 D MobileSignalController: onSignalStrengthsChanged: SignalStrength: 99 0 -120 -160 -120 -160 -1 20 -104 -10 132 2147483647 0 2147483647 99 255 2147483647 gsm|lte use_rsrp_and_rssnr_for_lte_level  [-120, -115, -110, -105, -97] [-115, -105, -95, -85]
02-06 00:37:28.185 14062 14251 D NetworkController.MobileSignalController(3): 4G level = 4
02-06 00:37:28.194 14062 14251 D MobileSignalController: onSignalStrengthsChanged: SignalStrength: 99 0 -120 -160 -120 -160 -1 99 2147483647 2147483647 2147483647 2147483647 0 2147483647 13 33 -87 gsm|lte use_rsrp_and_rssnr_for_lte_level  [-120, -115, -110, -105, -97] [-115, -105, -95, -85]
02-06 00:37:28.194 14062 14251 D NetworkController.MobileSignalController(1): 4G level = 5
02-06 00:37:24.593  1827  2787 D ActivityManager: Raise procstate to external provider: ProcessRecord{74a51e1 10280:com.google.android.gms/u999a40}
02-06 00:37:29.494  1827  2788 D ActivityManager: Raise procstate to external provider: ProcessRecord{74a51e1 10280:com.google.android.gms/u999a40}
02-06 00:37:29.495 10181 10181 D BoundBrokerSvc: onUnbind: Intent { act=com.google.android.gms.measurement.START pkg=com.google.android.gms }
02-06 00:37:31.177  3657 15917 I AlarmManager: setExactAndAllowWhileIdle [name: GCM_HB_ALARM type: 2 triggerAtMillis: 1267919421]
02-06 00:37:31.189  3657 15914 W ChimeraUtils: Module com.google.android.gms.gcm missing resource null(0)
02-06 00:37:31.192  3657 15917 I AlarmManager: setExactAndAllowWhileIdle [name: GCM_HB_ALARM type: 2 triggerAtMillis: 1267919436]
02-06 00:37:31.199  3657 15914 I AlarmManager: setExactAndAllowWhileIdle [name: FcmRetry type: 2 triggerAtMillis: 1267379441]
02-06 00:37:31.206  1827  1845 D ActivityManager: Raise procstate to external provider: ProcessRecord{74a51e1 10280:com.google.android.gms/u999a40}
02-06 00:37:31.209  1827  1845 D CompatibilityInfo: mCompatibilityFlags - 0
02-06 00:37:31.209  1827  1845 D CompatibilityInfo: applicationDensity - 320
02-06 00:37:31.209  1827  1845 D CompatibilityInfo: applicationScale - 1.0
02-06 00:37:31.207  1827  1845 D ActivityManager: Raise procstate to external provider: ProcessRecord{74a51e1 10280:com.google.android.gms/u999a40}
02-06 00:37:31.217  1827  2788 D ActivityManager: Raise procstate to external provider: ProcessRecord{74a51e1 10280:com.google.android.gms/u999a40}
02-06 00:37:31.219  1827  2788 D CompatibilityInfo: mCompatibilityFlags - 0
02-06 00:37:31.219  1827  2788 D CompatibilityInfo: applicationDensity - 320
02-06 00:37:31.219  1827  2788 D CompatibilityInfo: applicationScale - 1.0
02-06 00:37:31.223  1827  4426 D ActivityManager: Raise procstate to external provider: ProcessRecord{74a51e1 10280:com.google.android.gms/u999a40}
02-06 00:37:31.225  1827  4426 D CompatibilityInfo: mCompatibilityFlags - 0
02-06 00:37:31.225  1827  4426 D CompatibilityInfo: applicationDensity - 320
02-06 00:37:31.225  1827  4426 D CompatibilityInfo: applicationScale - 1.0
02-06 00:37:31.244 14062 14062 D SignalClusterView: updateMobileTypeImage  0
02-06 00:37:31.245 14062 14062 I chatty  : uid=1000(system) com.android.systemui identical 2 lines
02-06 00:37:31.245 14062 14062 D SignalClusterView: updateMobileTypeImage  0
02-06 00:37:31.245  3657 15914 W ChimeraUtils: Module com.google.android.gms.gcm missing resource null(0)
02-06 00:37:31.245 14062 14062 D SignalClusterView: updateMobileTypeImage  0
02-06 00:37:31.245 14062 14062 D SignalClusterView: updateMobileTypeImage  0
02-06 00:37:31.254  3657 16025 I AlarmManager: setExactAndAllowWhileIdle [name: GCM_HB_ALARM type: 2 triggerAtMillis: 1267919498]
02-06 00:37:31.256  3657 15914 I AlarmManager: setExactAndAllowWhileIdle [name: FcmRetry type: 2 triggerAtMillis: 1267379441]
02-06 00:37:31.255  1827  4426 D ActivityManager: Raise procstate to external provider: ProcessRecord{74a51e1 10280:com.google.android.gms/u999a40}
02-06 00:37:31.258  1827  6474 D ActivityManager: Raise procstate to external provider: ProcessRecord{74a51e1 10280:com.google.android.gms/u999a40}
02-06 00:37:31.259  3657 15329 I AlarmManager: setExactAndAllowWhileIdle [name: FcmRetry type: 2 triggerAtMillis: 1267379498]
02-06 00:37:31.264   864   864 I ConfigStore: android::hardware::configstore::V1_0::ISurfaceFlingerConfigs::hasHDRDisplay retrieved: 0
02-06 00:37:31.262  1827  6474 D ActivityManager: Raise procstate to external provider: ProcessRecord{74a51e1 10280:com.google.android.gms/u999a40}
02-06 00:37:31.264  1827  2788 E NotificationService: Suppressing notification from package by user request.
02-06 00:37:31.268  1827  1845 D ActivityManager: Raise procstate to external provider: ProcessRecord{74a51e1 10280:com.google.android.gms/u999a40}
02-06 00:37:31.265   864   864 I chatty  : uid=1000(system) /system/bin/surfaceflinger identical 1 line
02-06 00:37:31.265   864   864 I ConfigStore: android::hardware::configstore::V1_0::ISurfaceFlingerConfigs::hasHDRDisplay retrieved: 0
02-06 00:37:31.270  1827  1845 D CompatibilityInfo: mCompatibilityFlags - 0
02-06 00:37:31.270  1827  1845 D CompatibilityInfo: applicationDensity - 320
02-06 00:37:31.270  1827  1845 D CompatibilityInfo: applicationScale - 1.0
02-06 00:37:31.272  1827  2787 D ActivityManager: Raise procstate to external provider: ProcessRecord{74a51e1 10280:com.google.android.gms/u999a40}
02-06 00:37:31.273  1827  2787 D CompatibilityInfo: mCompatibilityFlags - 0
02-06 00:37:31.273  1827  2787 D CompatibilityInfo: applicationDensity - 320
02-06 00:37:31.273  1827  2787 D CompatibilityInfo: applicationScale - 1.0
02-06 00:37:31.275  1827  4426 D ActivityManager: Raise procstate to external provider: ProcessRecord{74a51e1 10280:com.google.android.gms/u999a40}
02-06 00:37:31.276  1827  4426 D CompatibilityInfo: mCompatibilityFlags - 0
02-06 00:37:31.276  1827  4426 D CompatibilityInfo: applicationDensity - 320
02-06 00:37:31.276  1827  4426 D CompatibilityInfo: applicationScale - 1.0
02-06 00:37:31.280   864   864 I ConfigStore: android::hardware::configstore::V1_0::ISurfaceFlingerConfigs::hasHDRDisplay retrieved: 0
02-06 00:37:31.285  1827  6474 D ActivityManager: Raise procstate to external provider: ProcessRecord{74a51e1 10280:com.google.android.gms/u999a40}
02-06 00:37:31.287  1827  4426 D ActivityManager: Raise procstate to external provider: ProcessRecord{74a51e1 10280:com.google.android.gms/u999a40}
02-06 00:37:31.290  1827  4426 D ActivityManager: Raise procstate to external provider: ProcessRecord{74a51e1 10280:com.google.android.gms/u999a40}
02-06 00:37:31.311  1827  2787 E NotificationService: Suppressing notification from package by user request.
02-06 00:37:32.380  1827  2787 D ConnectivityService: Returning UNBLOCKED NetworkInfo to uid=10231
02-06 00:37:33.109   899  1057 E storaged: getDiskStats failed with result NOT_SUPPORTED and size 0
02-06 00:37:31.352   864   864 I chatty  : uid=1000(system) /system/bin/surfaceflinger identical 13 lines
02-06 00:37:31.352   864   864 I ConfigStore: android::hardware::configstore::V1_0::ISurfaceFlingerConfigs::hasHDRDisplay retrieved: 0
02-06 00:37:34.254 14062 14062 D SignalClusterView: updateMobileTypeImage  0
02-06 00:37:34.256 14062 14062 I chatty  : uid=1000(system) com.android.systemui identical 4 lines
02-06 00:37:34.258 14062 14062 D SignalClusterView: updateMobileTypeImage  0
02-06 00:37:34.291   864   864 I ConfigStore: android::hardware::configstore::V1_0::ISurfaceFlingerConfigs::hasHDRDisplay retrieved: 0
02-06 00:37:34.353  1827  2787 D ActivityManager: Raise procstate to external provider: ProcessRecord{74a51e1 10280:com.google.android.gms/u999a40}
02-06 00:37:35.363   864   864 I chatty  : uid=1000(system) /system/bin/surfaceflinger identical 16 lines
02-06 00:37:35.363   864   864 I ConfigStore: android::hardware::configstore::V1_0::ISurfaceFlingerConfigs::hasHDRDisplay retrieved: 0
02-06 00:37:37.072  1574  1574 I PowerSaveService: onReceive: android.intent.action.BATTERY_CHANGED
02-06 00:37:37.073 22170 22202 D PowerCheckerService: onBatteryChanged, mBatteryLevel = 100, status = 2, level = 100, plug = 2, scale = 100
02-06 00:37:37.075 14062 14062 D KeyguardUpdateMonitor: received broadcast android.intent.action.BATTERY_CHANGED
02-06 00:37:37.076  1574  1574 I PowerNoticeUI: handleBatteryChanged oldPlugType 2 mPlugType 2 oldBatteryLevel 100 mBatteryLevel 100 temperature 272
02-06 00:37:37.079  1574  1574 I ChargerBatteryIntelligenceReceiver: onBatteryChanged temperature：27,plugType:2
02-06 00:37:37.079  1574  1574 I PowerFeatureUtils: getVendorName:qcom
02-06 00:37:37.082   552  2129 E IzatSvc_PassiveLocListener: Exiting with error onLocationChanged line 154 "1"
02-06 00:37:37.082   552  2129 V LocSvc_HIDL_IzatProvider: [onLocationChanged][71] [HS] =>>>> [HC]
02-06 00:37:37.082  1827  1922 V LocSvc_HIDL_IzatProvider_jni: [onLocationChanged][208] [HC] <<= [HS]
02-06 00:37:38.265 14062 14062 D SignalClusterView: updateMobileTypeImage  0
02-06 00:37:38.268 14062 14062 I chatty  : uid=1000(system) com.android.systemui identical 4 lines
02-06 00:37:38.268 14062 14062 D SignalClusterView: updateMobileTypeImage  0
02-06 00:37:38.301   864   864 I ConfigStore: android::hardware::configstore::V1_0::ISurfaceFlingerConfigs::hasHDRDisplay retrieved: 0
02-06 00:37:38.321   864   864 I chatty  : uid=1000(system) /system/bin/surfaceflinger identical 7 lines
02-06 00:37:38.321   864   864 I ConfigStore: android::hardware::configstore::V1_0::ISurfaceFlingerConfigs::hasHDRDisplay retrieved: 0
02-06 00:37:38.421 14062 14251 D MobileSignalController: onSignalStrengthsChanged: SignalStrength: 99 0 -120 -160 -120 -160 -1 20 -104 -13 138 2147483647 0 2147483647 99 255 2147483647 gsm|lte use_rsrp_and_rssnr_for_lte_level  [-120, -115, -110, -105, -97] [-115, -105, -95, -85]
02-06 00:37:38.421 14062 14251 D NetworkController.MobileSignalController(3): 4G level = 4
02-06 00:37:39.269 14062 14062 D SignalClusterView: updateMobileTypeImage  0
02-06 00:37:39.272 14062 14062 I chatty  : uid=1000(system) com.android.systemui identical 4 lines
02-06 00:37:39.273 14062 14062 D SignalClusterView: updateMobileTypeImage  0
02-06 00:37:39.303   864   864 I ConfigStore: android::hardware::configstore::V1_0::ISurfaceFlingerConfigs::hasHDRDisplay retrieved: 0
02-06 00:37:39.372   864   864 I chatty  : uid=1000(system) /system/bin/surfaceflinger identical 16 lines
02-06 00:37:39.372   864   864 I ConfigStore: android::hardware::configstore::V1_0::ISurfaceFlingerConfigs::hasHDRDisplay retrieved: 0
02-06 00:37:39.944 12951 13100 E FM      : Unable to validate SSL certificates.
02-06 00:37:39.944 12951 13100 E FM      : java.security.cert.CertificateException: Unable to find valid certificate or public key.
02-06 00:37:39.944 12951 13100 E FM      : 	at com.facebook.ads.redexgen.X.7J.A03(:13236)
02-06 00:37:39.944 12951 13100 E FM      : 	at com.facebook.ads.redexgen.X.7h.A01(:16266)
02-06 00:37:39.944 12951 13100 E FM      : 	at com.facebook.ads.redexgen.X.7h.A0I(:16429)
02-06 00:37:39.944 12951 13100 E FM      : 	at com.facebook.ads.redexgen.X.Ez.A00(:24303)
02-06 00:37:39.944 12951 13100 E FM      : 	at com.facebook.ads.redexgen.X.Ez.doInBackground(:24323)
02-06 00:37:39.944 12951 13100 E FM      : 	at android.os.AsyncTask$2.call(AsyncTask.java:333)
02-06 00:37:39.944 12951 13100 E FM      : 	at java.util.concurrent.FutureTask.run(FutureTask.java:266)
02-06 00:37:39.944 12951 13100 E FM      : 	at java.util.concurrent.ThreadPoolExecutor.runWorker(ThreadPoolExecutor.java:1167)
02-06 00:37:39.944 12951 13100 E FM      : 	at java.util.concurrent.ThreadPoolExecutor$Worker.run(ThreadPoolExecutor.java:641)
02-06 00:37:39.944 12951 13100 E FM      : 	at java.lang.Thread.run(Thread.java:764)
02-06 00:37:40.270 14062 14062 D SignalClusterView: updateMobileTypeImage  0
02-06 00:37:40.273 14062 14062 I chatty  : uid=1000(system) com.android.systemui identical 4 lines
02-06 00:37:40.274 14062 14062 D SignalClusterView: updateMobileTypeImage  0
02-06 00:37:40.306   864   864 I ConfigStore: android::hardware::configstore::V1_0::ISurfaceFlingerConfigs::hasHDRDisplay retrieved: 0
02-06 00:37:40.325   864   864 I chatty  : uid=1000(system) /system/bin/surfaceflinger identical 7 lines
02-06 00:37:40.326   864   864 I ConfigStore: android::hardware::configstore::V1_0::ISurfaceFlingerConfigs::hasHDRDisplay retrieved: 0
