02-06 00:38:23.097  1827  7394 D ActivityManager: Raise procstate to external provider: ProcessRecord{74a51e1 10280:com.google.android.gms/u999a40}
02-06 00:38:23.199 16386 16416 I native  : I0000 00:00:1770334703.199173   16416 zip_archive.cpp:783] Closing archive 0x9ecfc280
02-06 00:38:23.199 16386 16396 I android.vendin: ThreadFlipBegin blocked for 1.413s
02-06 00:38:23.253 16146 16385 I PlayCore: UID: [10043]  PID: [16146] azjl : Unbind from service.
02-06 00:38:23.254  1827  8283 D ActivityManager: Raise procstate to external provider: ProcessRecord{74a51e1 10280:com.google.android.gms/u999a40}
02-06 00:38:23.254  1827  8283 I ActivityManager: Killing 16386:com.android.vending/u0a43i587 (adj 0): isolated not needed
02-06 00:38:23.255  1827  1848 W libprocessgroup: kill(-16386, 9) failed: No such process
02-06 00:38:23.257 16146 16178 E AbstractLogEventBuilder: The provided ProductIdOrigin 3 is not one of the process-level expected values: 1 or 2
02-06 00:38:23.260  1827  1848 W libprocessgroup: kill(-16386, 9) failed: No such process
02-06 00:38:23.297  1827  1848 I chatty  : uid=1000(system) ActivityManager identical 7 lines
02-06 00:38:23.303  1827  1848 W libprocessgroup: kill(-16386, 9) failed: No such process
02-06 00:38:23.306 16146 16158 I PlayCore: UID: [10043]  PID: [16146] azjl : reportBinderDeath
02-06 00:38:23.306 16146 16158 I PlayCore: UID: [10043]  PID: [16146] azjl : ApkContentsScanService : Binder has died.
02-06 00:38:23.307   877   877 I Zygote  : Process 16386 exited due to signal (9)
02-06 00:38:23.308 23557 28716 D PMonitor:  onProcessDied:pid = 16386,died-uid=10043
02-06 00:38:23.308  1827  1848 W libprocessgroup: kill(-16386, 9) failed: No such process
02-06 00:38:23.308  1827  1848 I libprocessgroup: Successfully killed process cgroup uid 99587 pid 16386 in 53ms
02-06 00:38:23.310  1827  4426 D ActivityManager: Raise procstate to external provider: ProcessRecord{74a51e1 10280:com.google.android.gms/u999a40}
02-06 00:38:23.391 16146 16188 I Finsky  : [66417] Triggered update for experiment package com.google.android.finsky.stable.
02-06 00:38:23.397  1827  7394 D ActivityManager: Raise procstate to external provider: ProcessRecord{74a51e1 10280:com.google.android.gms/u999a40}
02-06 00:38:23.398 16146 16187 I Finsky  : [66416] Initializing the instant apps module.
02-06 00:38:23.403  1827  4426 D ActivityManager: Raise procstate to external provider: ProcessRecord{74a51e1 10280:com.google.android.gms/u999a40}
02-06 00:38:23.403  1827  4426 D CompatibilityInfo: mCompatibilityFlags - 0
02-06 00:38:23.403  1827  4426 D CompatibilityInfo: applicationDensity - 320
02-06 00:38:23.403  1827  4426 D CompatibilityInfo: applicationScale - 1.0
02-06 00:38:23.405 10181 10181 D BoundBrokerSvc: onBind: Intent { act=com.google.android.gms.potokens.service.START dat=chimera-action: cmp=com.google.android.gms/.chimera.GmsApiService }
02-06 00:38:23.405 10181 10181 D BoundBrokerSvc: Loading bound service for intent: Intent { act=com.google.android.gms.potokens.service.START dat=chimera-action: cmp=com.google.android.gms/.chimera.GmsApiService }
02-06 00:38:23.460   864   864 I ConfigStore: android::hardware::configstore::V1_0::ISurfaceFlingerConfigs::hasHDRDisplay retrieved: 0
02-06 00:38:23.479   864   864 I chatty  : uid=1000(system) /system/bin/surfaceflinger identical 7 lines
02-06 00:38:23.479   864   864 I ConfigStore: android::hardware::configstore::V1_0::ISurfaceFlingerConfigs::hasHDRDisplay retrieved: 0
02-06 00:38:23.503 16146 16187 I Finsky  : [66416] Component class com.google.android.finsky.wearsupport.WearSupportService disabled via PackageManager.
02-06 00:38:23.510 16146 16187 I Finsky  : [66416] Component class com.google.android.finsky.wearsupport.WearChangeListenerService disabled via PackageManager.
02-06 00:38:23.594 16146 16156 I android.vendin: ThreadFlipBegin blocked for 6.862ms
02-06 00:38:23.602 16146 16168 I android.vendin: IncrementDisableThreadFlip blocked for 8.563ms
02-06 00:38:23.636 16146 16188 I Finsky  : [66417] Already at the latest configurations for experiment package com.google.android.finsky.stable.
02-06 00:38:23.636 16146 16188 I Finsky  : [66417] Triggered update for experiment package com.google.android.finsky.regular.
02-06 00:38:23.707 16146 16188 I Finsky  : [66417] Already at the latest configurations for experiment package com.google.android.finsky.regular.
02-06 00:38:23.707 16146 16188 I Finsky  : [66417] Triggered update for experiment package com.google.android.finsky.regular.
02-06 00:38:23.768 16146 16188 I Finsky  : [66417] Already at the latest configurations for experiment package com.google.android.finsky.regular.
02-06 00:38:23.769 16146 16188 I Finsky  : [66417] Triggered update for experiment package com.google.android.finsky.regular.
02-06 00:38:23.825 16146 16188 I Finsky  : [66417] Already at the latest configurations for experiment package com.google.android.finsky.regular.
02-06 00:38:23.825 16146 16188 I Finsky  : [66417] Triggered update for experiment package com.google.android.finsky.regular.
02-06 00:38:23.834 16146 16186 W Finsky  : [66415] PreloadClasses: Unable to load [kotlinx.coroutines.internal.ThreadContextKt$countAll$1, kotlinx.coroutines.internal.ThreadContextKt$findOne$1, kotlinx.coroutines.internal.ThreadContextKt$updateState$1, androidx.compose.runtime.snapshots.SnapshotKt$emptyLambda$1, androidx.compose.runtime.Recomposer$broadcastFrameClock$1, androidx.compose.runtime.Recomposer$recompositionRunner$2$unregisterApplyObserver$1, androidx.compose.ui.platform.AndroidComposeView$keyInputModifier$1, androidx.compose.runtime.SlotTable, androidx.compose.runtime.ComposerImpl, androidx.compose.runtime.SlotReader, androidx.compose.runtime.SlotWriter, androidx.compose.runtime.SlotTableKt, androidx.compose.runtime.ComposableSingletons$CompositionKt$lambda-1$1, androidx.compose.runtime.ComposableSingletons$CompositionKt$lambda-2$1, androidx.compose.ui.platform.ComposableSingletons$Wrapper_androidKt$lambda-1$1, androidx.compose.runtime.Recomposer$readObserverOf$1, androidx.compose.runtime.Recomposer$writeObserverOf$1, androidx.compose.runtime.KeyInfo, androidx.compose.runtime.GroupInfo, androidx.compose.ui.platform.AndroidCompositionLocals_androidKt$LocalSavedStateRegistryOwner$1, androidx.compose.runtime.saveable.SaveableStateRegistryKt$LocalSaveableStateRegistry$1, androidx.compose.material3.TypographyKt$LocalTypography$1, androidx.compose.material.ColorsKt$LocalColors$1, androidx.compose.material.ShapesKt$LocalShapes$1, androidx.compose.material.ContentAlphaKt$LocalContentAlpha$1, androidx.compose.foundation.IndicationKt$LocalIndication$1, androidx.compose.material.ripple.RippleThemeKt$LocalRippleTheme$1, androidx.compose.foundation.text.selection.TextSelectionColorsKt$LocalTextSelectionColors$1, androidx.compose.material.MaterialThemeKt$MaterialTheme$1, androidx.compose.material.TextKt$LocalTextStyle$1, androidx.compose.animation.core.InfiniteTransition$run$2, androidx.compose.animation.core.VectorConvertersKt$FloatToVector$1, androidx.compose.animation.core.VectorConvertersKt$FloatToVector$2, androidx.compose.animation.core.VectorConvertersKt$IntToVector$2, androidx.compose.animation.core.VectorConvertersKt$DpToVector$1, androidx.compose.animation.core.VectorConvertersKt$DpToVector$2, androidx.compose.material.ProgressIndicatorKt$CircularProgressIndicator$endAngle$2, androidx.compose.material.ProgressIndicatorKt$CircularProgressIndicator$startAngle$2, androidx.compose.foundation.ProgressSemanticsKt$progressSemantics$2, androidx.compose.material.MaterialThemeKt$MaterialTheme$2, androidx.compose.ui.platform.AndroidCompositionLocals_androidKt$ProvideAndroidCompositionLocals$4, androidx.compose.foundation.IndicationKt$indication$2, androidx.compose.foundation.text.selection.SelectionRegistrarKt$LocalSelectionRegistrar$1, androidx.compose.runtime.saveable.SaverKt$AutoSaver$1, androidx.compose.runtime.saveable.SaverKt$AutoSaver$2, androidx.compose.runtime.snapshots.SnapshotStateList$StateListStateRecord, androidx.compose.material.ButtonKt$Button$2, androidx.compose.material.ElevationOverlayKt$LocalElevationOverlay$1, androidx.compose.material.ElevationOverlayKt$LocalAbsoluteElevation$1, androidx.compose.material.SurfaceKt$Surface$1, androidx.compose.material.TextKt$Text$4, androidx.compose.material.TextKt$ProvideTextStyle$1, androidx.compose.material.SurfaceKt$Surface$2, androidx.compose.material.ButtonKt$Button$3, androidx.compose.foundation.gestures.ScrollableStateKt$rememberScrollableState$1$1, androidx.compose.material.TextKt$Text$3, androidx.compose.material3.TextKt$Text$3, androidx.compose.foundation.layout.BoxWithConstraintsKt$BoxWithConstraints$1$1, androidx.compose.runtime.ComposerImpl$CompositionContextHolder, androidx.compose.runtime.ComposerImpl$CompositionContextImpl, androidx.compose.runtime.Updater$init$1, androidx.compose.runtime.internal.ComposableLambdaImpl$invoke$2, androidx.compose.ui.text.MultiParagraphIntrinsics$minIntrinsicWidth$2, androidx.compose.ui.text.MultiParagraphIntrinsics$maxIntrinsicWidth$2, androidx.compose.ui.text.platform.extensions.SpannableExtensions_androidKt$setFontAttributes$
02-06 00:38:23.900 16146 16188 I Finsky  : [66417] Already at the latest configurations for experiment package com.google.android.finsky.regular.
02-06 00:38:23.900 16146 16188 I Finsky  : [66417] Triggered update for experiment package com.google.android.finsky.regular.
02-06 00:38:23.966 16146 16188 I Finsky  : [66417] Already at the latest configurations for experiment package com.google.android.finsky.regular.
02-06 00:38:23.966 16146 16188 I Finsky  : [66417] Triggered update for experiment package com.google.android.finsky.regular.
02-06 00:38:24.030 16146 16188 I Finsky  : [66417] Already at the latest configurations for experiment package com.google.android.finsky.regular.
02-06 00:38:24.030 16146 16188 I Finsky  : [66417] Triggered update for experiment package com.google.android.finsky.regular.
02-06 00:38:24.071 16146 16188 I Finsky  : [66417] Already at the latest configurations for experiment package com.google.android.finsky.regular.
02-06 00:38:24.754 16146 16181 I TensorFlowLite: Loaded native library: tensorflowlite_jni
02-06 00:38:24.755 16146 16181 I TensorFlowLite: Didn't load native library: tensorflowlite_jni_gms_client
02-06 00:38:24.756 16146 16181 I TensorFlowLite: Found application TF Lite runtime client in org.tensorflow.lite
02-06 00:38:24.756 16146 16181 I TensorFlowLite: TfLiteRuntime.FROM_APPLICATION_ONLY: Using application TF Lite runtime client from org.tensorflow.lite
02-06 00:38:24.844 16146 16181 I tflite  : Initialized TensorFlow Lite runtime.
02-06 00:38:25.306 10181 10181 D BoundBrokerSvc: onUnbind: Intent { act=com.google.android.gms.measurement.START pkg=com.google.android.gms }
02-06 00:38:25.858 16146 16146 I Finsky  : [2] setup::RES: shouldRecoverRestoredPackages: versionCodeSystem 81791700
02-06 00:38:25.884 16146 16146 I Finsky  : [2] Detected restoreservicev2://recovery not needed, will not run
02-06 00:38:23.477  1827  4426 I chatty  : uid=1000(system) Binder:1827_14 identical 2 lines
02-06 00:38:25.306  1827  4426 D ActivityManager: Raise procstate to external provider: ProcessRecord{74a51e1 10280:com.google.android.gms/u999a40}
02-06 00:38:26.539  1827 10878 D ActivityManager: Raise procstate to external provider: ProcessRecord{74a51e1 10280:com.google.android.gms/u999a40}
02-06 00:38:26.540  3657  3657 D BoundBrokerSvc: onUnbind: Intent { act=com.google.android.gms.presencemanager.service.START dat=chimera-action: cmp=com.google.android.gms/.chimera.PersistentApiService }
02-06 00:38:26.542  3657  3657 D BoundBrokerSvc: onUnbind: Intent { act=com.google.android.gms.presencemanager.service.INTERNAL_IDENTITY dat=chimera-action: cmp=com.google.android.gms/.chimera.PersistentApiService }
02-06 00:38:26.541  1827 10878 D ActivityManager: Raise procstate to external provider: ProcessRecord{74a51e1 10280:com.google.android.gms/u999a40}
02-06 00:38:26.543  1827  4426 D ActivityManager: Raise procstate to external provider: ProcessRecord{74a51e1 10280:com.google.android.gms/u999a40}
02-06 00:38:26.586 16146 16431 I Finsky  : [66466] registerListener
02-06 00:38:26.602 16146 16431 I Finsky  : [66466] DSC: reviveDownloads()
02-06 00:38:26.605 16336 16371 I Finsky:background: [66421] DS: reviveDownloads()
02-06 00:38:26.606 16146 16431 I Finsky  : [66466] Initialized AssetModuleDownloader.
02-06 00:38:26.726  1827  4426 D ConnectivityService: requestNetwork for uid/pid:10043/16336 NetworkRequest [ TRACK_DEFAULT id=11890, [ Capabilities: INTERNET&NOT_RESTRICTED&TRUSTED Unwanted:  Uid: 10043] ]
02-06 00:38:26.727  1827  1993 D Ethernet: got request NetworkRequest [ TRACK_DEFAULT id=11890, [ Capabilities: INTERNET&NOT_RESTRICTED&TRUSTED Unwanted:  Uid: 10043] ] with score 60
02-06 00:38:26.728 15565 15565 D PhoneSwitcherNetworkRequstListener: got request NetworkRequest [ TRACK_DEFAULT id=11890, [ Capabilities: INTERNET&NOT_RESTRICTED&TRUSTED Unwanted:  Uid: 10043] ] with score 60
02-06 00:38:26.729 16336 16374 I Finsky:background: [66422] DS: Network is available [NetworkState{connected=true, wifi=true, metered=false, roaming=false}].
02-06 00:38:26.729  2492  2492 D QcrilMsgTunnelIfaceManager: handleMessage what = 1
02-06 00:38:26.729 16336 16374 I Finsky:background: [66422] DS: Updating downloads for network change
02-06 00:38:26.730 16336 16437 I Finsky:background: [66441] DS::IDC: updateWith: <149:SUCCEEDED>
02-06 00:38:26.730  2492  2492 I QcrilOemhookMsgTunnel: [0]invokeOemRilRequestRaw: serial=34668 length=24
02-06 00:38:26.730 16336 16437 I Finsky:background: [66441] DS::IDC: All invisible downloads are finished.
02-06 00:38:26.730 16336 16437 I Finsky:background: [66441] DS::ISM: Stopping invisible download job
02-06 00:38:26.731  2492  2521 I QcrilOemhookMsgTunnel: [0]processOemHookResponse serial no: 34668 error: 0length=0
02-06 00:38:26.731  2492  2492 D QcrilMsgTunnelIfaceManager: handleMessage what = 2
02-06 00:38:26.732  2492  2492 D QcrilMsgTunnelIfaceManager: handleMessage what = 1
02-06 00:38:26.734  2492  2492 I QcrilOemhookMsgTunnel: [1]invokeOemRilRequestRaw: serial=34669 length=24
02-06 00:38:26.735  2492  2521 I QcrilOemhookMsgTunnel: [0]processOemHookIndication length=28
02-06 00:38:26.735  2492  2492 D QcrilMsgTunnelIfaceManager: handleMessage what = 0
02-06 00:38:26.737  2492  2521 I QcrilOemhookMsgTunnel: [1]processOemHookResponse serial no: 34669 error: 0length=0
02-06 00:38:26.737  2492  2492 D QcrilMsgTunnelIfaceManager: handleMessage what = 2
02-06 00:38:26.738  2492  2521 I QcrilOemhookMsgTunnel: [1]processOemHookIndication length=28
02-06 00:38:26.739  2492  2492 D QcrilMsgTunnelIfaceManager: handleMessage what = 0
02-06 00:38:26.749 16336 16437 I Finsky:background: [66441] DS::IDC: updateWith: <10263:SUCCEEDED>
02-06 00:38:26.750 16336 16437 I Finsky:background: [66441] DS::IDC: All invisible downloads are finished.
02-06 00:38:26.750 16336 16437 I Finsky:background: [66441] DS::ISM: Stopping invisible download job
02-06 00:38:26.750 16336 16437 I Finsky:background: [66441] DS::IDC: updateWith: <10264:SUCCEEDED>
02-06 00:38:26.750 16336 16437 I Finsky:background: [66441] DS::IDC: All invisible downloads are finished.
02-06 00:38:26.750 16336 16437 I Finsky:background: [66441] DS::ISM: Stopping invisible download job
02-06 00:38:26.750  1827  1941 D WIFI    : got request NetworkRequest [ TRACK_DEFAULT id=11890, [ Capabilities: INTERNET&NOT_RESTRICTED&TRUSTED Unwanted:  Uid: 10043] ] with score 60
02-06 00:38:26.750  1827  1941 D WIFI_UT : got request NetworkRequest [ TRACK_DEFAULT id=11890, [ Capabilities: INTERNET&NOT_RESTRICTED&TRUSTED Unwanted:  Uid: 10043] ] with score 60
02-06 00:38:26.754 16336 16437 I Finsky:background: [66441] DS::IDC: updateWith: <10265:SUCCEEDED>
02-06 00:38:26.754 16336 16437 I Finsky:background: [66441] DS::IDC: All invisible downloads are finished.
02-06 00:38:26.754 16336 16437 I Finsky:background: [66441] DS::ISM: Stopping invisible download job
02-06 00:38:26.755 16336 16437 I Finsky:background: [66441] DS::IDC: updateWith: <10266:SUCCEEDED>
02-06 00:38:26.755 16336 16437 I Finsky:background: [66441] DS::IDC: All invisible downloads are finished.
02-06 00:38:26.755 16336 16437 I Finsky:background: [66441] DS::ISM: Stopping invisible download job
02-06 00:38:26.755 16336 16437 I Finsky:background: [66441] DS::IDC: updateWith: <10267:SUCCEEDED>
02-06 00:38:26.755 16336 16437 I Finsky:background: [66441] DS::IDC: All invisible downloads are finished.
02-06 00:38:26.755 16336 16437 I Finsky:background: [66441] DS::ISM: Stopping invisible download job
02-06 00:38:26.758 16146 16154 W System  : A resource failed to call close. 
02-06 00:38:27.370  1827  4426 D ActivityManager: Raise procstate to external provider: ProcessRecord{74a51e1 10280:com.google.android.gms/u999a40}
02-06 00:38:26.758 16146 16154 W System  : A resource failed to call close. 
02-06 00:38:27.454   864   864 I ConfigStore: android::hardware::configstore::V1_0::ISurfaceFlingerConfigs::hasHDRDisplay retrieved: 0
02-06 00:38:27.547  1827  4426 I ActivityManager: Process com.facebook.system (pid 15335) has died: cch+6CEM 
02-06 00:38:27.472   864   864 I chatty  : uid=1000(system) /system/bin/surfaceflinger identical 7 lines
02-06 00:38:27.472   864   864 I ConfigStore: android::hardware::configstore::V1_0::ISurfaceFlingerConfigs::hasHDRDisplay retrieved: 0
02-06 00:38:27.547  1827  1848 W libprocessgroup: kill(-15335, 9) failed: No such process
02-06 00:38:27.547   877   877 I Zygote  : Process 15335 exited due to signal (9)
02-06 00:38:27.547  1827  1848 I libprocessgroup: Successfully killed process cgroup uid 10029 pid 15335 in 0ms
02-06 00:38:27.547 23557 28716 D PMonitor:  onProcessDied:pid = 15335,died-uid=10029
02-06 00:38:27.550  1827  4426 D ActivityManager: Raise procstate to external provider: ProcessRecord{74a51e1 10280:com.google.android.gms/u999a40}
02-06 00:38:28.101 16146 16181 I android.vendin: Waiting for a blocking GC Alloc
02-06 00:38:28.382 16146 16181 I android.vendin: WaitForGcToComplete blocked Alloc on HeapTrim for 280.751ms
02-06 00:38:28.382 16146 16181 I android.vendin: Starting a blocking GC Alloc
02-06 00:38:28.623 16146 16181 I android.vendin: Waiting for a blocking GC Alloc
02-06 00:38:28.775 16146 16181 I android.vendin: WaitForGcToComplete blocked Alloc on HeapTrim for 151.861ms
02-06 00:38:28.775 16146 16181 I android.vendin: Starting a blocking GC Alloc
02-06 00:38:28.853  1827  7394 D ActivityManager: Raise procstate to external provider: ProcessRecord{74a51e1 10280:com.google.android.gms/u999a40}
02-06 00:38:29.209 10181 10181 D BoundBrokerSvc: onUnbind: Intent { act=com.google.android.gms.safetynet.service.START pkg=com.google.android.gms }
02-06 00:38:29.460 16146 16181 I android.vendin: Waiting for a blocking GC Alloc
02-06 00:38:29.590 16146 16181 I android.vendin: WaitForGcToComplete blocked Alloc on HeapTrim for 129.879ms
02-06 00:38:29.591 16146 16181 I android.vendin: Starting a blocking GC Alloc
02-06 00:38:29.612 14062 14251 D MobileSignalController: onSignalStrengthsChanged: SignalStrength: 99 0 -120 -160 -120 -160 -1 99 2147483647 2147483647 2147483647 2147483647 0 2147483647 13 33 -87 gsm|lte use_rsrp_and_rssnr_for_lte_level  [-120, -115, -110, -105, -97] [-115, -105, -95, -85]
02-06 00:38:29.612 14062 14251 D NetworkController.MobileSignalController(1): 4G level = 5
02-06 00:38:29.206  1827  7394 I chatty  : uid=1000(system) Binder:1827_1C identical 1 line
02-06 00:38:29.208  1827  7394 D ActivityManager: Raise procstate to external provider: ProcessRecord{74a51e1 10280:com.google.android.gms/u999a40}
02-06 00:38:29.723  1827  1844 D ActivityManager: Raise procstate to external provider: ProcessRecord{74a51e1 10280:com.google.android.gms/u999a40}
02-06 00:38:29.853  1827  7394 D ActivityManager: Raise procstate to external provider: ProcessRecord{74a51e1 10280:com.google.android.gms/u999a40}
02-06 00:38:30.108 16146 16181 I android.vendin: Waiting for a blocking GC Alloc
02-06 00:38:30.403 16146 16181 I android.vendin: Waiting for a blocking GC Alloc
02-06 00:38:30.403 16146 16181 I android.vendin: WaitForGcToComplete blocked Alloc on HeapTrim for 295.578ms
02-06 00:38:30.403 16146 16181 I android.vendin: Starting a blocking GC Alloc
02-06 00:38:30.856  1827  1862 I PackageManager: Verification timed out for file:///data/app/vmdl887814525.tmp
02-06 00:38:30.856  1827  1862 I PackageManager: Continuing with installation of file:///data/app/vmdl887814525.tmp
02-06 00:38:30.404 16146 16181 I chatty  : uid=10043(com.android.vending) bgExecutor #1 identical 1 line
02-06 00:38:30.734 16146 16181 I android.vendin: Starting a blocking GC Alloc
02-06 00:38:30.858 16146 16146 W Finsky  : [2] VerifyApps: Install-time verification timed out, id=116
02-06 00:38:30.875  1827  1845 I ActivityManager: Force stopping com.example.f_rizzly appid=10379 user=-1: installPackageLI
02-06 00:38:30.876  1827  1845 D ActivityManager: Raise procstate to external provider: ProcessRecord{74a51e1 10280:com.google.android.gms/u999a40}
02-06 00:38:30.936 16146 16167 I Finsky  : [66396] VerifyApps: ScanResultPicker returned for package=com.example.f_rizzly: SAFE
02-06 00:38:30.936 16146 16167 I Finsky  : [66396] VerifyApps: chooseScanResult returning verdict SAFE for package=com.example.f_rizzly
02-06 00:38:31.066 16146 16181 I android.vendin: Forcing collection of SoftReferences for 148MB allocation
02-06 00:38:31.066 16146 16181 I android.vendin: Starting a blocking GC Alloc
02-06 00:38:31.099 16146 16146 E AbstractLogEventBuilder: The provided ProductIdOrigin 3 is not one of the process-level expected values: 1 or 2
02-06 00:38:31.101   887  1892 D installd: Found valid user 999
02-06 00:38:30.878  1827  1845 D ActivityManager: Raise procstate to external provider: ProcessRecord{74a51e1 10280:com.google.android.gms/u999a40}
02-06 00:38:31.102  1827  1862 I PackageManager: Update package com.example.f_rizzly code path from /data/app/com.example.f_rizzly-3KE3jiDcsPdwCJiAtJIbaQ== to /data/app/com.example.f_rizzly-FyG7gCKDfVMt-P2W3Z6IZg==; Retain data and using new
02-06 00:38:31.102  1827  1862 I PackageManager: Update package com.example.f_rizzly resource path from /data/app/com.example.f_rizzly-3KE3jiDcsPdwCJiAtJIbaQ== to /data/app/com.example.f_rizzly-FyG7gCKDfVMt-P2W3Z6IZg==; Retain data and using new
02-06 00:38:31.105 16146 16167 E AbstractLogEventBuilder: The provided ProductIdOrigin 3 is not one of the process-level expected values: 1 or 2
02-06 00:38:31.463  1827  1862 D ActivityManager: Raise procstate to external provider: ProcessRecord{74a51e1 10280:com.google.android.gms/u999a40}
02-06 00:38:31.463   864   864 I ConfigStore: android::hardware::configstore::V1_0::ISurfaceFlingerConfigs::hasHDRDisplay retrieved: 0
02-06 00:38:31.463  1827  1862 I InstallationStatistic: com.example.f_rizzly|null|21841|1313|104|1360|18136|0
02-06 00:38:31.464   864   864 I ConfigStore: android::hardware::configstore::V1_0::ISurfaceFlingerConfigs::hasHDRDisplay retrieved: 0
02-06 00:38:31.464 16146 16146 I Finsky  : [2] VerifyApps: Install-time verification complete: id=116, package_name=com.example.f_rizzly
02-06 00:38:31.464   864   864 I ConfigStore: android::hardware::configstore::V1_0::ISurfaceFlingerConfigs::hasHDRDisplay retrieved: 0
02-06 00:38:31.464 16146 16146 I Finsky  : [2] VerifyApps AdvancedProtection: Reported Advanced Protection verification result: ALLOW
02-06 00:38:31.465 16146 16146 I Finsky  : [2] VerifyApps: Install verification already timed out, ignoring sub-task callback, id=116
02-06 00:38:31.465 16146 16146 I Finsky  : [2] VerifyApps: Install verification already timed out, ignoring sub-task callback, id=116
02-06 00:38:31.465 16146 16168 E AbstractLogEventBuilder: The provided ProductIdOrigin 3 is not one of the process-level expected values: 1 or 2
02-06 00:38:31.473  1827  7394 D ActivityManager: Raise procstate to external provider: ProcessRecord{74a51e1 10280:com.google.android.gms/u999a40}
02-06 00:38:31.480   864   864 I ConfigStore: android::hardware::configstore::V1_0::ISurfaceFlingerConfigs::hasHDRDisplay retrieved: 0
02-06 00:38:31.481   864   864 I chatty  : uid=1000(system) /system/bin/surfaceflinger identical 4 lines
02-06 00:38:31.481   864   864 I ConfigStore: android::hardware::configstore::V1_0::ISurfaceFlingerConfigs::hasHDRDisplay retrieved: 0
02-06 00:38:31.522 16146 16181 W android.vendin: Throwing OutOfMemoryError "Failed to allocate a 155189256 byte allocation with 8388608 free bytes and 58MB until OOM, max allowed footprint 148456312, growth limit 201326592"
02-06 00:38:31.523 16146 16181 I android.vendin: Starting a blocking GC Alloc
02-06 00:38:31.523 16146 16181 I chatty  : uid=10043(com.android.vending) bgExecutor #1 identical 1 line
02-06 00:38:31.854 16146 16181 I android.vendin: Starting a blocking GC Alloc
02-06 00:38:32.177 16146 16181 I android.vendin: Forcing collection of SoftReferences for 148MB allocation
02-06 00:38:32.177 16146 16181 I android.vendin: Starting a blocking GC Alloc
02-06 00:38:32.217  1827  1862 I system_server: Explicit concurrent copying GC freed 423277(18MB) AllocSpace objects, 33(1448KB) LOS objects, 31% free, 52MB/76MB, paused 236us total 752.477ms
02-06 00:38:32.226   887  1892 E         : Couldn't opendir /data/app/vmdl887814525.tmp: No such file or directory
02-06 00:38:32.226   887  1892 E installd: Failed to delete /data/app/vmdl887814525.tmp: No such file or directory
02-06 00:38:31.476  1827  7394 D ActivityManager: Raise procstate to external provider: ProcessRecord{74a51e1 10280:com.google.android.gms/u999a40}
02-06 00:38:32.260  1827  1862 I ActivityManager: Force stopping com.example.f_rizzly appid=10379 user=0: pkg removed
02-06 00:38:32.260  1827  1862 I AutoStartManagerService: MIUILOG- Reject RestartService packageName :com.example.f_rizzly uid : 10379
02-06 00:38:32.260  1827  1862 D ActivityManager: Raise procstate to external provider: ProcessRecord{74a51e1 10280:com.google.android.gms/u999a40}
02-06 00:38:32.272  1827  1845 D ActivityManager: Raise procstate to external provider: ProcessRecord{74a51e1 10280:com.google.android.gms/u999a40}
02-06 00:38:32.273  1827  1862 D CompatibilityInfo: mCompatibilityFlags - 0
02-06 00:38:32.273  1827  1862 D CompatibilityInfo: applicationDensity - 320
02-06 00:38:32.273  1827  1862 D CompatibilityInfo: applicationScale - 1.0
02-06 00:38:32.277  1574  1574 D AppInstalledReceiver: receive broadcast
02-06 00:38:32.277  1574  1574 I TrafficManageService: mina mPackageReceiver 0
02-06 00:38:32.278  1574  1910 I FireWallService: mina mPackageReceiver onReceive
02-06 00:38:32.280  6966  6966 D AggregateListener: notifyAction action:android.intent.action.PACKAGE_REMOVED
02-06 00:38:32.281  1827  1959 V LocationPolicy: ACTION_PACKAGE_ADDED for uid=10379
02-06 00:38:32.281  1827  1967 I MiuiCompatModePackages: package com.example.f_rizzly updated, removing config
02-06 00:38:32.282  1574  1813 I GpBinderManager: bindCount : 45
02-06 00:38:32.283 16064 16064 D SecurityCenter: ImageLoader clear memory info
02-06 00:38:32.284  1574  1574 D AppInstalledReceiver: receive broadcast
02-06 00:38:32.284  1574  1574 I TrafficManageService: mina mPackageReceiver 0
02-06 00:38:32.285  1574  3792 I FireWallService: mina mPackageReceiver onReceive
02-06 00:38:32.285  1574  1930 D AppInstalledReceiver: packageName: com.example.f_rizzly
02-06 00:38:32.285 16336 16336 I Finsky:background: [2] ahwh - Received: android.intent.action.PACKAGE_REMOVED, [Xh4mkv6iWJw0MUwq_MA1skKqHJPYO-iJt4MXJStNT4A]
02-06 00:38:32.286  1574  1930 I NewGlobalInstallCheckTask: queueExecution: add task to queue last
02-06 00:38:32.286  1574  1930 I NewGlobalInstallCheckTask: checkStart: start the queue first task
02-06 00:38:32.287  1574  3792 W FireWallService: is Pre-installed application
02-06 00:38:32.287  1827  1845 W BroadcastQueue: Background execution not allowed: receiving Intent { act=android.intent.action.PACKAGE_REMOVED dat=package:com.example.f_rizzly flg=0x4000010 (has extras) } to com.lbe.security.miui/com.lbe.security.service.BootReceiver
02-06 00:38:32.288  1827  1827 D ActivityManager: Raise procstate to external provider: ProcessRecord{74a51e1 10280:com.google.android.gms/u999a40}
02-06 00:38:32.291  1827  7394 D ActivityManager: Raise procstate to external provider: ProcessRecord{74a51e1 10280:com.google.android.gms/u999a40}
02-06 00:38:32.292  1827  7394 D CompatibilityInfo: mCompatibilityFlags - 0
02-06 00:38:32.292  1827  7394 D CompatibilityInfo: applicationDensity - 320
02-06 00:38:32.292  1827  7394 D CompatibilityInfo: applicationScale - 1.0
02-06 00:38:32.295 16146 16146 I Finsky  : [2] ahwr - Received: android.intent.action.PACKAGE_REMOVED, [Xh4mkv6iWJw0MUwq_MA1skKqHJPYO-iJt4MXJStNT4A]
02-06 00:38:32.296  1827  1845 D ActivityManager: Raise procstate to external provider: ProcessRecord{74a51e1 10280:com.google.android.gms/u999a40}
02-06 00:38:32.298  1827  1845 D CompatibilityInfo: mCompatibilityFlags - 0
02-06 00:38:32.298  1827  1845 D CompatibilityInfo: applicationDensity - 320
02-06 00:38:32.298  1827  1845 D CompatibilityInfo: applicationScale - 1.0
02-06 00:38:32.299  1827  1862 D CompatibilityInfo: mCompatibilityFlags - 0
02-06 00:38:32.299  1827  1862 D CompatibilityInfo: applicationDensity - 320
02-06 00:38:32.299  1827  1862 D CompatibilityInfo: applicationScale - 1.0
02-06 00:38:32.300 14062 14113 D EventBus: [14062, u0] post(PackagesChangedEvent)
02-06 00:38:32.303  6923  7256 D IdProviderImpl: getOAID
02-06 00:38:32.308  1574  1574 D AppInstalledReceiver: receive broadcast
02-06 00:38:32.309  1574  2159 I GpBinderManager: bindCount : 46
02-06 00:38:32.326 15565 15565 D CarrierSvcBindHelper: No carrier app for: 0
02-06 00:38:32.328  6923 16446 D AppVerDbManager: will update
02-06 00:38:32.332  1827  1847 D Boost   : hostingType=service, hostingName=com.android.keychain/.KeyChainService, callerPackage=android, isSystem=true, isBoostNeeded=false.
02-06 00:38:32.333 15565 15565 D CarrierSvcBindHelper: No carrier app for: 1
02-06 00:38:32.335  1827  1847 I ActivityManager: Start proc 16450:com.android.keychain/1000 for service com.android.keychain/.KeyChainService caller=android
02-06 00:38:32.338 15565 15565 D CarrierSvcBindHelper: No carrier app for: 0
02-06 00:38:32.340 15565 15565 D CarrierSvcBindHelper: No carrier app for: 1
02-06 00:38:32.341 16146 16146 I Finsky  : [2] Resetting scheduler db
02-06 00:38:32.348 16450 16450 E ndroid.keychai: Not starting debugger since process cannot load the jdwp agent.
02-06 00:38:32.352 16336 16336 I Finsky:background: [2] IQ: onPackageRemoved com.example.f_rizzly, replacing=true, uninstallingFromPlay=false
02-06 00:38:32.360  1574  1930 I NewGlobalInstallCheckTask: start
02-06 00:38:32.362 16336 16336 I Finsky:background: [2] ahwh - Received: android.intent.action.PACKAGE_ADDED, [Xh4mkv6iWJw0MUwq_MA1skKqHJPYO-iJt4MXJStNT4A]
02-06 00:38:32.372  1574  1930 E FreeformWindowUtils: reflect error when get hasSmallFreeformFeature
02-06 00:38:32.372  1574  1930 E FreeformWindowUtils: java.lang.NoSuchMethodException: hasSmallFreeformFeature []
02-06 00:38:32.372  1574  1930 E FreeformWindowUtils: 	at java.lang.Class.getMethod(Class.java:2068)
02-06 00:38:32.372  1574  1930 E FreeformWindowUtils: 	at java.lang.Class.getDeclaredMethod(Class.java:2047)
02-06 00:38:32.372  1574  1930 E FreeformWindowUtils: 	at nf.f.h(Unknown Source:0)
02-06 00:38:32.372  1574  1930 E FreeformWindowUtils: 	at n6.b.m(Unknown Source:48)
02-06 00:38:32.372  1574  1930 E FreeformWindowUtils: 	at n6.b.t(Unknown Source:0)
02-06 00:38:32.372  1574  1930 E FreeformWindowUtils: 	at o2.j.w(Unknown Source:72)
02-06 00:38:32.372  1574  1930 E FreeformWindowUtils: 	at o2.j.j(Unknown Source:0)
02-06 00:38:32.372  1574  1930 E FreeformWindowUtils: 	at o2.j$a.run(Unknown Source:20)
02-06 00:38:32.372  1574  1930 E FreeformWindowUtils: 	at java.util.concurrent.ThreadPoolExecutor.runWorker(ThreadPoolExecutor.java:1167)
02-06 00:38:32.372  1574  1930 E FreeformWindowUtils: 	at java.util.concurrent.ThreadPoolExecutor$Worker.run(ThreadPoolExecutor.java:641)
02-06 00:38:32.372  1574  1930 E FreeformWindowUtils: 	at java.lang.Thread.run(Thread.java:764)
02-06 00:38:32.374  1574  1930 I GpBinderManager: bindCount : 47
02-06 00:38:32.378 14062 14062 D LockScreenMagazineController: received broadcast android.intent.action.PACKAGE_REMOVED
02-06 00:38:32.383 14062 14062 D LockScreenMagazineController: received broadcast android.intent.action.PACKAGE_ADDED
02-06 00:38:32.384 14062 14062 D EventBus: [14062, u0]  -> TaskStackView [0x631c59a, P3] onBusEvent(PackagesChangedEvent)
02-06 00:38:32.384 14062 14062 D EventBus: [14062, u0] onBusEvent(PackagesChangedEvent) duration: 63 microseconds, avg: 368
02-06 00:38:32.384 14062 14062 D EventBus: [14062, u0]  -> RecentsRecommendView [0x5dade5c, P1] onBusEvent(PackagesChangedEvent)
02-06 00:38:32.384 14062 14062 D EventBus: [14062, u0] onBusEvent(PackagesChangedEvent) duration: 6 microseconds, avg: 368
02-06 00:38:32.384 14062 14062 D EventBus: [14062, u0]  -> RecentsTaskLoader [0xa8b93b4, P1] onBusEvent(PackagesChangedEvent)
02-06 00:38:32.384 14062 14062 D EventBus: [14062, u0] onBusEvent(PackagesChangedEvent) duration: 67 microseconds, avg: 368
02-06 00:38:32.385 14062 14062 D LockScreenMagazineController: received broadcast android.intent.action.PACKAGE_REPLACED
02-06 00:38:32.385 16146 16146 I Finsky  : [2] AIM: AppInfoCacheUpdater -> invalidating apps: [com.example.f_rizzly]
02-06 00:38:32.386 16146 16146 I Finsky  : [2] AIM: AppInfoManager-Perf > Creating AppInfoManager ...
02-06 00:38:32.387  1827  1847 D Boost   : hostingType=service, hostingName=com.miui.global.packageinstaller/.service.ScanDispatchService, callerPackage=com.miui.securitycenter, isSystem=true, isBoostNeeded=false.
02-06 00:38:32.389  1827  1847 I ActivityManager: Start proc 16466:com.miui.global.packageinstaller/u0a136 for service com.miui.global.packageinstaller/.service.ScanDispatchService caller=com.miui.securitycenter
02-06 00:38:32.389 16336 16336 I Finsky:background: [2] ahwh - Received: android.intent.action.PACKAGE_ADDED, [Xh4mkv6iWJw0MUwq_MA1skKqHJPYO-iJt4MXJStNT4A]
02-06 00:38:32.394  1827  6474 D CompatibilityInfo: mCompatibilityFlags - 0
02-06 00:38:32.394  1827  6474 D CompatibilityInfo: applicationDensity - 320
02-06 00:38:32.394  1827  6474 D CompatibilityInfo: applicationScale - 1.0
02-06 00:38:32.397  1827  6474 D ActivityManager: Raise procstate to external provider: ProcessRecord{74a51e1 10280:com.google.android.gms/u999a40}
02-06 00:38:32.399  1827  6474 D CompatibilityInfo: mCompatibilityFlags - 0
02-06 00:38:32.401  1827  6474 D CompatibilityInfo: applicationDensity - 320
02-06 00:38:32.401  1827  6474 D CompatibilityInfo: applicationScale - 1.0
02-06 00:38:32.401 16336 16336 I Finsky:background: [2] ahwh - Deduping intent android.intent.action.PACKAGE_ADDED
02-06 00:38:32.403  1827  4426 I ActivityManager: START u0 {flg=0x10000000 cmp=com.example.f_rizzly/.MainActivity} from uid 2000
02-06 00:38:32.413 16466 16466 E ackageinstalle: Not starting debugger since process cannot load the jdwp agent.
02-06 00:38:32.436  1827  4433 D ConnectivityService: Returning BLOCKED NetworkInfo to uid=10231
02-06 00:38:32.443 15565 15565 D ImsResolver: maybeAddedImsService, packageName: com.example.f_rizzly
02-06 00:38:32.444  2279  2421 E InstallApkReceiver: uninstall:package:com.example.f_rizzly
02-06 00:38:32.444  2279  2421 E InstallApkReceiver: install:package:com.example.f_rizzly
02-06 00:38:32.447 15565 15565 D CarrierConfigLoader: mHandler: 9 phoneId: 0
02-06 00:38:32.451  2279  2300 I com.miui.home: Background concurrent copying GC freed 123996(6MB) AllocSpace objects, 0(0B) LOS objects, 66% free, 8MB/26MB, paused 173us total 188.356ms
02-06 00:38:32.515 16336 16370 I Finsky:background: [66420] IQ: handled package removed
02-06 00:38:32.518  6966  6966 D AggregateListener: onPackageRemoved packageName:com.example.f_rizzly
02-06 00:38:32.527 16450 16450 I Perf    : Connecting to perf service.
02-06 00:38:32.529 16146 16146 I Finsky  : [2] AIM: AppInfoManager-Perf > getApps > called for 1 apps
02-06 00:38:32.530  6966  6966 D AggregateListener: notifyAction action:android.intent.action.PACKAGE_ADDED
02-06 00:38:32.551 16146 16187 I Finsky  : [66416] AIM: AppInfoManager-Perf > OnDeviceAppInfo > cacheHitCount=0, cacheMissCount=1. Missed  in cache (limit 10) : [com.example.f_rizzly]
02-06 00:38:32.556 14062 14073 I ndroid.systemu: Background concurrent copying GC freed 117774(5MB) AllocSpace objects, 3(136KB) LOS objects, 55% free, 14MB/32MB, paused 144us total 285.772ms
02-06 00:38:32.558 16146 16187 I Finsky  : [66416] AIM: Got app ownership map. App counts: . Unique apps: 0
02-06 00:38:32.558 16146 16187 E Finsky  : [66416] [Counters] attempted to use a non-positive increment for: 4752
02-06 00:38:32.563 14062 14070 W JavaBinder: BinderProxy is being destroyed but the application did not call unlinkToDeath to unlink all of its death recipients beforehand.  Releasing leaked death recipient: com.android.systemui.qs.external.TileLifecycleManager
02-06 00:38:32.566 16146 16146 I Finsky  : [2] ahwr - Received: android.intent.action.PACKAGE_ADDED, [Xh4mkv6iWJw0MUwq_MA1skKqHJPYO-iJt4MXJStNT4A]
02-06 00:38:32.594 16146 16187 D IconCustomizer: Content Ratio = -1.0
02-06 00:38:32.605 16146 16146 I Finsky  : [2] DTU: Received onPackageAdded, replacing: true
02-06 00:38:32.624 16146 16187 D IconCustomizer: Generate customized icon for com.example.f_rizzly.png
02-06 00:38:32.624  1827  1827 W system_server: Unknown chunk type '200'.
02-06 00:38:32.624  1827  1827 I chatty  : uid=1000 system_server identical 1 line
02-06 00:38:32.624  1827  1827 W system_server: Unknown chunk type '200'.
02-06 00:38:32.638   554   626 E ANDR-PERF-MPCTL: Invalid profile no. 0, total profiles 0 only
02-06 00:38:32.639   450   450 W hwservicemanager: getTransport: Cannot find entry vendor.qti.hardware.iop@2.0::IIop/default in either framework or device manifest.
02-06 00:38:32.640  1827  4426 E ANDR-PERF-JNI: Iop tryGetService failed
02-06 00:38:32.656  6923  6933 I .miui.analytic: Background concurrent copying GC freed 272577(15MB) AllocSpace objects, 43(2MB) LOS objects, 87% free, 2MB/20MB, paused 217us total 189.063ms
02-06 00:38:32.660  1827  1920 I InputReader: Reconfiguring input devices.  changes=0x00000010
02-06 00:38:32.673  6923  6931 W System  : A resource failed to call close. 
02-06 00:38:32.673  6923  6931 W System  : A resource failed to call close. 
02-06 00:38:32.703  1827  4426 D CompatibilityInfo: mCompatibilityFlags - 0
02-06 00:38:32.703  1827  4426 D CompatibilityInfo: applicationDensity - 320
02-06 00:38:32.703  1827  4426 D CompatibilityInfo: applicationScale - 1.0
02-06 00:38:32.704  1827  4426 D ActivityTrigger: ActivityTrigger activityPauseTrigger 
02-06 00:38:32.706  2279  2279 D Launcher.Lifecycle: onPause:UserHandle{0},5377ed5,true
02-06 00:38:32.706  2279  2279 D Launcher_UnlockAnimationStateMachine: setState:PAUSE_WAIT
02-06 00:38:32.712  1827  3862 D CompatibilityInfo: mCompatibilityFlags - 0
02-06 00:38:32.712  1827  3862 D CompatibilityInfo: applicationDensity - 320
02-06 00:38:32.712  1827  3862 D CompatibilityInfo: applicationScale - 1.0
02-06 00:38:32.716  1827  3862 D ActivityManager: Raise procstate to external provider: ProcessRecord{74a51e1 10280:com.google.android.gms/u999a40}
02-06 00:38:32.720  1827  3862 D CompatibilityInfo: mCompatibilityFlags - 0
02-06 00:38:32.720  1827  3862 D CompatibilityInfo: applicationDensity - 320
02-06 00:38:32.720  1827  3862 D CompatibilityInfo: applicationScale - 1.0
02-06 00:38:32.723  1827  1845 D ActivityManager: Raise procstate to external provider: ProcessRecord{74a51e1 10280:com.google.android.gms/u999a40}
02-06 00:38:32.726 16146 16181 W android.vendin: Throwing OutOfMemoryError "Failed to allocate a 155189256 byte allocation with 8388608 free bytes and 57MB until OOM, max allowed footprint 149150408, growth limit 201326592"
02-06 00:38:32.729 16146 16181 E bkeg    : Input Future failed with Error
02-06 00:38:32.729 16146 16181 E bkeg    : java.lang.OutOfMemoryError: Failed to allocate a 155189256 byte allocation with 8388608 free bytes and 57MB until OOM, max allowed footprint 149150408, growth limit 201326592
02-06 00:38:32.729 16146 16181 E bkeg    : 	at java.util.Arrays.copyOf(Arrays.java:3260)
02-06 00:38:32.729 16146 16181 E bkeg    : 	at java.lang.AbstractStringBuilder.ensureCapacityInternal(AbstractStringBuilder.java:125)
02-06 00:38:32.729 16146 16181 E bkeg    : 	at java.lang.AbstractStringBuilder.append(AbstractStringBuilder.java:451)
02-06 00:38:32.729 16146 16181 E bkeg    : 	at java.lang.StringBuilder.append(StringBuilder.java:137)
02-06 00:38:32.729 16146 16181 E bkeg    : 	at java.util.Arrays.deepToString(Arrays.java:4587)
02-06 00:38:32.729 16146 16181 E bkeg    : 	at java.util.Arrays.deepToString(Arrays.java:4606)
02-06 00:38:32.729 16146 16181 E bkeg    : 	at java.util.Arrays.deepToString(Arrays.java:4559)
02-06 00:38:32.729 16146 16181 E bkeg    : 	at azqe.a(PG:286)
02-06 00:38:32.729 16146 16181 E bkeg    : 	at unr.apply(PG:107)
02-06 00:38:32.729 16146 16181 E bkeg    : 	at bkec.d(PG:3)
02-06 00:38:32.729 16146 16181 E bkeg    : 	at bked.run(PG:47)
02-06 00:38:32.729 16146 16181 E bkeg    : 	at qu.execute(PG:8)
02-06 00:38:32.729 16146 16181 E bkeg    : 	at bxri.di(PG:1)
02-06 00:38:32.729 16146 16181 E bkeg    : 	at bkgg.execute(PG:5)
02-06 00:38:32.729 16146 16181 E bkeg    : 	at bkdr.f(PG:1)
02-06 00:38:32.729 16146 16181 E bkeg    : 	at bkdr.j(PG:95)
02-06 00:38:32.729 16146 16181 E bkeg    : 	at bkdr.m(PG:15)
02-06 00:38:32.729 16146 16181 E bkeg    : 	at bkeu.s(PG:49)
02-06 00:38:32.729 16146 16181 E bkeg    : 	at bkeg.f(PG:45)
02-06 00:38:32.729 16146 16181 E bkeg    : 	at bkeg.u(PG:18)
02-06 00:38:32.729 16146 16181 E bkeg    : 	at bkee.run(PG:7)
02-06 00:38:32.729 16146 16181 E bkeg    : 	at bkez.execute(PG:1)
02-06 00:38:32.729 16146 16181 E bkeg    : 	at bkdr.f(PG:1)
02-06 00:38:32.729 16146 16181 E bkeg    : 	at bkdr.j(PG:95)
02-06 00:38:32.729 16146 16181 E bkeg    : 	at bkdr.m(PG:15)
02-06 00:38:32.729 16146 16181 E bkeg    : 	at bkec.e(PG:1)
02-06 00:38:32.729 16146 16181 E bkeg    : 	at bked.run(PG:53)
02-06 00:38:32.729 16146 16181 E bkeg    : 	at qu.execute(PG:8)
02-06 00:38:32.729 16146 16181 E bkeg    : 	at bxri.di(PG:1)
02-06 00:38:32.729 16146 16181 E bkeg    : 	at bkgg.execute(PG:5)
02-06 00:38:32.729 16146 16181 E bkeg    : 	at bkdr.f(PG:1)
02-06 00:38:32.729 16146 16181 E bkeg    : 	at bkdr.j(PG:95)
02-06 00:38:32.729 16146 16181 E bkeg    : 	at bkdr.m(PG:15)
02-06 00:38:32.729 16146 16181 E bkeg    : 	at bkeu.s(PG:49)
02-06 00:38:32.729 16146 16181 E bkeg    : 	at bkeg.f(PG:45)
02-06 00:38:32.729 16146 16181 E bkeg    : 	at bkeg.u(PG:18)
02-06 00:38:32.729 16146 16181 E bkeg    : 	at bkee.run(PG:7)
02-06 00:38:32.729 16146 16181 E bkeg    : 	at bkez.execute(PG:1)
02-06 00:38:32.729 16146 16181 E bkeg    : 	at bkdr.f(PG:1)
02-06 00:38:32.729 16146 16181 E bkeg    : 	at bkdr.j(PG:95)
02-06 00:38:32.729 16146 16181 E bkeg    : 	at bkdr.m(PG:15)
02-06 00:38:32.729 16146 16181 E bkeg    : 	at bkec.e(PG:1)
02-06 00:38:32.729 16146 16181 E bkeg    : 	at bked.run(PG:53)
02-06 00:38:32.729 16146 16181 E bkeg    : 	at qu.execute(PG:8)
02-06 00:38:32.729 16146 16181 E bkeg    : 	at bxri.di(PG:1)
02-06 00:38:32.729 16146 16181 E bkeg    : 	at bkgg.execute(PG:5)
02-06 00:38:32.729 16146 16181 E bkeg    : 	at bkdr.f(PG:1)
02-06 00:38:32.729 16146 16181 E bkeg    : 	at bkdr.j(PG:95)
02-06 00:38:32.729 16146 16181 E bkeg    : 	at bkdr.m(PG:15)
02-06 00:38:32.729 16146 16181 E bkeg    : 	at bkeu.s(PG:49)
02-06 00:38:32.729 16146 16181 E bkeg    : 	at bkeg.f(PG:45)
02-06 00:38:32.729 16146 16181 E bkeg    : 	at bkeg.u(PG:18)
02-06 00:38:32.729 16146 16181 E bkeg    : 	at bkee.run(PG:7)
02-06 00:38:32.729 16146 16181 E bkeg    : 	at bkez.execute(PG:1)
02-06 00:38:32.729 16146 16181 E bkeg    : 	at bkdr.f(PG:1)
02-06 00:38:32.729 16146 16181 E bkeg    : 	at bkdr.j(PG:95)
02-06 00:38:32.729 16146 16181 E bkeg    : 	at bkdr.m(PG:15)
02-06 00:38:32.729 16146 16181 E bkeg    : 	at bkec.e(PG:1)
02-06 00:38:32.729 16146 16181 E bkeg    : 	at bked.run(PG:53)
02-06 00:38:32.729 16146 16181 E bkeg    : 	at qu.execute(PG:8)
02-06 00:38:32.729 16146 16181 E bkeg    : 	at bxri.di(PG:1)
02-06 00:38:32.729 16146 16181 E bkeg    : 	at bkgg.execute(PG:5)
02-06 00:38:32.729 16146 16181 E bkeg    : 	at bkdr.f(PG:1)
02-06 00:38:32.729 16146 16181 E bkeg    : 	at bkdr.j(PG:95)
02-06 00:38:32.729 16146 16181 E bkeg    : 	at bkdr.m(PG:15)
02-06 00:38:32.729 16146 16181 E bkeg    : 	at bkec.e(PG:1)
02-06 00:38:32.729 16146 16181 E bkeg    : 	at bked.run(PG:53)
02-06 00:38:32.729 16146 16181 E bkeg    : 	at qu.execute(PG:8)
02-06 00:38:32.729 16146 16181 E bkeg    : 	at bxri.di(PG:1)
02-06 00:38:32.729 16146 16181 E bkeg    : 	at bkgg.execute(PG:5)
02-06 00:38:32.729 16146 16181 E bkeg    : 	at bkdr.f(PG:1)
02-06 00:38:32.729 16146 16181 E bkeg    : 	at bkdr.j(PG:95)
02-06 00:38:32.729 16146 16181 E bkeg    : 	at bkdr.m(PG:15)
02-06 00:38:32.729 16146 16181 E bkeg    : 	at azqp.a(PG:38)
02-06 00:38:32.729 16146 16181 E bkeg    : 	at azpl.a(PG:26)
02-06 00:38:32.729 16146 16181 E bkeg    : 	at azyi.a(PG:167)
02-06 00:38:32.729 16146 16181 E bkeg    : 	at azjz.c(PG:304)
02-06 00:38:32.729 16146 16181 E bkeg    : 	at azjw.b(PG:357)
02-06 00:38:32.729 16146 16181 E bkeg    : 	at byaj.qR(PG:6)
02-06 00:38:32.729 16146 16181 E bkeg    : 	at byhm.run(PG:109)
02-06 00:38:32.729 16146 16181 E bkeg    : 	at java.util.concurrent.ThreadPoolExecutor.runWorker(ThreadPoolExecutor.java:1167)
02-06 00:38:32.729 16146 16181 E bkeg    : 	at java.util.concurrent.ThreadPoolExecutor$Worker.run(ThreadPoolExecutor.java:641)
02-06 00:38:32.729 16146 16181 E bkeg    : 	at sbd.run(PG:497)
02-06 00:38:32.729 16146 16181 E bkeg    : 	at java.lang.Thread.run(Thread.java:764)
02-06 00:38:32.734 25721 25785 D GrantPermission: id: 1 packageName: com.mi.android.globallauncher
02-06 00:38:32.734 25721 25785 D GrantPermission: id: 2 packageName: com.sohu.inputmethod.sogou.xiaomi
02-06 00:38:32.734 25721 25785 D GrantPermission: id: 3 packageName: com.comprion.android.GSMA_AC_Mobile_App_SP1_signed
02-06 00:38:32.735 25721 25785 D GrantPermission: id: 4 packageName: com.android.providers.partnerbookmarks
02-06 00:38:32.735 25721 25785 D GrantPermission: id: 5 packageName: de.telekom.tsc
02-06 00:38:32.735 25721 25785 D GrantPermission: id: 6 packageName: com.gallery.player
02-06 00:38:32.739 10181 10191 I gle.android.gm: Background concurrent copying GC freed 12553(857KB) AllocSpace objects, 1(20KB) LOS objects, 49% free, 21MB/43MB, paused 213us total 475.431ms
02-06 00:38:32.740 16146 16181 E AbstractLogEventBuilder: The provided ProductIdOrigin 3 is not one of the process-level expected values: 1 or 2
02-06 00:38:32.741 16146 16181 E Finsky  : [66410] Logging timeout report message
02-06 00:38:32.741 16146 16181 E Finsky  : kotlinx.coroutines.TimeoutCancellationException: Timed out waiting for 10000 ms
02-06 00:38:32.741 16146 16181 E Finsky  : 	at byjp.run(PG:42)
02-06 00:38:32.741 16146 16181 E Finsky  : 	at java.util.concurrent.Executors$RunnableAdapter.call(Executors.java:458)
02-06 00:38:32.741 16146 16181 E Finsky  : 	at java.util.concurrent.FutureTask.run(FutureTask.java:266)
02-06 00:38:32.741 16146 16181 E Finsky  : 	at uyz.run(PG:404)
02-06 00:38:32.741 16146 16181 E Finsky  : 	at java.util.concurrent.ThreadPoolExecutor.runWorker(ThreadPoolExecutor.java:1167)
02-06 00:38:32.741 16146 16181 E Finsky  : 	at java.util.concurrent.ThreadPoolExecutor$Worker.run(ThreadPoolExecutor.java:641)
02-06 00:38:32.741 16146 16181 E Finsky  : 	at sbd.run(PG:497)
02-06 00:38:32.741 16146 16181 E Finsky  : 	at java.lang.Thread.run(Thread.java:764)
02-06 00:38:32.745 16146 16181 E Finsky  : [66410] [Counters] attempted to use a non-positive increment for: 4753
02-06 00:38:32.746 16146 16165 I Finsky  : [66394] Apk Analysis Protection verdict logged: null.
02-06 00:38:32.748  1827  6474 W BroadcastQueue: Background execution not allowed: receiving Intent { act=android.intent.action.PACKAGE_REMOVED dat=package:com.example.f_rizzly flg=0x4000010 (has extras) } to com.android.vending/com.google.android.finsky.packagemonitor.impl.PackageMonitorReceiverImpl$RegisteredReceiver
02-06 00:38:32.749  1827  6474 D ActivityManager: Raise procstate to external provider: ProcessRecord{74a51e1 10280:com.google.android.gms/u999a40}
02-06 00:38:32.749  1827  1920 I InputReader: Reconfiguring input devices.  changes=0x00000010
02-06 00:38:32.751  1827  8283 D ActivityManager: Raise procstate to external provider: ProcessRecord{74a51e1 10280:com.google.android.gms/u999a40}
02-06 00:38:32.752  2279  2279 I RenderVsyncUpdater: All controllers paused.
02-06 00:38:32.752  1827  8283 D CompatibilityInfo: mCompatibilityFlags - 0
02-06 00:38:32.753  1827  8283 D CompatibilityInfo: applicationDensity - 320
02-06 00:38:32.753  1827  8283 D CompatibilityInfo: applicationScale - 1.0
02-06 00:38:32.753  2279  2421 D StatusBarController: handleMessage: flag 800000  disable false
02-06 00:38:32.762  2279  2279 D Launcher_WallpaperUtils: changeStatusBarMode:false
02-06 00:38:32.767   864   864 I ConfigStore: android::hardware::configstore::V1_0::ISurfaceFlingerConfigs::hasHDRDisplay retrieved: 0
02-06 00:38:32.768   864   864 I chatty  : uid=1000(system) /system/bin/surfaceflinger identical 2 lines
02-06 00:38:32.769   864   864 I ConfigStore: android::hardware::configstore::V1_0::ISurfaceFlingerConfigs::hasHDRDisplay retrieved: 0
02-06 00:38:32.769 16509 16509 I xample.f_rizzl: Late-enabling -Xcheck:jni
02-06 00:38:32.771  1827  1847 D Boost   : hostingType=activity, hostingName=com.example.f_rizzly/.MainActivity, callerPackage=null, isSystem=true, isBoostNeeded=false.
