02-06 00:38:12.077 16064 16064 W System.err: 	at android.app.Activity.performCreate(Activity.java:7224)
02-06 00:38:12.077 16064 16064 W System.err: 	at android.app.Activity.performCreate(Activity.java:7213)
02-06 00:38:12.077 16064 16064 W System.err: 	at android.app.Instrumentation.callActivityOnCreate(Instrumentation.java:1272)
02-06 00:38:12.077 16064 16064 W System.err: 	at android.app.ActivityThread.performLaunchActivity(ActivityThread.java:2926)
02-06 00:38:12.077 16064 16064 W System.err: 	at android.app.ActivityThread.handleLaunchActivity(ActivityThread.java:3081)
02-06 00:38:12.077 16064 16064 W System.err: 	at android.app.servertransaction.LaunchActivityItem.execute(LaunchActivityItem.java:78)
02-06 00:38:12.077 16064 16064 W System.err: 	at android.app.servertransaction.TransactionExecutor.executeCallbacks(TransactionExecutor.java:108)
02-06 00:38:12.077 16064 16064 W System.err: 	at android.app.servertransaction.TransactionExecutor.execute(TransactionExecutor.java:68)
02-06 00:38:12.077 16064 16064 W System.err: 	at android.app.ActivityThread$H.handleMessage(ActivityThread.java:1831)
02-06 00:38:12.077 16064 16064 W System.err: 	at android.os.Handler.dispatchMessage(Handler.java:106)
02-06 00:38:12.077 16064 16064 W System.err: 	at android.os.Looper.loop(Looper.java:201)
02-06 00:38:12.077 16064 16064 W System.err: 	at android.app.ActivityThread.main(ActivityThread.java:6826)
02-06 00:38:12.077 16064 16064 W System.err: 	at java.lang.reflect.Method.invoke(Native Method)
02-06 00:38:12.077 16064 16064 W System.err: 	at com.android.internal.os.RuntimeInit$MethodAndArgsCaller.run(RuntimeInit.java:547)
02-06 00:38:12.077 16064 16064 W System.err: 	at com.android.internal.os.ZygoteInit.main(ZygoteInit.java:873)
02-06 00:38:12.078 16064 16104 I FA      : App measurement initialized, version: 151001
02-06 00:38:12.078 16064 16064 E DeviceUtils: getMiuiMiddleVersion failed , e:java.lang.NullPointerException: Attempt to invoke virtual method 'java.lang.Object java.lang.reflect.Method.invoke(java.lang.Object, java.lang.Object[])' on a null object reference
02-06 00:38:12.078 16064 16104 I FA      : To enable debug logging run: adb shell setprop log.tag.FA VERBOSE
02-06 00:38:12.078 16064 16104 I FA      : To enable faster debug mode event logging run:
02-06 00:38:12.078 16064 16104 I FA      :   adb shell setprop debug.firebase.analytics.app com.miui.securitycenter
02-06 00:38:12.105 16064 16102 D FBAudienceNetwork: SDK dex loading time: 182
02-06 00:38:12.122 16064 16064 D AlertController: Alert dialog ime debugEnable = 
02-06 00:38:12.135 14062 14195 V NFC     : this device does not have NFC support
02-06 00:38:12.184 11907 11931 I CloudSettingsProvider: uriMatch : 2
02-06 00:38:12.188  1827  9204 D ActivityManager: Raise procstate to external provider: ProcessRecord{74a51e1 10280:com.google.android.gms/u999a40}
02-06 00:38:12.195  1827  9204 D ActivityManager: Raise procstate to external provider: ProcessRecord{74a51e1 10280:com.google.android.gms/u999a40}
02-06 00:38:12.202  1827  3863 D ActivityManager: Raise procstate to external provider: ProcessRecord{74a51e1 10280:com.google.android.gms/u999a40}
02-06 00:38:12.207  1827  4433 D ActivityManager: Raise procstate to external provider: ProcessRecord{74a51e1 10280:com.google.android.gms/u999a40}
02-06 00:38:12.199 11907 11931 I chatty  : uid=1000(system) Binder:11907_3 identical 2 lines
02-06 00:38:12.205 11907 11931 I CloudSettingsProvider: uriMatch : 2
02-06 00:38:12.207  1574  6017 I SafePay-Utils: exception when update cloud data : 
02-06 00:38:12.207  1574  6017 I SafePay-Utils: java.io.FileNotFoundException: safepay_calling_activity_in
02-06 00:38:12.207  1574  6017 I SafePay-Utils: 	at android.content.res.AssetManager.nativeOpenAsset(Native Method)
02-06 00:38:12.207  1574  6017 I SafePay-Utils: 	at android.content.res.AssetManager.open(AssetManager.java:747)
02-06 00:38:12.207  1574  6017 I SafePay-Utils: 	at android.content.res.AssetManager.open(AssetManager.java:724)
02-06 00:38:12.207  1574  6017 I SafePay-Utils: 	at s2.s.T(Unknown Source:21)
02-06 00:38:12.207  1574  6017 I SafePay-Utils: 	at s2.s.d(Unknown Source:45)
02-06 00:38:12.207  1574  6017 I SafePay-Utils: 	at s2.s.J(Unknown Source:10)
02-06 00:38:12.207  1574  6017 I SafePay-Utils: 	at com.miui.securitycenter.provider.SecurityCenterProvider.call(Unknown Source:12)
02-06 00:38:12.207  1574  6017 I SafePay-Utils: 	at android.content.ContentProvider$Transport.call(ContentProvider.java:403)
02-06 00:38:12.207  1574  6017 I SafePay-Utils: 	at android.content.ContentProviderNative.onTransact(ContentProviderNative.java:272)
02-06 00:38:12.207  1574  6017 I SafePay-Utils: 	at android.os.Binder.execTransact(Binder.java:731)
02-06 00:38:12.228 14062 14195 D MobileSignalController: updateDataType mSelectedDataTypeIcon[1]=2131232496, mSelectedDataActivityIndex=3
02-06 00:38:12.229 14062 14195 D TelephonyIcons: getSignalStrengthIcon: slot=1, inetCondition=1, level=5, roaming=false, signalstrength=SignalStrength: 99 0 -120 -160 -120 -160 -1 99 2147483647 2147483647 2147483647 2147483647 0 2147483647 13 33 -87 gsm|lte use_rsrp_and_rssnr_for_lte_level  [-120, -115, -110, -105, -97] [-115, -105, -95, -85]
02-06 00:38:12.230 14062 14195 D TelephonyIcons: null signal icon name: drawable/stat_sys_signal_null
02-06 00:38:12.230 14062 14195 D TelephonyIcons: getDataTypeIcon sub=1
02-06 00:38:12.233 14062 14195 D MobileSignalController: updateDataType mSelectedDataTypeIcon[0]=2131232497, mSelectedDataActivityIndex=6
02-06 00:38:12.234 14062 14195 D TelephonyIcons: getSignalStrengthIcon: slot=0, inetCondition=1, level=3, roaming=false, signalstrength=SignalStrength: 99 0 -120 -160 -120 -160 -1 20 -106 -14 110 2147483647 0 2147483647 99 255 2147483647 gsm|lte use_rsrp_and_rssnr_for_lte_level  [-120, -115, -110, -105, -97] [-115, -105, -95, -85]
02-06 00:38:12.235 14062 14195 D TelephonyIcons: null signal icon name: drawable/stat_sys_signal_null
02-06 00:38:12.235 14062 14195 D TelephonyIcons: getDataTypeIcon sub=0
02-06 00:38:12.237 14062 14062 D SignalClusterView: updateMobileTypeImage  0
02-06 00:38:12.238  1827  1928 V UiModeManager: switch night mode to 2
02-06 00:38:12.238 16064 16064 W Looper  : Slow Looper: Activity com.miui.securitycenter/com.miui.permcenter.install.AdbInstallActivity is 457ms late (wall=270ms running=0ms ClientTransaction{ callbacks=[android.app.servertransaction.LaunchActivityItem] lifecycleRequest=android.app.servertransaction.ResumeActivityItem }) because of 2 msg, msg 2 took 452ms (late=11ms h=android.app.ActivityThread$H w=110)
02-06 00:38:12.238  1827  3863 D ActivityManager: Raise procstate to external provider: ProcessRecord{74a51e1 10280:com.google.android.gms/u999a40}
02-06 00:38:12.239 14062 14062 I chatty  : uid=1000(system) com.android.systemui identical 10 lines
02-06 00:38:12.239 14062 14062 D SignalClusterView: updateMobileTypeImage  0
02-06 00:38:12.240 16064 16064 I TmBinderCacher: onServiceConnected name=ComponentInfo{com.miui.securitycenter/com.miui.networkassistant.service.tm.TrafficManageService}
02-06 00:38:12.248   554   626 E ANDR-PERF-RESOURCEQS: Failed to apply optimization [2, 0]
02-06 00:38:12.248   554   626 I chatty  : uid=0(root) perf@1.0-servic identical 1 line
02-06 00:38:12.248   554   626 E ANDR-PERF-RESOURCEQS: Failed to apply optimization [2, 0]
02-06 00:38:12.251  9311  9324 I GST     : forePkg: com.miui.home, preForePkg: com.miui.securitycenter
02-06 00:38:12.251  1574  6017 I ProcessMonitor: onForegroundInfoChanged: ForegroundInfo{mForegroundPackageName='com.miui.home', mForegroundUid=10041, mForegroundPid=2279, mLastForegroundPackageName='com.miui.securitycenter', mLastForegroundUid=1000, mLastForegroundPid=16064, mMultiWindowForegroundPackageName='null', mMultiWindowForegroundUid=-1, mFlags=0}
02-06 00:38:12.252  1574  6017 I GameBoosterService: onForegroundInfoChanged: Cur=com.miui.home	 last=com.miui.securitycenter
02-06 00:38:12.253  1574  6017 D GameBoosterService: onGameStatusChange foreground:ForegroundInfo{mForegroundPackageName='com.miui.home', mForegroundUid=10041, mForegroundPid=2279, mLastForegroundPackageName='com.miui.securitycenter', mLastForegroundUid=1000, mLastForegroundPid=16064, mMultiWindowForegroundPackageName='null', mMultiWindowForegroundUid=-1, mFlags=0}
02-06 00:38:12.253  1574  6017 I VideoBoxUtils: isSupportVideoBox: false
02-06 00:38:12.255  3657 15329 I PhenotypeResourceReader: unable to find any Phenotype resource metadata for com.miui.securitycenter
02-06 00:38:12.258 14062 14062 D EventBus: [14062, u0] send(AppTransitionFinishedEvent)
02-06 00:38:12.241  1827  3863 I chatty  : uid=1000(system) Binder:1827_12 identical 1 line
02-06 00:38:12.248  1827  3863 D ActivityManager: Raise procstate to external provider: ProcessRecord{74a51e1 10280:com.google.android.gms/u999a40}
02-06 00:38:12.258  1827  3863 I Timeline: Timeline: App_transition_ready time:269248015
02-06 00:38:12.258 14062 14062 D EventBus: [14062, u0]  -> ForcedResizableInfoActivityController [0x6f60603, P1] onBusEvent(AppTransitionFinishedEvent)
02-06 00:38:12.258 14062 14062 D EventBus: [14062, u0] onBusEvent(AppTransitionFinishedEvent) duration: 16 microseconds, avg: 368
02-06 00:38:12.258  1827  3863 I Timeline: Timeline: App_transition_stopped time:269248015
02-06 00:38:12.258 14062 14062 D EventBus: [14062, u0] send(AppTransitionFinishedEvent)
02-06 00:38:12.258 14062 14062 D EventBus: [14062, u0]  -> ForcedResizableInfoActivityController [0x6f60603, P1] onBusEvent(AppTransitionFinishedEvent)
02-06 00:38:12.258 14062 14062 D EventBus: [14062, u0] onBusEvent(AppTransitionFinishedEvent) duration: 7 microseconds, avg: 368
02-06 00:38:12.258 14062 14062 D EventBus: [14062, u0] send(AppTransitionFinishedEvent)
02-06 00:38:12.258 14062 14062 D EventBus: [14062, u0]  -> ForcedResizableInfoActivityController [0x6f60603, P1] onBusEvent(AppTransitionFinishedEvent)
02-06 00:38:12.258 14062 14062 D EventBus: [14062, u0] onBusEvent(AppTransitionFinishedEvent) duration: 7 microseconds, avg: 368
02-06 00:38:12.263 23557 28716 D PMonitor:  onForegroundActivitiesChanged:pid = 16064,activity-uid=1000,foregroundActivities=false
02-06 00:38:12.263  2279  2279 D Launcher.Lifecycle: onResume:UserHandle{0},5377ed5,true
02-06 00:38:12.264  1574  6017 I VideoToolBoxService: splitMode: onfalse
02-06 00:38:12.264  1574  6017 I VideoToolBoxService: not support vtb. skipExit : false
02-06 00:38:12.264  2279  2583 I RenderThread: RenderThread resumed
02-06 00:38:12.264  2279  2583 I RenderThread: All controllers paused.
02-06 00:38:12.264  2279  2583 I RenderThread: RenderThread paused, waiting for signal
02-06 00:38:12.267   864   864 I ConfigStore: android::hardware::configstore::V1_0::ISurfaceFlingerConfigs::hasHDRDisplay retrieved: 0
02-06 00:38:12.268  2279  2421 D StatusBarController: handleMessage: flag 800000  disable false
02-06 00:38:12.268   864   864 I ConfigStore: android::hardware::configstore::V1_0::ISurfaceFlingerConfigs::hasHDRDisplay retrieved: 0
02-06 00:38:12.270  1827  1928 V UiModeManager: switch night mode to 2
02-06 00:38:12.280 16064 16064 V ActivityThread: handleTrimMemory:com.miui.securitycenter
02-06 00:38:12.282  1827  1896 D com.android.server.pm.PackageManagerServiceInjector: Package verify start
02-06 00:38:12.268   864   864 I ConfigStore: android::hardware::configstore::V1_0::ISurfaceFlingerConfigs::hasHDRDisplay retrieved: 0
02-06 00:38:12.282 16064 16064 E WindowManager: 
02-06 00:38:12.282 16064 16064 E WindowManager: android.view.WindowLeaked: Activity com.miui.permcenter.install.AdbInstallActivity has leaked window DecorView@72e306e[AdbInstallActivity] that was originally added here
02-06 00:38:12.282 16064 16064 E WindowManager: 	at android.view.ViewRootImpl.<init>(ViewRootImpl.java:541)
02-06 00:38:12.282 16064 16064 E WindowManager: 	at android.view.WindowManagerGlobal.addView(WindowManagerGlobal.java:346)
02-06 00:38:12.282 16064 16064 E WindowManager: 	at android.view.WindowManagerImpl.addView(WindowManagerImpl.java:94)
02-06 00:38:12.282 16064 16064 E WindowManager: 	at android.app.Dialog.show(Dialog.java:329)
02-06 00:38:12.282 16064 16064 E WindowManager: 	at miuix.appcompat.app.AlertDialog.show(Unknown Source:8)
02-06 00:38:12.282 16064 16064 E WindowManager: 	at com.miui.common.base.AlertActivity.i0(Unknown Source:4)
02-06 00:38:12.282 16064 16064 E WindowManager: 	at com.miui.permcenter.install.AdbInstallActivity.h0(Unknown Source:3)
02-06 00:38:12.282 16064 16064 E WindowManager: 	at com.miui.common.base.AlertActivity.onCreate(Unknown Source:40)
02-06 00:38:12.282 16064 16064 E WindowManager: 	at android.app.Activity.performCreate(Activity.java:7224)
02-06 00:38:12.282 16064 16064 E WindowManager: 	at android.app.Activity.performCreate(Activity.java:7213)
02-06 00:38:12.282 16064 16064 E WindowManager: 	at android.app.Instrumentation.callActivityOnCreate(Instrumentation.java:1272)
02-06 00:38:12.282 16064 16064 E WindowManager: 	at android.app.ActivityThread.performLaunchActivity(ActivityThread.java:2926)
02-06 00:38:12.282 16064 16064 E WindowManager: 	at android.app.ActivityThread.handleLaunchActivity(ActivityThread.java:3081)
02-06 00:38:12.282 16064 16064 E WindowManager: 	at android.app.servertransaction.LaunchActivityItem.execute(LaunchActivityItem.java:78)
02-06 00:38:12.282 16064 16064 E WindowManager: 	at android.app.servertransaction.TransactionExecutor.executeCallbacks(TransactionExecutor.java:108)
02-06 00:38:12.282 16064 16064 E WindowManager: 	at android.app.servertransaction.TransactionExecutor.execute(TransactionExecutor.java:68)
02-06 00:38:12.282 16064 16064 E WindowManager: 	at android.app.ActivityThread$H.handleMessage(ActivityThread.java:1831)
02-06 00:38:12.282 16064 16064 E WindowManager: 	at android.os.Handler.dispatchMessage(Handler.java:106)
02-06 00:38:12.282 16064 16064 E WindowManager: 	at android.os.Looper.loop(Looper.java:201)
02-06 00:38:12.282 16064 16064 E WindowManager: 	at android.app.ActivityThread.main(ActivityThread.java:6826)
02-06 00:38:12.282 16064 16064 E WindowManager: 	at java.lang.reflect.Method.invoke(Native Method)
02-06 00:38:12.282 16064 16064 E WindowManager: 	at com.android.internal.os.RuntimeInit$MethodAndArgsCaller.run(RuntimeInit.java:547)
02-06 00:38:12.282 16064 16064 E WindowManager: 	at com.android.internal.os.ZygoteInit.main(ZygoteInit.java:873)
02-06 00:38:12.283  1827  1845 D ActivityManager: Raise procstate to external provider: ProcessRecord{74a51e1 10280:com.google.android.gms/u999a40}
02-06 00:38:12.284  1827  1845 D CompatibilityInfo: mCompatibilityFlags - 0
02-06 00:38:12.284  1827  1845 D CompatibilityInfo: applicationDensity - 320
02-06 00:38:12.284  1827  1845 D CompatibilityInfo: applicationScale - 1.0
02-06 00:38:12.284   864   864 I ConfigStore: android::hardware::configstore::V1_0::ISurfaceFlingerConfigs::hasHDRDisplay retrieved: 0
02-06 00:38:12.284   864   864 I ConfigStore: android::hardware::configstore::V1_0::ISurfaceFlingerConfigs::hasHDRDisplay retrieved: 0
02-06 00:38:12.285  1574  1574 I VerificationReceiver: start verify install path: /data/app/vmdl887814525.tmp sessionId: -1
02-06 00:38:12.285   864   864 I ConfigStore: android::hardware::configstore::V1_0::ISurfaceFlingerConfigs::hasHDRDisplay retrieved: 0
02-06 00:38:12.286   864   864 I chatty  : uid=1000(system) /system/bin/surfaceflinger identical 2 lines
02-06 00:38:12.286   864   864 I ConfigStore: android::hardware::configstore::V1_0::ISurfaceFlingerConfigs::hasHDRDisplay retrieved: 0
02-06 00:38:12.287 14062 14062 D EventBus: [14062, u0] send(AppTransitionFinishedEvent)
02-06 00:38:12.287 14062 14062 D EventBus: [14062, u0]  -> ForcedResizableInfoActivityController [0x6f60603, P1] onBusEvent(AppTransitionFinishedEvent)
02-06 00:38:12.287 14062 14062 D EventBus: [14062, u0] onBusEvent(AppTransitionFinishedEvent) duration: 16 microseconds, avg: 368
02-06 00:38:12.289  2279  2279 D Launcher_WallpaperUtils: changeStatusBarMode:false
02-06 00:38:12.294   864  1881 W SurfaceFlinger: Attempting to destroy on removed layer: AppWindowToken{ae65a76 token=Token{1a9a911 ActivityRecord{394cd9b u0 com.miui.securitycenter/com.miui.permcenter.install.AdbInstallActivity t804}}}#0
02-06 00:38:12.299 16064 16064 I DualSimCardHelper: two sim cards inserted
02-06 00:38:12.299 16064 16064 I TelephonyUtil: getSubscriberId， slot: 0
02-06 00:38:12.299  1827  3074 D ActivityManager: Raise procstate to external provider: ProcessRecord{74a51e1 10280:com.google.android.gms/u999a40}
02-06 00:38:12.302   864   864 I ConfigStore: android::hardware::configstore::V1_0::ISurfaceFlingerConfigs::hasHDRDisplay retrieved: 0
02-06 00:38:12.303   864   864 I chatty  : uid=1000(system) /system/bin/surfaceflinger identical 2 lines
02-06 00:38:12.303   864   864 I ConfigStore: android::hardware::configstore::V1_0::ISurfaceFlingerConfigs::hasHDRDisplay retrieved: 0
02-06 00:38:12.303 23169 21665 D  GuardProvider: start parse apk : /data/app/vmdl887814525.tmp
02-06 00:38:12.305 16064 16064 I TelephonyUtil: getSubscriberId， slot: 1
02-06 00:38:12.300  1827  3074 I chatty  : uid=1000(system) Binder:1827_F identical 1 line
02-06 00:38:12.303  1827  3074 D ActivityManager: Raise procstate to external provider: ProcessRecord{74a51e1 10280:com.google.android.gms/u999a40}
02-06 00:38:12.310  1827  3074 W WindowManager: Failed looking up window callers=com.android.server.wm.WindowManagerService.windowForClientLocked:5904 com.android.server.wm.WindowManagerService.relayoutWindow:2084 com.android.server.wm.Session.relayout:244 
02-06 00:38:12.313  1827  3074 W WindowManager: Failed looking up window callers=com.android.server.wm.WindowManagerService.windowForClientLocked:5904 com.android.server.wm.WindowManagerService.removeWindow:1852 com.android.server.wm.Session.remove:226 
02-06 00:38:12.316   864   864 I ConfigStore: android::hardware::configstore::V1_0::ISurfaceFlingerConfigs::hasHDRDisplay retrieved: 0
02-06 00:38:12.319   864   864 I chatty  : uid=1000(system) /system/bin/surfaceflinger identical 4 lines
02-06 00:38:12.319   864   864 I ConfigStore: android::hardware::configstore::V1_0::ISurfaceFlingerConfigs::hasHDRDisplay retrieved: 0
02-06 00:38:12.322 10181 16061 D AdvertisingIdClient: AdvertisingIdClient already created.
02-06 00:38:12.322 10181 16061 D AdvertisingIdClient: AdvertisingIdClient is not bounded. Starting to bind it...
02-06 00:38:12.324 10181 16061 D AdvertisingIdClient: AdvertisingIdClient is bounded
02-06 00:38:12.327 14062 14062 D BluetoothController: fireStateChange
02-06 00:38:12.327 14062 14062 D PhoneStatusBarPolicy: updateBluetooth bluetoothEnabled = false bluetoothBattery visible=false
02-06 00:38:12.328 14062 14062 D QSTile.BluetoothTile: onBluetoothStateChange: enabled = false
02-06 00:38:12.328 14062 14062 I chatty  : uid=1000(system) com.android.systemui identical 1 line
02-06 00:38:12.328 14062 14062 D QSTile.BluetoothTile: onBluetoothStateChange: enabled = false
02-06 00:38:12.328 14062 14195 D QSTile.BluetoothTile: handleUpdateState: mTargetEnable = falsemController.getBluetoothState() = 10
02-06 00:38:12.329 14062 14195 I chatty  : uid=1000(system) SysUiBg identical 3 lines
02-06 00:38:12.329 14062 14195 D QSTile.BluetoothTile: handleUpdateState: mTargetEnable = falsemController.getBluetoothState() = 10
02-06 00:38:12.341 10181 16061 I AdvertisingIdClient: shouldSendLog 1265957024
02-06 00:38:12.341 10181 16061 I AdvertisingIdClient: GetInfoInternal elapse 20ms
02-06 00:38:12.353  2279  2279 D Launcher: reset shortcutMenuLayer alpha and scale
02-06 00:38:12.353  2279  2279 E Launcher: changeViewByFsGestureState,  view=ShortcutMenuLayer,  alpha=1.0,  scale=1.0
02-06 00:38:12.358  1574  2204 I VerificationReceiver: verify package /data/app/vmdl887814525.tmp, finish: true
02-06 00:38:12.358  1827  9204 D ActivityManager: Raise procstate to external provider: ProcessRecord{74a51e1 10280:com.google.android.gms/u999a40}
02-06 00:38:12.379  1827  1847 D Boost   : hostingType=service, hostingName=com.android.defcontainer/.DefaultContainerService, callerPackage=android, isSystem=true, isBoostNeeded=false.
02-06 00:38:12.380  1827  1847 I ActivityManager: Start proc 16130:com.android.defcontainer/u0a69 for service com.android.defcontainer/.DefaultContainerService caller=android
02-06 00:38:12.388 16130 16130 E id.defcontaine: Not starting debugger since process cannot load the jdwp agent.
02-06 00:38:12.399  1827  3863 D CompatibilityInfo: mCompatibilityFlags - 0
02-06 00:38:12.399  1827  3863 D CompatibilityInfo: applicationDensity - 320
02-06 00:38:12.399  1827  3863 D CompatibilityInfo: applicationScale - 1.0
02-06 00:38:12.401  1827  3863 D ActivityManager: Raise procstate to external provider: ProcessRecord{74a51e1 10280:com.google.android.gms/u999a40}
02-06 00:38:12.402  1827  3863 D CompatibilityInfo: mCompatibilityFlags - 0
02-06 00:38:12.402  1827  3863 D CompatibilityInfo: applicationDensity - 320
02-06 00:38:12.402  1827  3863 D CompatibilityInfo: applicationScale - 1.0
02-06 00:38:12.446 16130 16130 I Perf    : Connecting to perf service.
02-06 00:38:12.734  1827  1847 D Boost   : hostingType=broadcast, hostingName=com.android.vending/com.google.android.finsky.verifier.impl.PackageVerificationReceiver, callerPackage=android, isSystem=true, isBoostNeeded=false.
02-06 00:38:12.736  1827  1847 I ActivityManager: Start proc 16146:com.android.vending/u0a43 for broadcast com.android.vending/com.google.android.finsky.verifier.impl.PackageVerificationReceiver caller=android
02-06 00:38:12.742 16146 16146 E android.vendin: Not starting debugger since process cannot load the jdwp agent.
02-06 00:38:12.754  1827  3863 D CompatibilityInfo: mCompatibilityFlags - 0
02-06 00:38:12.754  1827  3863 D CompatibilityInfo: applicationDensity - 320
02-06 00:38:12.754  1827  3863 D CompatibilityInfo: applicationScale - 1.0
02-06 00:38:12.756  1827  3863 D ActivityManager: Raise procstate to external provider: ProcessRecord{74a51e1 10280:com.google.android.gms/u999a40}
02-06 00:38:12.757  1827  3863 D CompatibilityInfo: mCompatibilityFlags - 0
02-06 00:38:12.757  1827  3863 D CompatibilityInfo: applicationDensity - 320
02-06 00:38:12.757  1827  3863 D CompatibilityInfo: applicationScale - 1.0
02-06 00:38:12.850 14062 14195 D MobileSignalController: updateDataType mSelectedDataTypeIcon[1]=2131232496, mSelectedDataActivityIndex=3
02-06 00:38:12.850 14062 14195 D TelephonyIcons: getSignalStrengthIcon: slot=1, inetCondition=1, level=5, roaming=false, signalstrength=SignalStrength: 99 0 -120 -160 -120 -160 -1 99 2147483647 2147483647 2147483647 2147483647 0 2147483647 13 33 -87 gsm|lte use_rsrp_and_rssnr_for_lte_level  [-120, -115, -110, -105, -97] [-115, -105, -95, -85]
02-06 00:38:12.852 14062 14195 D TelephonyIcons: null signal icon name: drawable/stat_sys_signal_null
02-06 00:38:12.852 14062 14195 D TelephonyIcons: getDataTypeIcon sub=1
02-06 00:38:12.855 14062 14195 D MobileSignalController: updateDataType mSelectedDataTypeIcon[0]=2131232497, mSelectedDataActivityIndex=6
02-06 00:38:12.855 14062 14195 D TelephonyIcons: getSignalStrengthIcon: slot=0, inetCondition=1, level=3, roaming=false, signalstrength=SignalStrength: 99 0 -120 -160 -120 -160 -1 20 -106 -14 110 2147483647 0 2147483647 99 255 2147483647 gsm|lte use_rsrp_and_rssnr_for_lte_level  [-120, -115, -110, -105, -97] [-115, -105, -95, -85]
02-06 00:38:12.856 14062 14195 D TelephonyIcons: null signal icon name: drawable/stat_sys_signal_null
02-06 00:38:12.857 14062 14195 D TelephonyIcons: getDataTypeIcon sub=0
02-06 00:38:12.859 14062 14062 D SignalClusterView: updateMobileTypeImage  0
02-06 00:38:12.861 14062 14062 I chatty  : uid=1000(system) com.android.systemui identical 10 lines
02-06 00:38:12.861 14062 14062 D SignalClusterView: updateMobileTypeImage  0
02-06 00:38:12.884   864   864 I ConfigStore: android::hardware::configstore::V1_0::ISurfaceFlingerConfigs::hasHDRDisplay retrieved: 0
02-06 00:38:12.901   864   864 I chatty  : uid=1000(system) /system/bin/surfaceflinger identical 7 lines
02-06 00:38:12.901   864   864 I ConfigStore: android::hardware::configstore::V1_0::ISurfaceFlingerConfigs::hasHDRDisplay retrieved: 0
02-06 00:38:13.000 16146 16146 W android.vendin: JIT profile information will not be recorded: profile file does not exits.
02-06 00:38:13.000 16146 16146 W android.vendin: JIT profile information will not be recorded: profile file does not exits.
02-06 00:38:13.029 16146 16146 I Perf    : Connecting to perf service.
02-06 00:38:13.079 16146 16146 I Finsky  : [2] Process created at version: 49.9.19-23 [0] [PR] 863324324
02-06 00:38:13.166 16146 16164 I Finsky  : [66393] Finished reading experiment flags from file [0tGUNCGIkbk4o6-fQ335kUYSKwVj4lusnHT-A5Dsy08] numFlags=2126.
02-06 00:38:13.184 16146 16164 I Finsky  : [66393] Finished reading experiment flags from file [Se-xCc4LzNyh3UrKMIU2sUf-PUKz4oQEbpKZDMuaFno] numFlags=2175.
02-06 00:38:13.273 16146 16165 I Finsky  : [66394] Process started for unknown session.
02-06 00:38:13.278 16146 16167 I Finsky  : [66396] Finished reading experiment flags from file [UQteVy5iq-ncJKDhZ3rcssuGgenqJMOzFCl2w_CQcNA] numFlags=2117.
02-06 00:38:13.279 16146 16164 I Finsky  : [66393] ahwr - Registering in memory receiver for android.intent.action.PACKAGE_ADDED and android.intent.action.PACKAGE_REMOVED
02-06 00:38:13.293 16146 16167 I Finsky  : [66396] Finished reading experiment flags from file [ZubMsrGvckbjhWuhZR30urINdZxL-9A1xP2dy2WCNJA] numFlags=2184.
02-06 00:38:13.302 16146 16167 I Finsky  : [66396] Finished reading experiment flags from file [mAq2x_kQBG_SLxPlZIS7KhAPKDCVhRrTr-pzw_1wwbI] numFlags=2184.
02-06 00:38:13.313 16146 16167 I Finsky  : [66396] Finished reading experiment flags from file [xObo4uweLyt-7_kbUONjyu5GBjtWg5rzQcDD-jinLa4] numFlags=2184.
02-06 00:38:13.322 16146 16167 I Finsky  : [66396] Finished reading experiment flags from file [vMMBbNcZ_DSG2mymEwy6qxtjWrMWPbRQSh5wMGOcwJQ] numFlags=2184.
02-06 00:38:13.330 16146 16167 I Finsky  : [66396] Finished reading experiment flags from file [v5jv62xT7nk6l-SFQFgiG1vRDOWlPd337G2yDz94puE] numFlags=2184.
02-06 00:38:13.355 16146 16146 I Finsky  : [2] Profiling: Starting up (0)
02-06 00:38:13.362 16146 16146 I Finsky  : [2] AsyncInit: Mandatory tasks are executed!
02-06 00:38:13.367 16146 16146 W Settings: Setting download_manager_max_bytes_over_mobile has moved from android.provider.Settings.Secure to android.provider.Settings.Global.
02-06 00:38:13.369 16146 16146 I Finsky  : [2] SettingNotFoundException, fall through to G.downloadBytesOverMobileMaximum
02-06 00:38:13.370 16146 16146 W Settings: Setting download_manager_recommended_max_bytes_over_mobile has moved from android.provider.Settings.Secure to android.provider.Settings.Global.
02-06 00:38:13.374  1827  3862 D ActivityManager: Raise procstate to external provider: ProcessRecord{74a51e1 10280:com.google.android.gms/u999a40}
02-06 00:38:13.380 16146 16146 I Finsky  : [2] This process start was not selected for Play memory metrics collection.
02-06 00:38:13.381 16146 16164 I Finsky  : [66393] Subscription detail: DataSubscriptionInfo{groupIdLevel1=FFFFFFFF, serviceProviderName=[Qq_KnaP4Aje8Xl-zamxN3uGkuJXsIrLpd_Ng9sdZKSc], simCarrierId=1471}
02-06 00:38:13.383 16146 16165 I Finsky  : [66394] playLoggingServerUrl: https://play.googleapis.com/play/log
02-06 00:38:13.383 16146 16165 I Finsky  : [66394] playLoggingServerTimestampUrl: https://play.googleapis.com/play/log/timestamp
02-06 00:38:13.385 16146 16146 I Finsky  : [2] VerifyApps: Install-time verification requested for package com.example.f_rizzly, PackageManager id = 116, Verifier id = a228f151-53f3-47b8-8f04-0b85d9e71db3
02-06 00:38:13.411 16146 16191 D HttpFlagsLoader: Not loading HTTP flags because they are disabled in the manifest
02-06 00:38:13.412  1827  1847 D Boost   : hostingType=content provider, hostingName=com.google.android.gsf/.settings.GoogleSettingsProvider, callerPackage=com.android.vending, isSystem=true, isBoostNeeded=false.
02-06 00:38:13.413 16146 16183 I Finsky  : [66412] VerifyApps: Setup app restrictions monitor
02-06 00:38:13.414  1827  1847 I ActivityManager: Start proc 16192:com.google.process.gapps/u0a40 for content provider com.google.android.gsf/.settings.GoogleSettingsProvider caller=com.android.vending
02-06 00:38:13.415 16146 16183 I Finsky  : [66412] VerifyApps: Device wide unknown source restriction updated
02-06 00:38:13.416  1827  9204 D ConnectivityService: requestNetwork for uid/pid:10043/16146 NetworkRequest [ TRACK_DEFAULT id=11887, [ Capabilities: INTERNET&NOT_RESTRICTED&TRUSTED Unwanted:  Uid: 10043] ]
02-06 00:38:13.416  1827  1941 D WIFI    : got request NetworkRequest [ TRACK_DEFAULT id=11887, [ Capabilities: INTERNET&NOT_RESTRICTED&TRUSTED Unwanted:  Uid: 10043] ] with score 60
02-06 00:38:13.416  1827  1941 D WIFI_UT : got request NetworkRequest [ TRACK_DEFAULT id=11887, [ Capabilities: INTERNET&NOT_RESTRICTED&TRUSTED Unwanted:  Uid: 10043] ] with score 60
02-06 00:38:13.417  1827  1993 D Ethernet: got request NetworkRequest [ TRACK_DEFAULT id=11887, [ Capabilities: INTERNET&NOT_RESTRICTED&TRUSTED Unwanted:  Uid: 10043] ] with score 60
02-06 00:38:13.417 15565 15565 D PhoneSwitcherNetworkRequstListener: got request NetworkRequest [ TRACK_DEFAULT id=11887, [ Capabilities: INTERNET&NOT_RESTRICTED&TRUSTED Unwanted:  Uid: 10043] ] with score 60
02-06 00:38:13.418  2492  2492 D QcrilMsgTunnelIfaceManager: handleMessage what = 1
02-06 00:38:13.419  1827  1845 D ActivityManager: Raise procstate to external provider: ProcessRecord{74a51e1 10280:com.google.android.gms/u999a40}
02-06 00:38:13.420  2492  2492 I QcrilOemhookMsgTunnel: [0]invokeOemRilRequestRaw: serial=34664 length=24
02-06 00:38:13.420  1827  1845 D CompatibilityInfo: mCompatibilityFlags - 0
02-06 00:38:13.420  1827  1845 D CompatibilityInfo: applicationDensity - 320
02-06 00:38:13.420  1827  1845 D CompatibilityInfo: applicationScale - 1.0
02-06 00:38:13.421  2492  2521 I QcrilOemhookMsgTunnel: [0]processOemHookResponse serial no: 34664 error: 0length=0
02-06 00:38:13.421 16192 16192 E e.process.gapp: Not starting debugger since process cannot load the jdwp agent.
02-06 00:38:13.421  2492  2492 D QcrilMsgTunnelIfaceManager: handleMessage what = 2
02-06 00:38:13.423  2492  2492 D QcrilMsgTunnelIfaceManager: handleMessage what = 1
02-06 00:38:13.423  2492  2521 I QcrilOemhookMsgTunnel: [0]processOemHookIndication length=28
02-06 00:38:13.424  2492  2492 I QcrilOemhookMsgTunnel: [1]invokeOemRilRequestRaw: serial=34665 length=24
02-06 00:38:13.424  2492  2492 D QcrilMsgTunnelIfaceManager: handleMessage what = 0
02-06 00:38:13.424  2492  2521 I QcrilOemhookMsgTunnel: [1]processOemHookResponse serial no: 34665 error: 0length=0
02-06 00:38:13.425  2492  2492 D QcrilMsgTunnelIfaceManager: handleMessage what = 2
02-06 00:38:13.426  2492  2521 I QcrilOemhookMsgTunnel: [1]processOemHookIndication length=28
02-06 00:38:13.426  2492  2492 D QcrilMsgTunnelIfaceManager: handleMessage what = 0
02-06 00:38:13.435 16146 16183 I Finsky  : [66412] Enqueuing libraries load for -1450522482
02-06 00:38:13.436 16146 16181 I Finsky  : [66410] Starting libraries load for -1450522482
02-06 00:38:13.437  1827  3863 D CompatibilityInfo: mCompatibilityFlags - 0
02-06 00:38:13.437  1827  3863 D CompatibilityInfo: applicationDensity - 320
02-06 00:38:13.437  1827  3863 D CompatibilityInfo: applicationScale - 1.0
02-06 00:38:13.440  1827  3863 D ActivityManager: Raise procstate to external provider: ProcessRecord{74a51e1 10280:com.google.android.gms/u999a40}
02-06 00:38:13.455  1827  4433 D ActivityManager: Raise procstate to external provider: ProcessRecord{74a51e1 10280:com.google.android.gms/u999a40}
02-06 00:38:13.456  1827  4433 D CompatibilityInfo: mCompatibilityFlags - 0
02-06 00:38:13.456  1827  4433 D CompatibilityInfo: applicationDensity - 320
02-06 00:38:13.456  1827  4433 D CompatibilityInfo: applicationScale - 1.0
02-06 00:38:13.457 10181 10181 D BoundBrokerSvc: onBind: Intent { act=com.google.android.gms.safetynet.service.START pkg=com.google.android.gms }
02-06 00:38:13.457 10181 10181 D BoundBrokerSvc: Loading bound service for intent: Intent { act=com.google.android.gms.safetynet.service.START pkg=com.google.android.gms }
02-06 00:38:13.469 16146 16164 I Finsky  : [66393] registerListener
02-06 00:38:13.472 16146 16164 I Finsky  : [66393] DFS: Listener added for sbq@9c2fc09
02-06 00:38:13.472 16146 16164 I Finsky  : [66393] registerListener
02-06 00:38:13.483 16146 16166 I cn_CronetLibraryLoader: Cronet version: 145.0.7582.0, arch: armv7l
02-06 00:38:13.492 16192 16192 W e.process.gapp: JIT profile information will not be recorded: profile file does not exits.
02-06 00:38:13.503 16192 16192 I Perf    : Connecting to perf service.
02-06 00:38:13.554 16146 16146 I Finsky  : [2] playLoggingServerUrl: https://play.googleapis.com/play/log
02-06 00:38:13.555 16146 16146 I Finsky  : [2] playLoggingServerTimestampUrl: https://play.googleapis.com/play/log/timestamp
02-06 00:38:13.568 16192 16192 I GoogleHttpClient: GMS http client unavailable, use old client
02-06 00:38:13.611  1827  9204 D ActivityManager: Raise procstate to external provider: ProcessRecord{74a51e1 10280:com.google.android.gms/u999a40}
02-06 00:38:13.634  1827  3862 D ActivityManager: Raise procstate to external provider: ProcessRecord{74a51e1 10280:com.google.android.gms/u999a40}
02-06 00:38:13.636  1827  3862 D CompatibilityInfo: mCompatibilityFlags - 0
02-06 00:38:13.636  1827  3862 D CompatibilityInfo: applicationDensity - 320
02-06 00:38:13.636  1827  3862 D CompatibilityInfo: applicationScale - 1.0
02-06 00:38:13.637 16146 16181 I Finsky  : [66410] Loaded library for account: [O4qM6bfiAieFFiRSqnfkVtomSZa6lLqWuPZCrFIFc04]
02-06 00:38:13.637 16146 16181 I Finsky  : [66410] Loaded library for account: [By-HRvYbTGRR8O3EitWu-sEYRhaiiKYrqjg713L41D8]
02-06 00:38:13.637 16146 16181 I Finsky  : [66410] Loaded library for account: [LRmKGVQ1ft0bL83mfhqBv-uj6__UyOocaGKrbOJZ8wU]
02-06 00:38:13.637 16146 16181 I Finsky  : [66410] Loaded library for account: [Nq8t-yaJfgIW-FbhBYkT84YlYG8W0bLEfnEGdQK2MTY]
02-06 00:38:13.638 16146 16181 I Finsky  : [66410] Loaded library for account: [EEKc2X7TSQNdHfgqcbanbxNEL1MkwmflZ7lJIgKcI9A]
02-06 00:38:13.638 16146 16181 I Finsky  : [66410] Loaded library for account: [3rQQAII8bwgBHyVVSk4ezxvPWiyzGe9Xg3R6Napjvu0]
02-06 00:38:13.638 16146 16181 I Finsky  : [66410] Finished loading 6 libraries.
02-06 00:38:13.638 16146 16167 I Finsky  : [66396] ApplicationRestrictions: {}
02-06 00:38:13.646 16146 16165 I Finsky  : [66394] RECEIVER_PACKAGE_VERIFICATION#logWorkEndAndFinishGoAsync: SUCCESS
02-06 00:38:13.791 16146 16166 I Finsky  : [66395] RECEIVER_SINGLE_USER_SETTINGS#logWorkEndAndFinishGoAsync: SUCCESS
02-06 00:38:13.656  1827  3862 I chatty  : uid=1000(system) Binder:1827_11 identical 1 line
02-06 00:38:13.791  1827  3862 D ActivityManager: Raise procstate to external provider: ProcessRecord{74a51e1 10280:com.google.android.gms/u999a40}
02-06 00:38:13.792  1827  4433 D ActivityManager: Raise procstate to external provider: ProcessRecord{74a51e1 10280:com.google.android.gms/u999a40}
02-06 00:38:13.793  1827  4433 D ActivityManager: Raise procstate to external provider: ProcessRecord{74a51e1 10280:com.google.android.gms/u999a40}
02-06 00:38:13.794  1827  3863 D ActivityManager: Raise procstate to external provider: ProcessRecord{74a51e1 10280:com.google.android.gms/u999a40}
02-06 00:38:13.801  1827  4433 D ActivityManager: Raise procstate to external provider: ProcessRecord{74a51e1 10280:com.google.android.gms/u999a40}
02-06 00:38:13.823  3657 20533 W GetConfigSnapshotOp: Succeeded but not registered: com.google.android.gms.gmscompliance_client#com.android.vending [CONTEXT service_id=51 ]
02-06 00:38:13.816  1827  4433 I chatty  : uid=1000(system) Binder:1827_17 identical 1 line
02-06 00:38:13.816  1827  4433 D ActivityManager: Raise procstate to external provider: ProcessRecord{74a51e1 10280:com.google.android.gms/u999a40}
02-06 00:38:13.870  1827  3862 I ActivityManager: Process com.transsion.phoenix (pid 15498) has died: cch+4CEM 
02-06 00:38:13.871  1827  1848 W libprocessgroup: kill(-15498, 9) failed: No such process
02-06 00:38:13.871  1827  3862 D ActivityManager: Raise procstate to external provider: ProcessRecord{74a51e1 10280:com.google.android.gms/u999a40}
02-06 00:38:13.873  1827  3862 I AutoStartManagerService: MIUILOG- Reject RestartService packageName :com.transsion.phoenix uid : 10188
02-06 00:38:13.874 28034 28034 E ActivityThread: Service com.cloudview.daemon.way.service.DaemonServiceB has leaked ServiceConnection com.cloudview.daemon.way.service.DaemonServiceB@e49bc2a that was originally bound here
02-06 00:38:13.874 28034 28034 E ActivityThread: android.app.ServiceConnectionLeaked: Service com.cloudview.daemon.way.service.DaemonServiceB has leaked ServiceConnection com.cloudview.daemon.way.service.DaemonServiceB@e49bc2a that was originally bound here
02-06 00:38:13.874 28034 28034 E ActivityThread: 	at android.app.LoadedApk$ServiceDispatcher.<init>(LoadedApk.java:1618)
02-06 00:38:13.874 28034 28034 E ActivityThread: 	at android.app.LoadedApk.getServiceDispatcher(LoadedApk.java:1510)
02-06 00:38:13.874 28034 28034 E ActivityThread: 	at android.app.ContextImpl.bindServiceCommon(ContextImpl.java:1669)
02-06 00:38:13.874 28034 28034 E ActivityThread: 	at android.app.ContextImpl.bindService(ContextImpl.java:1622)
02-06 00:38:13.874 28034 28034 E ActivityThread: 	at android.content.ContextWrapper.bindService(ContextWrapper.java:708)
02-06 00:38:13.874 28034 28034 E ActivityThread: 	at pg.k.run(SourceFile:1013)
02-06 00:38:13.874 28034 28034 E ActivityThread: 	at pn.h.run(SourceFile:99)
02-06 00:38:13.874 28034 28034 E ActivityThread: 	at java.lang.Thread.run(Thread.java:764)
02-06 00:38:13.874 28034 28034 E ActivityThread: 	at com.tencent.mtt.video.internal.media.b.run(SourceFile:15)
02-06 00:38:13.874   877   877 I Zygote  : Process 15498 exited due to signal (9)
02-06 00:38:13.876  1827  1848 W libprocessgroup: kill(-15498, 9) failed: No such process
02-06 00:38:13.876  1827  1848 I libprocessgroup: Successfully killed process cgroup uid 10188 pid 15498 in 5ms
02-06 00:38:13.878  1827  3862 D ActivityManager: Raise procstate to external provider: ProcessRecord{74a51e1 10280:com.google.android.gms/u999a40}
02-06 00:38:13.879 16146 16146 I Finsky  : [2] onSubscriptionsChanged
02-06 00:38:13.880  1827  4433 D ActivityManager: Raise procstate to external provider: ProcessRecord{74a51e1 10280:com.google.android.gms/u999a40}
02-06 00:38:13.881 23557 28716 D PMonitor:  onProcessDied:pid = 15498,died-uid=10188
02-06 00:38:13.881  1827  2332 D ActivityManager: Raise procstate to external provider: ProcessRecord{74a51e1 10280:com.google.android.gms/u999a40}
02-06 00:38:13.896  1827  1847 D Boost   : hostingType=service, hostingName=com.transsion.phoenix/com.cloudview.daemon.way.service.DaemonServiceA, callerPackage=com.transsion.phoenix, isSystem=false, isBoostNeeded=false.
02-06 00:38:13.897  1827  1847 I ActivityManager: Start proc 16248:com.transsion.phoenix/u0a188 for service com.transsion.phoenix/com.cloudview.daemon.way.service.DaemonServiceA caller=com.transsion.phoenix
02-06 00:38:13.905 16248 16248 E anssion.phoeni: Not starting debugger since process cannot load the jdwp agent.
02-06 00:38:13.915  1827  3863 D CompatibilityInfo: mCompatibilityFlags - 0
02-06 00:38:13.915  1827  3863 D CompatibilityInfo: applicationDensity - 320
02-06 00:38:13.915  1827  3863 D CompatibilityInfo: applicationScale - 1.0
02-06 00:38:13.919  1827  3863 D ActivityManager: Raise procstate to external provider: ProcessRecord{74a51e1 10280:com.google.android.gms/u999a40}
02-06 00:38:13.921  1827  3863 D CompatibilityInfo: mCompatibilityFlags - 0
02-06 00:38:13.921  1827  3863 D CompatibilityInfo: applicationDensity - 320
02-06 00:38:13.921  1827  3863 D CompatibilityInfo: applicationScale - 1.0
02-06 00:38:14.005 16248 16248 W anssion.phoeni: JIT profile information will not be recorded: profile file does not exits.
02-06 00:38:14.017 16248 16248 I Perf    : Connecting to perf service.
02-06 00:38:14.031  1827  2332 I ActivityManager: Process com.miui.bugreport (pid 14965) has died: cch+4CEM 
02-06 00:38:14.031  1827  1848 W libprocessgroup: kill(-14965, 9) failed: No such process
02-06 00:38:14.031 23557 28716 D PMonitor:  onProcessDied:pid = 14965,died-uid=1000
02-06 00:38:14.034  1827  2332 D ActivityManager: Raise procstate to external provider: ProcessRecord{74a51e1 10280:com.google.android.gms/u999a40}
02-06 00:38:14.034  1827  1853 W ActivityManager: setHasOverlayUi called on unknown pid: 14965
02-06 00:38:14.036  1827  1848 W libprocessgroup: kill(-14965, 9) failed: No such process
02-06 00:38:14.042  1827  1848 W libprocessgroup: kill(-14965, 9) failed: No such process
02-06 00:38:14.046   877   877 I Zygote  : Process 14965 exited due to signal (9)
02-06 00:38:14.047  1827  1848 W libprocessgroup: kill(-14965, 9) failed: No such process
02-06 00:38:14.047  1827  1848 I libprocessgroup: Successfully killed process cgroup uid 1000 pid 14965 in 16ms
02-06 00:38:14.109 16146 16167 I Finsky  : [66396] VerifyApps: Anti-malware verification task started for package=com.example.f_rizzly
02-06 00:38:14.124  1827  2332 D ActivityManager: Raise procstate to external provider: ProcessRecord{74a51e1 10280:com.google.android.gms/u999a40}
02-06 00:38:14.140 16146 16167 E AbstractLogEventBuilder: The provided ProductIdOrigin 3 is not one of the process-level expected values: 1 or 2
02-06 00:38:14.154 16248 16286 D NetworkSecurityConfig: Using Network Security Config from resource network_security_config debugBuild: false
02-06 00:38:14.155 16248 16286 I DpmTcmClient: RegisterTcmMonitor from: $Proxy0
02-06 00:38:14.183 16146 16167 I Finsky  : [66396] Single user settings service is not running, bind it now
02-06 00:38:14.189  1827  2332 D CompatibilityInfo: mCompatibilityFlags - 0
02-06 00:38:14.189  1827  2332 D CompatibilityInfo: applicationDensity - 320
02-06 00:38:14.189  1827  2332 D CompatibilityInfo: applicationScale - 1.0
02-06 00:38:14.191 16146 16164 I Finsky  : [66393] SysUA: Disable SystemUpdateActivity, because Android is lower than Q
02-06 00:38:14.194 16146 16178 I Finsky  : [66407] SysUA: Set SystemUpdateActivity enabled state to 2
02-06 00:38:14.201 16146 16181 I Finsky  : [66410] SysCUA: Set {com.android.vending/com.google.android.finsky.systemcomponentupdateui.common.SystemComponentUpdateActivity} enabled state to 0
02-06 00:38:14.202 16146 16181 I Finsky  : [66410] Set UnhibernateActivity enabled state to 1
02-06 00:38:14.204 16146 16146 I Finsky  : [2] Single user settings service is connected
02-06 00:38:14.209 16146 16146 W Finsky  : [2] Not all users are synced, requesting all users send setting to primary phonesky
02-06 00:38:14.189  1827  2332 D ActivityManager: Raise procstate to external provider: ProcessRecord{74a51e1 10280:com.google.android.gms/u999a40}
02-06 00:38:14.211  1827  1845 D ActivityManager: Raise procstate to external provider: ProcessRecord{74a51e1 10280:com.google.android.gms/u999a40}
02-06 00:38:14.212  1827  1845 D CompatibilityInfo: mCompatibilityFlags - 0
02-06 00:38:14.212  1827  1845 D CompatibilityInfo: applicationDensity - 320
02-06 00:38:14.212  1827  1845 D CompatibilityInfo: applicationScale - 1.0
02-06 00:38:14.250 14062 14251 D MobileSignalController: onSignalStrengthsChanged: SignalStrength: 99 0 -120 -160 -120 -160 -1 99 2147483647 2147483647 2147483647 2147483647 0 2147483647 13 32 -88 gsm|lte use_rsrp_and_rssnr_for_lte_level  [-120, -115, -110, -105, -97] [-115, -105, -95, -85]
02-06 00:38:14.250 14062 14251 D NetworkController.MobileSignalController(1): 4G level = 5
02-06 00:38:14.257 16146 16214 D NetworkSecurityConfig: No Network Security Config specified, using platform default
02-06 00:38:14.299 16146 16181 E AbstractLogEventBuilder: The provided ProductIdOrigin 3 is not one of the process-level expected values: 1 or 2
02-06 00:38:14.344 16248 16301 W anssion.phoeni: Unsupported class loader
02-06 00:38:14.346 16248 16301 W anssion.phoeni: Skipping duplicate class check due to unsupported classloader
02-06 00:38:14.361 14062 14062 D SignalClusterView: updateMobileTypeImage  0
02-06 00:38:14.362 14062 14062 I chatty  : uid=1000(system) com.android.systemui identical 4 lines
02-06 00:38:14.362 14062 14062 D SignalClusterView: updateMobileTypeImage  0
02-06 00:38:14.380 16248 16301 W anssion.phoeni: Unknown chunk type '200'.
02-06 00:38:14.380 16248 16301 I chatty  : uid=10188(com.transsion.phoenix) ScionFrontendAp identical 1 line
02-06 00:38:14.380 16248 16301 W anssion.phoeni: Unknown chunk type '200'.
02-06 00:38:14.387   864   864 I ConfigStore: android::hardware::configstore::V1_0::ISurfaceFlingerConfigs::hasHDRDisplay retrieved: 0
02-06 00:38:14.405   864   864 I chatty  : uid=1000(system) /system/bin/surfaceflinger identical 7 lines
02-06 00:38:14.405   864   864 I ConfigStore: android::hardware::configstore::V1_0::ISurfaceFlingerConfigs::hasHDRDisplay retrieved: 0
02-06 00:38:14.426 16248 16301 W anssion.phoeni: Unsupported class loader
02-06 00:38:14.443  1827  3863 D ActivityManager: Raise procstate to external provider: ProcessRecord{74a51e1 10280:com.google.android.gms/u999a40}
02-06 00:38:14.446  1827  2332 D ActivityManager: Raise procstate to external provider: ProcessRecord{74a51e1 10280:com.google.android.gms/u999a40}
02-06 00:38:14.447  1827  2332 D CompatibilityInfo: mCompatibilityFlags - 0
02-06 00:38:14.447  1827  2332 D CompatibilityInfo: applicationDensity - 320
02-06 00:38:14.447  1827  2332 D CompatibilityInfo: applicationScale - 1.0
02-06 00:38:14.450  1827  3074 D ActivityManager: Raise procstate to external provider: ProcessRecord{74a51e1 10280:com.google.android.gms/u999a40}
02-06 00:38:14.454  1827  3863 D ActivityManager: Raise procstate to external provider: ProcessRecord{74a51e1 10280:com.google.android.gms/u999a40}
02-06 00:38:14.461 16248 16301 W anssion.phoeni: Skipping duplicate class check due to unsupported classloader
02-06 00:38:14.474  1827  3863 D CompatibilityInfo: mCompatibilityFlags - 0
02-06 00:38:14.474  1827  3863 D CompatibilityInfo: applicationDensity - 320
02-06 00:38:14.474  1827  3863 D CompatibilityInfo: applicationScale - 1.0
02-06 00:38:14.481 16146 16216 I cn_CronetUrlRequestContext: destroyNativeStreamLocked org.chromium.net.impl.CronetBidirectionalStream@9a51c9e
02-06 00:38:14.470  1827  3863 I chatty  : uid=1000(system) Binder:1827_12 identical 1 line
02-06 00:38:14.473  1827  3863 D ActivityManager: Raise procstate to external provider: ProcessRecord{74a51e1 10280:com.google.android.gms/u999a40}
02-06 00:38:14.494  1827  3862 D ActivityManager: Raise procstate to external provider: ProcessRecord{74a51e1 10280:com.google.android.gms/u999a40}
02-06 00:38:14.496  1827  3862 D ActivityManager: Raise procstate to external provider: ProcessRecord{74a51e1 10280:com.google.android.gms/u999a40}
02-06 00:38:14.526  1827  4426 I ActivityManager: Process com.facebook.appmanager (pid 15281) has died: cch+6CEM 
02-06 00:38:14.527  1827  1848 W libprocessgroup: kill(-15281, 9) failed: No such process
02-06 00:38:14.527   877   877 I Zygote  : Process 15281 exited due to signal (9)
02-06 00:38:14.527 23557 28716 D PMonitor:  onProcessDied:pid = 15281,died-uid=10130
02-06 00:38:14.530  1827  4426 D ActivityManager: Raise procstate to external provider: ProcessRecord{74a51e1 10280:com.google.android.gms/u999a40}
02-06 00:38:14.532  1827  1848 W libprocessgroup: kill(-15281, 9) failed: No such process
02-06 00:38:14.532  1827  1848 I libprocessgroup: Successfully killed process cgroup uid 10130 pid 15281 in 5ms
02-06 00:38:14.558  1827  4426 D ActivityManager: Raise procstate to external provider: ProcessRecord{74a51e1 10280:com.google.android.gms/u999a40}
02-06 00:38:14.571  1827  8283 D ActivityManager: Raise procstate to external provider: ProcessRecord{74a51e1 10280:com.google.android.gms/u999a40}
02-06 00:38:14.610  3657 15329 I PhenotypeResourceReader: unable to find any Phenotype resource metadata for com.transsion.phoenix
02-06 00:38:14.713 16146 16168 I Finsky  : [66397] Initializing pausers from value store.
02-06 00:38:14.713 16146 16168 I Finsky  : [66397] IQ::HLD: Callers (Pausers) in PauseUpdatesCallersValueStore: []
02-06 00:38:14.768 16248 16333 I FA      : App measurement initialized, version: 151001
02-06 00:38:14.768 16248 16333 I FA      : To enable debug logging run: adb shell setprop log.tag.FA VERBOSE
02-06 00:38:14.769 16248 16333 I FA      : To enable faster debug mode event logging run:
02-06 00:38:14.769 16248 16333 I FA      :   adb shell setprop debug.firebase.analytics.app com.transsion.phoenix
02-06 00:38:15.064 10181 16061 D AdvertisingIdClient: AdvertisingIdClient already created.
02-06 00:38:15.074 10181 16061 I AdvertisingIdClient: shouldSendLog 1265957024
02-06 00:38:15.074 10181 16061 I AdvertisingIdClient: GetInfoInternal elapse 9ms
02-06 00:38:15.233  1827  7394 D ActivityManager: Raise procstate to external provider: ProcessRecord{74a51e1 10280:com.google.android.gms/u999a40}
02-06 00:38:15.244 16146 16146 I Finsky  : [2] VerifyApps: Device wide unknown source restriction updated
02-06 00:38:15.248 16146 16165 I Finsky  : [66394] RECEIVER_SINGLE_USER_SETTINGS#logWorkEndAndFinishGoAsync: SUCCESS
02-06 00:38:15.250  1827  4426 D CompatibilityInfo: mCompatibilityFlags - 0
02-06 00:38:15.250  1827  4426 D CompatibilityInfo: applicationDensity - 320
02-06 00:38:15.250  1827  4426 D CompatibilityInfo: applicationScale - 1.0
02-06 00:38:15.248  1827  7394 D ActivityManager: Raise procstate to external provider: ProcessRecord{74a51e1 10280:com.google.android.gms/u999a40}
02-06 00:38:15.251  1827  4426 D ActivityManager: Raise procstate to external provider: ProcessRecord{74a51e1 10280:com.google.android.gms/u999a40}
