02-06 00:41:25.744  1827 10878 E NotificationService: Suppressing notification from package by user request.
02-06 00:41:27.718  1827 10878 D ActivityManager: Raise procstate to external provider: ProcessRecord{74a51e1 10280:com.google.android.gms/u999a40}
02-06 00:41:27.718  3657  3657 D BoundBrokerSvc: onUnbind: Intent { act=com.google.android.gms.libs.gmscorelogger.service.START dat=chimera-action: cmp=com.google.android.gms/.chimera.PersistentDirectBootAwareApiService }
02-06 00:41:28.093 10181 10181 D BoundBrokerSvc: onUnbind: Intent { act=com.google.android.gms.audit.service.START pkg=com.google.android.gms }
02-06 00:41:28.089  1827 10878 I chatty  : uid=1000(system) Binder:1827_20 identical 1 line
02-06 00:41:28.093  1827 10878 D ActivityManager: Raise procstate to external provider: ProcessRecord{74a51e1 10280:com.google.android.gms/u999a40}
02-06 00:41:28.148  1827  2020 D ActivityManager: Raise procstate to external provider: ProcessRecord{74a51e1 10280:com.google.android.gms/u999a40}
02-06 00:41:28.148  3657  3657 D BoundBrokerSvc: onUnbind: Intent { act=com.google.android.gms.auth.aang.events.services.START dat=chimera-action: cmp=com.google.android.gms/.chimera.PersistentApiService }
02-06 00:41:28.175  1827 10878 D ActivityManager: Raise procstate to external provider: ProcessRecord{74a51e1 10280:com.google.android.gms/u999a40}
02-06 00:41:28.839 14062 14062 I chatty  : uid=1000(system) com.android.systemui expire 32 lines
02-06 00:41:30.142  3657  3657 D BoundBrokerSvc: onRebind: Intent { act=com.google.android.gms.libs.gmscorelogger.service.START dat=chimera-action: cmp=com.google.android.gms/.chimera.PersistentDirectBootAwareApiService }
02-06 00:41:31.406 14062 14251 I chatty  : uid=1000(system) SysUiNetBg expire 12 lines
02-06 00:41:31.064  1827 10878 D ActivityManager: Raise procstate to external provider: ProcessRecord{74a51e1 10280:com.google.android.gms/u999a40}
02-06 00:41:32.049  1827  2020 D ActivityManager: Raise procstate to external provider: ProcessRecord{74a51e1 10280:com.google.android.gms/u999a40}
02-06 00:41:32.055  1827 10878 D ActivityManager: Raise procstate to external provider: ProcessRecord{74a51e1 10280:com.google.android.gms/u999a40}
02-06 00:41:32.097  1827  1842 D ActivityManager: Raise procstate to external provider: ProcessRecord{74a51e1 10280:com.google.android.gms/u999a40}
02-06 00:41:32.102  1827  2020 D ActivityManager: Raise procstate to external provider: ProcessRecord{74a51e1 10280:com.google.android.gms/u999a40}
02-06 00:41:32.143  1827  1842 D ActivityManager: Raise procstate to external provider: ProcessRecord{74a51e1 10280:com.google.android.gms/u999a40}
02-06 00:41:32.148  1827  1842 D ActivityManager: Raise procstate to external provider: ProcessRecord{74a51e1 10280:com.google.android.gms/u999a40}
02-06 00:41:32.187  1827  2020 D ActivityManager: Raise procstate to external provider: ProcessRecord{74a51e1 10280:com.google.android.gms/u999a40}
02-06 00:41:32.192  1827  2020 D ActivityManager: Raise procstate to external provider: ProcessRecord{74a51e1 10280:com.google.android.gms/u999a40}
02-06 00:41:33.117   899  1057 E storaged: getDiskStats failed with result NOT_SUPPORTED and size 0
02-06 00:41:33.843  1827  1842 D ActivityManager: Raise procstate to external provider: ProcessRecord{74a51e1 10280:com.google.android.gms/u999a40}
02-06 00:41:33.845  1827  1842 I ActivityManager: Killing 16130:com.android.defcontainer/u0a69 (adj 906): empty #17
02-06 00:41:33.875 23557 32076 D PMonitor:  onProcessDied:pid = 16130,died-uid=10069
02-06 00:41:33.876   877   877 I Zygote  : Process 16130 exited due to signal (9)
02-06 00:41:33.883  1827  5865 D ActivityManager: Raise procstate to external provider: ProcessRecord{74a51e1 10280:com.google.android.gms/u999a40}
02-06 00:41:33.886   864   864 I chatty  : uid=1000(system) /system/bin/surfaceflinger expire 34 lines
02-06 00:41:34.523  1827  2020 D ActivityManager: Raise procstate to external provider: ProcessRecord{74a51e1 10280:com.google.android.gms/u999a40}
02-06 00:41:36.475  1827  1845 D ActivityManager: Raise procstate to external provider: ProcessRecord{74a51e1 10280:com.google.android.gms/u999a40}
02-06 00:41:36.479  1827  1846 D ActivityManager: Raise procstate to external provider: ProcessRecord{74a51e1 10280:com.google.android.gms/u999a40}
02-06 00:41:36.489  1827  2020 D ActivityManager: Raise procstate to external provider: ProcessRecord{74a51e1 10280:com.google.android.gms/u999a40}
02-06 00:41:37.072 22170 22202 D PowerCheckerService: onBatteryChanged, mBatteryLevel = 100, status = 2, level = 100, plug = 2, scale = 100
02-06 00:41:37.076  1574  1574 I chatty  : uid=1000(system) com.miui.securitycenter.remote expire 10 lines
02-06 00:41:37.083   552  2129 E IzatSvc_PassiveLocListener: Exiting with error onLocationChanged line 154 "1"
02-06 00:41:37.083   552  2129 V LocSvc_HIDL_IzatProvider: [onLocationChanged][71] [HS] =>>>> [HC]
02-06 00:41:37.668 16146 16187 I Finsky  : [66416] AIM: AppInfoManager-Perf > Destroying AppInfoManager ...
02-06 00:41:36.492  1827  2020 I chatty  : uid=1000(system) Binder:1827_3 identical 1 line
02-06 00:41:40.702  1827  2020 D ActivityManager: Raise procstate to external provider: ProcessRecord{74a51e1 10280:com.google.android.gms/u999a40}
02-06 00:41:40.722  1827  5865 D ActivityManager: Raise procstate to external provider: ProcessRecord{74a51e1 10280:com.google.android.gms/u999a40}
02-06 00:41:42.964  3657 20533 I FusedLocation: (REDACTED) location delivery to %s blocked - too close
02-06 00:41:42.970  3657 20533 I FusedLocation: (REDACTED) location delivery to %s blocked - too fast
02-06 00:41:42.975  3657 20533 I FusedLocation: (REDACTED) location delivery to %s blocked - too close
02-06 00:41:43.042  3657  3657 D BoundBrokerSvc: onRebind: Intent { act=com.google.android.gms.auth.aang.events.services.START dat=chimera-action: cmp=com.google.android.gms/.chimera.PersistentApiService }
02-06 00:41:43.072 10181 10181 D BoundBrokerSvc: onBind: Intent { act=com.google.android.gms.semanticlocationhistory.zeroparty.service.START dat=chimera-action: cmp=com.google.android.gms/.chimera.GmsApiService }
02-06 00:41:43.072 10181 10181 D BoundBrokerSvc: Loading bound service for intent: Intent { act=com.google.android.gms.semanticlocationhistory.zeroparty.service.START dat=chimera-action: cmp=com.google.android.gms/.chimera.GmsApiService }
02-06 00:41:43.100  3657 17413 E AuthPII : [RequestTokenManager] getToken() -> BAD_AUTHENTICATION. App: com.google.android.gms, Service: oauth2:https://www.googleapis.com/auth/webhistory
02-06 00:41:43.100  3657 17413 E AuthPII : bclg: Long live credential not available.
02-06 00:41:43.100  3657 17413 E AuthPII : 	at adrp.a(:com.google.android.gms@260235009@26.02.35 (100300-862924022):1351)
02-06 00:41:43.100  3657 17413 E AuthPII : 	at adrw.b(:com.google.android.gms@260235009@26.02.35 (100300-862924022):26)
02-06 00:41:43.100  3657 17413 E AuthPII : 	at adru.a(:com.google.android.gms@260235009@26.02.35 (100300-862924022):764)
02-06 00:41:43.100  3657 17413 E AuthPII : 	at adrt.b(:com.google.android.gms@260235009@26.02.35 (100300-862924022):142)
02-06 00:41:43.100  3657 17413 E AuthPII : 	at xiz.d(:com.google.android.gms@260235009@26.02.35 (100300-862924022):656)
02-06 00:41:43.100  3657 17413 E AuthPII : 	at acuu.a(:com.google.android.gms@260235009@26.02.35 (100300-862924022):33)
02-06 00:41:43.100  3657 17413 E AuthPII : 	at acva.m(:com.google.android.gms@260235009@26.02.35 (100300-862924022):34)
02-06 00:41:43.100  3657 17413 E AuthPII : 	at acva.o(:com.google.android.gms@260235009@26.02.35 (100300-862924022):64)
02-06 00:41:43.100  3657 17413 E AuthPII : 	at acva.h(:com.google.android.gms@260235009@26.02.35 (100300-862924022):4)
02-06 00:41:43.100  3657 17413 E AuthPII : 	at adjz.d(:com.google.android.gms@260235009@26.02.35 (100300-862924022):42)
02-06 00:41:43.100  3657 17413 E AuthPII : 	at adjz.b(:com.google.android.gms@260235009@26.02.35 (100300-862924022):6)
02-06 00:41:43.100  3657 17413 E AuthPII : 	at duue.a(:com.google.android.gms@260235009@26.02.35 (100300-862924022):26)
02-06 00:41:43.100  3657 17413 E AuthPII : 	at dutn.a(:com.google.android.gms@260235009@26.02.35 (100300-862924022):59)
02-06 00:41:43.100  3657 17413 E AuthPII : 	at fryg.d(:com.google.android.gms@260235009@26.02.35 (100300-862924022):3)
02-06 00:41:43.100  3657 17413 E AuthPII : 	at fryi.run(:com.google.android.gms@260235009@26.02.35 (100300-862924022):38)
02-06 00:41:43.100  3657 17413 E AuthPII : 	at frzu.execute(:com.google.android.gms@260235009@26.02.35 (100300-862924022):1)
02-06 00:41:43.100  3657 17413 E AuthPII : 	at fsbc.hA(:com.google.android.gms@260235009@26.02.35 (100300-862924022):6)
02-06 00:41:43.100  3657 17413 E AuthPII : 	at fsai.hA(:com.google.android.gms@260235009@26.02.35 (100300-862924022):3)
02-06 00:41:43.100  3657 17413 E AuthPII : 	at fryi.g(:com.google.android.gms@260235009@26.02.35 (100300-862924022):10)
02-06 00:41:43.100  3657 17413 E AuthPII : 	at dutm.a(:com.google.android.gms@260235009@26.02.35 (100300-862924022):20)
02-06 00:41:43.100  3657 17413 E AuthPII : 	at fsab.a(:com.google.android.gms@260235009@26.02.35 (100300-862924022):20)
02-06 00:41:43.100  3657 17413 E AuthPII : 	at fscf.a(:com.google.android.gms@260235009@26.02.35 (100300-862924022):3)
02-06 00:41:43.100  3657 17413 E AuthPII : 	at fsbg.run(:com.google.android.gms@260235009@26.02.35 (100300-862924022):19)
02-06 00:41:43.100  3657 17413 E AuthPII : 	at fsch.run(:com.google.android.gms@260235009@26.02.35 (100300-862924022):5)
02-06 00:41:43.100  3657 17413 E AuthPII : 	at fsad.run(:com.google.android.gms@260235009@26.02.35 (100300-862924022):53)
02-06 00:41:43.100  3657 17413 E AuthPII : 	at frzu.execute(:com.google.android.gms@260235009@26.02.35 (100300-862924022):1)
02-06 00:41:43.100  3657 17413 E AuthPII : 	at fsad.execute(:com.google.android.gms@260235009@26.02.35 (100300-862924022):76)
02-06 00:41:43.100  3657 17413 E AuthPII : 	at frxv.f(:com.google.android.gms@260235009@26.02.35 (100300-862924022):1)
02-06 00:41:43.100  3657 17413 E AuthPII : 	at frxv.hA(:com.google.android.gms@260235009@26.02.35 (100300-862924022):41)
02-06 00:41:43.100  3657 17413 E AuthPII : 	at fsaf.b(:com.google.android.gms@260235009@26.02.35 (100300-862924022):33)
02-06 00:41:43.100  3657 17413 E AuthPII : 	at dutv.a(:com.google.android.gms@260235009@26.02.35 (100300-862924022):10)
02-06 00:41:43.100  3657 17413 E AuthPII : 	at dusv.a(:com.google.android.gms@260235009@26.02.35 (100300-862924022):3)
02-06 00:41:43.100  3657 17413 E AuthPII : 	at duro.c(:com.google.android.gms@260235009@26.02.35 (100300-862924022):9)
02-06 00:41:43.100  3657 17413 E AuthPII : 	at dusl.b(:com.google.android.gms@260235009@26.02.35 (100300-862924022):81)
02-06 00:41:43.100  3657 17413 E AuthPII : 	at durb.b(:com.google.android.gms@260235009@26.02.35 (100300-862924022):614)
02-06 00:41:43.100  3657 17413 E AuthPII : 	at duqt.n(:com.google.android.gms@260235009@26.02.35 (100300-862924022):357)
02-06 00:41:43.100  3657 17413 E AuthPII : 	at duqt.l(:com.google.android.gms@260235009@26.02.35 (100300-862924022):159)
02-06 00:41:43.100  3657 17413 E AuthPII : 	at duqt.p(:com.google.android.gms@260235009@26.02.35 (100300-862924022):50)
02-06 00:41:43.100  3657 17413 E AuthPII : 	at duqt.d(:com.google.android.gms@260235009@26.02.35 (100300-862924022):1452)
02-06 00:41:43.100  3657 17413 E AuthPII : 	at duql.jK(:com.google.android.gms@260235009@26.02.35 (100300-862924022):9)
02-06 00:41:43.100  3657 17413 E AuthPII : 	at fsan.run(:com.google.android.gms@260235009@26.02.35 (100300-862924022):29)
02-06 00:41:43.100  3657 17413 E AuthPII : 	at bdrn.c(:com.google.android.gms@260235009@26.02.35 (100300-862924022):50)
02-06 00:41:43.100  3657 17413 E AuthPII : 	at bdrn.run(:com.google.android.gms@260235009@26.02.35 (100300-862924022):92)
02-06 00:41:43.100  3657 17413 E AuthPII : 	at java.util.concurrent.ThreadPoolExecutor.runWorker(ThreadPoolExecutor.java:1167)
02-06 00:41:43.100  3657 17413 E AuthPII : 	at java.util.concurrent.ThreadPoolExecutor$Worker.run(ThreadPoolExecutor.java:641)
02-06 00:41:43.100  3657 17413 E AuthPII : 	at bdxe.run(:com.google.android.gms@260235009@26.02.35 (100300-862924022):8)
02-06 00:41:43.100  3657 17413 E AuthPII : 	at java.lang.Thread.run(Thread.java:764)
02-06 00:41:43.101  3657 17413 E AuthPII : Message is Long live credential not available.
02-06 00:41:43.101  3657 17413 E AuthPII : bclg: Long live credential not available.
02-06 00:41:43.101  3657 17413 E AuthPII : 	at adrp.a(:com.google.android.gms@260235009@26.02.35 (100300-862924022):1351)
02-06 00:41:43.101  3657 17413 E AuthPII : 	at adrw.b(:com.google.android.gms@260235009@26.02.35 (100300-862924022):26)
02-06 00:41:43.101  3657 17413 E AuthPII : 	at adru.a(:com.google.android.gms@260235009@26.02.35 (100300-862924022):764)
02-06 00:41:43.101  3657 17413 E AuthPII : 	at adrt.b(:com.google.android.gms@260235009@26.02.35 (100300-862924022):142)
02-06 00:41:43.101  3657 17413 E AuthPII : 	at xiz.d(:com.google.android.gms@260235009@26.02.35 (100300-862924022):656)
02-06 00:41:43.101  3657 17413 E AuthPII : 	at acuu.a(:com.google.android.gms@260235009@26.02.35 (100300-862924022):33)
02-06 00:41:43.101  3657 17413 E AuthPII : 	at acva.m(:com.google.android.gms@260235009@26.02.35 (100300-862924022):34)
02-06 00:41:43.101  3657 17413 E AuthPII : 	at acva.o(:com.google.android.gms@260235009@26.02.35 (100300-862924022):64)
02-06 00:41:43.101  3657 17413 E AuthPII : 	at acva.h(:com.google.android.gms@260235009@26.02.35 (100300-862924022):4)
02-06 00:41:43.101  3657 17413 E AuthPII : 	at adjz.d(:com.google.android.gms@260235009@26.02.35 (100300-862924022):42)
02-06 00:41:43.101  3657 17413 E AuthPII : 	at adjz.b(:com.google.android.gms@260235009@26.02.35 (100300-862924022):6)
02-06 00:41:43.101  3657 17413 E AuthPII : 	at duue.a(:com.google.android.gms@260235009@26.02.35 (100300-862924022):26)
02-06 00:41:43.101  3657 17413 E AuthPII : 	at dutn.a(:com.google.android.gms@260235009@26.02.35 (100300-862924022):59)
02-06 00:41:43.101  3657 17413 E AuthPII : 	at fryg.d(:com.google.android.gms@260235009@26.02.35 (100300-862924022):3)
02-06 00:41:43.101  3657 17413 E AuthPII : 	at fryi.run(:com.google.android.gms@260235009@26.02.35 (100300-862924022):38)
02-06 00:41:43.101  3657 17413 E AuthPII : 	at frzu.execute(:com.google.android.gms@260235009@26.02.35 (100300-862924022):1)
02-06 00:41:43.101  3657 17413 E AuthPII : 	at fsbc.hA(:com.google.android.gms@260235009@26.02.35 (100300-862924022):6)
02-06 00:41:43.101  3657 17413 E AuthPII : 	at fsai.hA(:com.google.android.gms@260235009@26.02.35 (100300-862924022):3)
02-06 00:41:43.101  3657 17413 E AuthPII : 	at fryi.g(:com.google.android.gms@260235009@26.02.35 (100300-862924022):10)
02-06 00:41:43.101  3657 17413 E AuthPII : 	at dutm.a(:com.google.android.gms@260235009@26.02.35 (100300-862924022):20)
02-06 00:41:43.101  3657 17413 E AuthPII : 	at fsab.a(:com.google.android.gms@260235009@26.02.35 (100300-862924022):20)
02-06 00:41:43.101  3657 17413 E AuthPII : 	at fscf.a(:com.google.android.gms@260235009@26.02.35 (100300-862924022):3)
02-06 00:41:43.101  3657 17413 E AuthPII : 	at fsbg.run(:com.google.android.gms@260235009@26.02.35 (100300-862924022):19)
02-06 00:41:43.101  3657 17413 E AuthPII : 	at fsch.run(:com.google.android.gms@260235009@26.02.35 (100300-862924022):5)
02-06 00:41:43.101  3657 17413 E AuthPII : 	at fsad.run(:com.google.android.gms@260235009@26.02.35 (100300-862924022):53)
02-06 00:41:43.101  3657 17413 E AuthPII : 	at frzu.execute(:com.google.android.gms@260235009@26.02.35 (100300-862924022):1)
02-06 00:41:43.101  3657 17413 E AuthPII : 	at fsad.execute(:com.google.android.gms@260235009@26.02.35 (100300-862924022):76)
02-06 00:41:43.101  3657 17413 E AuthPII : 	at frxv.f(:com.google.android.gms@260235009@26.02.35 (100300-862924022):1)
02-06 00:41:43.101  3657 17413 E AuthPII : 	at frxv.hA(:com.google.android.gms@260235009@26.02.35 (100300-862924022):41)
02-06 00:41:43.101  3657 17413 E AuthPII : 	at fsaf.b(:com.google.android.gms@260235009@26.02.35 (100300-862924022):33)
02-06 00:41:43.101  3657 17413 E AuthPII : 	at dutv.a(:com.google.android.gms@260235009@26.02.35 (100300-862924022):10)
02-06 00:41:43.101  3657 17413 E AuthPII : 	at dusv.a(:com.google.android.gms@260235009@26.02.35 (100300-862924022):3)
02-06 00:41:43.101  3657 17413 E AuthPII : 	at duro.c(:com.google.android.gms@260235009@26.02.35 (100300-862924022):9)
02-06 00:41:43.101  3657 17413 E AuthPII : 	at dusl.b(:com.google.android.gms@260235009@26.02.35 (100300-862924022):81)
02-06 00:41:43.101  3657 17413 E AuthPII : 	at durb.b(:com.google.android.gms@260235009@26.02.35 (100300-862924022):614)
02-06 00:41:43.101  3657 17413 E AuthPII : 	at duqt.n(:com.google.android.gms@260235009@26.02.35 (100300-862924022):357)
02-06 00:41:43.101  3657 17413 E AuthPII : 	at duqt.l(:com.google.android.gms@260235009@26.02.35 (100300-862924022):159)
02-06 00:41:43.101  3657 17413 E AuthPII : 	at duqt.p(:com.google.android.gms@260235009@26.02.35 (100300-862924022):50)
02-06 00:41:43.101  3657 17413 E AuthPII : 	at duqt.d(:com.google.android.gms@260235009@26.02.35 (100300-862924022):1452)
02-06 00:41:43.101  3657 17413 E AuthPII : 	at duql.jK(:com.google.android.gms@260235009@26.02.35 (100300-862924022):9)
02-06 00:41:43.101  3657 17413 E AuthPII : 	at fsan.run(:com.google.android.gms@260235009@26.02.35 (100300-862924022):29)
02-06 00:41:43.101  3657 17413 E AuthPII : 	at bdrn.c(:com.google.android.gms@260235009@26.02.35 (100300-862924022):50)
02-06 00:41:43.101  3657 17413 E AuthPII : 	at bdrn.run(:com.google.android.gms@260235009@26.02.35 (100300-862924022):92)
02-06 00:41:43.101  3657 17413 E AuthPII : 	at java.util.concurrent.ThreadPoolExecutor.runWorker(ThreadPoolExecutor.java:1167)
02-06 00:41:43.101  3657 17413 E AuthPII : 	at java.util.concurrent.ThreadPoolExecutor$Worker.run(ThreadPoolExecutor.java:641)
02-06 00:41:43.101  3657 17413 E AuthPII : 	at bdxe.run(:com.google.android.gms@260235009@26.02.35 (100300-862924022):8)
02-06 00:41:43.101  3657 17413 E AuthPII : 	at java.lang.Thread.run(Thread.java:764)
02-06 00:41:43.067  1827  5865 I chatty  : uid=1000(system) Binder:1827_1A identical 1 line
02-06 00:41:43.079  1827  5865 D ActivityManager: Raise procstate to external provider: ProcessRecord{74a51e1 10280:com.google.android.gms/u999a40}
02-06 00:41:43.107  1827  2020 D ActivityManager: Raise procstate to external provider: ProcessRecord{74a51e1 10280:com.google.android.gms/u999a40}
02-06 00:41:43.108  1827  2020 I chatty  : uid=1000(system) Binder:1827_3 expire 9 lines
02-06 00:41:43.119  3657 17413 I Auth    : (REDACTED) [GetToken] GetToken failed for app=%s with userRecoverable status: %s 
02-06 00:41:43.114  1827  2020 D ActivityManager: Raise procstate to external provider: ProcessRecord{74a51e1 10280:com.google.android.gms/u999a40}
02-06 00:41:43.119  1827  5865 D ActivityManager: Raise procstate to external provider: ProcessRecord{74a51e1 10280:com.google.android.gms/u999a40}
02-06 00:41:43.120  3657 17413 W Auth    : [ChimeraGetToken] exception while trying to fetch auth tokens for app=com.google.android.gsf, scope=oauth2:https://www.googleapis.com/auth/webhistory [CONTEXT service_id=153 ]
02-06 00:41:43.120  3657 17413 W Auth    : adro: GetToken failed with status code and recovery intent: BadAuthentication
02-06 00:41:43.120  3657 17413 W Auth    : 	at adrt.b(:com.google.android.gms@260235009@26.02.35 (100300-862924022):338)
02-06 00:41:43.120  3657 17413 W Auth    : 	at xiz.d(:com.google.android.gms@260235009@26.02.35 (100300-862924022):656)
02-06 00:41:43.120  3657 17413 W Auth    : 	at acuu.a(:com.google.android.gms@260235009@26.02.35 (100300-862924022):33)
02-06 00:41:43.120  3657 17413 W Auth    : 	at acva.m(:com.google.android.gms@260235009@26.02.35 (100300-862924022):34)
02-06 00:41:43.120  3657 17413 W Auth    : 	at acva.o(:com.google.android.gms@260235009@26.02.35 (100300-862924022):64)
02-06 00:41:43.120  3657 17413 W Auth    : 	at acva.h(:com.google.android.gms@260235009@26.02.35 (100300-862924022):4)
02-06 00:41:43.120  3657 17413 W Auth    : 	at adjz.d(:com.google.android.gms@260235009@26.02.35 (100300-862924022):42)
02-06 00:41:43.120  3657 17413 W Auth    : 	at adjz.b(:com.google.android.gms@260235009@26.02.35 (100300-862924022):6)
02-06 00:41:43.120  3657 17413 W Auth    : 	at duue.a(:com.google.android.gms@260235009@26.02.35 (100300-862924022):26)
02-06 00:41:43.120  3657 17413 W Auth    : 	at dutn.a(:com.google.android.gms@260235009@26.02.35 (100300-862924022):59)
02-06 00:41:43.120  3657 17413 W Auth    : 	at fryg.d(:com.google.android.gms@260235009@26.02.35 (100300-862924022):3)
02-06 00:41:43.120  3657 17413 W Auth    : 	at fryi.run(:com.google.android.gms@260235009@26.02.35 (100300-862924022):38)
02-06 00:41:43.120  3657 17413 W Auth    : 	at frzu.execute(:com.google.android.gms@260235009@26.02.35 (100300-862924022):1)
02-06 00:41:43.120  3657 17413 W Auth    : 	at fsbc.hA(:com.google.android.gms@260235009@26.02.35 (100300-862924022):6)
02-06 00:41:43.120  3657 17413 W Auth    : 	at fsai.hA(:com.google.android.gms@260235009@26.02.35 (100300-862924022):3)
02-06 00:41:43.120  3657 17413 W Auth    : 	at fryi.g(:com.google.android.gms@260235009@26.02.35 (100300-862924022):10)
02-06 00:41:43.120  3657 17413 W Auth    : 	at dutm.a(:com.google.android.gms@260235009@26.02.35 (100300-862924022):20)
02-06 00:41:43.120  3657 17413 W Auth    : 	at fsab.a(:com.google.android.gms@260235009@26.02.35 (100300-862924022):20)
02-06 00:41:43.120  3657 17413 W Auth    : 	at fscf.a(:com.google.android.gms@260235009@26.02.35 (100300-862924022):3)
02-06 00:41:43.120  3657 17413 W Auth    : 	at fsbg.run(:com.google.android.gms@260235009@26.02.35 (100300-862924022):19)
02-06 00:41:43.120  3657 17413 W Auth    : 	at fsch.run(:com.google.android.gms@260235009@26.02.35 (100300-862924022):5)
02-06 00:41:43.120  3657 17413 W Auth    : 	at fsad.run(:com.google.android.gms@260235009@26.02.35 (100300-862924022):53)
02-06 00:41:43.120  3657 17413 W Auth    : 	at frzu.execute(:com.google.android.gms@260235009@26.02.35 (100300-862924022):1)
02-06 00:41:43.120  3657 17413 W Auth    : 	at fsad.execute(:com.google.android.gms@260235009@26.02.35 (100300-862924022):76)
02-06 00:41:43.120  3657 17413 W Auth    : 	at frxv.f(:com.google.android.gms@260235009@26.02.35 (100300-862924022):1)
02-06 00:41:43.120  3657 17413 W Auth    : 	at frxv.hA(:com.google.android.gms@260235009@26.02.35 (100300-862924022):41)
02-06 00:41:43.120  3657 17413 W Auth    : 	at fsaf.b(:com.google.android.gms@260235009@26.02.35 (100300-862924022):33)
02-06 00:41:43.120  3657 17413 W Auth    : 	at dutv.a(:com.google.android.gms@260235009@26.02.35 (100300-862924022):10)
02-06 00:41:43.120  3657 17413 W Auth    : 	at dusv.a(:com.google.android.gms@260235009@26.02.35 (100300-862924022):3)
02-06 00:41:43.120  3657 17413 W Auth    : 	at duro.c(:com.google.android.gms@260235009@26.02.35 (100300-862924022):9)
02-06 00:41:43.120  3657 17413 W Auth    : 	at dusl.b(:com.google.android.gms@260235009@26.02.35 (100300-862924022):81)
02-06 00:41:43.120  3657 17413 W Auth    : 	at durb.b(:com.google.android.gms@260235009@26.02.35 (100300-862924022):614)
02-06 00:41:43.120  3657 17413 W Auth    : 	at duqt.n(:com.google.android.gms@260235009@26.02.35 (100300-862924022):357)
02-06 00:41:43.120  3657 17413 W Auth    : 	at duqt.l(:com.google.android.gms@260235009@26.02.35 (100300-862924022):159)
02-06 00:41:43.120  3657 17413 W Auth    : 	at duqt.p(:com.google.android.gms@260235009@26.02.35 (100300-862924022):50)
02-06 00:41:43.120  3657 17413 W Auth    : 	at duqt.d(:com.google.android.gms@260235009@26.02.35 (100300-862924022):1452)
02-06 00:41:43.120  3657 17413 W Auth    : 	at duql.jK(:com.google.android.gms@260235009@26.02.35 (100300-862924022):9)
02-06 00:41:43.120  3657 17413 W Auth    : 	at fsan.run(:com.google.android.gms@260235009@26.02.35 (100300-862924022):29)
02-06 00:41:43.120  3657 17413 W Auth    : 	at bdrn.c(:com.google.android.gms@260235009@26.02.35 (100300-862924022):50)
02-06 00:41:43.120  3657 17413 W Auth    : 	at bdrn.run(:com.google.android.gms@260235009@26.02.35 (100300-862924022):92)
02-06 00:41:43.120  3657 17413 W Auth    : 	at java.util.concurrent.ThreadPoolExecutor.runWorker(ThreadPoolExecutor.java:1167)
02-06 00:41:43.120  3657 17413 W Auth    : 	at java.util.concurrent.ThreadPoolExecutor$Worker.run(ThreadPoolExecutor.java:641)
02-06 00:41:43.120  3657 17413 W Auth    : 	at bdxe.run(:com.google.android.gms@260235009@26.02.35 (100300-862924022):8)
02-06 00:41:43.120  3657 17413 W Auth    : 	at java.lang.Thread.run(Thread.java:764)
02-06 00:41:43.121  3657 17413 W Auth    : [GoogleAuthUtil] [GoogleAuthUtil] error status:BAD_AUTHENTICATION with method:getTokenWithDetails
02-06 00:41:43.124  3657 17413 W SemanticLocation: [GellerSyncMgr] getToken fails - recoverable auth exception [CONTEXT service_id=173 ]
02-06 00:41:43.124  3657 17413 W SemanticLocation: com.google.android.gms.auth.UserRecoverableAuthException: BadAuthentication
02-06 00:41:43.124  3657 17413 W SemanticLocation: 	at acva.l(:com.google.android.gms@260235009@26.02.35 (100300-862924022):38)
02-06 00:41:43.124  3657 17413 W SemanticLocation: 	at acuu.a(:com.google.android.gms@260235009@26.02.35 (100300-862924022):122)
02-06 00:41:43.124  3657 17413 W SemanticLocation: 	at acva.m(:com.google.android.gms@260235009@26.02.35 (100300-862924022):34)
02-06 00:41:43.124  3657 17413 W SemanticLocation: 	at acva.o(:com.google.android.gms@260235009@26.02.35 (100300-862924022):64)
02-06 00:41:43.124  3657 17413 W SemanticLocation: 	at acva.h(:com.google.android.gms@260235009@26.02.35 (100300-862924022):4)
02-06 00:41:43.124  3657 17413 W SemanticLocation: 	at adjz.d(:com.google.android.gms@260235009@26.02.35 (100300-862924022):42)
02-06 00:41:43.124  3657 17413 W SemanticLocation: 	at adjz.b(:com.google.android.gms@260235009@26.02.35 (100300-862924022):6)
02-06 00:41:43.124  3657 17413 W SemanticLocation: 	at duue.a(:com.google.android.gms@260235009@26.02.35 (100300-862924022):26)
02-06 00:41:43.124  3657 17413 W SemanticLocation: 	at dutn.a(:com.google.android.gms@260235009@26.02.35 (100300-862924022):59)
02-06 00:41:43.124  3657 17413 W SemanticLocation: 	at fryg.d(:com.google.android.gms@260235009@26.02.35 (100300-862924022):3)
02-06 00:41:43.124  3657 17413 W SemanticLocation: 	at fryi.run(:com.google.android.gms@260235009@26.02.35 (100300-862924022):38)
02-06 00:41:43.124  3657 17413 W SemanticLocation: 	at frzu.execute(:com.google.android.gms@260235009@26.02.35 (100300-862924022):1)
02-06 00:41:43.124  3657 17413 W SemanticLocation: 	at fsbc.hA(:com.google.android.gms@260235009@26.02.35 (100300-862924022):6)
02-06 00:41:43.124  3657 17413 W SemanticLocation: 	at fsai.hA(:com.google.android.gms@260235009@26.02.35 (100300-862924022):3)
02-06 00:41:43.124  3657 17413 W SemanticLocation: 	at fryi.g(:com.google.android.gms@260235009@26.02.35 (100300-862924022):10)
02-06 00:41:43.124  3657 17413 W SemanticLocation: 	at dutm.a(:com.google.android.gms@260235009@26.02.35 (100300-862924022):20)
02-06 00:41:43.124  3657 17413 W SemanticLocation: 	at fsab.a(:com.google.android.gms@260235009@26.02.35 (100300-862924022):20)
02-06 00:41:43.124  3657 17413 W SemanticLocation: 	at fscf.a(:com.google.android.gms@260235009@26.02.35 (100300-862924022):3)
02-06 00:41:43.124  3657 17413 W SemanticLocation: 	at fsbg.run(:com.google.android.gms@260235009@26.02.35 (100300-862924022):19)
02-06 00:41:43.124  3657 17413 W SemanticLocation: 	at fsch.run(:com.google.android.gms@260235009@26.02.35 (100300-862924022):5)
02-06 00:41:43.124  3657 17413 W SemanticLocation: 	at fsad.run(:com.google.android.gms@260235009@26.02.35 (100300-862924022):53)
02-06 00:41:43.124  3657 17413 W SemanticLocation: 	at frzu.execute(:com.google.android.gms@260235009@26.02.35 (100300-862924022):1)
02-06 00:41:43.124  3657 17413 W SemanticLocation: 	at fsad.execute(:com.google.android.gms@260235009@26.02.35 (100300-862924022):76)
02-06 00:41:43.124  3657 17413 W SemanticLocation: 	at frxv.f(:com.google.android.gms@260235009@26.02.35 (100300-862924022):1)
02-06 00:41:43.124  3657 17413 W SemanticLocation: 	at frxv.hA(:com.google.android.gms@260235009@26.02.35 (100300-862924022):41)
02-06 00:41:43.124  3657 17413 W SemanticLocation: 	at fsaf.b(:com.google.android.gms@260235009@26.02.35 (100300-862924022):33)
02-06 00:41:43.124  3657 17413 W SemanticLocation: 	at dutv.a(:com.google.android.gms@260235009@26.02.35 (100300-862924022):10)
02-06 00:41:43.124  3657 17413 W SemanticLocation: 	at dusv.a(:com.google.android.gms@260235009@26.02.35 (100300-862924022):3)
02-06 00:41:43.124  3657 17413 W SemanticLocation: 	at duro.c(:com.google.android.gms@260235009@26.02.35 (100300-862924022):9)
02-06 00:41:43.124  3657 17413 W SemanticLocation: 	at dusl.b(:com.google.android.gms@260235009@26.02.35 (100300-862924022):81)
02-06 00:41:43.124  3657 17413 W SemanticLocation: 	at durb.b(:com.google.android.gms@260235009@26.02.35 (100300-862924022):614)
02-06 00:41:43.124  3657 17413 W SemanticLocation: 	at duqt.n(:com.google.android.gms@260235009@26.02.35 (100300-862924022):357)
02-06 00:41:43.124  3657 17413 W SemanticLocation: 	at duqt.l(:com.google.android.gms@260235009@26.02.35 (100300-862924022):159)
02-06 00:41:43.124  3657 17413 W SemanticLocation: 	at duqt.p(:com.google.android.gms@260235009@26.02.35 (100300-862924022):50)
02-06 00:41:43.124  3657 17413 W SemanticLocation: 	at duqt.d(:com.google.android.gms@260235009@26.02.35 (100300-862924022):1452)
02-06 00:41:43.124  3657 17413 W SemanticLocation: 	at duql.jK(:com.google.android.gms@260235009@26.02.35 (100300-862924022):9)
02-06 00:41:43.124  3657 17413 W SemanticLocation: 	at fsan.run(:com.google.android.gms@260235009@26.02.35 (100300-862924022):29)
02-06 00:41:43.124  3657 17413 W SemanticLocation: 	at bdrn.c(:com.google.android.gms@260235009@26.02.35 (100300-862924022):50)
02-06 00:41:43.124  3657 17413 W SemanticLocation: 	at bdrn.run(:com.google.android.gms@260235009@26.02.35 (100300-862924022):92)
02-06 00:41:43.124  3657 17413 W SemanticLocation: 	at java.util.concurrent.ThreadPoolExecutor.runWorker(ThreadPoolExecutor.java:1167)
02-06 00:41:43.124  3657 17413 W SemanticLocation: 	at java.util.concurrent.ThreadPoolExecutor$Worker.run(ThreadPoolExecutor.java:641)
02-06 00:41:43.124  3657 17413 W SemanticLocation: 	at bdxe.run(:com.google.android.gms@260235009@26.02.35 (100300-862924022):8)
02-06 00:41:43.124  3657 17413 W SemanticLocation: 	at java.lang.Thread.run(Thread.java:764)
02-06 00:41:43.188  3657 17413 I TFLite-in-PlayServices: Created interpreter.
02-06 00:41:43.227  3657 17413 I TFLite-in-PlayServices: Created interpreter.
02-06 00:41:43.252  3657 17413 I SemanticLocation: (REDACTED) [Inferrer] %s%s
02-06 00:41:44.574  3657 17434 I AlarmManager: setExactAndAllowWhileIdle [name: GCM_HB_ALARM type: 2 triggerAtMillis: 1268172819]
02-06 00:41:44.583  1827  1842 D ActivityManager: Raise procstate to external provider: ProcessRecord{74a51e1 10280:com.google.android.gms/u999a40}
02-06 00:41:44.600  3657 17419 W ChimeraUtils: Module com.google.android.gms.gcm missing resource null(0)
02-06 00:41:44.611  3657 17419 I AlarmManager: setExactAndAllowWhileIdle [name: FcmRetry type: 2 triggerAtMillis: 1267632854]
02-06 00:41:44.584  1827  1842 D ActivityManager: Raise procstate to external provider: ProcessRecord{74a51e1 10280:com.google.android.gms/u999a40}
02-06 00:41:44.617  1827  1845 D ActivityManager: Raise procstate to external provider: ProcessRecord{74a51e1 10280:com.google.android.gms/u999a40}
02-06 00:41:44.625  1827  5865 D ActivityManager: Raise procstate to external provider: ProcessRecord{74a51e1 10280:com.google.android.gms/u999a40}
02-06 00:41:44.630  1827  1842 D ActivityManager: Raise procstate to external provider: ProcessRecord{74a51e1 10280:com.google.android.gms/u999a40}
02-06 00:41:44.640  1827  5865 D ActivityManager: Raise procstate to external provider: ProcessRecord{74a51e1 10280:com.google.android.gms/u999a40}
02-06 00:41:44.642  1827  2020 D ActivityManager: Raise procstate to external provider: ProcessRecord{74a51e1 10280:com.google.android.gms/u999a40}
02-06 00:41:44.645  1827  2020 D ActivityManager: Raise procstate to external provider: ProcessRecord{74a51e1 10280:com.google.android.gms/u999a40}
02-06 00:41:44.692  1827  5865 E NotificationService: Suppressing notification from package by user request.
02-06 00:41:44.882 14062 14062 I chatty  : uid=1000(system) com.android.systemui expire 58 lines
02-06 00:41:44.915   864   864 I chatty  : uid=1000(system) /system/bin/surfaceflinger expire 101 lines
02-06 00:41:48.031  1827  5865 D ActivityManager: Raise procstate to external provider: ProcessRecord{74a51e1 10280:com.google.android.gms/u999a40}
02-06 00:41:48.033  1827  5865 I chatty  : uid=1000(system) Binder:1827_1A expire 16 lines
02-06 00:41:48.124  1827  1842 D ActivityManager: Raise procstate to external provider: ProcessRecord{74a51e1 10280:com.google.android.gms/u999a40}
02-06 00:41:48.503 14062 14195 I chatty  : uid=1000(system) SysUiBg expire 11 lines
02-06 00:41:48.513  1827  1842 I InstallationStatistic: beginInstallSession: 2034383213
02-06 00:41:49.299 14062 14251 I chatty  : uid=1000(system) SysUiNetBg expire 10 lines
02-06 00:41:50.118 25721 25721 E WakePathManager: caller not found!
02-06 00:41:50.118 25721 25721 E WakePathManager: android.content.pm.PackageManager$NameNotFoundException: pm
02-06 00:41:50.118 25721 25721 E WakePathManager: 	at android.app.ApplicationPackageManager.getPackageInfoAsUser(ApplicationPackageManager.java:184)
02-06 00:41:50.118 25721 25721 E WakePathManager: 	at com.miui.authmanager.wakepath.WakePathManager.sendWakePathPermissionRecord(Unknown Source:22)
02-06 00:41:50.118 25721 25721 E WakePathManager: 	at com.miui.authmanager.wakepath.WakePathManager.access$500(Unknown Source:0)
02-06 00:41:50.118 25721 25721 E WakePathManager: 	at com.miui.authmanager.wakepath.WakePathManager$1.handleMessage(Unknown Source:31)
02-06 00:41:50.118 25721 25721 E WakePathManager: 	at android.os.Handler.dispatchMessage(Handler.java:106)
02-06 00:41:50.118 25721 25721 E WakePathManager: 	at android.os.Looper.loop(Looper.java:201)
02-06 00:41:50.118 25721 25721 E WakePathManager: 	at android.app.ActivityThread.main(ActivityThread.java:6826)
02-06 00:41:50.118 25721 25721 E WakePathManager: 	at java.lang.reflect.Method.invoke(Native Method)
02-06 00:41:50.118 25721 25721 E WakePathManager: 	at com.android.internal.os.RuntimeInit$MethodAndArgsCaller.run(RuntimeInit.java:547)
02-06 00:41:50.118 25721 25721 E WakePathManager: 	at com.android.internal.os.ZygoteInit.main(ZygoteInit.java:873)
02-06 00:41:50.124  7058 17445 D AndroidUtils: MCC MNC = 60302
02-06 00:41:50.134  7058 17445 E AD-PLUGIN-SplashController: Get miui intent sender : android
02-06 00:41:50.135  1827  2020 W ActivityManager: Permission Denial: getStackInfo() from pid=7058, uid=10088 requires android.permission.MANAGE_ACTIVITY_STACKS
02-06 00:41:50.136  1574  6017 I chatty  : uid=1000(system) Binder:1574_E expire 15 lines
02-06 00:41:50.161  7058 17445 W System.err: java.lang.reflect.InvocationTargetException
02-06 00:41:50.176  7058 17445 W System.err: 	at java.lang.reflect.Method.invoke(Native Method)
02-06 00:41:50.176  7058 17445 W System.err: 	at d.c.a.b.f.b.a(ActivityManagerCompat.java:16)
02-06 00:41:50.176  7058 17445 W System.err: 	at d.c.a.b.d.d.t(SplashController.java:50)
02-06 00:41:50.176  7058 17445 W System.err: 	at com.miui.systemAdSolution.splashscreen.SplashScreenService$1$1.call(SplashScreenService.java:2)
02-06 00:41:50.176  7058 17445 W System.err: 	at com.miui.systemAdSolution.splashscreen.SplashScreenService$1$1.call(SplashScreenService.java:1)
02-06 00:41:50.176  7058 17445 W System.err: 	at java.util.concurrent.FutureTask.run(FutureTask.java:266)
02-06 00:41:50.176  7058 17445 W System.err: 	at java.util.concurrent.ThreadPoolExecutor.runWorker(ThreadPoolExecutor.java:1167)
02-06 00:41:50.176  7058 17445 W System.err: 	at java.util.concurrent.ThreadPoolExecutor$Worker.run(ThreadPoolExecutor.java:641)
02-06 00:41:50.176  7058 17445 W System.err: 	at java.lang.Thread.run(Thread.java:764)
02-06 00:41:50.176  7058 17445 W System.err: Caused by: java.lang.SecurityException: Permission Denial: getStackInfo() from pid=7058, uid=10088 requires android.permission.MANAGE_ACTIVITY_STACKS
02-06 00:41:50.176  7058 17445 W System.err: 	at android.os.Parcel.createException(Parcel.java:1953)
02-06 00:41:50.176  7058 17445 W System.err: 	at android.os.Parcel.readException(Parcel.java:1921)
02-06 00:41:50.176  7058 17445 W System.err: 	at android.os.Parcel.readException(Parcel.java:1871)
02-06 00:41:50.176  7058 17445 W System.err: 	at android.app.IActivityManager$Stub$Proxy.getStackInfo(IActivityManager.java:7232)
02-06 00:41:50.176  7058 17445 W System.err: 	... 9 more
02-06 00:41:50.176  7058 17445 W System.err: Caused by: android.os.RemoteException: Remote stack trace:
02-06 00:41:50.176  7058 17445 W System.err: 	at com.android.server.am.ActivityManagerService.enforceCallingPermission(ActivityManagerService.java:9532)
02-06 00:41:50.176  7058 17445 W System.err: 	at com.android.server.am.ActivityManagerService.enforceCallerIsRecentsOrHasPermission(ActivityManagerService.java:9554)
02-06 00:41:50.176  7058 17445 W System.err: 	at com.android.server.am.ActivityManagerService.getStackInfo(ActivityManagerService.java:12056)
02-06 00:41:50.176  7058 17445 W System.err: 	at android.app.IActivityManager$Stub.onTransact(IActivityManager.java:1990)
02-06 00:41:50.176  7058 17445 W System.err: 	at com.android.server.am.ActivityManagerService.onTransact(ActivityManagerService.java:3366)
02-06 00:41:50.181  7058  7095 D AndroidUtils: MCC MNC = 60302
02-06 00:41:50.216  1827  2020 W DropBoxManagerService: Dropping: keymaster (53 > 0 bytes)
02-06 00:41:50.218  1827  1845 W BroadcastQueue: Background execution not allowed: receiving Intent { act=android.intent.action.DROPBOX_ENTRY_ADDED flg=0x10 (has extras) } to com.google.android.gms/.stats.service.DropBoxEntryAddedReceiver
02-06 00:41:50.219  1827  1845 D ActivityManager: Raise procstate to external provider: ProcessRecord{74a51e1 10280:com.google.android.gms/u999a40}
02-06 00:41:50.222  1827  2020 D ActivityManager: Raise procstate to external provider: ProcessRecord{74a51e1 10280:com.google.android.gms/u999a40}
02-06 00:41:50.226 10181 10181 D BoundBrokerSvc: onBind: Intent { act=com.google.android.gms.measurement.START pkg=com.google.android.gms }
02-06 00:41:50.226 10181 10181 D BoundBrokerSvc: Loading bound service for intent: Intent { act=com.google.android.gms.measurement.START pkg=com.google.android.gms }
02-06 00:41:50.242  1827  2020 W DropBoxManagerService: Dropping: keymaster (53 > 0 bytes)
02-06 00:41:50.244  1827  1845 W BroadcastQueue: Background execution not allowed: receiving Intent { act=android.intent.action.DROPBOX_ENTRY_ADDED flg=0x10 (has extras) } to com.google.android.gms/.stats.service.DropBoxEntryAddedReceiver
02-06 00:41:50.244  1827  1845 D ActivityManager: Raise procstate to external provider: ProcessRecord{74a51e1 10280:com.google.android.gms/u999a40}
02-06 00:41:50.261  1827  2020 W DropBoxManagerService: Dropping: keymaster (53 > 0 bytes)
02-06 00:41:50.263  1827  1845 W BroadcastQueue: Background execution not allowed: receiving Intent { act=android.intent.action.DROPBOX_ENTRY_ADDED flg=0x10 (has extras) } to com.google.android.gms/.stats.service.DropBoxEntryAddedReceiver
02-06 00:41:50.263  1827  1845 D ActivityManager: Raise procstate to external provider: ProcessRecord{74a51e1 10280:com.google.android.gms/u999a40}
02-06 00:41:50.283  1827  2020 W DropBoxManagerService: Dropping: keymaster (53 > 0 bytes)
02-06 00:41:50.284  1827  1845 W BroadcastQueue: Background execution not allowed: receiving Intent { act=android.intent.action.DROPBOX_ENTRY_ADDED flg=0x10 (has extras) } to com.google.android.gms/.stats.service.DropBoxEntryAddedReceiver
02-06 00:41:50.285  1827  1845 D ActivityManager: Raise procstate to external provider: ProcessRecord{74a51e1 10280:com.google.android.gms/u999a40}
02-06 00:41:50.298  1827  2020 W DropBoxManagerService: Dropping: keymaster (53 > 0 bytes)
02-06 00:41:50.300  1827  1845 W BroadcastQueue: Background execution not allowed: receiving Intent { act=android.intent.action.DROPBOX_ENTRY_ADDED flg=0x10 (has extras) } to com.google.android.gms/.stats.service.DropBoxEntryAddedReceiver
02-06 00:41:50.300  1827  1845 D ActivityManager: Raise procstate to external provider: ProcessRecord{74a51e1 10280:com.google.android.gms/u999a40}
02-06 00:41:50.314  1827  2020 W DropBoxManagerService: Dropping: keymaster (53 > 0 bytes)
02-06 00:41:50.316  1827  1845 W BroadcastQueue: Background execution not allowed: receiving Intent { act=android.intent.action.DROPBOX_ENTRY_ADDED flg=0x10 (has extras) } to com.google.android.gms/.stats.service.DropBoxEntryAddedReceiver
02-06 00:41:50.316  1827  1845 D ActivityManager: Raise procstate to external provider: ProcessRecord{74a51e1 10280:com.google.android.gms/u999a40}
02-06 00:41:50.321  1827  1896 I ActivityManager: START u0 {act=android.intent.action.VIEW dat=file:///data/app/vmdl2034383213.tmp typ=application/vnd.android.package-archive flg=0x18000000 cmp=com.miui.securitycenter/com.miui.permcenter.install.AdbInstallActivity (has extras)} from uid 1000
02-06 00:41:50.324   554   626 E ANDR-PERF-MPCTL: Invalid profile no. 0, total profiles 0 only
02-06 00:41:50.335  1827  1896 I chatty  : uid=1000(system) PackageInstalle expire 4 lines
02-06 00:41:50.348  3657  3657 D BoundBrokerSvc: onRebind: Intent { act=com.google.android.gms.presencemanager.service.START dat=chimera-action: cmp=com.google.android.gms/.chimera.PersistentApiService }
02-06 00:41:50.350  3657  3657 D BoundBrokerSvc: onRebind: Intent { act=com.google.android.gms.presencemanager.service.INTERNAL_IDENTITY dat=chimera-action: cmp=com.google.android.gms/.chimera.PersistentApiService }
02-06 00:41:50.360  1827  1847 D Boost   : hostingType=activity, hostingName=com.miui.securitycenter/com.miui.permcenter.install.AdbInstallActivity, callerPackage=pm, isSystem=true, isBoostNeeded=false.
02-06 00:41:50.362  1827  1847 I ActivityManager: Start proc 17462:com.miui.securitycenter/1000 for activity com.miui.securitycenter/com.miui.permcenter.install.AdbInstallActivity caller=pm
02-06 00:41:50.368  3657 17413 I NetworkScheduler: (REDACTED) Error inserting %s
02-06 00:41:50.372 17462 17462 E .securitycente: Not starting debugger since process cannot load the jdwp agent.
02-06 00:41:50.391  1827  5865 D ActivityManager: Raise procstate to external provider: ProcessRecord{74a51e1 10280:com.google.android.gms/u999a40}
02-06 00:41:50.394  9311  9324 I GST     : forePkg: com.miui.securitycenter, preForePkg: com.miui.bugreport
02-06 00:41:50.399  1827  1897 I Timeline: Timeline: App_transition_ready time:269466156
02-06 00:41:50.399 23557 32076 D PMonitor:  onForegroundActivitiesChanged:pid = 17462,activity-uid=1000,foregroundActivities=true
02-06 00:41:50.474 17462 17462 W .securitycenter: type=1400 audit(0.0:268068): avc: denied { write } for name="com.miui.securitycenter-WgIuXTqaRkF3iMUTOPF9vg==" dev="dm-2" ino=2491437 scontext=u:r:system_app:s0 tcontext=u:object_r:apk_data_file:s0 tclass=dir permissive=0
02-06 00:41:50.474 17462 17462 W .securitycenter: type=1400 audit(0.0:268069): avc: denied { write } for name="com.miui.securitycenter-WgIuXTqaRkF3iMUTOPF9vg==" dev="dm-2" ino=2491437 scontext=u:r:system_app:s0 tcontext=u:object_r:apk_data_file:s0 tclass=dir permissive=0
02-06 00:41:50.620 17462 17462 I Perf    : Connecting to perf service.
02-06 00:41:50.711 17462 17462 W ComponentDiscovery: Class com.google.firebase.dynamicloading.DynamicLoadingRegistrar is not an found.
02-06 00:41:50.731 17462 17462 I FirebaseApp: Device unlocked: initializing all Firebase APIs for app [DEFAULT]
02-06 00:41:50.744 17462 17462 I FirebaseCrashlytics: Initializing Firebase Crashlytics 17.4.1
02-06 00:41:50.746 17462 17479 W .securitycente: Unsupported class loader
02-06 00:41:50.748 17462 17479 W .securitycente: Skipping duplicate class check due to unsupported classloader
02-06 00:41:50.750 17462 17479 I DynamiteModule: Considering local module com.google.android.gms.measurement.dynamite:48 and remote module com.google.android.gms.measurement.dynamite:175
02-06 00:41:50.750 17462 17479 I DynamiteModule: Selected remote version of com.google.android.gms.measurement.dynamite, version >= 175
02-06 00:41:50.750 17462 17479 V DynamiteModule: Dynamite loader version >= 2, using loadModule2NoCrashUtils
02-06 00:41:50.765 17462 17479 W .securitycente: Unknown chunk type '200'.
02-06 00:41:50.765 17462 17479 I chatty  : uid=1000(system) com.miui.securitycenter identical 2 lines
02-06 00:41:50.784 17462 17462 I chatty  : uid=1000(system) com.miui.securitycenter expire 1 line
02-06 00:41:50.793 17462 17479 I chatty  : uid=1000(system) com.miui.securitycenter expire 2 lines
02-06 00:41:50.818 17462 17462 I SCBaseApplication: onCreate: setUseDeprecatedDensityLogic true
02-06 00:41:50.823 17462 17462 D AutoDensity: autodensity debugEnable = 
02-06 00:41:50.827 17462 17462 D AutoDensity: getAccessibilityDpi Exception: android.provider.Settings$SettingNotFoundException: display_density_forced
02-06 00:41:50.877 17462 17510 D miuisdk : current sdk level is 23
02-06 00:41:50.905 17462 17510 I DualSimCardHelper: two sim cards inserted
02-06 00:41:50.906 17462 17510 I TelephonyUtil: getSubscriberId slot: 0
02-06 00:41:50.908 17462 17510 I SimUserInfo: mina create SimUserInfo
02-06 00:41:50.912 17462 17510 I TelephonyUtil: getSubscriberId slot: 1
02-06 00:41:50.914 17462 17510 I SimUserInfo: mina create SimUserInfo
02-06 00:41:50.931 17462 17501 I .securitycente: The ClassLoaderContext is a special shared library.
02-06 00:41:50.933 17462 17462 D SmoothCornerHelper: this device is not support system smooth corner
02-06 00:41:50.937 17462 17503 I FA      : App measurement initialized, version: 151001
02-06 00:41:50.938 17462 17503 I FA      : To enable debug logging run: adb shell setprop log.tag.FA VERBOSE
02-06 00:41:50.938 17462 17503 I FA      : To enable faster debug mode event logging run:
02-06 00:41:50.938 17462 17503 I FA      :   adb shell setprop debug.firebase.analytics.app com.miui.securitycenter
02-06 00:41:50.950 17462 17462 E DeviceInfo: isAboveOS2Version fail: java.lang.NumberFormatException: For input string: ""
02-06 00:41:50.964 17462 17501 D FBAudienceNetwork: SDK dex loading time: 158
02-06 00:41:50.977 17462 17462 E DeviceUtils: static init(): Load Class Exception:java.lang.ClassNotFoundException: Didn't find class "com.miui.performance.DeviceLevelUtils" on path: DexPathList[[zip file "/system/framework/MiuiBooster.jar"],nativeLibraryDirectories=[/system/lib, /vendor/lib]]
02-06 00:41:50.984 17462 17462 E DeviceUtils: static init(): Load MiuiMiddle Class Exception:java.lang.NullPointerException: Attempt to invoke virtual method 'java.lang.reflect.Method java.lang.Class.getDeclaredMethod(java.lang.String, java.lang.Class[])' on a null object reference
02-06 00:41:50.984 17462 17462 E DeviceUtils: static init(): MiuiBooster is not in this rom
02-06 00:41:50.985 17462 17462 E DeviceUtils: getPerf DeviceUtils(): newInstance Exception:java.lang.Exception: getAppContext fail
02-06 00:41:50.985 17462 17462 W System.err: java.lang.Exception: getAppContext fail
02-06 00:41:50.985 17462 17462 W System.err: 	at ol.a.w(Unknown Source:31)
02-06 00:41:50.985 17462 17462 W System.err: 	at ol.a.u(Unknown Source:8)
02-06 00:41:50.985 17462 17462 W System.err: 	at ol.a.H(Unknown Source:0)
02-06 00:41:50.985 17462 17462 W System.err: 	at xl.f.a(Unknown Source:16)
02-06 00:41:50.985 17462 17462 W System.err: 	at miuix.appcompat.app.AlertController$AlertParams.<init>(Unknown Source:29)
02-06 00:41:50.985 17462 17462 W System.err: 	at miuix.appcompat.app.AlertDialog$Builder.<init>(Unknown Source:14)
02-06 00:41:50.985 17462 17462 W System.err: 	at com.miui.common.base.AlertActivity.onCreate(Unknown Source:19)
02-06 00:41:50.985 17462 17462 W System.err: 	at android.app.Activity.performCreate(Activity.java:7224)
02-06 00:41:50.985 17462 17462 W System.err: 	at android.app.Activity.performCreate(Activity.java:7213)
02-06 00:41:50.985 17462 17462 W System.err: 	at android.app.Instrumentation.callActivityOnCreate(Instrumentation.java:1272)
02-06 00:41:50.985 17462 17462 W System.err: 	at android.app.ActivityThread.performLaunchActivity(ActivityThread.java:2926)
02-06 00:41:50.985 17462 17462 W System.err: 	at android.app.ActivityThread.handleLaunchActivity(ActivityThread.java:3081)
02-06 00:41:50.985 17462 17462 W System.err: 	at android.app.servertransaction.LaunchActivityItem.execute(LaunchActivityItem.java:78)
02-06 00:41:50.985 17462 17462 W System.err: 	at android.app.servertransaction.TransactionExecutor.executeCallbacks(TransactionExecutor.java:108)
02-06 00:41:50.986 17462 17462 W System.err: 	at android.app.servertransaction.TransactionExecutor.execute(TransactionExecutor.java:68)
02-06 00:41:50.986 17462 17462 W System.err: 	at android.app.ActivityThread$H.handleMessage(ActivityThread.java:1831)
02-06 00:41:50.986 17462 17462 W System.err: 	at android.os.Handler.dispatchMessage(Handler.java:106)
02-06 00:41:50.986 17462 17462 W System.err: 	at android.os.Looper.loop(Looper.java:201)
02-06 00:41:50.986 17462 17462 W System.err: 	at android.app.ActivityThread.main(ActivityThread.java:6826)
02-06 00:41:50.986 17462 17462 W System.err: 	at java.lang.reflect.Method.invoke(Native Method)
02-06 00:41:50.986 17462 17462 W System.err: 	at com.android.internal.os.RuntimeInit$MethodAndArgsCaller.run(RuntimeInit.java:547)
02-06 00:41:50.986 17462 17462 W System.err: 	at com.android.internal.os.ZygoteInit.main(ZygoteInit.java:873)
