02-06 00:47:42.869  1827  2318 D ActivityManager: Raise procstate to external provider: ProcessRecord{74a51e1 10280:com.google.android.gms/u999a40}
02-06 00:47:42.871  1827  2318 D ActivityManager: Raise procstate to external provider: ProcessRecord{74a51e1 10280:com.google.android.gms/u999a40}
02-06 00:47:42.873  1827  4433 D ActivityManager: Raise procstate to external provider: ProcessRecord{74a51e1 10280:com.google.android.gms/u999a40}
02-06 00:47:43.413  1827  4433 I chatty  : uid=1000(system) Binder:1827_17 identical 1 line
02-06 00:47:43.872  1827  4433 D ActivityManager: Raise procstate to external provider: ProcessRecord{74a51e1 10280:com.google.android.gms/u999a40}
02-06 00:47:43.960  1827  6474 D ActivityManager: Raise procstate to external provider: ProcessRecord{74a51e1 10280:com.google.android.gms/u999a40}
02-06 00:47:43.961  1827  6474 I chatty  : uid=1000(system) Binder:1827_1B identical 1 line
02-06 00:47:45.305  1827  6474 D ActivityManager: Raise procstate to external provider: ProcessRecord{74a51e1 10280:com.google.android.gms/u999a40}
02-06 00:47:45.306 16146 16146 V ActivityThread: handleTrimMemory:com.android.vending
02-06 00:47:45.307  1827  2318 D ActivityManager: Raise procstate to external provider: ProcessRecord{74a51e1 10280:com.google.android.gms/u999a40}
02-06 00:47:45.314  1827  1845 I ActivityManager: Force stopping com.example.f_rizzly appid=10379 user=-1: installPackageLI
02-06 00:47:45.315  1827  1845 D ActivityManager: Raise procstate to external provider: ProcessRecord{74a51e1 10280:com.google.android.gms/u999a40}
02-06 00:47:45.317  1827  1845 D ActivityManager: Raise procstate to external provider: ProcessRecord{74a51e1 10280:com.google.android.gms/u999a40}
02-06 00:47:45.685  1827  1844 D ActivityManager: Raise procstate to external provider: ProcessRecord{74a51e1 10280:com.google.android.gms/u999a40}
02-06 00:47:46.021  1827  1862 I PackageManager: Update package com.example.f_rizzly code path from /data/app/com.example.f_rizzly-MFxfJ-c2cJyHBiDWPBMRBQ== to /data/app/com.example.f_rizzly-3YBYtStrrv27jocs_dopbQ==; Retain data and using new
02-06 00:47:46.021  1827  1862 I PackageManager: Update package com.example.f_rizzly resource path from /data/app/com.example.f_rizzly-MFxfJ-c2cJyHBiDWPBMRBQ== to /data/app/com.example.f_rizzly-3YBYtStrrv27jocs_dopbQ==; Retain data and using new
02-06 00:47:46.487  1827  1862 D ActivityManager: Raise procstate to external provider: ProcessRecord{74a51e1 10280:com.google.android.gms/u999a40}
02-06 00:47:46.488  1827  1862 I InstallationStatistic: com.example.f_rizzly|null|21135|1964|325|936|16612|0
02-06 00:47:46.488  1827  3046 D ActivityManager: Raise procstate to external provider: ProcessRecord{74a51e1 10280:com.google.android.gms/u999a40}
02-06 00:47:46.489 17530 17530 V ActivityThread: handleTrimMemory:com.android.defcontainer
02-06 00:47:47.376  1827  1862 I ActivityManager: Force stopping com.example.f_rizzly appid=10379 user=0: pkg removed
02-06 00:47:47.376  1827  1862 I AutoStartManagerService: MIUILOG- Reject RestartService packageName :com.example.f_rizzly uid : 10379
02-06 00:47:47.377  1827  1862 D ActivityManager: Raise procstate to external provider: ProcessRecord{74a51e1 10280:com.google.android.gms/u999a40}
02-06 00:47:47.385  1827  1845 D ActivityManager: Raise procstate to external provider: ProcessRecord{74a51e1 10280:com.google.android.gms/u999a40}
02-06 00:47:47.396  1827  1845 W BroadcastQueue: Background execution not allowed: receiving Intent { act=android.intent.action.PACKAGE_REMOVED dat=package:com.example.f_rizzly flg=0x4000010 (has extras) } to com.lbe.security.miui/com.lbe.security.service.BootReceiver
02-06 00:47:47.397  1827  1827 D ActivityManager: Raise procstate to external provider: ProcessRecord{74a51e1 10280:com.google.android.gms/u999a40}
02-06 00:47:47.416  1827  1959 V LocationPolicy: ACTION_PACKAGE_ADDED for uid=10379
02-06 00:47:47.417  1827  1847 D Boost   : hostingType=service, hostingName=com.android.keychain/.KeyChainService, callerPackage=android, isSystem=true, isBoostNeeded=false.
02-06 00:47:47.421  1827  1845 D ActivityManager: Raise procstate to external provider: ProcessRecord{74a51e1 10280:com.google.android.gms/u999a40}
02-06 00:47:47.433  1827  1967 I MiuiCompatModePackages: package com.example.f_rizzly updated, removing config
02-06 00:47:47.434  1827  9204 D ActivityManager: Raise procstate to external provider: ProcessRecord{74a51e1 10280:com.google.android.gms/u999a40}
02-06 00:47:47.439  1827  1847 I ActivityManager: Start proc 18184:com.android.keychain/1000 for service com.android.keychain/.KeyChainService caller=android
02-06 00:47:47.445  1827  4433 I ActivityManager: Killing 16146:com.android.vending/u0a43 (adj 900): 92663k from cached
02-06 00:47:47.446  1827  4433 W BroadcastQueue: Background execution not allowed: receiving Intent { act=android.intent.action.PACKAGE_REMOVED dat=package:com.example.f_rizzly flg=0x4000010 (has extras) } to com.android.vending/com.google.android.finsky.packagemonitor.impl.PackageMonitorReceiverImpl$RegisteredReceiver
02-06 00:47:47.446  1827  4433 D ActivityManager: Raise procstate to external provider: ProcessRecord{74a51e1 10280:com.google.android.gms/u999a40}
02-06 00:47:47.448 18016 18016 V ActivityThread: handleTrimMemory:com.miui.screenrecorder
02-06 00:47:47.472  1827  1845 W BroadcastQueue: Background execution not allowed: receiving Intent { act=android.intent.action.PACKAGE_REMOVED dat=package:com.example.f_rizzly flg=0x4000010 (has extras) } to com.android.vending/com.google.android.finsky.packagemonitor.backgroundimpl.BackgroundPackageMonitorReceiverImpl$RegisteredReceiver
02-06 00:47:47.472  1827  1845 W BroadcastQueue: Background execution not allowed: receiving Intent { act=android.intent.action.PACKAGE_REMOVED dat=package:com.example.f_rizzly flg=0x4000010 (has extras) } to com.android.vending/com.google.android.finsky.instantapps.appmanagement.InstantAppRemoveMonitor
02-06 00:47:47.472  1827  1845 W BroadcastQueue: Background execution not allowed: receiving Intent { act=android.intent.action.PACKAGE_REMOVED dat=package:com.example.f_rizzly flg=0x4000010 (has extras) } to com.facebook.services/com.facebook.oxygen.services.fbns.RegisteredMqttSystemBroadcastReceiver
02-06 00:47:47.472  1827  1845 W BroadcastQueue: Background execution not allowed: receiving Intent { act=android.intent.action.PACKAGE_REMOVED dat=package:com.example.f_rizzly flg=0x4000010 (has extras) } to com.google.android.apps.maps/com.google.android.libraries.social.peoplekit.thirdparty.viewcontrollers.ThirdPartyReceiver
02-06 00:47:47.472  1827  1845 W BroadcastQueue: Background execution not allowed: receiving Intent { act=android.intent.action.PACKAGE_REMOVED dat=package:com.example.f_rizzly flg=0x4000010 (has extras) } to com.google.android.apps.photos/com.google.android.libraries.social.peoplekit.thirdparty.viewcontrollers.ThirdPartyReceiver
02-06 00:47:47.473  1827  1845 W BroadcastQueue: Background execution not allowed: receiving Intent { act=android.intent.action.PACKAGE_REMOVED dat=package:com.example.f_rizzly flg=0x4000010 (has extras) } to com.google.android.gms/.chimera.GmsIntentOperationService$PersistentTrustedReceiver
02-06 00:47:47.474  1827  1845 W BroadcastQueue: Background execution not allowed: receiving Intent { act=android.intent.action.PACKAGE_REMOVED dat=package:com.example.f_rizzly flg=0x4000010 (has extras) } to com.miui.audioeffect/com.android.musicfx.Compatibility$Receiver
02-06 00:47:47.474  1827  1845 W BroadcastQueue: Background execution not allowed: receiving Intent { act=android.intent.action.PACKAGE_REMOVED dat=package:com.example.f_rizzly flg=0x4000010 (has extras) } to com.xiaomi.discover/com.xiaomi.market.data.MyPackageMonitor
02-06 00:47:47.476  1827  8283 D ActivityManager: Raise procstate to external provider: ProcessRecord{74a51e1 10280:com.google.android.gms/u999a40}
02-06 00:47:47.486  1827  1845 D ActivityManager: Raise procstate to external provider: ProcessRecord{74a51e1 10280:com.google.android.gms/u999a40}
02-06 00:47:47.506  1827  1847 D Boost   : hostingType=service, hostingName=com.miui.global.packageinstaller/.service.ScanDispatchService, callerPackage=com.miui.securitycenter, isSystem=true, isBoostNeeded=false.
02-06 00:47:47.507  1827  9204 W BroadcastQueueInjector: Unable to launch app com.lbe.parallel.intl/10230 for broadcast Intent { act=android.intent.action.PACKAGE_REMOVED dat=package:com.example.f_rizzly flg=0x4000010 (has extras) }: process is not permitted to  auto start
02-06 00:47:47.508  1827  9204 D ActivityManager: Raise procstate to external provider: ProcessRecord{74a51e1 10280:com.google.android.gms/u999a40}
02-06 00:47:47.509 17609 17609 V ActivityThread: handleTrimMemory:com.xiaomi.misettings
02-06 00:47:47.511 16336 16336 V ActivityThread: handleTrimMemory:com.android.vending
02-06 00:47:47.511  1827  1847 I ActivityManager: Start proc 18202:com.miui.global.packageinstaller/u0a136 for service com.miui.global.packageinstaller/.service.ScanDispatchService caller=com.miui.securitycenter
02-06 00:47:47.521  1827  1845 D ActivityManager: Raise procstate to external provider: ProcessRecord{74a51e1 10280:com.google.android.gms/u999a40}
02-06 00:47:47.525  1827  9204 W BroadcastQueue: Background execution not allowed: receiving Intent { act=android.intent.action.PACKAGE_ADDED dat=package:com.example.f_rizzly flg=0x4000010 (has extras) } to com.lbe.security.miui/com.lbe.security.service.BootReceiver
02-06 00:47:47.526  1827  9204 D ActivityManager: Raise procstate to external provider: ProcessRecord{74a51e1 10280:com.google.android.gms/u999a40}
02-06 00:47:47.531  1827  1845 D ActivityManager: Raise procstate to external provider: ProcessRecord{74a51e1 10280:com.google.android.gms/u999a40}
02-06 00:47:47.534  1827  9204 W BroadcastQueue: Background execution not allowed: receiving Intent { act=android.intent.action.PACKAGE_ADDED dat=package:com.example.f_rizzly flg=0x4000010 (has extras) } to com.android.vending/com.google.android.finsky.packagemonitor.impl.PackageMonitorReceiverImpl$RegisteredReceiver
02-06 00:47:47.535  1827  9204 D ActivityManager: Raise procstate to external provider: ProcessRecord{74a51e1 10280:com.google.android.gms/u999a40}
02-06 00:47:47.539  1827  1845 W BroadcastQueue: Background execution not allowed: receiving Intent { act=android.intent.action.PACKAGE_ADDED dat=package:com.example.f_rizzly flg=0x4000010 (has extras) } to com.android.vending/com.google.android.finsky.packagemonitor.backgroundimpl.BackgroundPackageMonitorReceiverImpl$RegisteredReceiver
02-06 00:47:47.539  1827  1845 W BroadcastQueue: Background execution not allowed: receiving Intent { act=android.intent.action.PACKAGE_ADDED dat=package:com.example.f_rizzly flg=0x4000010 (has extras) } to com.facebook.appmanager/com.facebook.oxygen.common.packages.event.manifest.ManifestPackageEventReceiver
02-06 00:47:47.540  1827  1845 W BroadcastQueue: Background execution not allowed: receiving Intent { act=android.intent.action.PACKAGE_ADDED dat=package:com.example.f_rizzly flg=0x4000010 (has extras) } to com.google.android.gms/.gass.chimera.PackageChangeBroadcastReceiver
02-06 00:47:47.540  1827  1845 W BroadcastQueue: Background execution not allowed: receiving Intent { act=android.intent.action.PACKAGE_ADDED dat=package:com.example.f_rizzly flg=0x4000010 (has extras) } to com.google.android.gms/.chimera.GmsIntentOperationService$PersistentTrustedReceiver
02-06 00:47:47.541  1827  1845 W BroadcastQueue: Background execution not allowed: receiving Intent { act=android.intent.action.PACKAGE_ADDED dat=package:com.example.f_rizzly flg=0x4000010 (has extras) } to com.miui.audioeffect/com.android.musicfx.Compatibility$Receiver
02-06 00:47:47.542  1827  1845 W BroadcastQueue: Background execution not allowed: receiving Intent { act=android.intent.action.PACKAGE_ADDED dat=package:com.example.f_rizzly flg=0x4000010 (has extras) } to com.xiaomi.discover/com.xiaomi.market.data.MyPackageMonitor
02-06 00:47:47.542  1827  1845 D ActivityManager: Raise procstate to external provider: ProcessRecord{74a51e1 10280:com.google.android.gms/u999a40}
02-06 00:47:47.544 18016 18016 V ActivityThread: handleTrimMemory:com.miui.screenrecorder
02-06 00:47:47.548  1827  7394 W BroadcastQueueInjector: Unable to launch app com.evozi.injector/10182 for broadcast Intent { act=android.intent.action.PACKAGE_ADDED dat=package:com.example.f_rizzly flg=0x4000010 (has extras) }: process is not permitted to  auto start
02-06 00:47:47.548  1827  7394 D ActivityManager: Raise procstate to external provider: ProcessRecord{74a51e1 10280:com.google.android.gms/u999a40}
02-06 00:47:47.552 17609 17609 V ActivityThread: handleTrimMemory:com.xiaomi.misettings
02-06 00:47:47.553  1827  3037 I ActivityManager: START u0 {flg=0x10000000 cmp=com.example.f_rizzly/.MainActivity} from uid 2000
02-06 00:47:47.566  1827  6474 D ConnectivityService: ConnectivityService NetworkRequestInfo binderDied(NetworkRequest [ TRACK_DEFAULT id=11887, [ Capabilities: INTERNET&NOT_RESTRICTED&TRUSTED Unwanted:  Uid: 10043] ], android.os.BinderProxy@ac279e9)
02-06 00:47:47.575  1827  4432 D ConnectivityService: ConnectivityService NetworkRequestInfo binderDied(NetworkRequest [ LISTEN id=11888, [ Capabilities: INTERNET&NOT_RESTRICTED&TRUSTED Unwanted:  Uid: 10043] ], android.os.BinderProxy@929166e)
02-06 00:47:47.575  1827  1946 D ConnectivityService: releasing NetworkRequest [ TRACK_DEFAULT id=11887, [ Capabilities: INTERNET&NOT_RESTRICTED&TRUSTED Unwanted:  Uid: 10043] ] (release request)
02-06 00:47:47.642  1827  3862 D ActivityManager: Raise procstate to external provider: ProcessRecord{74a51e1 10280:com.google.android.gms/u999a40}
02-06 00:47:47.655  1827  4432 D ActivityManager: Raise procstate to external provider: ProcessRecord{74a51e1 10280:com.google.android.gms/u999a40}
02-06 00:47:47.665  1827  4426 D ActivityManager: Raise procstate to external provider: ProcessRecord{74a51e1 10280:com.google.android.gms/u999a40}
02-06 00:47:47.698  1827  1827 W Looper  : Slow dispatch took 265ms main h=android.app.ActivityThread$H c=android.app.-$$Lambda$LoadedApk$ReceiverDispatcher$Args$_BumDX2UKsnxLVrE6UJsJZkotuA@d51ea6 m=0
02-06 00:47:47.698  1827  1827 W Looper  : Slow delivery took 287ms main h=android.app.ActivityThread$H c=android.app.-$$Lambda$LoadedApk$ReceiverDispatcher$Args$_BumDX2UKsnxLVrE6UJsJZkotuA@478d0e7 m=0
02-06 00:47:47.703  1827  1845 W BroadcastQueueInjector: Unable to launch app com.facebook.katana/10224 for broadcast Intent { act=android.intent.action.PACKAGE_ADDED dat=package:com.example.f_rizzly flg=0x4000010 (has extras) }: process is not permitted to  auto start
02-06 00:47:47.708  1827  3861 D ActivityManager: Raise procstate to external provider: ProcessRecord{74a51e1 10280:com.google.android.gms/u999a40}
02-06 00:47:47.711  1827  1845 D ActivityManager: Raise procstate to external provider: ProcessRecord{74a51e1 10280:com.google.android.gms/u999a40}
02-06 00:47:47.723  1827  1845 D ActivityManager: Raise procstate to external provider: ProcessRecord{74a51e1 10280:com.google.android.gms/u999a40}
02-06 00:47:47.725  1827  1845 W BroadcastQueueInjector: Unable to launch app com.lbe.parallel.intl/10230 for broadcast Intent { act=android.intent.action.PACKAGE_ADDED dat=package:com.example.f_rizzly flg=0x4000010 (has extras) }: process is not permitted to  auto start
02-06 00:47:47.725  1827  1845 W BroadcastQueueInjector: Unable to launch app com.lbe.parallel.intl/10230 for broadcast Intent { act=android.intent.action.PACKAGE_ADDED dat=package:com.example.f_rizzly flg=0x4000010 (has extras) }: process is not permitted to  auto start
02-06 00:47:47.728  1827  1845 W BroadcastQueueInjector: Unable to launch app com.tlsvpn.tlstunnel/10375 for broadcast Intent { act=android.intent.action.PACKAGE_ADDED dat=package:com.example.f_rizzly flg=0x4000010 (has extras) }: process is not permitted to  auto start
02-06 00:47:47.737  1827  1847 D Boost   : hostingType=activity, hostingName=com.example.f_rizzly/.MainActivity, callerPackage=null, isSystem=true, isBoostNeeded=false.
02-06 00:47:47.739 18184 18184 V ActivityThread: handleTrimMemory:com.android.keychain
02-06 00:47:47.743  1827  1847 I ActivityManager: Start proc 18248:com.example.f_rizzly/u0a379 for activity com.example.f_rizzly/.MainActivity caller=null
02-06 00:47:47.745  1827  1845 D ActivityManager: Raise procstate to external provider: ProcessRecord{74a51e1 10280:com.google.android.gms/u999a40}
02-06 00:47:47.766  1827  4433 D ActivityManager: Raise procstate to external provider: ProcessRecord{74a51e1 10280:com.google.android.gms/u999a40}
02-06 00:47:47.781  1827  4433 D ActivityManager: Raise procstate to external provider: ProcessRecord{74a51e1 10280:com.google.android.gms/u999a40}
02-06 00:47:47.799  1827  3037 D ActivityManager: Raise procstate to external provider: ProcessRecord{74a51e1 10280:com.google.android.gms/u999a40}
02-06 00:47:47.800  1827  1847 D Boost   : hostingType=broadcast, hostingName=com.android.vending/com.google.android.finsky.packagemonitor.impl.PackageMonitorReceiverImpl$RegisteredReceiver, callerPackage=null, isSystem=true, isBoostNeeded=false.
02-06 00:47:47.803  1827  1827 I Telecom : DefaultDialerCache: Refreshing default dialer for user 0: now com.android.contacts: DDC.oR@UIk
02-06 00:47:47.803  1827  1847 I ActivityManager: Start proc 18260:com.android.vending/u0a43 for broadcast com.android.vending/com.google.android.finsky.packagemonitor.impl.PackageMonitorReceiverImpl$RegisteredReceiver caller=null
02-06 00:47:47.805  1827  1827 I Telecom : DefaultDialerCache: Refreshing default dialer for user 999: now com.android.contacts: DDC.oR@UIk
02-06 00:47:47.808 18184 18184 V ActivityThread: handleTrimMemory:com.android.keychain
02-06 00:47:47.834  1827  3037 D ActivityManager: Raise procstate to external provider: ProcessRecord{74a51e1 10280:com.google.android.gms/u999a40}
02-06 00:47:47.835  1827  1827 V BackupManagerConstants: getFullBackupIntervalMilliseconds(...) returns 86400000
02-06 00:47:47.835  1827  1827 E LoadedApk: Unable to instantiate appComponentFactory
02-06 00:47:47.835  1827  1827 E LoadedApk: java.lang.ClassNotFoundException: Didn't find class "androidx.core.app.CoreComponentFactory" on path: DexPathList[[],nativeLibraryDirectories=[/data/app/com.android.chrome-Tp5C1Yy-XVmvpcmPBbD9Iw==/lib/arm, /data/app/com.android.chrome-Tp5C1Yy-XVmvpcmPBbD9Iw==/base.apk!/lib/armeabi-v7a, /system/lib, /vendor/lib]]
02-06 00:47:47.835  1827  1827 E LoadedApk: 	at dalvik.system.BaseDexClassLoader.findClass(BaseDexClassLoader.java:134)
02-06 00:47:47.835  1827  1827 E LoadedApk: 	at java.lang.ClassLoader.loadClass(ClassLoader.java:379)
02-06 00:47:47.835  1827  1827 E LoadedApk: 	at java.lang.ClassLoader.loadClass(ClassLoader.java:312)
02-06 00:47:47.835  1827  1827 E LoadedApk: 	at android.app.LoadedApk.createAppFactory(LoadedApk.java:228)
02-06 00:47:47.835  1827  1827 E LoadedApk: 	at android.app.LoadedApk.updateApplicationInfo(LoadedApk.java:340)
02-06 00:47:47.835  1827  1827 E LoadedApk: 	at android.app.ActivityThread.handleDispatchPackageBroadcast(ActivityThread.java:5447)
02-06 00:47:47.835  1827  1827 E LoadedApk: 	at android.app.ActivityThread$H.handleMessage(ActivityThread.java:1756)
02-06 00:47:47.835  1827  1827 E LoadedApk: 	at android.os.Handler.dispatchMessage(Handler.java:106)
02-06 00:47:47.835  1827  1827 E LoadedApk: 	at android.os.Looper.loop(Looper.java:201)
02-06 00:47:47.835  1827  1827 E LoadedApk: 	at com.android.server.SystemServer.run(SystemServer.java:479)
02-06 00:47:47.835  1827  1827 E LoadedApk: 	at com.android.server.SystemServer.main(SystemServer.java:313)
02-06 00:47:47.835  1827  1827 E LoadedApk: 	at java.lang.reflect.Method.invoke(Native Method)
02-06 00:47:47.835  1827  1827 E LoadedApk: 	at com.android.internal.os.RuntimeInit$MethodAndArgsCaller.run(RuntimeInit.java:547)
02-06 00:47:47.835  1827  1827 E LoadedApk: 	at com.android.internal.os.ZygoteInit.main(ZygoteInit.java:853)
02-06 00:47:47.838  1827  1827 E LoadedApk: Unable to instantiate appComponentFactory
02-06 00:47:47.838  1827  1827 E LoadedApk: java.lang.ClassNotFoundException: Didn't find class "androidx.core.app.CoreComponentFactory" on path: DexPathList[[],nativeLibraryDirectories=[/data/app/com.android.chrome-Tp5C1Yy-XVmvpcmPBbD9Iw==/lib/arm, /data/app/com.android.chrome-Tp5C1Yy-XVmvpcmPBbD9Iw==/base.apk!/lib/armeabi-v7a, /system/lib, /vendor/lib]]
02-06 00:47:47.838  1827  1827 E LoadedApk: 	at dalvik.system.BaseDexClassLoader.findClass(BaseDexClassLoader.java:134)
02-06 00:47:47.838  1827  1827 E LoadedApk: 	at java.lang.ClassLoader.loadClass(ClassLoader.java:379)
02-06 00:47:47.838  1827  1827 E LoadedApk: 	at java.lang.ClassLoader.loadClass(ClassLoader.java:312)
02-06 00:47:47.838  1827  1827 E LoadedApk: 	at android.app.LoadedApk.createAppFactory(LoadedApk.java:228)
02-06 00:47:47.838  1827  1827 E LoadedApk: 	at android.app.LoadedApk.updateApplicationInfo(LoadedApk.java:340)
02-06 00:47:47.838  1827  1827 E LoadedApk: 	at android.app.ActivityThread.handleDispatchPackageBroadcast(ActivityThread.java:5447)
02-06 00:47:47.838  1827  1827 E LoadedApk: 	at android.app.ActivityThread$H.handleMessage(ActivityThread.java:1756)
02-06 00:47:47.838  1827  1827 E LoadedApk: 	at android.os.Handler.dispatchMessage(Handler.java:106)
02-06 00:47:47.838  1827  1827 E LoadedApk: 	at android.os.Looper.loop(Looper.java:201)
02-06 00:47:47.838  1827  1827 E LoadedApk: 	at com.android.server.SystemServer.run(SystemServer.java:479)
02-06 00:47:47.838  1827  1827 E LoadedApk: 	at com.android.server.SystemServer.main(SystemServer.java:313)
02-06 00:47:47.838  1827  1827 E LoadedApk: 	at java.lang.reflect.Method.invoke(Native Method)
02-06 00:47:47.838  1827  1827 E LoadedApk: 	at com.android.internal.os.RuntimeInit$MethodAndArgsCaller.run(RuntimeInit.java:547)
02-06 00:47:47.838  1827  1827 E LoadedApk: 	at com.android.internal.os.ZygoteInit.main(ZygoteInit.java:853)
02-06 00:47:47.843  1827  4433 D ActivityManager: Raise procstate to external provider: ProcessRecord{74a51e1 10280:com.google.android.gms/u999a40}
02-06 00:47:47.852  1827  1827 W Looper  : Drained
02-06 00:47:47.862  1827  1841 D ActivityManager: Raise procstate to external provider: ProcessRecord{74a51e1 10280:com.google.android.gms/u999a40}
02-06 00:47:47.925  1827  5865 D ActivityManager: Raise procstate to external provider: ProcessRecord{74a51e1 10280:com.google.android.gms/u999a40}
02-06 00:47:47.927  1827  1967 D ActivityManagerServiceInjector: Begin to report package foreground events...
02-06 00:47:47.929 22170 22190 D PowerKeeper.AppBgIdle: setUidState, uid = 10379 allow = false
02-06 00:47:47.929  1827  2332 V LocationPolicy: writePolicyLocked()
02-06 00:47:47.947  1827  4434 D ActivityManager: Raise procstate to external provider: ProcessRecord{74a51e1 10280:com.google.android.gms/u999a40}
02-06 00:47:47.951  1827  1897 I Timeline: Timeline: App_transition_ready time:269823708
02-06 00:47:47.989  1827  3037 D ActivityManager: Raise procstate to external provider: ProcessRecord{74a51e1 10280:com.google.android.gms/u999a40}
02-06 00:47:48.021  1827  1841 D ActivityManager: Raise procstate to external provider: ProcessRecord{74a51e1 10280:com.google.android.gms/u999a40}
02-06 00:47:48.044  1827  1841 I chatty  : uid=1000(system) Binder:1827_1 identical 1 line
02-06 00:47:48.052  1827  1841 D ActivityManager: Raise procstate to external provider: ProcessRecord{74a51e1 10280:com.google.android.gms/u999a40}
02-06 00:47:48.199  1827  1844 W LocationProviderProxy-network: Odd, no component found for service com.android.location.service.v3.NetworkLocationProvider
02-06 00:47:48.341 18202 18307 I Ad      : isPersonalizedAdEnabled getAdSettings: 3
02-06 00:47:48.363 18202 18202 V ActivityThread: handleTrimMemory:com.miui.global.packageinstaller
02-06 00:47:48.375 18202 18202 W Looper  : Slow Looper: doFrame is 443ms late because of 4 msg, msg 1 took 690ms (late=1ms h=android.app.ActivityThread$H w=110)
02-06 00:47:48.380  1827  5865 D ActivityManager: Raise procstate to external provider: ProcessRecord{74a51e1 10280:com.google.android.gms/u999a40}
02-06 00:47:48.422  1827  2332 D ActivityManager: Raise procstate to external provider: ProcessRecord{74a51e1 10280:com.google.android.gms/u999a40}
02-06 00:47:48.447  1827  5865 D ConnectivityService: Returning UNBLOCKED NetworkInfo to uid=10136
02-06 00:47:48.485  1827  2332 D ActivityManager: Raise procstate to external provider: ProcessRecord{74a51e1 10280:com.google.android.gms/u999a40}
02-06 00:47:48.502  1827  1897 I Timeline: Timeline: App_transition_stopped time:269824259
02-06 00:47:48.507  1827  2332 D ActivityManager: Raise procstate to external provider: ProcessRecord{74a51e1 10280:com.google.android.gms/u999a40}
02-06 00:47:48.525  1827  3074 D ActivityManager: Raise procstate to external provider: ProcessRecord{74a51e1 10280:com.google.android.gms/u999a40}
02-06 00:47:48.589  1827  2332 D ActivityManager: Raise procstate to external provider: ProcessRecord{74a51e1 10280:com.google.android.gms/u999a40}
02-06 00:47:49.108  1827  2332 D ConnectivityService: requestNetwork for uid/pid:10136/18202 NetworkRequest [ TRACK_DEFAULT id=11906, [ Capabilities: INTERNET&NOT_RESTRICTED&TRUSTED Unwanted:  Uid: 10136] ]
02-06 00:47:49.219  1827  2332 D ActivityManager: Raise procstate to external provider: ProcessRecord{74a51e1 10280:com.google.android.gms/u999a40}
02-06 00:47:49.226  1827  1841 D ActivityManager: Raise procstate to external provider: ProcessRecord{74a51e1 10280:com.google.android.gms/u999a40}
02-06 00:47:50.375  1827  2944 V BackupManagerConstants: getFullBackupRequiredNetworkType(...) returns 2
02-06 00:47:50.375  1827  2944 V BackupManagerConstants: getFullBackupRequireCharging(...) returns true
02-06 00:47:50.479  1827  1841 D ConnectivityService: Returning BLOCKED NetworkInfo to uid=10136
02-06 00:47:51.294 18260 18260 V ActivityThread: handleTrimMemory:com.android.vending
02-06 00:47:51.351  1827  1847 D Boost   : hostingType=content provider, hostingName=com.google.android.gsf/.gservices.GservicesProvider, callerPackage=com.android.vending, isSystem=true, isBoostNeeded=false.
02-06 00:47:51.352  1827  1847 I ActivityManager: Start proc 18490:com.google.process.gservices/u0a40 for content provider com.google.android.gsf/.gservices.GservicesProvider caller=com.android.vending
02-06 00:47:51.360  1827  7394 D ActivityManager: Raise procstate to external provider: ProcessRecord{74a51e1 10280:com.google.android.gms/u999a40}
02-06 00:47:51.414  1827  3074 D ActivityManager: Raise procstate to external provider: ProcessRecord{74a51e1 10280:com.google.android.gms/u999a40}
02-06 00:47:51.416  1827  1841 D ConnectivityService: requestNetwork for uid/pid:10043/18260 NetworkRequest [ TRACK_DEFAULT id=11907, [ Capabilities: INTERNET&NOT_RESTRICTED&TRUSTED Unwanted:  Uid: 10043] ]
02-06 00:47:51.464  1827  1847 D Boost   : hostingType=service, hostingName=com.android.chrome/org.chromium.chrome.browser.customtabs.CustomTabsConnectionService, callerPackage=com.miui.global.packageinstaller, isSystem=true, isBoostNeeded=false.
02-06 00:47:51.468  1827  1847 I ActivityManager: Start proc 18519:com.android.chrome/u0a159 for service com.android.chrome/org.chromium.chrome.browser.customtabs.CustomTabsConnectionService caller=com.miui.global.packageinstaller
02-06 00:47:51.502  1827  5865 D ActivityManager: Raise procstate to external provider: ProcessRecord{74a51e1 10280:com.google.android.gms/u999a40}
02-06 00:47:51.549  1827  3037 D ActivityManager: Raise procstate to external provider: ProcessRecord{74a51e1 10280:com.google.android.gms/u999a40}
02-06 00:47:51.614  1827  3037 D ActivityManager: Raise procstate to external provider: ProcessRecord{74a51e1 10280:com.google.android.gms/u999a40}
02-06 00:47:51.686  1827  1847 D Boost   : hostingType=content provider, hostingName=com.google.android.gsf/.settings.GoogleSettingsProvider, callerPackage=com.android.vending, isSystem=true, isBoostNeeded=false.
02-06 00:47:51.689  1827  1847 I ActivityManager: Start proc 18564:com.google.process.gapps/u0a40 for content provider com.google.android.gsf/.settings.GoogleSettingsProvider caller=com.android.vending
02-06 00:47:51.729  1827  5865 D ActivityManager: Raise procstate to external provider: ProcessRecord{74a51e1 10280:com.google.android.gms/u999a40}
02-06 00:47:51.859  1827  2332 D ActivityManager: Raise procstate to external provider: ProcessRecord{74a51e1 10280:com.google.android.gms/u999a40}
02-06 00:47:51.869  1827  2332 D ActivityManager: Raise procstate to external provider: ProcessRecord{74a51e1 10280:com.google.android.gms/u999a40}
02-06 00:47:51.977  1827  2789 D ActivityManager: Raise procstate to external provider: ProcessRecord{74a51e1 10280:com.google.android.gms/u999a40}
02-06 00:47:51.984  1827  2789 D ActivityManager: Raise procstate to external provider: ProcessRecord{74a51e1 10280:com.google.android.gms/u999a40}
02-06 00:47:52.014  1827  3074 D ActivityManager: Raise procstate to external provider: ProcessRecord{74a51e1 10280:com.google.android.gms/u999a40}
02-06 00:47:52.024  1827  3074 D ActivityManager: Raise procstate to external provider: ProcessRecord{74a51e1 10280:com.google.android.gms/u999a40}
02-06 00:47:52.056  1827  3037 D ActivityManager: Raise procstate to external provider: ProcessRecord{74a51e1 10280:com.google.android.gms/u999a40}
02-06 00:47:52.101  1827  3074 D ActivityManager: Raise procstate to external provider: ProcessRecord{74a51e1 10280:com.google.android.gms/u999a40}
02-06 00:47:52.123  1827  3074 D ActivityManager: Raise procstate to external provider: ProcessRecord{74a51e1 10280:com.google.android.gms/u999a40}
02-06 00:47:52.244  1827  1847 D Boost   : hostingType=webview_service, hostingName=com.miui.global.packageinstaller/org.chromium.content.app.SandboxedProcessService0, callerPackage=com.miui.global.packageinstaller, isSystem=true, isBoostNeeded=false.
02-06 00:47:52.246  1827  1847 I ActivityManager: Start proc 18617:com.android.chrome:sandboxed_process0/u0i592 for webview_service com.miui.global.packageinstaller/org.chromium.content.app.SandboxedProcessService0 caller=com.miui.global.packageinstaller
02-06 00:47:52.267  1827  2789 D ActivityManager: Raise procstate to external provider: ProcessRecord{74a51e1 10280:com.google.android.gms/u999a40}
02-06 00:47:52.436  1827  1847 D Boost   : hostingType=service, hostingName=com.android.chrome/org.chromium.android_webview.services.ComponentsProviderService, callerPackage=com.miui.global.packageinstaller, isSystem=true, isBoostNeeded=false.
02-06 00:47:52.438  1827  1847 I ActivityManager: Start proc 18652:com.android.chrome:webview_service/u0a159 for service com.android.chrome/org.chromium.android_webview.services.ComponentsProviderService caller=com.miui.global.packageinstaller
02-06 00:47:52.465  1827  3074 D ActivityManager: Raise procstate to external provider: ProcessRecord{74a51e1 10280:com.google.android.gms/u999a40}
02-06 00:47:52.491  1827  3074 D ConnectivityService: requestNetwork for uid/pid:10136/18202 NetworkRequest [ TRACK_DEFAULT id=11909, [ Capabilities: INTERNET&NOT_RESTRICTED&TRUSTED Unwanted:  Uid: 10136] ]
02-06 00:47:52.521  1827  2006 E TaskPersister: File error accessing recents directory (directory doesn't exist?).
02-06 00:47:52.605  1827  5865 W ActivityManager: Unable to start service Intent { cmp=com.facebook.katana/com.facebook.ads.internal.ipc.AudienceNetworkRemoteService } U=0: not found
02-06 00:47:52.610  1827  5865 D ActivityManager: Raise procstate to external provider: ProcessRecord{74a51e1 10280:com.google.android.gms/u999a40}
02-06 00:47:52.614  1827  5865 D ActivityManager: Raise procstate to external provider: ProcessRecord{74a51e1 10280:com.google.android.gms/u999a40}
02-06 00:47:52.628  1827  3074 D ActivityManager: Raise procstate to external provider: ProcessRecord{74a51e1 10280:com.google.android.gms/u999a40}
02-06 00:47:52.630  1827  2789 D ActivityManager: Raise procstate to external provider: ProcessRecord{74a51e1 10280:com.google.android.gms/u999a40}
02-06 00:47:52.673  1827  3074 D ActivityManager: Raise procstate to external provider: ProcessRecord{74a51e1 10280:com.google.android.gms/u999a40}
02-06 00:47:52.685  1827  3037 D ActivityManager: Raise procstate to external provider: ProcessRecord{74a51e1 10280:com.google.android.gms/u999a40}
02-06 00:47:52.690  1827  7394 W BroadcastQueue: Background execution not allowed: receiving Intent { act=android.intent.action.PACKAGE_REPLACED dat=package:com.example.f_rizzly flg=0x4000010 (has extras) } to com.facebook.appmanager/com.facebook.oxygen.common.packages.event.manifest.ManifestPackageEventReceiver
02-06 00:47:52.690  1827  7394 D ActivityManager: Raise procstate to external provider: ProcessRecord{74a51e1 10280:com.google.android.gms/u999a40}
02-06 00:47:52.691  1827  1845 W BroadcastQueue: Background execution not allowed: receiving Intent { act=android.intent.action.PACKAGE_REPLACED dat=package:com.example.f_rizzly flg=0x4000010 (has extras) } to com.google.android.apps.photos/.account.full.FetchAccountPropertiesAppUpgradeBroadcastReceiver
02-06 00:47:52.692  1827  1845 W BroadcastQueue: Background execution not allowed: receiving Intent { act=android.intent.action.PACKAGE_REPLACED dat=package:com.example.f_rizzly flg=0x4000010 (has extras) } to com.google.android.apps.photos/.account.full.SyncAccountsForLoginBroadcastReceiver
02-06 00:47:52.692  1827  1845 W BroadcastQueue: Background execution not allowed: receiving Intent { act=android.intent.action.PACKAGE_REPLACED dat=package:com.example.f_rizzly flg=0x4000010 (has extras) } to com.google.android.apps.photos/.notificationchannels.AppUpdateBroadcastReceiver
02-06 00:47:52.692  1827  1845 W BroadcastQueue: Background execution not allowed: receiving Intent { act=android.intent.action.PACKAGE_REPLACED dat=package:com.example.f_rizzly flg=0x4000010 (has extras) } to com.google.android.gms/.gass.chimera.PackageChangeBroadcastReceiver
02-06 00:47:52.692  1827  1845 W BroadcastQueue: Background execution not allowed: receiving Intent { act=android.intent.action.PACKAGE_REPLACED dat=package:com.example.f_rizzly flg=0x4000010 (has extras) } to com.google.android.gms/.chimera.GmsIntentOperationService$PersistentTrustedReceiver
02-06 00:47:52.692  1827  1845 W BroadcastQueue: Background execution not allowed: receiving Intent { act=android.intent.action.PACKAGE_REPLACED dat=package:com.example.f_rizzly flg=0x4000010 (has extras) } to com.miui.audioeffect/com.android.musicfx.Compatibility$Receiver
02-06 00:47:52.693  1827  1845 W BroadcastQueue: Background execution not allowed: receiving Intent { act=android.intent.action.PACKAGE_REPLACED dat=package:com.example.f_rizzly flg=0x4000010 (has extras) } to com.miui.notes/com.miui.floatwindow.BootBroadcastReceiver
02-06 00:47:52.693  1827  1845 W BroadcastQueueInjector: Unable to launch app com.evozi.injector/10182 for broadcast Intent { act=android.intent.action.PACKAGE_REPLACED dat=package:com.example.f_rizzly flg=0x4000010 (has extras) }: process is not permitted to  auto start
02-06 00:47:52.693  1827  1845 W BroadcastQueueInjector: Unable to launch app com.topjohnwu.magisk/10264 for broadcast Intent { act=android.intent.action.PACKAGE_REPLACED dat=package:com.example.f_rizzly flg=0x4000010 (has extras) }: process is not permitted to  auto start
02-06 00:47:52.694  1827  1845 D ActivityManager: Raise procstate to external provider: ProcessRecord{74a51e1 10280:com.google.android.gms/u999a40}
02-06 00:47:52.696  1827  3037 D ActivityManager: Raise procstate to external provider: ProcessRecord{74a51e1 10280:com.google.android.gms/u999a40}
02-06 00:47:52.706  1827  5865 D ActivityManager: Raise procstate to external provider: ProcessRecord{74a51e1 10280:com.google.android.gms/u999a40}
02-06 00:47:52.712  1827  3037 D ActivityManager: Raise procstate to external provider: ProcessRecord{74a51e1 10280:com.google.android.gms/u999a40}
02-06 00:47:52.722  1827  5865 D ActivityManager: Raise procstate to external provider: ProcessRecord{74a51e1 10280:com.google.android.gms/u999a40}
02-06 00:47:52.726  1827  7394 D ActivityManager: Raise procstate to external provider: ProcessRecord{74a51e1 10280:com.google.android.gms/u999a40}
02-06 00:47:52.794  1827  7394 I chatty  : uid=1000(system) Binder:1827_1C identical 3 lines
02-06 00:47:52.796  1827  7394 D ActivityManager: Raise procstate to external provider: ProcessRecord{74a51e1 10280:com.google.android.gms/u999a40}
02-06 00:47:52.816 18248 18248 V ActivityThread: handleTrimMemory:com.example.f_rizzly
02-06 00:47:52.822  1827  2789 D ActivityManager: Raise procstate to external provider: ProcessRecord{74a51e1 10280:com.google.android.gms/u999a40}
02-06 00:47:52.826  1827  2789 D ActivityManager: Raise procstate to external provider: ProcessRecord{74a51e1 10280:com.google.android.gms/u999a40}
02-06 00:47:53.121  1827  1928 V UiModeManager: switch night mode to 2
02-06 00:47:53.122 18248 18248 W Looper  : Slow Looper: Activity com.example.f_rizzly/.MainActivity is 4752ms late (wall=304ms running=0ms ClientTransaction{ callbacks=[android.app.servertransaction.LaunchActivityItem] lifecycleRequest=android.app.servertransaction.ResumeActivityItem }) because of 2 msg, msg 1 took 4834ms (late=1ms h=android.app.ActivityThread$H w=110)
02-06 00:47:53.327  1827  2332 D ActivityManager: Raise procstate to external provider: ProcessRecord{74a51e1 10280:com.google.android.gms/u999a40}
02-06 00:47:53.331  1827  2332 D ActivityManager: Raise procstate to external provider: ProcessRecord{74a51e1 10280:com.google.android.gms/u999a40}
02-06 00:47:53.333  1827  7394 D ActivityManager: Raise procstate to external provider: ProcessRecord{74a51e1 10280:com.google.android.gms/u999a40}
02-06 00:47:53.334  1827  7394 I chatty  : uid=1000(system) Binder:1827_1C identical 1 line
02-06 00:47:53.360  1827  7394 D ActivityManager: Raise procstate to external provider: ProcessRecord{74a51e1 10280:com.google.android.gms/u999a40}
02-06 00:47:53.960  1827  1844 D ActivityManager: Raise procstate to external provider: ProcessRecord{74a51e1 10280:com.google.android.gms/u999a40}
02-06 00:47:56.206 18248 18248 W Looper  : Slow Looper: doFrame is 362ms late because of 4 msg, msg 1 took 4834ms (late=1ms h=android.app.ActivityThread$H w=110), msg 3 took 304ms (late=4752ms h=android.app.ActivityThread$H w=159)
02-06 00:47:56.890 18248 18248 W Looper  : Slow Looper: doFrame is 3090ms late because of 4 msg, msg 1 took 3083ms (late=362ms h=android.view.Choreographer$FrameHandler c=android.view.Choreographer$FrameDisplayEventReceiver), msg 4 took 207ms (late=2893ms h=android.os.Handler c=androidx.compose.ui.platform.AndroidUiDispatcher$dispatchCallback$1)
02-06 00:47:56.916  1827  1853 I Timeline: Timeline: Activity_windows_visible id: ActivityRecord{ff1df2b u0 com.example.f_rizzly/.MainActivity t813} time:269832673
02-06 00:47:57.022 18248 18248 W Looper  : Slow Looper: doFrame is 569ms late because of 9 msg, msg 1 took 471ms (late=3090ms h=android.view.Choreographer$FrameHandler c=android.view.Choreographer$FrameDisplayEventReceiver), msg 3 took 66ms (late=3026ms h=android.os.Handler c=androidx.compose.ui.platform.AndroidComposeViewAccessibilityDelegateCompat$$ExternalSyntheticLambda2)
02-06 00:47:57.067  1827  2789 D ActivityManager: Raise procstate to external provider: ProcessRecord{74a51e1 10280:com.google.android.gms/u999a40}
02-06 00:47:57.294  1827  2789 I chatty  : uid=1000(system) Binder:1827_B identical 1 line
02-06 00:47:57.303  1827  2789 D ActivityManager: Raise procstate to external provider: ProcessRecord{74a51e1 10280:com.google.android.gms/u999a40}
02-06 00:47:57.326  1827  3074 D ActivityManager: Raise procstate to external provider: ProcessRecord{74a51e1 10280:com.google.android.gms/u999a40}
02-06 00:47:57.975  1827  1845 D ActivityManager: Raise procstate to external provider: ProcessRecord{74a51e1 10280:com.google.android.gms/u999a40}
02-06 00:47:57.986  1827  1967 D ActivityManager: Raise procstate to external provider: ProcessRecord{74a51e1 10280:com.google.android.gms/u999a40}
02-06 00:47:57.990  1827  1827 W ProcessKillerIdler: ProcessKillerIdler onStartJob
02-06 00:47:57.991  1827  2789 D ActivityManager: Raise procstate to external provider: ProcessRecord{74a51e1 10280:com.google.android.gms/u999a40}
02-06 00:47:57.998  1827  1827 D ActivityManager: Raise procstate to external provider: ProcessRecord{74a51e1 10280:com.google.android.gms/u999a40}
02-06 00:47:58.003  1827  2789 D ActivityManager: Raise procstate to external provider: ProcessRecord{74a51e1 10280:com.google.android.gms/u999a40}
02-06 00:47:58.071  1827  2789 I chatty  : uid=1000(system) Binder:1827_B identical 2 lines
02-06 00:47:58.099  1827  2789 D ActivityManager: Raise procstate to external provider: ProcessRecord{74a51e1 10280:com.google.android.gms/u999a40}
02-06 00:47:58.118  1827  7394 D ActivityManager: Raise procstate to external provider: ProcessRecord{74a51e1 10280:com.google.android.gms/u999a40}
02-06 00:47:58.174  1827  7394 D ActivityManager: Raise procstate to external provider: ProcessRecord{74a51e1 10280:com.google.android.gms/u999a40}
02-06 00:47:58.179  1827  2789 D ActivityManager: Raise procstate to external provider: ProcessRecord{74a51e1 10280:com.google.android.gms/u999a40}
02-06 00:47:58.226  1827  2789 I chatty  : uid=1000(system) Binder:1827_B identical 1 line
02-06 00:47:58.232  1827  2789 D ActivityManager: Raise procstate to external provider: ProcessRecord{74a51e1 10280:com.google.android.gms/u999a40}
02-06 00:47:58.261  1827  7394 D ActivityManager: Raise procstate to external provider: ProcessRecord{74a51e1 10280:com.google.android.gms/u999a40}
02-06 00:47:58.268  1827  3074 D ActivityManager: Raise procstate to external provider: ProcessRecord{74a51e1 10280:com.google.android.gms/u999a40}
02-06 00:47:58.275  1827  3074 D ActivityManager: Raise procstate to external provider: ProcessRecord{74a51e1 10280:com.google.android.gms/u999a40}
02-06 00:47:58.310  1827  2789 D ActivityManager: Raise procstate to external provider: ProcessRecord{74a51e1 10280:com.google.android.gms/u999a40}
02-06 00:47:58.313  1827  2332 D ActivityManager: Raise procstate to external provider: ProcessRecord{74a51e1 10280:com.google.android.gms/u999a40}
02-06 00:47:58.322  1827  2789 D ActivityManager: Raise procstate to external provider: ProcessRecord{74a51e1 10280:com.google.android.gms/u999a40}
02-06 00:47:58.337  1827  3074 D ActivityManager: Raise procstate to external provider: ProcessRecord{74a51e1 10280:com.google.android.gms/u999a40}
02-06 00:47:58.355  1827  2789 D ActivityManager: Raise procstate to external provider: ProcessRecord{74a51e1 10280:com.google.android.gms/u999a40}
02-06 00:47:58.364  1827  3074 D ActivityManager: Raise procstate to external provider: ProcessRecord{74a51e1 10280:com.google.android.gms/u999a40}
02-06 00:47:58.391  1827  2789 D ActivityManager: Raise procstate to external provider: ProcessRecord{74a51e1 10280:com.google.android.gms/u999a40}
02-06 00:47:58.404  1827  2789 I chatty  : uid=1000(system) Binder:1827_B identical 2 lines
02-06 00:47:58.419  1827  2789 D ActivityManager: Raise procstate to external provider: ProcessRecord{74a51e1 10280:com.google.android.gms/u999a40}
02-06 00:47:58.435  1827  7394 W ActivityManager: stopServiceToken startId 12 is last, but have 2 remaining args
02-06 00:47:58.439  1827  7394 D ActivityManager: Raise procstate to external provider: ProcessRecord{74a51e1 10280:com.google.android.gms/u999a40}
02-06 00:47:58.446  1827  3074 D ActivityManager: Raise procstate to external provider: ProcessRecord{74a51e1 10280:com.google.android.gms/u999a40}
02-06 00:47:58.466  1827  7394 D ActivityManager: Raise procstate to external provider: ProcessRecord{74a51e1 10280:com.google.android.gms/u999a40}
02-06 00:47:58.478  1827  7394 I chatty  : uid=1000(system) Binder:1827_1C identical 1 line
02-06 00:47:58.487  1827  7394 D ActivityManager: Raise procstate to external provider: ProcessRecord{74a51e1 10280:com.google.android.gms/u999a40}
02-06 00:47:58.496  1827  2789 D ActivityManager: Raise procstate to external provider: ProcessRecord{74a51e1 10280:com.google.android.gms/u999a40}
02-06 00:47:58.572  1827  7394 D ActivityManager: Raise procstate to external provider: ProcessRecord{74a51e1 10280:com.google.android.gms/u999a40}
02-06 00:47:58.620  1827  7394 I chatty  : uid=1000(system) Binder:1827_1C identical 2 lines
02-06 00:47:58.627  1827  7394 D ActivityManager: Raise procstate to external provider: ProcessRecord{74a51e1 10280:com.google.android.gms/u999a40}
02-06 00:47:58.661  1827  3074 D ActivityManager: Raise procstate to external provider: ProcessRecord{74a51e1 10280:com.google.android.gms/u999a40}
02-06 00:47:58.670  1827  3074 D ActivityManager: Raise procstate to external provider: ProcessRecord{74a51e1 10280:com.google.android.gms/u999a40}
02-06 00:47:58.707  1827  3037 D ActivityManager: Raise procstate to external provider: ProcessRecord{74a51e1 10280:com.google.android.gms/u999a40}
02-06 00:47:58.717  1827  3074 D ActivityManager: Raise procstate to external provider: ProcessRecord{74a51e1 10280:com.google.android.gms/u999a40}
02-06 00:47:58.775  1827  3037 D ActivityManager: Raise procstate to external provider: ProcessRecord{74a51e1 10280:com.google.android.gms/u999a40}
02-06 00:47:58.785  1827  3037 D ActivityManager: Raise procstate to external provider: ProcessRecord{74a51e1 10280:com.google.android.gms/u999a40}
02-06 00:47:58.828  1827  3074 D ActivityManager: Raise procstate to external provider: ProcessRecord{74a51e1 10280:com.google.android.gms/u999a40}
02-06 00:47:58.839  1827  3074 D ActivityManager: Raise procstate to external provider: ProcessRecord{74a51e1 10280:com.google.android.gms/u999a40}
02-06 00:47:58.898  1827  3037 D ActivityManager: Raise procstate to external provider: ProcessRecord{74a51e1 10280:com.google.android.gms/u999a40}
02-06 00:47:58.967  1827  3037 I chatty  : uid=1000(system) Binder:1827_C identical 2 lines
02-06 00:47:58.978  1827  3037 D ActivityManager: Raise procstate to external provider: ProcessRecord{74a51e1 10280:com.google.android.gms/u999a40}
02-06 00:47:59.026  1827  3074 D ActivityManager: Raise procstate to external provider: ProcessRecord{74a51e1 10280:com.google.android.gms/u999a40}
02-06 00:47:59.036  1827  3037 D ActivityManager: Raise procstate to external provider: ProcessRecord{74a51e1 10280:com.google.android.gms/u999a40}
02-06 00:47:59.087  1827  3074 D ActivityManager: Raise procstate to external provider: ProcessRecord{74a51e1 10280:com.google.android.gms/u999a40}
02-06 00:47:59.098  1827  3074 D ActivityManager: Raise procstate to external provider: ProcessRecord{74a51e1 10280:com.google.android.gms/u999a40}
02-06 00:47:59.142  1827  3037 D ActivityManager: Raise procstate to external provider: ProcessRecord{74a51e1 10280:com.google.android.gms/u999a40}
02-06 00:47:59.151  1827  3037 D ActivityManager: Raise procstate to external provider: ProcessRecord{74a51e1 10280:com.google.android.gms/u999a40}
02-06 00:47:59.192  1827  2789 D ActivityManager: Raise procstate to external provider: ProcessRecord{74a51e1 10280:com.google.android.gms/u999a40}
02-06 00:47:59.202  1827  2789 D ActivityManager: Raise procstate to external provider: ProcessRecord{74a51e1 10280:com.google.android.gms/u999a40}
02-06 00:47:59.239  1827  3037 D ActivityManager: Raise procstate to external provider: ProcessRecord{74a51e1 10280:com.google.android.gms/u999a40}
02-06 00:47:59.250  1827  3037 D ActivityManager: Raise procstate to external provider: ProcessRecord{74a51e1 10280:com.google.android.gms/u999a40}
02-06 00:47:59.304  1827  2789 D ActivityManager: Raise procstate to external provider: ProcessRecord{74a51e1 10280:com.google.android.gms/u999a40}
02-06 00:47:59.314  1827  2789 D ActivityManager: Raise procstate to external provider: ProcessRecord{74a51e1 10280:com.google.android.gms/u999a40}
02-06 00:47:59.364  1827  3037 D ActivityManager: Raise procstate to external provider: ProcessRecord{74a51e1 10280:com.google.android.gms/u999a40}
02-06 00:47:59.487  1827  3037 I chatty  : uid=1000(system) Binder:1827_C identical 4 lines
02-06 00:47:59.497  1827  3037 D ActivityManager: Raise procstate to external provider: ProcessRecord{74a51e1 10280:com.google.android.gms/u999a40}
02-06 00:47:59.556  1827  2789 D ActivityManager: Raise procstate to external provider: ProcessRecord{74a51e1 10280:com.google.android.gms/u999a40}
02-06 00:47:59.566  1827  3037 D ActivityManager: Raise procstate to external provider: ProcessRecord{74a51e1 10280:com.google.android.gms/u999a40}
02-06 00:47:59.613  1827  2789 D ActivityManager: Raise procstate to external provider: ProcessRecord{74a51e1 10280:com.google.android.gms/u999a40}
02-06 00:47:59.623  1827  2789 D ActivityManager: Raise procstate to external provider: ProcessRecord{74a51e1 10280:com.google.android.gms/u999a40}
02-06 00:47:59.665  1827  3037 D ActivityManager: Raise procstate to external provider: ProcessRecord{74a51e1 10280:com.google.android.gms/u999a40}
02-06 00:47:59.674  1827  3037 D ActivityManager: Raise procstate to external provider: ProcessRecord{74a51e1 10280:com.google.android.gms/u999a40}
02-06 00:47:59.723  1827  7394 D ActivityManager: Raise procstate to external provider: ProcessRecord{74a51e1 10280:com.google.android.gms/u999a40}
02-06 00:47:59.731  1827  3037 D ActivityManager: Raise procstate to external provider: ProcessRecord{74a51e1 10280:com.google.android.gms/u999a40}
02-06 00:47:59.771  1827  3037 I chatty  : uid=1000(system) Binder:1827_C identical 1 line
02-06 00:47:59.778  1827  3037 D ActivityManager: Raise procstate to external provider: ProcessRecord{74a51e1 10280:com.google.android.gms/u999a40}
