02-06 00:38:32.794  1827  1845 W BroadcastQueue: Background execution not allowed: receiving Intent { act=android.intent.action.PACKAGE_REMOVED dat=package:com.example.f_rizzly flg=0x4000010 (has extras) } to com.google.android.gms/.chimera.GmsIntentOperationService$PersistentTrustedReceiver
02-06 00:38:32.794  1827  1845 W BroadcastQueue: Background execution not allowed: receiving Intent { act=android.intent.action.PACKAGE_REMOVED dat=package:com.example.f_rizzly flg=0x4000010 (has extras) } to com.miui.audioeffect/com.android.musicfx.Compatibility$Receiver
02-06 00:38:32.794  1827  1845 W BroadcastQueue: Background execution not allowed: receiving Intent { act=android.intent.action.PACKAGE_REMOVED dat=package:com.example.f_rizzly flg=0x4000010 (has extras) } to com.xiaomi.discover/com.xiaomi.market.data.MyPackageMonitor
02-06 00:38:32.797  1827  3862 D ActivityManager: Raise procstate to external provider: ProcessRecord{74a51e1 10280:com.google.android.gms/u999a40}
02-06 00:38:32.827  1827  1847 D Boost   : hostingType=broadcast, hostingName=com.xiaomi.misettings/.usagestats.AppTimerReceiver, callerPackage=null, isSystem=true, isBoostNeeded=false.
02-06 00:38:32.829  1827  1847 I ActivityManager: Start proc 16526:com.xiaomi.misettings/1000 for broadcast com.xiaomi.misettings/.usagestats.AppTimerReceiver caller=null
02-06 00:38:32.877  1827  7394 D ActivityManager: Raise procstate to external provider: ProcessRecord{74a51e1 10280:com.google.android.gms/u999a40}
02-06 00:38:32.890  1827  4433 D ActivityManager: Raise procstate to external provider: ProcessRecord{74a51e1 10280:com.google.android.gms/u999a40}
02-06 00:38:32.892  1827  1967 D ActivityManagerServiceInjector: Begin to report package foreground events...
02-06 00:38:32.894 22170 22190 D PowerKeeper.AppBgIdle: setUidState, uid = 10379 allow = false
02-06 00:38:32.898  1827  2332 V LocationPolicy: writePolicyLocked()
02-06 00:38:33.020  1827  2332 D ActivityManager: Raise procstate to external provider: ProcessRecord{74a51e1 10280:com.google.android.gms/u999a40}
02-06 00:38:33.110   899  1057 E storaged: getDiskStats failed with result NOT_SUPPORTED and size 0
02-06 00:38:35.311  1827 10878 D ActivityManager: Raise procstate to external provider: ProcessRecord{74a51e1 10280:com.google.android.gms/u999a40}
02-06 00:38:37.672  1827  3861 D ActivityManager: Raise procstate to external provider: ProcessRecord{74a51e1 10280:com.google.android.gms/u999a40}
02-06 00:38:37.750  1827  1853 I Timeline: Timeline: App_transition_ready time:269273507
02-06 00:38:37.801  1827  3861 D ActivityManager: Raise procstate to external provider: ProcessRecord{74a51e1 10280:com.google.android.gms/u999a40}
02-06 00:38:37.910  1827  3861 D ActivityManager: Raise procstate to external provider: ProcessRecord{74a51e1 10280:com.google.android.gms/u999a40}
02-06 00:38:38.034  1827  1827 W Looper  : Slow dispatch took 5708ms main h=android.app.ActivityThread$H c=android.app.-$$Lambda$LoadedApk$ReceiverDispatcher$Args$_BumDX2UKsnxLVrE6UJsJZkotuA@c4e5b60 m=0
02-06 00:38:38.034  1827  1827 W Looper  : Slow delivery took 5753ms main h=android.app.ActivityThread$H c=android.app.-$$Lambda$LoadedApk$ReceiverDispatcher$Args$_BumDX2UKsnxLVrE6UJsJZkotuA@9745819 m=0
02-06 00:38:38.035  1827  6474 D ActivityManager: Raise procstate to external provider: ProcessRecord{74a51e1 10280:com.google.android.gms/u999a40}
02-06 00:38:38.076  1827  3861 D ActivityManager: Raise procstate to external provider: ProcessRecord{74a51e1 10280:com.google.android.gms/u999a40}
02-06 00:38:38.089 16466 16599 I Ad      : isPersonalizedAdEnabled getAdSettings: 3
02-06 00:38:38.157  1827  6474 D ActivityManager: Raise procstate to external provider: ProcessRecord{74a51e1 10280:com.google.android.gms/u999a40}
02-06 00:38:38.206 16466 16466 W Looper  : Slow Looper: doFrame is 396ms late because of 3 msg, msg 1 took 5463ms (late=6ms h=android.app.ActivityThread$H w=110)
02-06 00:38:38.210  1827  2277 D ConnectivityService: Returning UNBLOCKED NetworkInfo to uid=10136
02-06 00:38:38.212  1827  4433 W BroadcastQueueInjector: Unable to launch app com.lbe.parallel.intl/10230 for broadcast Intent { act=android.intent.action.PACKAGE_REMOVED dat=package:com.example.f_rizzly flg=0x4000010 (has extras) }: process is not permitted to  auto start
02-06 00:38:38.213  1827  4433 D ActivityManager: Raise procstate to external provider: ProcessRecord{74a51e1 10280:com.google.android.gms/u999a40}
02-06 00:38:38.217  1827  1845 D ActivityManager: Raise procstate to external provider: ProcessRecord{74a51e1 10280:com.google.android.gms/u999a40}
02-06 00:38:38.223  1827  4426 W BroadcastQueue: Background execution not allowed: receiving Intent { act=android.intent.action.PACKAGE_ADDED dat=package:com.example.f_rizzly flg=0x4000010 (has extras) } to com.lbe.security.miui/com.lbe.security.service.BootReceiver
02-06 00:38:38.223  1827  4426 D ActivityManager: Raise procstate to external provider: ProcessRecord{74a51e1 10280:com.google.android.gms/u999a40}
02-06 00:38:38.225  1827  1845 D ActivityManager: Raise procstate to external provider: ProcessRecord{74a51e1 10280:com.google.android.gms/u999a40}
02-06 00:38:38.230  1827  6474 W BroadcastQueue: Background execution not allowed: receiving Intent { act=android.intent.action.PACKAGE_ADDED dat=package:com.example.f_rizzly flg=0x4000010 (has extras) } to com.android.vending/com.google.android.finsky.packagemonitor.impl.PackageMonitorReceiverImpl$RegisteredReceiver
02-06 00:38:38.230  1827  6474 D ActivityManager: Raise procstate to external provider: ProcessRecord{74a51e1 10280:com.google.android.gms/u999a40}
02-06 00:38:38.233  1827  1845 W BroadcastQueue: Background execution not allowed: receiving Intent { act=android.intent.action.PACKAGE_ADDED dat=package:com.example.f_rizzly flg=0x4000010 (has extras) } to com.android.vending/com.google.android.finsky.packagemonitor.backgroundimpl.BackgroundPackageMonitorReceiverImpl$RegisteredReceiver
02-06 00:38:38.233  1827  1845 W BroadcastQueue: Background execution not allowed: receiving Intent { act=android.intent.action.PACKAGE_ADDED dat=package:com.example.f_rizzly flg=0x4000010 (has extras) } to com.facebook.appmanager/com.facebook.oxygen.common.packages.event.manifest.ManifestPackageEventReceiver
02-06 00:38:38.234  1827  1845 W BroadcastQueue: Background execution not allowed: receiving Intent { act=android.intent.action.PACKAGE_ADDED dat=package:com.example.f_rizzly flg=0x4000010 (has extras) } to com.google.android.gms/.gass.chimera.PackageChangeBroadcastReceiver
02-06 00:38:38.234  1827  1845 W BroadcastQueue: Background execution not allowed: receiving Intent { act=android.intent.action.PACKAGE_ADDED dat=package:com.example.f_rizzly flg=0x4000010 (has extras) } to com.google.android.gms/.chimera.GmsIntentOperationService$PersistentTrustedReceiver
02-06 00:38:38.234  1827  1845 W BroadcastQueue: Background execution not allowed: receiving Intent { act=android.intent.action.PACKAGE_ADDED dat=package:com.example.f_rizzly flg=0x4000010 (has extras) } to com.miui.audioeffect/com.android.musicfx.Compatibility$Receiver
02-06 00:38:38.234  1827  1845 W BroadcastQueue: Background execution not allowed: receiving Intent { act=android.intent.action.PACKAGE_ADDED dat=package:com.example.f_rizzly flg=0x4000010 (has extras) } to com.xiaomi.discover/com.xiaomi.market.data.MyPackageMonitor
02-06 00:38:38.234  1827  1845 D ActivityManager: Raise procstate to external provider: ProcessRecord{74a51e1 10280:com.google.android.gms/u999a40}
02-06 00:38:38.237  1827  6474 W BroadcastQueueInjector: Unable to launch app com.evozi.injector/10182 for broadcast Intent { act=android.intent.action.PACKAGE_ADDED dat=package:com.example.f_rizzly flg=0x4000010 (has extras) }: process is not permitted to  auto start
02-06 00:38:38.237  1827  6474 D ActivityManager: Raise procstate to external provider: ProcessRecord{74a51e1 10280:com.google.android.gms/u999a40}
02-06 00:38:38.239  1827  1845 D ActivityManager: Raise procstate to external provider: ProcessRecord{74a51e1 10280:com.google.android.gms/u999a40}
02-06 00:38:38.254  1827  4433 D ActivityManager: Raise procstate to external provider: ProcessRecord{74a51e1 10280:com.google.android.gms/u999a40}
02-06 00:38:38.265  1827  6474 D ActivityManager: Raise procstate to external provider: ProcessRecord{74a51e1 10280:com.google.android.gms/u999a40}
02-06 00:38:38.309  1827  3074 W BroadcastQueueInjector: Unable to launch app com.lbe.parallel.intl/10230 for broadcast Intent { act=android.intent.action.PACKAGE_ADDED dat=package:com.example.f_rizzly flg=0x4000010 (has extras) }: process is not permitted to  auto start
02-06 00:38:38.310  1827  3074 D ActivityManager: Raise procstate to external provider: ProcessRecord{74a51e1 10280:com.google.android.gms/u999a40}
02-06 00:38:38.316  1827  1845 W BroadcastQueueInjector: Unable to launch app com.lbe.parallel.intl/10230 for broadcast Intent { act=android.intent.action.PACKAGE_ADDED dat=package:com.example.f_rizzly flg=0x4000010 (has extras) }: process is not permitted to  auto start
02-06 00:38:38.316  1827  1845 W BroadcastQueueInjector: Unable to launch app com.tlsvpn.tlstunnel/10375 for broadcast Intent { act=android.intent.action.PACKAGE_ADDED dat=package:com.example.f_rizzly flg=0x4000010 (has extras) }: process is not permitted to  auto start
02-06 00:38:38.317  1827  1845 D ActivityManager: Raise procstate to external provider: ProcessRecord{74a51e1 10280:com.google.android.gms/u999a40}
02-06 00:38:38.320  1827  6474 D ActivityManager: Raise procstate to external provider: ProcessRecord{74a51e1 10280:com.google.android.gms/u999a40}
02-06 00:38:38.324  1827  4433 D ActivityManager: Raise procstate to external provider: ProcessRecord{74a51e1 10280:com.google.android.gms/u999a40}
02-06 00:38:38.339  1827  3074 D ActivityManager: Raise procstate to external provider: ProcessRecord{74a51e1 10280:com.google.android.gms/u999a40}
02-06 00:38:38.356  1827  4433 W BroadcastQueue: Background execution not allowed: receiving Intent { act=android.intent.action.PACKAGE_REPLACED dat=package:com.example.f_rizzly flg=0x4000010 (has extras) } to com.facebook.appmanager/com.facebook.oxygen.common.packages.event.manifest.ManifestPackageEventReceiver
02-06 00:38:38.356  1827  4433 D ActivityManager: Raise procstate to external provider: ProcessRecord{74a51e1 10280:com.google.android.gms/u999a40}
02-06 00:38:38.358  1827  1897 I Timeline: Timeline: App_transition_stopped time:269274115
02-06 00:38:38.358  1827  1845 W BroadcastQueue: Background execution not allowed: receiving Intent { act=android.intent.action.PACKAGE_REPLACED dat=package:com.example.f_rizzly flg=0x4000010 (has extras) } to com.google.android.apps.photos/.account.full.FetchAccountPropertiesAppUpgradeBroadcastReceiver
02-06 00:38:38.358  1827  1845 W BroadcastQueue: Background execution not allowed: receiving Intent { act=android.intent.action.PACKAGE_REPLACED dat=package:com.example.f_rizzly flg=0x4000010 (has extras) } to com.google.android.apps.photos/.account.full.SyncAccountsForLoginBroadcastReceiver
02-06 00:38:38.358  1827  1845 W BroadcastQueue: Background execution not allowed: receiving Intent { act=android.intent.action.PACKAGE_REPLACED dat=package:com.example.f_rizzly flg=0x4000010 (has extras) } to com.google.android.apps.photos/.notificationchannels.AppUpdateBroadcastReceiver
02-06 00:38:38.358  1827  1845 W BroadcastQueue: Background execution not allowed: receiving Intent { act=android.intent.action.PACKAGE_REPLACED dat=package:com.example.f_rizzly flg=0x4000010 (has extras) } to com.google.android.gms/.gass.chimera.PackageChangeBroadcastReceiver
02-06 00:38:38.359  1827  1845 W BroadcastQueue: Background execution not allowed: receiving Intent { act=android.intent.action.PACKAGE_REPLACED dat=package:com.example.f_rizzly flg=0x4000010 (has extras) } to com.google.android.gms/.chimera.GmsIntentOperationService$PersistentTrustedReceiver
02-06 00:38:38.359  1827  1845 W BroadcastQueue: Background execution not allowed: receiving Intent { act=android.intent.action.PACKAGE_REPLACED dat=package:com.example.f_rizzly flg=0x4000010 (has extras) } to com.miui.audioeffect/com.android.musicfx.Compatibility$Receiver
02-06 00:38:38.359  1827  1845 W BroadcastQueue: Background execution not allowed: receiving Intent { act=android.intent.action.PACKAGE_REPLACED dat=package:com.example.f_rizzly flg=0x4000010 (has extras) } to com.miui.notes/com.miui.floatwindow.BootBroadcastReceiver
02-06 00:38:38.359  1827  1845 W BroadcastQueueInjector: Unable to launch app com.evozi.injector/10182 for broadcast Intent { act=android.intent.action.PACKAGE_REPLACED dat=package:com.example.f_rizzly flg=0x4000010 (has extras) }: process is not permitted to  auto start
02-06 00:38:38.359  1827  1845 W BroadcastQueueInjector: Unable to launch app com.topjohnwu.magisk/10264 for broadcast Intent { act=android.intent.action.PACKAGE_REPLACED dat=package:com.example.f_rizzly flg=0x4000010 (has extras) }: process is not permitted to  auto start
02-06 00:38:38.360  1827  1845 D ActivityManager: Raise procstate to external provider: ProcessRecord{74a51e1 10280:com.google.android.gms/u999a40}
02-06 00:38:38.370  1827  1827 W Looper  : Slow dispatch took 327ms main h=android.app.ActivityThread$H c=android.app.-$$Lambda$LoadedApk$ReceiverDispatcher$Args$_BumDX2UKsnxLVrE6UJsJZkotuA@c86fc2d m=0
02-06 00:38:38.381  1827  1827 I Telecom : DefaultDialerCache: Refreshing default dialer for user 0: now com.android.contacts: DDC.oR@UH0
02-06 00:38:38.382  1827  1827 I Telecom : DefaultDialerCache: Refreshing default dialer for user 999: now com.android.contacts: DDC.oR@UH0
02-06 00:38:38.407  1827  1827 V BackupManagerConstants: getFullBackupIntervalMilliseconds(...) returns 86400000
02-06 00:38:38.475  1827  3074 D ActivityManager: Raise procstate to external provider: ProcessRecord{74a51e1 10280:com.google.android.gms/u999a40}
02-06 00:38:38.479  1827  4433 D ActivityManager: Raise procstate to external provider: ProcessRecord{74a51e1 10280:com.google.android.gms/u999a40}
02-06 00:38:38.481  1827  4433 D ActivityManager: Raise procstate to external provider: ProcessRecord{74a51e1 10280:com.google.android.gms/u999a40}
02-06 00:38:38.503  1827  1827 W Looper  : Slow dispatch took 120ms main h=android.app.ActivityThread$H c=android.app.-$$Lambda$LoadedApk$ReceiverDispatcher$Args$_BumDX2UKsnxLVrE6UJsJZkotuA@1ee1eba m=0
02-06 00:38:38.504  1827  1827 E LoadedApk: Unable to instantiate appComponentFactory
02-06 00:38:38.504  1827  1827 E LoadedApk: java.lang.ClassNotFoundException: Didn't find class "androidx.core.app.CoreComponentFactory" on path: DexPathList[[],nativeLibraryDirectories=[/data/app/com.android.chrome-Tp5C1Yy-XVmvpcmPBbD9Iw==/lib/arm, /data/app/com.android.chrome-Tp5C1Yy-XVmvpcmPBbD9Iw==/base.apk!/lib/armeabi-v7a, /system/lib, /vendor/lib]]
02-06 00:38:38.504  1827  1827 E LoadedApk: 	at dalvik.system.BaseDexClassLoader.findClass(BaseDexClassLoader.java:134)
02-06 00:38:38.504  1827  1827 E LoadedApk: 	at java.lang.ClassLoader.loadClass(ClassLoader.java:379)
02-06 00:38:38.504  1827  1827 E LoadedApk: 	at java.lang.ClassLoader.loadClass(ClassLoader.java:312)
02-06 00:38:38.504  1827  1827 E LoadedApk: 	at android.app.LoadedApk.createAppFactory(LoadedApk.java:228)
02-06 00:38:38.504  1827  1827 E LoadedApk: 	at android.app.LoadedApk.updateApplicationInfo(LoadedApk.java:340)
02-06 00:38:38.504  1827  1827 E LoadedApk: 	at android.app.ActivityThread.handleDispatchPackageBroadcast(ActivityThread.java:5447)
02-06 00:38:38.504  1827  1827 E LoadedApk: 	at android.app.ActivityThread$H.handleMessage(ActivityThread.java:1756)
02-06 00:38:38.504  1827  1827 E LoadedApk: 	at android.os.Handler.dispatchMessage(Handler.java:106)
02-06 00:38:38.504  1827  1827 E LoadedApk: 	at android.os.Looper.loop(Looper.java:201)
02-06 00:38:38.504  1827  1827 E LoadedApk: 	at com.android.server.SystemServer.run(SystemServer.java:479)
02-06 00:38:38.504  1827  1827 E LoadedApk: 	at com.android.server.SystemServer.main(SystemServer.java:313)
02-06 00:38:38.504  1827  1827 E LoadedApk: 	at java.lang.reflect.Method.invoke(Native Method)
02-06 00:38:38.504  1827  1827 E LoadedApk: 	at com.android.internal.os.RuntimeInit$MethodAndArgsCaller.run(RuntimeInit.java:547)
02-06 00:38:38.504  1827  1827 E LoadedApk: 	at com.android.internal.os.ZygoteInit.main(ZygoteInit.java:853)
02-06 00:38:38.506  1827  1827 E LoadedApk: Unable to instantiate appComponentFactory
02-06 00:38:38.506  1827  1827 E LoadedApk: java.lang.ClassNotFoundException: Didn't find class "androidx.core.app.CoreComponentFactory" on path: DexPathList[[],nativeLibraryDirectories=[/data/app/com.android.chrome-Tp5C1Yy-XVmvpcmPBbD9Iw==/lib/arm, /data/app/com.android.chrome-Tp5C1Yy-XVmvpcmPBbD9Iw==/base.apk!/lib/armeabi-v7a, /system/lib, /vendor/lib]]
02-06 00:38:38.506  1827  1827 E LoadedApk: 	at dalvik.system.BaseDexClassLoader.findClass(BaseDexClassLoader.java:134)
02-06 00:38:38.506  1827  1827 E LoadedApk: 	at java.lang.ClassLoader.loadClass(ClassLoader.java:379)
02-06 00:38:38.506  1827  1827 E LoadedApk: 	at java.lang.ClassLoader.loadClass(ClassLoader.java:312)
02-06 00:38:38.506  1827  1827 E LoadedApk: 	at android.app.LoadedApk.createAppFactory(LoadedApk.java:228)
02-06 00:38:38.506  1827  1827 E LoadedApk: 	at android.app.LoadedApk.updateApplicationInfo(LoadedApk.java:340)
02-06 00:38:38.506  1827  1827 E LoadedApk: 	at android.app.ActivityThread.handleDispatchPackageBroadcast(ActivityThread.java:5447)
02-06 00:38:38.506  1827  1827 E LoadedApk: 	at android.app.ActivityThread$H.handleMessage(ActivityThread.java:1756)
02-06 00:38:38.506  1827  1827 E LoadedApk: 	at android.os.Handler.dispatchMessage(Handler.java:106)
02-06 00:38:38.506  1827  1827 E LoadedApk: 	at android.os.Looper.loop(Looper.java:201)
02-06 00:38:38.506  1827  1827 E LoadedApk: 	at com.android.server.SystemServer.run(SystemServer.java:479)
02-06 00:38:38.506  1827  1827 E LoadedApk: 	at com.android.server.SystemServer.main(SystemServer.java:313)
02-06 00:38:38.506  1827  1827 E LoadedApk: 	at java.lang.reflect.Method.invoke(Native Method)
02-06 00:38:38.506  1827  1827 E LoadedApk: 	at com.android.internal.os.RuntimeInit$MethodAndArgsCaller.run(RuntimeInit.java:547)
02-06 00:38:38.506  1827  1827 E LoadedApk: 	at com.android.internal.os.ZygoteInit.main(ZygoteInit.java:853)
02-06 00:38:38.511  1827  1827 W Looper  : Drained
02-06 00:38:38.555 16509 16509 W Looper  : Slow Looper: Activity com.example.f_rizzly/.MainActivity is 4940ms late (wall=601ms running=0ms ClientTransaction{ callbacks=[android.app.servertransaction.LaunchActivityItem] lifecycleRequest=android.app.servertransaction.ResumeActivityItem }) because of 1 msg, msg 1 took 5024ms (late=1ms h=android.app.ActivityThread$H w=110)
02-06 00:38:38.556  1827  1928 V UiModeManager: switch night mode to 2
02-06 00:38:38.575  1827  4426 D ConnectivityService: Returning BLOCKED NetworkInfo to uid=10136
02-06 00:38:38.581  1827  4433 D ActivityManager: Raise procstate to external provider: ProcessRecord{74a51e1 10280:com.google.android.gms/u999a40}
02-06 00:38:38.583  1827  2006 E TaskPersister: File error accessing recents directory (directory doesn't exist?).
02-06 00:38:38.583  1827  4426 D ActivityManager: Raise procstate to external provider: ProcessRecord{74a51e1 10280:com.google.android.gms/u999a40}
02-06 00:38:38.589  1827  4433 D ActivityManager: Raise procstate to external provider: ProcessRecord{74a51e1 10280:com.google.android.gms/u999a40}
02-06 00:38:38.747  1827  4433 I chatty  : uid=1000(system) Binder:1827_17 identical 1 line
02-06 00:38:38.843  1827  4433 D ActivityManager: Raise procstate to external provider: ProcessRecord{74a51e1 10280:com.google.android.gms/u999a40}
02-06 00:38:38.908  1827  4426 D ActivityManager: Raise procstate to external provider: ProcessRecord{74a51e1 10280:com.google.android.gms/u999a40}
02-06 00:38:38.917  1827  3074 D ActivityManager: Raise procstate to external provider: ProcessRecord{74a51e1 10280:com.google.android.gms/u999a40}
02-06 00:38:38.945  1827  3074 D ActivityManager: Raise procstate to external provider: ProcessRecord{74a51e1 10280:com.google.android.gms/u999a40}
02-06 00:38:39.003 16466 16702 I Ad      : isPersonalizedAdEnabled getAdSettings: 3
02-06 00:38:39.045  1827  3074 D ActivityManager: Raise procstate to external provider: ProcessRecord{74a51e1 10280:com.google.android.gms/u999a40}
02-06 00:38:39.098  1827  1844 W LocationProviderProxy-network: Odd, no component found for service com.android.location.service.v3.NetworkLocationProvider
02-06 00:38:39.147  1827  3074 D ConnectivityService: requestNetwork for uid/pid:10136/16466 NetworkRequest [ TRACK_DEFAULT id=11893, [ Capabilities: INTERNET&NOT_RESTRICTED&TRUSTED Unwanted:  Uid: 10136] ]
02-06 00:38:39.154  1827  3074 D ActivityManager: Raise procstate to external provider: ProcessRecord{74a51e1 10280:com.google.android.gms/u999a40}
02-06 00:38:39.161  1827  2277 D ActivityManager: Raise procstate to external provider: ProcessRecord{74a51e1 10280:com.google.android.gms/u999a40}
02-06 00:38:39.194  1827  4433 D ActivityManager: Raise procstate to external provider: ProcessRecord{74a51e1 10280:com.google.android.gms/u999a40}
02-06 00:38:39.217  1827  4433 I chatty  : uid=1000(system) Binder:1827_17 identical 2 lines
02-06 00:38:39.224  1827  4433 D ActivityManager: Raise procstate to external provider: ProcessRecord{74a51e1 10280:com.google.android.gms/u999a40}
02-06 00:38:39.242  1827  2277 D ActivityManager: Raise procstate to external provider: ProcessRecord{74a51e1 10280:com.google.android.gms/u999a40}
02-06 00:38:39.270  1827  1847 D Boost   : hostingType=service, hostingName=com.android.chrome/org.chromium.chrome.browser.customtabs.CustomTabsConnectionService, callerPackage=com.miui.global.packageinstaller, isSystem=true, isBoostNeeded=false.
02-06 00:38:39.272  1827  1847 I ActivityManager: Start proc 16725:com.android.chrome/u0a159 for service com.android.chrome/org.chromium.chrome.browser.customtabs.CustomTabsConnectionService caller=com.miui.global.packageinstaller
02-06 00:38:39.293  1827  4433 D ActivityManager: Raise procstate to external provider: ProcessRecord{74a51e1 10280:com.google.android.gms/u999a40}
02-06 00:38:39.445  1827  3074 W ActivityManager: Unable to start service Intent { cmp=com.facebook.katana/com.facebook.ads.internal.ipc.AudienceNetworkRemoteService } U=0: not found
02-06 00:38:39.795  1827  2277 D ActivityManager: Raise procstate to external provider: ProcessRecord{74a51e1 10280:com.google.android.gms/u999a40}
02-06 00:38:39.876  1827  2277 I chatty  : uid=1000(system) Binder:1827_5 identical 2 lines
02-06 00:38:39.917  1827  2277 D ActivityManager: Raise procstate to external provider: ProcessRecord{74a51e1 10280:com.google.android.gms/u999a40}
02-06 00:38:39.984  1827  6474 D ActivityManager: Raise procstate to external provider: ProcessRecord{74a51e1 10280:com.google.android.gms/u999a40}
02-06 00:38:39.989  1827  2277 D ActivityManager: Raise procstate to external provider: ProcessRecord{74a51e1 10280:com.google.android.gms/u999a40}
02-06 00:38:40.012  1827  6474 W ActivityManager: stopServiceToken startId 8 is last, but have 1 remaining args
02-06 00:38:40.024  1827  4433 D ActivityManager: Raise procstate to external provider: ProcessRecord{74a51e1 10280:com.google.android.gms/u999a40}
02-06 00:38:40.067  1827  6474 D ActivityManager: Raise procstate to external provider: ProcessRecord{74a51e1 10280:com.google.android.gms/u999a40}
02-06 00:38:40.078  1827  4433 D ActivityManager: Raise procstate to external provider: ProcessRecord{74a51e1 10280:com.google.android.gms/u999a40}
02-06 00:38:40.511  1827  4433 D ActivityManager: Raise procstate to external provider: ProcessRecord{74a51e1 10280:com.google.android.gms/u999a40}
02-06 00:38:40.519  1827  1847 D Boost   : hostingType=webview_service, hostingName=com.miui.global.packageinstaller/org.chromium.content.app.SandboxedProcessService0, callerPackage=com.miui.global.packageinstaller, isSystem=true, isBoostNeeded=false.
02-06 00:38:40.521  1827  1847 I ActivityManager: Start proc 16812:com.android.chrome:sandboxed_process0/u0i588 for webview_service com.miui.global.packageinstaller/org.chromium.content.app.SandboxedProcessService0 caller=com.miui.global.packageinstaller
02-06 00:38:40.542  1827  6474 D ActivityManager: Raise procstate to external provider: ProcessRecord{74a51e1 10280:com.google.android.gms/u999a40}
02-06 00:38:40.803  1827  6474 D ActivityManager: Raise procstate to external provider: ProcessRecord{74a51e1 10280:com.google.android.gms/u999a40}
02-06 00:38:40.843  1827  1847 D Boost   : hostingType=service, hostingName=com.android.chrome/org.chromium.android_webview.services.ComponentsProviderService, callerPackage=com.miui.global.packageinstaller, isSystem=true, isBoostNeeded=false.
02-06 00:38:40.845  1827  1847 I ActivityManager: Start proc 16846:com.android.chrome:webview_service/u0a159 for service com.android.chrome/org.chromium.android_webview.services.ComponentsProviderService caller=com.miui.global.packageinstaller
02-06 00:38:40.872  1827  3074 D ActivityManager: Raise procstate to external provider: ProcessRecord{74a51e1 10280:com.google.android.gms/u999a40}
02-06 00:38:40.873  1827  4433 D ConnectivityService: requestNetwork for uid/pid:10136/16466 NetworkRequest [ TRACK_DEFAULT id=11894, [ Capabilities: INTERNET&NOT_RESTRICTED&TRUSTED Unwanted:  Uid: 10136] ]
02-06 00:38:40.943  1827  2944 V BackupManagerConstants: getFullBackupRequiredNetworkType(...) returns 2
02-06 00:38:40.943  1827  2944 V BackupManagerConstants: getFullBackupRequireCharging(...) returns true
02-06 00:38:40.978  1827  6474 D ActivityManager: Raise procstate to external provider: ProcessRecord{74a51e1 10280:com.google.android.gms/u999a40}
02-06 00:38:40.992  1827  6474 D ActivityManager: Raise procstate to external provider: ProcessRecord{74a51e1 10280:com.google.android.gms/u999a40}
02-06 00:38:40.993  1827  4433 D ActivityManager: Raise procstate to external provider: ProcessRecord{74a51e1 10280:com.google.android.gms/u999a40}
02-06 00:38:41.025  1827  6474 D ActivityManager: Raise procstate to external provider: ProcessRecord{74a51e1 10280:com.google.android.gms/u999a40}
02-06 00:38:41.026  1827  6474 I ActivityManager: Killing 15735:com.google.android.gms.unstable/u0a40 (adj 906): empty #17
02-06 00:38:41.040  1827  2277 D ActivityManager: Raise procstate to external provider: ProcessRecord{74a51e1 10280:com.google.android.gms/u999a40}
02-06 00:38:41.043  1827  2277 D ActivityManager: Raise procstate to external provider: ProcessRecord{74a51e1 10280:com.google.android.gms/u999a40}
02-06 00:38:41.065  1827  3074 D ActivityManager: Raise procstate to external provider: ProcessRecord{74a51e1 10280:com.google.android.gms/u999a40}
02-06 00:38:41.118  1827  6474 D ActivityManager: Raise procstate to external provider: ProcessRecord{74a51e1 10280:com.google.android.gms/u999a40}
02-06 00:38:41.145  1827  2277 D ActivityManager: Raise procstate to external provider: ProcessRecord{74a51e1 10280:com.google.android.gms/u999a40}
02-06 00:38:41.320  1827  6474 D ActivityManager: Raise procstate to external provider: ProcessRecord{74a51e1 10280:com.google.android.gms/u999a40}
02-06 00:38:41.436 16509 16509 E AndroidRuntime: FATAL EXCEPTION: main
02-06 00:38:41.436 16509 16509 E AndroidRuntime: Process: com.example.f_rizzly, PID: 16509
02-06 00:38:41.436 16509 16509 E AndroidRuntime: androidx.compose.ui.res.ResourceResolutionException: Error attempting to load resource: res/drawable/ic_apple.png
02-06 00:38:41.436 16509 16509 E AndroidRuntime: 	at androidx.compose.ui.res.PainterResources_androidKt.loadImageBitmapResource(PainterResources.android.kt:112)
02-06 00:38:41.436 16509 16509 E AndroidRuntime: 	at androidx.compose.ui.res.PainterResources_androidKt.painterResource(PainterResources.android.kt:72)
02-06 00:38:41.436 16509 16509 E AndroidRuntime: 	at com.example.f_rizzly.MainActivityKt$ProductCard$1.invoke(MainActivity.kt:318)
02-06 00:38:41.436 16509 16509 E AndroidRuntime: 	at com.example.f_rizzly.MainActivityKt$ProductCard$1.invoke(MainActivity.kt:313)
02-06 00:38:41.436 16509 16509 E AndroidRuntime: 	at androidx.compose.runtime.internal.ComposableLambdaImpl.invoke(ComposableLambda.kt:130)
02-06 00:38:41.436 16509 16509 E AndroidRuntime: 	at androidx.compose.runtime.internal.ComposableLambdaImpl.invoke(ComposableLambda.kt:51)
02-06 00:38:41.436 16509 16509 E AndroidRuntime: 	at androidx.compose.material3.CardKt$Card$1.invoke(Card.kt:888)
02-06 00:38:41.436 16509 16509 E AndroidRuntime: 	at androidx.compose.material3.CardKt$Card$1.invoke(Card.kt:96)
02-06 00:38:41.436 16509 16509 E AndroidRuntime: 	at androidx.compose.runtime.internal.ComposableLambdaImpl.invoke(ComposableLambda.kt:121)
02-06 00:38:41.436 16509 16509 E AndroidRuntime: 	at androidx.compose.runtime.internal.ComposableLambdaImpl.invoke(ComposableLambda.kt:51)
02-06 00:38:41.436 16509 16509 E AndroidRuntime: 	at androidx.compose.material3.SurfaceKt$Surface$1.invoke(Surface.kt:126)
02-06 00:38:41.436 16509 16509 E AndroidRuntime: 	at androidx.compose.material3.SurfaceKt$Surface$1.invoke(Surface.kt:108)
02-06 00:38:41.436 16509 16509 E AndroidRuntime: 	at androidx.compose.runtime.internal.ComposableLambdaImpl.invoke(ComposableLambda.kt:121)
02-06 00:38:41.436 16509 16509 E AndroidRuntime: 	at androidx.compose.runtime.internal.ComposableLambdaImpl.invoke(ComposableLambda.kt:51)
02-06 00:38:41.436 16509 16509 E AndroidRuntime: 	at androidx.compose.runtime.CompositionLocalKt.CompositionLocalProvider(CompositionLocal.kt:370)
02-06 00:38:41.436 16509 16509 E AndroidRuntime: 	at androidx.compose.material3.SurfaceKt.Surface-T9BRK9s(Surface.kt:105)
02-06 00:38:41.436 16509 16509 E AndroidRuntime: 	at androidx.compose.material3.CardKt.Card(Card.kt:89)
02-06 00:38:41.436 16509 16509 E AndroidRuntime: 	at com.example.f_rizzly.MainActivityKt.ProductCard(MainActivity.kt:309)
02-06 00:38:41.436 16509 16509 E AndroidRuntime: 	at com.example.f_rizzly.MainActivityKt$TodaysPicksSection$1$2$1$1.invoke(MainActivity.kt:301)
02-06 00:38:41.436 16509 16509 E AndroidRuntime: 	at com.example.f_rizzly.MainActivityKt$TodaysPicksSection$1$2$1$1.invoke(MainActivity.kt:301)
02-06 00:38:41.436 16509 16509 E AndroidRuntime: 	at androidx.compose.runtime.internal.ComposableLambdaImpl.invoke(ComposableLambda.kt:130)
02-06 00:38:41.436 16509 16509 E AndroidRuntime: 	at androidx.compose.runtime.internal.ComposableLambdaImpl.invoke(ComposableLambda.kt:51)
02-06 00:38:41.436 16509 16509 E AndroidRuntime: 	at androidx.compose.foundation.lazy.LazyListIntervalContent$item$3.invoke(LazyListIntervalContent.kt:57)
02-06 00:38:41.436 16509 16509 E AndroidRuntime: 	at androidx.compose.foundation.lazy.LazyListIntervalContent$item$3.invoke(LazyListIntervalContent.kt:57)
02-06 00:38:41.436 16509 16509 E AndroidRuntime: 	at androidx.compose.runtime.internal.ComposableLambdaImpl.invoke(ComposableLambda.kt:142)
02-06 00:38:41.436 16509 16509 E AndroidRuntime: 	at androidx.compose.runtime.internal.ComposableLambdaImpl.invoke(ComposableLambda.kt:51)
02-06 00:38:41.436 16509 16509 E AndroidRuntime: 	at androidx.compose.foundation.lazy.LazyListItemProviderImpl$Item$1.invoke(LazyListItemProvider.kt:80)
02-06 00:38:41.436 16509 16509 E AndroidRuntime: 	at androidx.compose.foundation.lazy.LazyListItemProviderImpl$Item$1.invoke(LazyListItemProvider.kt:78)
02-06 00:38:41.436 16509 16509 E AndroidRuntime: 	at androidx.compose.runtime.internal.ComposableLambdaImpl.invoke(ComposableLambda.kt:121)
02-06 00:38:41.436 16509 16509 E AndroidRuntime: 	at androidx.compose.runtime.internal.ComposableLambdaImpl.invoke(ComposableLambda.kt:51)
02-06 00:38:41.436 16509 16509 E AndroidRuntime: 	at androidx.compose.runtime.CompositionLocalKt.CompositionLocalProvider(CompositionLocal.kt:390)
02-06 00:38:41.436 16509 16509 E AndroidRuntime: 	at androidx.compose.foundation.lazy.layout.LazyLayoutPinnableItemKt.LazyLayoutPinnableItem(LazyLayoutPinnableItem.kt:56)
02-06 00:38:41.436 16509 16509 E AndroidRuntime: 	at androidx.compose.foundation.lazy.LazyListItemProviderImpl.Item(LazyListItemProvider.kt:78)
02-06 00:38:41.436 16509 16509 E AndroidRuntime: 	at androidx.compose.foundation.lazy.layout.LazyLayoutItemContentFactoryKt$SkippableItem$1.invoke(LazyLayoutItemContentFactory.kt:127)
02-06 00:38:41.436 16509 16509 E AndroidRuntime: 	at androidx.compose.foundation.lazy.layout.LazyLayoutItemContentFactoryKt$SkippableItem$1.invoke(LazyLayoutItemContentFactory.kt:126)
02-06 00:38:41.436 16509 16509 E AndroidRuntime: 	at androidx.compose.runtime.internal.ComposableLambdaImpl.invoke(ComposableLambda.kt:121)
02-06 00:38:41.436 16509 16509 E AndroidRuntime: 	at androidx.compose.runtime.internal.ComposableLambdaImpl.invoke(ComposableLambda.kt:51)
02-06 00:38:41.436 16509 16509 E AndroidRuntime: 	at androidx.compose.runtime.CompositionLocalKt.CompositionLocalProvider(CompositionLocal.kt:370)
02-06 00:38:41.436 16509 16509 E AndroidRuntime: 	at androidx.compose.runtime.saveable.SaveableStateHolderImpl.SaveableStateProvider(SaveableStateHolder.kt:82)
02-06 00:38:41.436 16509 16509 E AndroidRuntime: 	at androidx.compose.foundation.lazy.layout.LazySaveableStateHolder.SaveableStateProvider(LazySaveableStateHolder.kt:76)
02-06 00:38:41.441 16509 16509 E AndroidRuntime: 	at androidx.compose.foundation.lazy.layout.LazyLayoutItemContentFactoryKt.SkippableItem-JVlU9Rs(LazyLayoutItemContentFactory.kt:126)
02-06 00:38:41.441 16509 16509 E AndroidRuntime: 	at androidx.compose.foundation.lazy.layout.LazyLayoutItemContentFactoryKt.access$SkippableItem-JVlU9Rs(LazyLayoutItemContentFactory.kt:1)
02-06 00:38:41.441 16509 16509 E AndroidRuntime: 	at androidx.compose.foundation.lazy.layout.LazyLayoutItemContentFactory$CachedItemContent$createContentLambda$1.invoke(LazyLayoutItemContentFactory.kt:95)
02-06 00:38:41.441 16509 16509 E AndroidRuntime: 	at androidx.compose.foundation.lazy.layout.LazyLayoutItemContentFactory$CachedItemContent$createContentLambda$1.invoke(LazyLayoutItemContentFactory.kt:85)
02-06 00:38:41.441 16509 16509 E AndroidRuntime: 	at androidx.compose.runtime.internal.ComposableLambdaImpl.invoke(ComposableLambda.kt:121)
02-06 00:38:41.441 16509 16509 E AndroidRuntime: 	at androidx.compose.runtime.internal.ComposableLambdaImpl.invoke(ComposableLambda.kt:51)
02-06 00:38:41.441 16509 16509 E AndroidRuntime: 	at androidx.compose.runtime.internal.Expect_jvmKt.invokeComposable(Expect.jvm.kt:24)
02-06 00:38:41.441 16509 16509 E AndroidRuntime: 	at androidx.compose.runtime.ComposerImpl.doCompose-aFTiNEg(Composer.kt:3843)
02-06 00:38:41.441 16509 16509 E AndroidRuntime: 	at androidx.compose.runtime.ComposerImpl.composeContent--ZbOJvo$runtime(Composer.kt:3747)
02-06 00:38:41.441 16509 16509 E AndroidRuntime: 	at androidx.compose.runtime.CompositionImpl.composeContent(Composition.kt:832)
02-06 00:38:41.441 16509 16509 E AndroidRuntime: 	at androidx.compose.runtime.Recomposer.composeInitial$runtime(Recomposer.kt:1233)
02-06 00:38:41.441 16509 16509 E AndroidRuntime: 	at androidx.compose.runtime.ComposerImpl$CompositionContextImpl.composeInitial$runtime(Composer.kt:4186)
02-06 00:38:41.441 16509 16509 E AndroidRuntime: 	at androidx.compose.runtime.ComposerImpl$CompositionContextImpl.composeInitial$runtime(Composer.kt:4186)
02-06 00:38:41.441 16509 16509 E AndroidRuntime: 	at androidx.compose.runtime.ComposerImpl$CompositionContextImpl.composeInitial$runtime(Composer.kt:4186)
02-06 00:38:41.441 16509 16509 E AndroidRuntime: 	at androidx.compose.runtime.CompositionImpl.composeInitial(Composition.kt:672)
02-06 00:38:41.441 16509 16509 E AndroidRuntime: 	at androidx.compose.runtime.CompositionImpl.setContent(Composition.kt:639)
02-06 00:38:41.441 16509 16509 E AndroidRuntime: 	at androidx.compose.ui.layout.LayoutNodeSubcompositionsState.subcompose(SubcomposeLayout.kt:698)
02-06 00:38:41.441 16509 16509 E AndroidRuntime: 	at androidx.compose.ui.layout.LayoutNodeSubcompositionsState.subcompose(SubcomposeLayout.kt:641)
02-06 00:38:41.441 16509 16509 E AndroidRuntime: 	at androidx.compose.ui.layout.LayoutNodeSubcompositionsState.subcompose(SubcomposeLayout.kt:607)
02-06 00:38:41.441 16509 16509 E AndroidRuntime: 	at androidx.compose.ui.layout.LayoutNodeSubcompositionsState$Scope.subcompose(SubcomposeLayout.kt:1231)
02-06 00:38:41.441 16509 16509 E AndroidRuntime: 	at androidx.compose.foundation.lazy.layout.LazyLayoutMeasureScopeImpl.compose(LazyLayoutMeasureScope.kt:94)
02-06 00:38:41.441 16509 16509 E AndroidRuntime: 	at androidx.compose.foundation.lazy.layout.LazyLayoutMeasuredItemProvider.getPlaceables-3p2s80s(LazyLayoutMeasuredItem.kt:60)
02-06 00:38:41.441 16509 16509 E AndroidRuntime: 	at androidx.compose.foundation.lazy.LazyListMeasuredItemProvider.getAndMeasure-0kLqBqw(LazyListMeasuredItemProvider.kt:53)
02-06 00:38:41.441 16509 16509 E AndroidRuntime: 	at androidx.compose.foundation.lazy.LazyListMeasuredItemProvider.getAndMeasure-0kLqBqw$default(LazyListMeasuredItemProvider.kt:47)
02-06 00:38:41.441 16509 16509 E AndroidRuntime: 	at androidx.compose.foundation.lazy.LazyListMeasureKt.measureLazyList-LCrQqZ4(LazyListMeasure.kt:224)
02-06 00:38:41.441 16509 16509 E AndroidRuntime: 	at androidx.compose.foundation.lazy.LazyListKt$rememberLazyListMeasurePolicy$1$1.measure-0kLqBqw(LazyList.kt:354)
02-06 00:38:41.441 16509 16509 E AndroidRuntime: 	at androidx.compose.foundation.lazy.layout.LazyLayoutKt$LazyLayout$2.invoke$lambda$8$lambda$7(LazyLayout.kt:141)
02-06 00:38:41.441 16509 16509 E AndroidRuntime: 	at androidx.compose.foundation.lazy.layout.LazyLayoutKt$LazyLayout$2.$r8$lambda$AuADrFew1M7xDLhV5Co4CIX8-dw(Unknown Source:0)
02-06 00:38:41.441 16509 16509 E AndroidRuntime: 	at androidx.compose.foundation.lazy.layout.LazyLayoutKt$LazyLayout$2$$ExternalSyntheticLambda2.invoke(D8$$SyntheticClass:0)
02-06 00:38:41.441 16509 16509 E AndroidRuntime: 	at androidx.compose.ui.layout.LayoutNodeSubcompositionsState$createMeasurePolicy$1.measure-3p2s80s(SubcomposeLayout.kt:914)
02-06 00:38:41.441 16509 16509 E AndroidRuntime: 	at androidx.compose.ui.node.InnerNodeCoordinator.measure-BRTryo0(InnerNodeCoordinator.kt:128)
02-06 00:38:41.441 16509 16509 E AndroidRuntime: 	at androidx.compose.ui.graphics.SimpleGraphicsLayerModifier.measure-3p2s80s(GraphicsLayerModifier.kt:794)
02-06 00:38:41.441 16509 16509 E AndroidRuntime: 	at androidx.compose.ui.node.LayoutModifierNodeCoordinator.measure-BRTryo0(LayoutModifierNodeCoordinator.kt:190)
02-06 00:38:41.441 16509 16509 E AndroidRuntime: 	at androidx.compose.foundation.lazy.layout.LazyLayoutBeyondBoundsModifierNode.measure-3p2s80s(LazyLayoutBeyondBoundsModifierLocal.kt:118)
02-06 00:38:41.441 16509 16509 E AndroidRuntime: 	at androidx.compose.ui.node.LayoutModifierNodeCoordinator.measure-BRTryo0(LayoutModifierNodeCoordinator.kt:190)
02-06 00:38:41.441 16509 16509 E AndroidRuntime: 	at androidx.compose.ui.node.MeasurePassDelegate$performMeasureBlock$1.invoke(MeasurePassDelegate.kt:173)
02-06 00:38:41.444 16509 16509 E AndroidRuntime: 	at androidx.compose.ui.node.MeasurePassDelegate$performMeasureBlock$1.invoke(MeasurePassDelegate.kt:172)
02-06 00:38:41.444 16509 16509 E AndroidRuntime: 	at androidx.compose.runtime.snapshots.Snapshot$Companion.observe(Snapshot.kt:502)
02-06 00:38:41.444 16509 16509 E AndroidRuntime: 	at androidx.compose.runtime.snapshots.SnapshotStateObserver$ObservedScopeMap.observe(SnapshotStateObserver.kt:464)
02-06 00:38:41.444 16509 16509 E AndroidRuntime: 	at androidx.compose.runtime.snapshots.SnapshotStateObserver.observeReads(SnapshotStateObserver.kt:248)
02-06 00:38:41.444 16509 16509 E AndroidRuntime: 	at androidx.compose.ui.node.OwnerSnapshotObserver.observeReads$ui_release(OwnerSnapshotObserver.kt:124)
02-06 00:38:41.444 16509 16509 E AndroidRuntime: 	at androidx.compose.ui.node.OwnerSnapshotObserver.observeMeasureSnapshotReads$ui_release(OwnerSnapshotObserver.kt:107)
02-06 00:38:41.444 16509 16509 E AndroidRuntime: 	at androidx.compose.ui.node.MeasurePassDelegate.performMeasure-BRTryo0$ui_release(MeasurePassDelegate.kt:426)
02-06 00:38:41.444 16509 16509 E AndroidRuntime: 	at androidx.compose.ui.node.MeasurePassDelegate.remeasure-BRTryo0(MeasurePassDelegate.kt:477)
02-06 00:38:41.444 16509 16509 E AndroidRuntime: 	at androidx.compose.ui.node.MeasurePassDelegate.measure-BRTryo0(MeasurePassDelegate.kt:454)
02-06 00:38:41.444 16509 16509 E AndroidRuntime: 	at androidx.compose.foundation.layout.RowColumnMeasurePolicyKt.measure(RowColumnMeasurePolicy.kt:126)
02-06 00:38:41.444 16509 16509 E AndroidRuntime: 	at androidx.compose.foundation.layout.RowColumnMeasurePolicyKt.measure$default(RowColumnMeasurePolicy.kt:77)
02-06 00:38:41.444 16509 16509 E AndroidRuntime: 	at androidx.compose.foundation.layout.ColumnMeasurePolicy.measure-3p2s80s(Column.kt:205)
02-06 00:38:41.444 16509 16509 E AndroidRuntime: 	at androidx.compose.ui.node.InnerNodeCoordinator.measure-BRTryo0(InnerNodeCoordinator.kt:128)
02-06 00:38:41.444 16509 16509 E AndroidRuntime: 	at androidx.compose.foundation.layout.PaddingNode.measure-3p2s80s(Padding.kt:406)
02-06 00:38:41.444 16509 16509 E AndroidRuntime: 	at androidx.compose.ui.node.LayoutModifierNodeCoordinator.measure-BRTryo0(LayoutModifierNodeCoordinator.kt:190)
02-06 00:38:41.444 16509 16509 E AndroidRuntime: 	at androidx.compose.ui.node.MeasurePassDelegate$performMeasureBlock$1.invoke(MeasurePassDelegate.kt:173)
02-06 00:38:41.444 16509 16509 E AndroidRuntime: 	at androidx.compose.ui.node.MeasurePassDelegate$performMeasureBlock$1.invoke(MeasurePassDelegate.kt:172)
02-06 00:38:41.444 16509 16509 E AndroidRuntime: 	at androidx.compose.runtime.snapshots.Snapshot$Companion.observe(Snapshot.kt:502)
02-06 00:38:41.444 16509 16509 E AndroidRuntime: 	at androidx.compose.runtime.snapshots.SnapshotStateObserver$ObservedScopeMap.observe(SnapshotStateObserver.kt:464)
02-06 00:38:41.444 16509 16509 E AndroidRuntime: 	at androidx.compose.runtime.snapshots.SnapshotStateObserver.observeReads(SnapshotStateObserver.kt:248)
02-06 00:38:41.444 16509 16509 E AndroidRuntime: 	at androidx.compose.ui.node.OwnerSnapshotObserver.observeReads$ui_release(OwnerSnapshotObserver.kt:124)
02-06 00:38:41.444 16509 16509 E AndroidRuntime: 	at androidx.compose.ui.node.OwnerSnapshotObserver.observeMeasureSnapshotReads$ui_release(OwnerSnapshotObserver.kt:107)
02-06 00:38:41.444 16509 16509 E AndroidRuntime: 	at androidx.compose.ui.node.MeasurePassDelegate.performMeasure-BRTryo0$ui_release(MeasurePassDelegate.kt:426)
02-06 00:38:41.444 16509 16509 E AndroidRuntime: 	at androidx.compose.ui.node.MeasurePassDelegate.remeasure-BRTryo0(MeasurePassDelegate.kt:477)
02-06 00:38:41.444 16509 16509 E AndroidRuntime: 	at androidx.compose.ui.node.MeasurePassDelegate.measure-BRTryo0(MeasurePassDelegate.kt:454)
02-06 00:38:41.444 16509 16509 E AndroidRuntime: 	at androidx.compose.foundation.lazy.layout.LazyLayoutMeasuredItemProvider.getPlaceables-3p2s80s(LazyLayoutMeasuredItem.kt:61)
02-06 00:38:41.444 16509 16509 E AndroidRuntime: 	at androidx.compose.foundation.lazy.LazyListMeasuredItemProvider.getAndMeasure-0kLqBqw(LazyListMeasuredItemProvider.kt:53)
02-06 00:38:41.444 16509 16509 E AndroidRuntime: 	at androidx.compose.foundation.lazy.LazyListMeasuredItemProvider.getAndMeasure-0kLqBqw$default(LazyListMeasuredItemProvider.kt:47)
02-06 00:38:41.444 16509 16509 E AndroidRuntime: 	at androidx.compose.foundation.lazy.LazyListMeasureKt.measureLazyList-LCrQqZ4(LazyListMeasure.kt:224)
02-06 00:38:41.444 16509 16509 E AndroidRuntime: 	at androidx.compose.foundation.lazy.LazyListKt$rememberLazyListMeasurePolicy$1$1.measure-0kLqBqw(LazyList.kt:354)
02-06 00:38:41.444 16509 16509 E AndroidRuntime: 	at androidx.compose.foundation.lazy.layout.LazyLayoutKt$LazyLayout$2.invoke$lambda$8$lambda$7(LazyLayout.kt:141)
02-06 00:38:41.444 16509 16509 E AndroidRuntime: 	at androidx.compose.foundation.lazy.layout.LazyLayoutKt$LazyLayout$2.$r8$lambda$AuADrFew1M7xDLhV5Co4CIX8-dw(Unknown Source:0)
02-06 00:38:41.444 16509 16509 E AndroidRuntime: 	at androidx.compose.foundation.lazy.layout.LazyLayoutKt$LazyLayout$2$$ExternalSyntheticLambda2.invoke(D8$$SyntheticClass:0)
02-06 00:38:41.444 16509 16509 E AndroidRuntime: 	at androidx.compose.ui.layout.LayoutNodeSubcompositionsState$createMeasurePolicy$1.measure-3p2s80s(SubcomposeLayout.kt:914)
02-06 00:38:41.444 16509 16509 E AndroidRuntime: 	at androidx.compose.ui.node.InnerNodeCoordinator.measure-BRTryo0(InnerNodeCoordinator.kt:128)
02-06 00:38:41.444 16509 16509 E AndroidRuntime: 	at androidx.compose.ui.graphics.SimpleGraphicsLayerModifier.measure-3p2s80s(GraphicsLayerModifier.kt:794)
02-06 00:38:41.444 16509 16509 E AndroidRuntime: 	at androidx.compose.ui.node.LayoutModifierNodeCoordinator.measure-BRTryo0(LayoutModifierNodeCoordinator.kt:190)
02-06 00:38:41.448 16509 16509 E AndroidRuntime: 	at androidx.compose.foundation.lazy.layout.LazyLayoutBeyondBoundsModifierNode.measure-3p2s80s(LazyLayoutBeyondBoundsModifierLocal.kt:118)
02-06 00:38:41.448 16509 16509 E AndroidRuntime: 	at androidx.compose.ui.node.LayoutModifierNodeCoordinator.measure-BRTryo0(LayoutModifierNodeCoordinator.kt:190)
02-06 00:38:41.448 16509 16509 E AndroidRuntime: 	at androidx.compose.foundation.layout.FillNode.measure-3p2s80s(Size.kt:721)
02-06 00:38:41.448 16509 16509 E AndroidRuntime: 	at androidx.compose.ui.node.LayoutModifierNodeCoordinator.measure-BRTryo0(LayoutModifierNodeCoordinator.kt:190)
02-06 00:38:41.448 16509 16509 E AndroidRuntime: 	at androidx.compose.ui.node.MeasurePassDelegate$performMeasureBlock$1.invoke(MeasurePassDelegate.kt:173)
02-06 00:38:41.448 16509 16509 E AndroidRuntime: 	at androidx.compose.ui.node.MeasurePassDelegate$performMeasureBlock$1.invoke(MeasurePassDelegate.kt:172)
02-06 00:38:41.448 16509 16509 E AndroidRuntime: 	at androidx.compose.runtime.snapshots.Snapshot$Companion.observe(Snapshot.kt:502)
02-06 00:38:41.448 16509 16509 E AndroidRuntime: 	at androidx.compose.runtime.snapshots.SnapshotStateObserver$ObservedScopeMap.observe(SnapshotStateObserver.kt:464)
02-06 00:38:41.448 16509 16509 E AndroidRuntime: 	at androidx.compose.runtime.snapshots.SnapshotStateObserver.observeReads(SnapshotStateObserver.kt:248)
02-06 00:38:41.448 16509 16509 E AndroidRuntime: 	at androidx.compose.ui.node.OwnerSnapshotObserver.observeReads$ui_release(OwnerSnapshotObserver.kt:124)
02-06 00:38:41.448 16509 16509 E AndroidRuntime: 	at androidx.compose.ui.node.OwnerSnapshotObserver.observeMeasureSnapshotReads$ui_release(OwnerSnapshotObserver.kt:107)
02-06 00:38:41.448 16509 16509 E AndroidRuntime: 	at androidx.compose.ui.node.MeasurePassDelegate.performMeasure-BRTryo0$ui_release(MeasurePassDelegate.kt:426)
02-06 00:38:41.448 16509 16509 E AndroidRuntime: 	at androidx.compose.ui.node.MeasurePassDelegate.remeasure-BRTryo0(MeasurePassDelegate.kt:477)
02-06 00:38:41.448 16509 16509 E AndroidRuntime: 	at androidx.compose.ui.node.MeasurePassDelegate.measure-BRTryo0(MeasurePassDelegate.kt:454)
02-06 00:38:41.448 16509 16509 E AndroidRuntime: 	at androidx.compose.foundation.layout.BoxMeasurePolicy.measure-3p2s80s(Box.kt:145)
02-06 00:38:41.448 16509 16509 E AndroidRuntime: 	at androidx.compose.ui.node.InnerNodeCoordinator.measure-BRTryo0(InnerNodeCoordinator.kt:128)
02-06 00:38:41.448 16509 16509 E AndroidRuntime: 	at androidx.compose.foundation.layout.FillNode.measure-3p2s80s(Size.kt:721)
02-06 00:38:41.448 16509 16509 E AndroidRuntime: 	at androidx.compose.ui.node.LayoutModifierNodeCoordinator.measure-BRTryo0(LayoutModifierNodeCoordinator.kt:190)
02-06 00:38:41.448 16509 16509 E AndroidRuntime: 	at androidx.compose.ui.node.MeasurePassDelegate$performMeasureBlock$1.invoke(MeasurePassDelegate.kt:173)
02-06 00:38:41.448 16509 16509 E AndroidRuntime: 	at androidx.compose.ui.node.MeasurePassDelegate$performMeasureBlock$1.invoke(MeasurePassDelegate.kt:172)
02-06 00:38:41.448 16509 16509 E AndroidRuntime: 	at androidx.compose.runtime.snapshots.Snapshot$Companion.observe(Snapshot.kt:502)
02-06 00:38:41.448 16509 16509 E AndroidRuntime: 	at androidx.compose.runtime.snapshots.SnapshotStateObserver$ObservedScopeMap.observe(SnapshotStateObserver.kt:464)
02-06 00:38:41.448 16509 16509 E AndroidRuntime: 	at androidx.compose.runtime.snapshots.SnapshotStateObserver.observeReads(SnapshotStateObserver.kt:248)
02-06 00:38:41.448 16509 16509 E AndroidRuntime: 	at androidx.compose.ui.node.OwnerSnapshotObserver.observeReads$ui_release(OwnerSnapshotObserver.kt:124)
02-06 00:38:41.448 16509 16509 E AndroidRuntime: 	at androidx.compose.ui.node.OwnerSnapshotObserver.observeMeasureSnapshotReads$ui_release(OwnerSnapshotObserver.kt:107)
02-06 00:38:41.448 16509 16509 E AndroidRuntime: 	at androidx.compose.ui.node.MeasurePassDelegate.performMeasure-BRTryo0$ui_release(MeasurePassDelegate.kt:426)
02-06 00:38:41.448 16509 16509 E AndroidRuntime: 	at androidx.compose.ui.node.MeasurePassDelegate.remeasure-BRTryo0(MeasurePassDelegate.kt:477)
02-06 00:38:41.448 16509 16509 E AndroidRuntime: 	at androidx.compose.ui.node.MeasurePassDelegate.measure-BRTryo0(MeasurePassDelegate.kt:454)
02-06 00:38:41.448 16509 16509 E AndroidRuntime: 	at androidx.compose.animation.AnimatedEnterExitMeasurePolicy.measure-3p2s80s(AnimatedVisibility.kt:791)
02-06 00:38:41.448 16509 16509 E AndroidRuntime: 	at androidx.compose.ui.node.InnerNodeCoordinator.measure-BRTryo0(InnerNodeCoordinator.kt:128)
02-06 00:38:41.448 16509 16509 E AndroidRuntime: 	at androidx.compose.animation.EnterExitTransitionModifierNode.measure-3p2s80s(EnterExitTransition.kt:1171)
02-06 00:38:41.448 16509 16509 E AndroidRuntime: 	at androidx.compose.ui.node.LayoutModifierNodeCoordinator.measure-BRTryo0(LayoutModifierNodeCoordinator.kt:190)
02-06 00:38:41.448 16509 16509 E AndroidRuntime: 	at androidx.compose.ui.graphics.BlockGraphicsLayerModifier.measure-3p2s80s(GraphicsLayerModifier.kt:718)
