--------- beginning of main
02-06 00:34:22.848   864   864 I ConfigStore: android::hardware::configstore::V1_0::ISurfaceFlingerConfigs::hasHDRDisplay retrieved: 0
02-06 00:34:22.865   864   864 I chatty  : uid=1000(system) /system/bin/surfaceflinger identical 7 lines
02-06 00:34:22.866   864   864 I ConfigStore: android::hardware::configstore::V1_0::ISurfaceFlingerConfigs::hasHDRDisplay retrieved: 0
02-06 00:34:26.780 14062 14062 D SignalClusterView: updateMobileTypeImage  0
02-06 00:34:26.782 14062 14062 I chatty  : uid=1000(system) com.android.systemui identical 4 lines
02-06 00:34:26.782 14062 14062 D SignalClusterView: updateMobileTypeImage  0
02-06 00:34:26.807   864   864 I ConfigStore: android::hardware::configstore::V1_0::ISurfaceFlingerConfigs::hasHDRDisplay retrieved: 0
02-06 00:34:26.875   864   864 I chatty  : uid=1000(system) /system/bin/surfaceflinger identical 16 lines
02-06 00:34:26.875   864   864 I ConfigStore: android::hardware::configstore::V1_0::ISurfaceFlingerConfigs::hasHDRDisplay retrieved: 0
02-06 00:34:27.654  3657 15720 I AlarmManager: setExactAndAllowWhileIdle [name: GCM_HB_ALARM type: 2 triggerAtMillis: 1267735899]
02-06 00:34:27.664  3657 15485 W ChimeraUtils: Module com.google.android.gms.gcm missing resource null(0)
02-06 00:34:27.676  3657 15485 I AlarmManager: setExactAndAllowWhileIdle [name: FcmRetry type: 2 triggerAtMillis: 1267195917]
--------- beginning of system
02-06 00:34:27.681  1827  1845 D ActivityManager: Raise procstate to external provider: ProcessRecord{74a51e1 10280:com.google.android.gms/u999a40}
02-06 00:34:27.683  1827  1845 I ActivityManager: Killing 14455:com.google.process.gapps/u0a40 (adj 906): empty #17
02-06 00:34:27.683  1827  1848 W libprocessgroup: kill(-14455, 9) failed: No such process
02-06 00:34:27.684  1827  1845 D ActivityManager: Raise procstate to external provider: ProcessRecord{74a51e1 10280:com.google.android.gms/u999a40}
02-06 00:34:27.687  1827  1845 D CompatibilityInfo: mCompatibilityFlags - 0
02-06 00:34:27.687  1827  1845 D CompatibilityInfo: applicationDensity - 320
02-06 00:34:27.687  1827  1845 D CompatibilityInfo: applicationScale - 1.0
02-06 00:34:27.689  1827  1848 W libprocessgroup: kill(-14455, 9) failed: No such process
02-06 00:34:27.690  1827  4426 D ActivityManager: Raise procstate to external provider: ProcessRecord{74a51e1 10280:com.google.android.gms/u999a40}
02-06 00:34:27.693  1827  4426 D CompatibilityInfo: mCompatibilityFlags - 0
02-06 00:34:27.693  1827  4426 D CompatibilityInfo: applicationDensity - 320
02-06 00:34:27.693  1827  4426 D CompatibilityInfo: applicationScale - 1.0
02-06 00:34:27.695  1827  1848 W libprocessgroup: kill(-14455, 9) failed: No such process
02-06 00:34:27.700   877   877 I Zygote  : Process 14455 exited due to signal (9)
02-06 00:34:27.700  1827  1848 W libprocessgroup: kill(-14455, 9) failed: No such process
02-06 00:34:27.700  1827  1848 I libprocessgroup: Successfully killed process cgroup uid 10040 pid 14455 in 16ms
02-06 00:34:27.701  1827  6474 D ActivityManager: Raise procstate to external provider: ProcessRecord{74a51e1 10280:com.google.android.gms/u999a40}
02-06 00:34:27.701  1827  6474 D CompatibilityInfo: mCompatibilityFlags - 0
02-06 00:34:27.701  1827  6474 D CompatibilityInfo: applicationDensity - 320
02-06 00:34:27.701  1827  6474 D CompatibilityInfo: applicationScale - 1.0
02-06 00:34:27.708 23557 23965 D PMonitor:  onProcessDied:pid = 14455,died-uid=10040
02-06 00:34:27.712  1827  2036 D ActivityManager: Raise procstate to external provider: ProcessRecord{74a51e1 10280:com.google.android.gms/u999a40}
02-06 00:34:27.715  1827  3037 D ActivityManager: Raise procstate to external provider: ProcessRecord{74a51e1 10280:com.google.android.gms/u999a40}
02-06 00:34:27.717  1827  4426 D ActivityManager: Raise procstate to external provider: ProcessRecord{74a51e1 10280:com.google.android.gms/u999a40}
02-06 00:34:27.719  1827  4426 D ActivityManager: Raise procstate to external provider: ProcessRecord{74a51e1 10280:com.google.android.gms/u999a40}
02-06 00:34:27.721  1827  4432 D ActivityManager: Raise procstate to external provider: ProcessRecord{74a51e1 10280:com.google.android.gms/u999a40}
02-06 00:34:27.745  1827  4432 E NotificationService: Suppressing notification from package by user request.
02-06 00:34:28.785 14062 14062 D SignalClusterView: updateMobileTypeImage  0
02-06 00:34:28.787 14062 14062 I chatty  : uid=1000(system) com.android.systemui identical 4 lines
02-06 00:34:28.788 14062 14062 D SignalClusterView: updateMobileTypeImage  0
02-06 00:34:28.812   864   864 I ConfigStore: android::hardware::configstore::V1_0::ISurfaceFlingerConfigs::hasHDRDisplay retrieved: 0
02-06 00:34:30.487  1827  4432 I ActivityManager: START u0 {flg=0x10000000 cmp=com.example.f_rizzly/.MainActivity} from uid 2000
02-06 00:34:28.830   864   864 I chatty  : uid=1000(system) /system/bin/surfaceflinger identical 7 lines
02-06 00:34:28.830   864   864 I ConfigStore: android::hardware::configstore::V1_0::ISurfaceFlingerConfigs::hasHDRDisplay retrieved: 0
02-06 00:34:30.488   554   626 E ANDR-PERF-MPCTL: Invalid profile no. 0, total profiles 0 only
02-06 00:34:30.489   450   450 W hwservicemanager: getTransport: Cannot find entry vendor.qti.hardware.iop@2.0::IIop/default in either framework or device manifest.
02-06 00:34:30.490  1827  4432 E ANDR-PERF-JNI: Iop tryGetService failed
02-06 00:34:30.500  1827  4432 D CompatibilityInfo: mCompatibilityFlags - 0
02-06 00:34:30.500  1827  4432 D CompatibilityInfo: applicationDensity - 320
02-06 00:34:30.500  1827  4432 D CompatibilityInfo: applicationScale - 1.0
02-06 00:34:30.501  1827  4432 D ActivityTrigger: ActivityTrigger activityPauseTrigger 
02-06 00:34:30.502  2279  2279 D Launcher.Lifecycle: onPause:UserHandle{0},5377ed5,true
02-06 00:34:30.502  2279  2279 D Launcher_UnlockAnimationStateMachine: setState:PAUSE_WAIT
02-06 00:34:30.516  1827  1845 D ActivityManager: Raise procstate to external provider: ProcessRecord{74a51e1 10280:com.google.android.gms/u999a40}
02-06 00:34:30.518  2279  2279 I RenderVsyncUpdater: All controllers paused.
02-06 00:34:30.519  2279  2421 D StatusBarController: handleMessage: flag 800000  disable false
02-06 00:34:30.519  2279  2279 D Launcher_WallpaperUtils: changeStatusBarMode:false
02-06 00:34:30.527  1827  1847 D Boost   : hostingType=activity, hostingName=com.example.f_rizzly/.MainActivity, callerPackage=null, isSystem=true, isBoostNeeded=false.
02-06 00:34:30.529  2279  2279 D EventBus: No subscribers registered for event class com.miui.home.launcher.common.messages.EndSpringAnimatorMessage
02-06 00:34:30.529  2279  2279 D EventBus: No subscribers registered for event class org.greenrobot.eventbus.NoSubscriberEvent
02-06 00:34:30.529  2279  2279 D FeedSwipeController: touchState : 0 scrolling : false normalEditing : false WidgetThumbnailViewShowing : false UninstallDialogShowing : false isMinusScreenShowing: false
02-06 00:34:30.529  2279  2279 D FeedSwipeController: can not use
02-06 00:34:30.529  2279  2279 D Launcher.StatusBarController: try intercept touch, isProxySurvive=true
02-06 00:34:30.530  2279  2279 D Launcher.Workspace: Workspace touch down
02-06 00:34:30.530  2279  2279 D ScreenView_Workspace: onIntercept:0.0
02-06 00:34:30.530  2279  2279 D ScreenView_Workspace: not intercept
02-06 00:34:30.530  2279  2279 D Launcher.CellLayout: touch item:ShortcutInfo, id=92, itemType=0, user=UserHandle{0}, mIconType=0, pkgName=com.example.f_rizzly, className=com.example.f_rizzly.MainActivity, screenId=4, container=-100, cellX=2, cellY=2, spanX=1, spanY=1, isLandscapePos=false
02-06 00:34:30.531  2279  2279 D Launcher.itemIcon: folmeDown
02-06 00:34:30.533   864   864 I ConfigStore: android::hardware::configstore::V1_0::ISurfaceFlingerConfigs::hasHDRDisplay retrieved: 0
02-06 00:34:30.534   864   864 I chatty  : uid=1000(system) /system/bin/surfaceflinger identical 1 line
02-06 00:34:30.534   864   864 I ConfigStore: android::hardware::configstore::V1_0::ISurfaceFlingerConfigs::hasHDRDisplay retrieved: 0
02-06 00:34:30.534 15862 15862 I xample.f_rizzl: Late-enabling -Xcheck:jni
02-06 00:34:30.535   864   864 I ConfigStore: android::hardware::configstore::V1_0::ISurfaceFlingerConfigs::hasHDRDisplay retrieved: 0
02-06 00:34:30.535  1827  1847 I ActivityManager: Start proc 15862:com.example.f_rizzly/u0a379 for activity com.example.f_rizzly/.MainActivity caller=null
02-06 00:34:30.541  2279 11855 D Launcher_dispatchTouchEvent_View: [motionEvent view:]   
02-06 00:34:30.541  2279 11855 D Launcher_dispatchTouchEvent_View: 34:30.531 View=com.miui.home.launcher.ShortcutMenuLayer{73d9bbc V.E...... .......D 0,0-720,1440 #7f0a01d5 app:id/shortcut_menu_layer}
02-06 00:34:30.541  2279 11855 D Launcher_dispatchTouchEvent_View: 34:30.532 View=com.miui.home.launcher.DragLayer{26b7a8 V.E...... ........ 0,0-720,1440 #7f0a00be app:id/drag_layer}
02-06 00:34:30.541  2279 11855 D Launcher_dispatchTouchEvent_View: 34:30.532 View=com.miui.home.launcher.search.SearchEdgeLayout{6192c1 V.ED..... ........ 0,0-720,1440 #7f0a019e app:id/screen}
02-06 00:34:30.541  2279 11855 D Launcher_dispatchTouchEvent_View: 34:30.532 View=com.miui.home.launcher.FitSystemWindowView{6887a66 V.E...... ........ 0,0-720,1440 #7f0a019f app:id/screen_content}
02-06 00:34:30.541  2279 11855 D Launcher_dispatchTouchEvent_View: 34:30.535 View=com.miui.home.launcher.Workspace{e4b61a7 V.E...... ........ 0,0-720,1344 #7f0a025d app:id/workspace}
02-06 00:34:30.541  2279 11855 D Launcher_dispatchTouchEvent_View: 34:30.536 View=com.miui.home.launcher.CellScreen{9560fe V.E...... ........ 2160,40-2880,1344}
02-06 00:34:30.541  2279 11855 D Launcher_dispatchTouchEvent_View: 34:30.539 View= mHCells=4 mVCells=5 mTotalCells=20 mCellXY[0]=3 mCellXY[1]=4 childCount=11 EmptyCellsNum=9   [ tag 0 =com.miui.home.launcher.ShortcutIcon{3c55890 VFE...CL. ........ 24,18-192,238}(OSP TUNNEL)| childWidth 0 =168| childHeight 0 =220| childTranslationX 0 =0.0| childTranslationY 0 =0.0| childX 0 =24.0|  childY 0 =18.0|  childAlpha 0 =1.0] [ tag 1 =com.miui.home.launcher.ShortcutIcon{ca7bdec VFE...CL. ........ 24,238-192,458}(KOFnet)| childWidth 1 =168| childHeight 1 =220| childTranslationX 1 =0.0| childTranslationY 1 =0.0| childX 1 =24.0|  childY 1 =238.0|  childAlpha 1 =1.0] [ tag 2 =com.miui.home.launcher.ShortcutIcon{d2703fa VFE...CL. ........ 360,18-528,238}(Epson iPrint)| childWidth 2 =168| childHeight 2 =220| childTranslationX 2 =0.0| childTranslationY 2 =0.0| childX 2 =360.0|  childY 2 =18.0|  childAlpha 2 =1.0] [ tag 3 =com.miui.home.launcher.ShortcutIcon{fcf3e68 VFE...CL. ........ 528,238-696,458}(Tango)| childWidth 3 =168| childHeight 3 =220| childTranslationX 3 =0.0| childTranslationY 3 =0.0| childX 3 =528.0|  childY 3 =238.0|  childAlpha 3 =1.0] [ tag 4 =com.miui.home.launcher.ShortcutIcon{bbafdf1 VFE...CL. ........ 24,458-192,678}(Temp Number)| childWidth 4 =168| childHeight 4 =220| childTranslationX 4 =0.0| childTranslationY 4 =0.0| childX 4 =24.0|  childY 4 =458.0|  childAlpha 4 =1.0] [ tag 5 =com.miui.home.launcher.ShortcutIcon{1ffdd6b VFE...CL. ........ 360,238-528,458}(PCAPdroid)| childWidth 5 =168| childHeight 5 =220| childTranslationX 5 =0.0| childTranslationY 5 =0.0| childX 5 =360.0|  childY 5 =238.0|  childAlpha 5 =1.0] [ tag 6 =com.miui.home.launcher.ShortcutIcon{7b77b0c VFE...CL. ........ 192,18-360,238}(Sketch Photo Editor)| childWidth 6 =168| childHeight 6 =220| childTranslationX 6 =0.0| childTranslationY 6 =0.0| childX 6 =192.0|  childY 6 =18.0|  childAlpha 6 =1.0] [ tag 7 =com.miui.home.launcher.ShortcutIcon{4cc4109 VFE...CL. ........ 192,238-360,458}(TLS Tunnel)| childWidth 7 =168| childHeight 7 =220| childTranslationX 7 =0.0| childTranslationY 7 =0.0| childX 7 =192.0|  childY 7 =238.0|  childAlpha 7 =1.0] [ tag 8 =com.miui.home.launcher.ShortcutIcon{99b913c VFE...CL. ........ 528,18-696,238}(Phoenix)| childWidth 8 =168| childHeight 8 =220| childTranslationX 8 =0.0| childTranslationY 8 =0.0| childX 8 =528.0|  childY 8 =18.0|  childAlpha 8 =1.0] [ tag 9 =com.miui.home.launcher.ShortcutIcon{c5b2476 VFE...CL. ........ 192,458-360,678}(KDE Connect)| childWidth 9 =168| childHeight 9 =220| childTranslationX 9 =0.0| childTranslationY 9 =0.0| childX 9 =192.0|  childY 9 =458.0|  childAlpha 9 =1.0] [ tag 10 =com.miui.home.launcher.ShortcutIcon{864c0fd VFE...CL. ...P.... 360,458-528,678}(F-RIZZLY)| childWidth 10 =168| childHeight 10 =220| childTranslationX 10 =0.0| childTranslationY 10 =0.0| childX 10 =360.0|  childY 10 =458.0|  childAlpha 10 =1.0] 
02-06 00:34:30.541  2279 11855 D Launcher_dispatchTouchEvent_View: 34:30.540 View=com.miui.home.launcher.ShortcutIcon{864c0fd VFE...CL. ...P.... 360,458-528,678}(F-RIZZLY)
02-06 00:34:30.542  2279  2279 D Launcher.Lifecycle: onWindowFocusChanged:false,UserHandle{0},5377ed5,true
02-06 00:34:30.555  2279  2279 D Launcher.Workspace: Workspace touch up or cancel
02-06 00:34:30.555  2279  2583 I RenderThread: RenderThread resumed
02-06 00:34:30.555  2279  2279 D ScreenView_Workspace: oninterceput up
02-06 00:34:30.555  2279  2583 I RenderThread: All controllers paused.
02-06 00:34:30.555  2279  2583 I RenderThread: RenderThread paused, waiting for signal
02-06 00:34:30.555  2279  2279 D Launcher.itemIcon: folmeUp
02-06 00:34:30.555  2279 11855 D Launcher_dispatchTouchEvent: [motionEvent action:(rawX,rawY)]  34:30.541[0(463.4,612.6)] 34:30.555[1(463.4,612.6)] 
02-06 00:34:30.555  2279 11855 D Launcher_Scrollto: [(rawX,rawY)|scrollX]  
02-06 00:34:30.565   864   864 I ConfigStore: android::hardware::configstore::V1_0::ISurfaceFlingerConfigs::hasHDRDisplay retrieved: 0
02-06 00:34:30.582   864   864 I chatty  : uid=1000(system) /system/bin/surfaceflinger identical 8 lines
02-06 00:34:30.582   864   864 I ConfigStore: android::hardware::configstore::V1_0::ISurfaceFlingerConfigs::hasHDRDisplay retrieved: 0
02-06 00:34:30.608  1827  4426 D CompatibilityInfo: mCompatibilityFlags - 0
02-06 00:34:30.608  1827  4426 D CompatibilityInfo: applicationDensity - 320
02-06 00:34:30.608  1827  4426 D CompatibilityInfo: applicationScale - 1.0
02-06 00:34:30.615  1827  4426 D ActivityManager: Raise procstate to external provider: ProcessRecord{74a51e1 10280:com.google.android.gms/u999a40}
02-06 00:34:30.617  1827  4426 D CompatibilityInfo: mCompatibilityFlags - 0
02-06 00:34:30.617  1827  4426 D CompatibilityInfo: applicationDensity - 320
02-06 00:34:30.617  1827  4426 D CompatibilityInfo: applicationScale - 1.0
02-06 00:34:30.617  9311  9324 I GST     : forePkg: com.example.f_rizzly, preForePkg: com.miui.home
02-06 00:34:30.617  1574  6017 I ProcessMonitor: onForegroundInfoChanged: ForegroundInfo{mForegroundPackageName='com.example.f_rizzly', mForegroundUid=10379, mForegroundPid=15862, mLastForegroundPackageName='com.miui.home', mLastForegroundUid=10041, mLastForegroundPid=2279, mMultiWindowForegroundPackageName='null', mMultiWindowForegroundUid=-1, mFlags=1}
02-06 00:34:30.619  1574  6017 I GameBoosterService: onForegroundInfoChanged: Cur=com.example.f_rizzly	 last=com.miui.home
02-06 00:34:30.620 23557 23965 D PMonitor:  onForegroundActivitiesChanged:pid = 15862,activity-uid=10379,foregroundActivities=true
02-06 00:34:30.621  1574  6017 D GameBoosterService: onGameStatusChange foreground:ForegroundInfo{mForegroundPackageName='com.example.f_rizzly', mForegroundUid=10379, mForegroundPid=15862, mLastForegroundPackageName='com.miui.home', mLastForegroundUid=10041, mLastForegroundPid=2279, mMultiWindowForegroundPackageName='null', mMultiWindowForegroundUid=-1, mFlags=1}
02-06 00:34:30.621  1574  6017 I VideoBoxUtils: isSupportVideoBox: false
02-06 00:34:30.622  1574  6017 I VideoToolBoxService: splitMode: onfalse
02-06 00:34:30.623  1574  6017 I VideoToolBoxService: not support vtb. skipExit : false
02-06 00:34:30.626  1827  1897 I Timeline: Timeline: App_transition_ready time:269026383
02-06 00:34:30.649   864   864 I ConfigStore: android::hardware::configstore::V1_0::ISurfaceFlingerConfigs::hasHDRDisplay retrieved: 0
02-06 00:34:30.733   864   864 I chatty  : uid=1000(system) /system/bin/surfaceflinger identical 22 lines
02-06 00:34:30.733   864   864 I ConfigStore: android::hardware::configstore::V1_0::ISurfaceFlingerConfigs::hasHDRDisplay retrieved: 0
02-06 00:34:30.741 14062 14251 D MobileSignalController: onSignalStrengthsChanged: SignalStrength: 99 0 -120 -160 -120 -160 -1 21 -103 -14 142 2147483647 0 2147483647 99 255 2147483647 gsm|lte use_rsrp_and_rssnr_for_lte_level  [-120, -115, -110, -105, -97] [-115, -105, -95, -85]
02-06 00:34:30.742 14062 14251 D NetworkController.MobileSignalController(3): 4G level = 4
02-06 00:34:30.749   864   864 I ConfigStore: android::hardware::configstore::V1_0::ISurfaceFlingerConfigs::hasHDRDisplay retrieved: 0
02-06 00:34:30.799   864   864 I chatty  : uid=1000(system) /system/bin/surfaceflinger identical 14 lines
02-06 00:34:30.799   864   864 I ConfigStore: android::hardware::configstore::V1_0::ISurfaceFlingerConfigs::hasHDRDisplay retrieved: 0
02-06 00:34:30.803  2279  2279 D Launcher_UnlockAnimationStateMachine: mResetIdleStateRunnable
02-06 00:34:30.816   864   864 I ConfigStore: android::hardware::configstore::V1_0::ISurfaceFlingerConfigs::hasHDRDisplay retrieved: 0
02-06 00:34:31.017   864   864 I chatty  : uid=1000(system) /system/bin/surfaceflinger identical 50 lines
02-06 00:34:31.017   864   864 I ConfigStore: android::hardware::configstore::V1_0::ISurfaceFlingerConfigs::hasHDRDisplay retrieved: 0
02-06 00:34:31.030 14062 14062 D EventBus: [14062, u0] send(AppTransitionFinishedEvent)
02-06 00:34:31.030 14062 14062 D EventBus: [14062, u0]  -> ForcedResizableInfoActivityController [0x6f60603, P1] onBusEvent(AppTransitionFinishedEvent)
02-06 00:34:31.030 14062 14062 D EventBus: [14062, u0] onBusEvent(AppTransitionFinishedEvent) duration: 16 microseconds, avg: 369
02-06 00:34:31.033   864   864 I ConfigStore: android::hardware::configstore::V1_0::ISurfaceFlingerConfigs::hasHDRDisplay retrieved: 0
02-06 00:34:31.116   864   864 I chatty  : uid=1000(system) /system/bin/surfaceflinger identical 22 lines
02-06 00:34:31.116   864   864 I ConfigStore: android::hardware::configstore::V1_0::ISurfaceFlingerConfigs::hasHDRDisplay retrieved: 0
02-06 00:34:31.163 14062 14062 D EventBus: [14062, u0] send(AppTransitionFinishedEvent)
02-06 00:34:31.163 14062 14062 D EventBus: [14062, u0]  -> ForcedResizableInfoActivityController [0x6f60603, P1] onBusEvent(AppTransitionFinishedEvent)
02-06 00:34:31.164 14062 14062 D EventBus: [14062, u0] onBusEvent(AppTransitionFinishedEvent) duration: 16 microseconds, avg: 369
02-06 00:34:31.165  1827  1897 I Timeline: Timeline: App_transition_stopped time:269026922
02-06 00:34:31.528 14062 14251 D MobileSignalController: onSignalStrengthsChanged: SignalStrength: 99 0 -120 -160 -120 -160 -1 18 -107 -12 108 2147483647 0 2147483647 99 255 2147483647 gsm|lte use_rsrp_and_rssnr_for_lte_level  [-120, -115, -110, -105, -97] [-115, -105, -95, -85]
02-06 00:34:31.528 14062 14251 D NetworkController.MobileSignalController(3): 4G level = 3
02-06 00:34:31.533 14062 14251 D MobileSignalController: updateDataType mSelectedDataTypeIcon[0]=2131232497, mSelectedDataActivityIndex=6
02-06 00:34:31.533 14062 14251 D TelephonyIcons: getSignalStrengthIcon: slot=0, inetCondition=1, level=3, roaming=false, signalstrength=SignalStrength: 99 0 -120 -160 -120 -160 -1 18 -107 -12 108 2147483647 0 2147483647 99 255 2147483647 gsm|lte use_rsrp_and_rssnr_for_lte_level  [-120, -115, -110, -105, -97] [-115, -105, -95, -85]
02-06 00:34:31.534 14062 14251 D TelephonyIcons: null signal icon name: drawable/stat_sys_signal_null
02-06 00:34:31.535 14062 14251 D TelephonyIcons: getDataTypeIcon sub=0
02-06 00:34:31.536 14062 14062 D SignalClusterView: updateMobileTypeImage  0
02-06 00:34:31.537 14062 14062 I chatty  : uid=1000(system) com.android.systemui identical 4 lines
02-06 00:34:31.537 14062 14062 D SignalClusterView: updateMobileTypeImage  0
02-06 00:34:31.565   864   864 I ConfigStore: android::hardware::configstore::V1_0::ISurfaceFlingerConfigs::hasHDRDisplay retrieved: 0
02-06 00:34:33.104   899  1057 E storaged: getDiskStats failed with result NOT_SUPPORTED and size 0
02-06 00:34:31.649   864   864 I chatty  : uid=1000(system) /system/bin/surfaceflinger identical 6 lines
02-06 00:34:31.649   864   864 I ConfigStore: android::hardware::configstore::V1_0::ISurfaceFlingerConfigs::hasHDRDisplay retrieved: 0
02-06 00:34:33.794 14062 14062 D SignalClusterView: updateMobileTypeImage  0
02-06 00:34:33.795 14062 14062 I chatty  : uid=1000(system) com.android.systemui identical 4 lines
02-06 00:34:33.795 14062 14062 D SignalClusterView: updateMobileTypeImage  0
02-06 00:34:33.822   864   864 I ConfigStore: android::hardware::configstore::V1_0::ISurfaceFlingerConfigs::hasHDRDisplay retrieved: 0
02-06 00:34:34.040  1827  2006 E TaskPersister: File error accessing recents directory (directory doesn't exist?).
02-06 00:34:33.906   864   864 I chatty  : uid=1000(system) /system/bin/surfaceflinger identical 6 lines
02-06 00:34:33.906   864   864 I ConfigStore: android::hardware::configstore::V1_0::ISurfaceFlingerConfigs::hasHDRDisplay retrieved: 0
02-06 00:34:34.795 14062 14062 D SignalClusterView: updateMobileTypeImage  0
02-06 00:34:34.796 14062 14062 I chatty  : uid=1000(system) com.android.systemui identical 4 lines
02-06 00:34:34.796 14062 14062 D SignalClusterView: updateMobileTypeImage  0
02-06 00:34:34.824   864   864 I ConfigStore: android::hardware::configstore::V1_0::ISurfaceFlingerConfigs::hasHDRDisplay retrieved: 0
02-06 00:34:34.941   864   864 I chatty  : uid=1000(system) /system/bin/surfaceflinger identical 6 lines
02-06 00:34:34.941   864   864 I ConfigStore: android::hardware::configstore::V1_0::ISurfaceFlingerConfigs::hasHDRDisplay retrieved: 0
02-06 00:34:35.139 15862 15862 I Perf    : Connecting to perf service.
02-06 00:34:35.170 15862 15862 W xample.f_rizzl: Accessing hidden field Landroid/os/Trace;->TRACE_TAG_APP:J (light greylist, reflection)
02-06 00:34:35.171 15862 15862 W xample.f_rizzl: Accessing hidden method Landroid/os/Trace;->isTagEnabled(J)Z (light greylist, reflection)
02-06 00:34:35.541  1827  1928 V UiModeManager: switch night mode to 2
02-06 00:34:35.541 15862 15862 W Looper  : Slow Looper: Activity com.example.f_rizzly/.MainActivity is 4531ms late (wall=288ms running=0ms ClientTransaction{ callbacks=[android.app.servertransaction.LaunchActivityItem] lifecycleRequest=android.app.servertransaction.ResumeActivityItem }) because of 1 msg, msg 1 took 4608ms (h=android.app.ActivityThread$H w=110)
02-06 00:34:35.798 14062 14062 D SignalClusterView: updateMobileTypeImage  0
02-06 00:34:35.799 14062 14062 I chatty  : uid=1000(system) com.android.systemui identical 4 lines
02-06 00:34:35.799 14062 14062 D SignalClusterView: updateMobileTypeImage  0
02-06 00:34:35.827   864   864 I ConfigStore: android::hardware::configstore::V1_0::ISurfaceFlingerConfigs::hasHDRDisplay retrieved: 0
02-06 00:34:35.910   864   864 I chatty  : uid=1000(system) /system/bin/surfaceflinger identical 6 lines
02-06 00:34:35.911   864   864 I ConfigStore: android::hardware::configstore::V1_0::ISurfaceFlingerConfigs::hasHDRDisplay retrieved: 0
02-06 00:34:36.353 15862 15862 W xample.f_rizzl: Accessing hidden field Landroid/view/WindowInsets;->CONSUMED:Landroid/view/WindowInsets; (light greylist, reflection)
02-06 00:34:36.358 15862 15862 W xample.f_rizzl: Accessing hidden method Landroid/view/View;->getViewRootImpl()Landroid/view/ViewRootImpl; (light greylist, reflection)
02-06 00:34:36.358 15862 15862 W xample.f_rizzl: Accessing hidden field Landroid/view/View$AttachInfo;->mVisibleInsets:Landroid/graphics/Rect; (light greylist, reflection)
02-06 00:34:36.358 15862 15862 W xample.f_rizzl: Accessing hidden field Landroid/view/ViewRootImpl;->mAttachInfo:Landroid/view/View$AttachInfo; (light greylist, reflection)
02-06 00:34:36.358 15862 15862 W xample.f_rizzl: Accessing hidden field Landroid/graphics/Insets;->left:I (light greylist, linking)
02-06 00:34:36.359 15862 15862 W xample.f_rizzl: Accessing hidden field Landroid/graphics/Insets;->top:I (light greylist, linking)
02-06 00:34:36.359 15862 15862 W xample.f_rizzl: Accessing hidden field Landroid/graphics/Insets;->right:I (light greylist, linking)
02-06 00:34:36.359 15862 15862 W xample.f_rizzl: Accessing hidden field Landroid/graphics/Insets;->bottom:I (light greylist, linking)
02-06 00:34:36.651 14062 14251 D MobileSignalController: onSignalStrengthsChanged: SignalStrength: 99 0 -120 -160 -120 -160 -1 18 -104 -9 128 2147483647 0 2147483647 99 255 2147483647 gsm|lte use_rsrp_and_rssnr_for_lte_level  [-120, -115, -110, -105, -97] [-115, -105, -95, -85]
02-06 00:34:36.651 14062 14251 D NetworkController.MobileSignalController(3): 4G level = 4
02-06 00:34:36.658 14062 14251 D MobileSignalController: updateDataType mSelectedDataTypeIcon[0]=2131232497, mSelectedDataActivityIndex=6
02-06 00:34:36.659 14062 14251 D TelephonyIcons: getSignalStrengthIcon: slot=0, inetCondition=1, level=4, roaming=false, signalstrength=SignalStrength: 99 0 -120 -160 -120 -160 -1 18 -104 -9 128 2147483647 0 2147483647 99 255 2147483647 gsm|lte use_rsrp_and_rssnr_for_lte_level  [-120, -115, -110, -105, -97] [-115, -105, -95, -85]
02-06 00:34:36.660 14062 14251 D TelephonyIcons: null signal icon name: drawable/stat_sys_signal_null
02-06 00:34:36.660 14062 14251 D TelephonyIcons: getDataTypeIcon sub=0
02-06 00:34:36.661 14062 14062 D SignalClusterView: updateMobileTypeImage  0
02-06 00:34:36.663 14062 14062 I chatty  : uid=1000(system) com.android.systemui identical 4 lines
02-06 00:34:36.663 14062 14062 D SignalClusterView: updateMobileTypeImage  0
02-06 00:34:36.695   864   864 I ConfigStore: android::hardware::configstore::V1_0::ISurfaceFlingerConfigs::hasHDRDisplay retrieved: 0
02-06 00:34:36.779   864   864 I chatty  : uid=1000(system) /system/bin/surfaceflinger identical 6 lines
02-06 00:34:36.779   864   864 I ConfigStore: android::hardware::configstore::V1_0::ISurfaceFlingerConfigs::hasHDRDisplay retrieved: 0
02-06 00:34:36.799 14062 14062 D SignalClusterView: updateMobileTypeImage  0
02-06 00:34:36.800 14062 14062 I chatty  : uid=1000(system) com.android.systemui identical 4 lines
02-06 00:34:36.800 14062 14062 D SignalClusterView: updateMobileTypeImage  0
02-06 00:34:36.829   864   864 I ConfigStore: android::hardware::configstore::V1_0::ISurfaceFlingerConfigs::hasHDRDisplay retrieved: 0
02-06 00:34:37.063  1827  1922 V LightsService: realSetLightLocked #3: color=#0: onMS=0 offMS=0 mode=0
02-06 00:34:37.064 14062 14062 I MiuiChargeManager: notifyBatteryStatusChanged:  status: 2 isPlugged: 2 level: 100 wireState: 11 chargeSpeed: 0 mWiredChargeType: 0 mWirelessChargeType: 0 chargeDeviceType: -1
02-06 00:34:36.913   864   864 I chatty  : uid=1000(system) /system/bin/surfaceflinger identical 6 lines
02-06 00:34:36.914   864   864 I ConfigStore: android::hardware::configstore::V1_0::ISurfaceFlingerConfigs::hasHDRDisplay retrieved: 0
02-06 00:34:37.064 14062 14062 D KeyguardUpdateMonitor: handleBatteryUpdate
02-06 00:34:37.065 14062 14062 I MiuiChargeController: checkBatteryStatus: chargeType 11 status 2 plugged 2 isRapidCharge false isSuperCharge false isCarMode false mChargeDeviceType -1 mChargeDeviceForAnalytic -1
02-06 00:34:37.065 14062 14062 I KeyguardIndication: updateIndication: mVisible false mDozing false mTransientIndication null mPowerPluggedIn true mUpArrowIndication Swipe up to unlock
02-06 00:34:37.067 22170 22202 D PowerCheckerService: onBatteryChanged, mBatteryLevel = 99, status = 2, level = 100, plug = 2, scale = 100
02-06 00:34:37.079   552  2129 E IzatSvc_PassiveLocListener: Exiting with error onLocationChanged line 154 "1"
02-06 00:34:37.079   552  2129 V LocSvc_HIDL_IzatProvider: [onLocationChanged][71] [HS] =>>>> [HC]
02-06 00:34:37.080  1827  6033 V LocSvc_HIDL_IzatProvider_jni: [onLocationChanged][208] [HC] <<= [HS]
02-06 00:34:37.094   543   543 D qdlights: invoke write_int function red = 0,green = 0,blue = 0
02-06 00:34:37.094   543   543 D qdlights: Macle write_int function led_state = 0
02-06 00:34:37.094   543   543 D qdlights: entry write_int path = /sys/class/leds/red/brightness, value=0
02-06 00:34:37.095 14062 14062 D SignalClusterView: updateMobileTypeImage  0
02-06 00:34:37.103  1827  1845 D ActivityManager: Raise procstate to external provider: ProcessRecord{74a51e1 10280:com.google.android.gms/u999a40}
02-06 00:34:37.097 14062 14062 I chatty  : uid=1000(system) com.android.systemui identical 2 lines
02-06 00:34:37.098 14062 14062 D SignalClusterView: updateMobileTypeImage  0
02-06 00:34:37.106  1827  1845 D CompatibilityInfo: mCompatibilityFlags - 0
02-06 00:34:37.106  1827  1845 D CompatibilityInfo: applicationDensity - 320
02-06 00:34:37.106  1827  1845 D CompatibilityInfo: applicationScale - 1.0
02-06 00:34:37.109  1827  3037 D ActivityManager: Raise procstate to external provider: ProcessRecord{74a51e1 10280:com.google.android.gms/u999a40}
02-06 00:34:37.118 14062 14062 D SignalClusterView: updateMobileTypeImage  0
02-06 00:34:37.118 14062 14062 D SignalClusterView: updateMobileTypeImage  0
02-06 00:34:37.118 14062 14062 D KeyguardUpdateMonitor: received broadcast android.intent.action.BATTERY_CHANGED
02-06 00:34:37.229   864   864 I ConfigStore: android::hardware::configstore::V1_0::ISurfaceFlingerConfigs::hasHDRDisplay retrieved: 0
02-06 00:34:37.231   864   864 I chatty  : uid=1000(system) /system/bin/surfaceflinger identical 3 lines
02-06 00:34:37.231   864   864 I ConfigStore: android::hardware::configstore::V1_0::ISurfaceFlingerConfigs::hasHDRDisplay retrieved: 0
02-06 00:34:37.255 15862 15862 W xample.f_rizzl: Accessing hidden method Landroid/text/SpannableStringInternal;->length()I (light greylist, linking)
02-06 00:34:37.534  1574 15882 W BatteryHistoryLoadMgr: getHistoryInfo begin
02-06 00:34:37.535  1574  1574 I PowerSaveService: onReceive: android.intent.action.BATTERY_CHANGED
02-06 00:34:37.538  1574  1574 D PowerSaveService: checkPowerSaverStatus, current power is 100
02-06 00:34:37.538  1574  1574 I PowerNoticeUI: handleBatteryChanged oldPlugType 2 mPlugType 2 oldBatteryLevel 99 mBatteryLevel 100 temperature 277
02-06 00:34:37.130  1827  3037 D ActivityManager: Raise procstate to external provider: ProcessRecord{74a51e1 10280:com.google.android.gms/u999a40}
02-06 00:34:37.579  1827  1849 E BatteryExternalStatsWorker: no controller energy info supplied for bluetooth
02-06 00:34:37.619  1574  1574 I ChargerBatteryIntelligenceReceiver: onBatteryChanged temperature：27,plugType:2
02-06 00:34:37.620  1574  1574 I PowerFeatureUtils: getVendorName:qcom
02-06 00:34:37.652  1574 15882 I BatteryHistoryLoadMgr: lastIncreasingIntervalStartIndex=0
02-06 00:34:37.652  1574 15882 W BatteryHistoryLoadMgr: get firstHistoryInfo time: 1266174749
02-06 00:34:37.652  1574 15882 D BatteryHistoryLoadMgr: getHistoryInfo end
02-06 00:34:37.652  1574 15882 I BatteryInfoReceiver: update charge detail 5
02-06 00:34:37.655  1574 15882 I BatteryChargeTimeHelper: Use history time, 0.0 0ms
02-06 00:34:37.656  1574 15882 I PowerFeatureUtils: getVendorName:qcom
02-06 00:34:37.671  3657  3657 D BoundBrokerSvc: onRebind: Intent { act=com.google.android.gms.libs.gmscorelogger.service.START dat=chimera-action: cmp=com.google.android.gms/.chimera.PersistentDirectBootAwareApiService }
02-06 00:34:38.203 15862 15862 D AndroidRuntime: Shutting down VM
--------- beginning of crash
02-06 00:34:38.212 15862 15862 E AndroidRuntime: FATAL EXCEPTION: main
02-06 00:34:38.212 15862 15862 E AndroidRuntime: Process: com.example.f_rizzly, PID: 15862
02-06 00:34:38.212 15862 15862 E AndroidRuntime: androidx.compose.ui.res.ResourceResolutionException: Error attempting to load resource: res/drawable/ic_apple.png
02-06 00:34:38.212 15862 15862 E AndroidRuntime: 	at androidx.compose.ui.res.PainterResources_androidKt.loadImageBitmapResource(PainterResources.android.kt:112)
02-06 00:34:38.212 15862 15862 E AndroidRuntime: 	at androidx.compose.ui.res.PainterResources_androidKt.painterResource(PainterResources.android.kt:72)
02-06 00:34:38.212 15862 15862 E AndroidRuntime: 	at com.example.f_rizzly.MainActivityKt$ProductCard$1.invoke(MainActivity.kt:318)
02-06 00:34:38.212 15862 15862 E AndroidRuntime: 	at com.example.f_rizzly.MainActivityKt$ProductCard$1.invoke(MainActivity.kt:313)
02-06 00:34:38.212 15862 15862 E AndroidRuntime: 	at androidx.compose.runtime.internal.ComposableLambdaImpl.invoke(ComposableLambda.kt:130)
02-06 00:34:38.212 15862 15862 E AndroidRuntime: 	at androidx.compose.runtime.internal.ComposableLambdaImpl.invoke(ComposableLambda.kt:51)
02-06 00:34:38.212 15862 15862 E AndroidRuntime: 	at androidx.compose.material3.CardKt$Card$1.invoke(Card.kt:888)
02-06 00:34:38.212 15862 15862 E AndroidRuntime: 	at androidx.compose.material3.CardKt$Card$1.invoke(Card.kt:96)
02-06 00:34:38.212 15862 15862 E AndroidRuntime: 	at androidx.compose.runtime.internal.ComposableLambdaImpl.invoke(ComposableLambda.kt:121)
02-06 00:34:38.212 15862 15862 E AndroidRuntime: 	at androidx.compose.runtime.internal.ComposableLambdaImpl.invoke(ComposableLambda.kt:51)
02-06 00:34:38.212 15862 15862 E AndroidRuntime: 	at androidx.compose.material3.SurfaceKt$Surface$1.invoke(Surface.kt:126)
02-06 00:34:38.212 15862 15862 E AndroidRuntime: 	at androidx.compose.material3.SurfaceKt$Surface$1.invoke(Surface.kt:108)
02-06 00:34:38.212 15862 15862 E AndroidRuntime: 	at androidx.compose.runtime.internal.ComposableLambdaImpl.invoke(ComposableLambda.kt:121)
02-06 00:34:38.212 15862 15862 E AndroidRuntime: 	at androidx.compose.runtime.internal.ComposableLambdaImpl.invoke(ComposableLambda.kt:51)
02-06 00:34:38.212 15862 15862 E AndroidRuntime: 	at androidx.compose.runtime.CompositionLocalKt.CompositionLocalProvider(CompositionLocal.kt:370)
02-06 00:34:38.212 15862 15862 E AndroidRuntime: 	at androidx.compose.material3.SurfaceKt.Surface-T9BRK9s(Surface.kt:105)
02-06 00:34:38.212 15862 15862 E AndroidRuntime: 	at androidx.compose.material3.CardKt.Card(Card.kt:89)
02-06 00:34:38.212 15862 15862 E AndroidRuntime: 	at com.example.f_rizzly.MainActivityKt.ProductCard(MainActivity.kt:309)
02-06 00:34:38.212 15862 15862 E AndroidRuntime: 	at com.example.f_rizzly.MainActivityKt$TodaysPicksSection$1$2$1$1.invoke(MainActivity.kt:301)
02-06 00:34:38.212 15862 15862 E AndroidRuntime: 	at com.example.f_rizzly.MainActivityKt$TodaysPicksSection$1$2$1$1.invoke(MainActivity.kt:301)
02-06 00:34:38.212 15862 15862 E AndroidRuntime: 	at androidx.compose.runtime.internal.ComposableLambdaImpl.invoke(ComposableLambda.kt:130)
02-06 00:34:38.212 15862 15862 E AndroidRuntime: 	at androidx.compose.runtime.internal.ComposableLambdaImpl.invoke(ComposableLambda.kt:51)
02-06 00:34:38.212 15862 15862 E AndroidRuntime: 	at androidx.compose.foundation.lazy.LazyListIntervalContent$item$3.invoke(LazyListIntervalContent.kt:57)
02-06 00:34:38.212 15862 15862 E AndroidRuntime: 	at androidx.compose.foundation.lazy.LazyListIntervalContent$item$3.invoke(LazyListIntervalContent.kt:57)
02-06 00:34:38.212 15862 15862 E AndroidRuntime: 	at androidx.compose.runtime.internal.ComposableLambdaImpl.invoke(ComposableLambda.kt:142)
02-06 00:34:38.212 15862 15862 E AndroidRuntime: 	at androidx.compose.runtime.internal.ComposableLambdaImpl.invoke(ComposableLambda.kt:51)
02-06 00:34:38.212 15862 15862 E AndroidRuntime: 	at androidx.compose.foundation.lazy.LazyListItemProviderImpl$Item$1.invoke(LazyListItemProvider.kt:80)
02-06 00:34:38.212 15862 15862 E AndroidRuntime: 	at androidx.compose.foundation.lazy.LazyListItemProviderImpl$Item$1.invoke(LazyListItemProvider.kt:78)
02-06 00:34:38.212 15862 15862 E AndroidRuntime: 	at androidx.compose.runtime.internal.ComposableLambdaImpl.invoke(ComposableLambda.kt:121)
02-06 00:34:38.212 15862 15862 E AndroidRuntime: 	at androidx.compose.runtime.internal.ComposableLambdaImpl.invoke(ComposableLambda.kt:51)
02-06 00:34:38.212 15862 15862 E AndroidRuntime: 	at androidx.compose.runtime.CompositionLocalKt.CompositionLocalProvider(CompositionLocal.kt:390)
02-06 00:34:38.212 15862 15862 E AndroidRuntime: 	at androidx.compose.foundation.lazy.layout.LazyLayoutPinnableItemKt.LazyLayoutPinnableItem(LazyLayoutPinnableItem.kt:56)
02-06 00:34:38.212 15862 15862 E AndroidRuntime: 	at androidx.compose.foundation.lazy.LazyListItemProviderImpl.Item(LazyListItemProvider.kt:78)
02-06 00:34:38.212 15862 15862 E AndroidRuntime: 	at androidx.compose.foundation.lazy.layout.LazyLayoutItemContentFactoryKt$SkippableItem$1.invoke(LazyLayoutItemContentFactory.kt:127)
02-06 00:34:38.212 15862 15862 E AndroidRuntime: 	at androidx.compose.foundation.lazy.layout.LazyLayoutItemContentFactoryKt$SkippableItem$1.invoke(LazyLayoutItemContentFactory.kt:126)
02-06 00:34:38.212 15862 15862 E AndroidRuntime: 	at androidx.compose.runtime.internal.ComposableLambdaImpl.invoke(ComposableLambda.kt:121)
02-06 00:34:38.212 15862 15862 E AndroidRuntime: 	at androidx.compose.runtime.internal.ComposableLambdaImpl.invoke(ComposableLambda.kt:51)
02-06 00:34:38.212 15862 15862 E AndroidRuntime: 	at androidx.compose.runtime.CompositionLocalKt.CompositionLocalProvider(CompositionLocal.kt:370)
02-06 00:34:38.212 15862 15862 E AndroidRuntime: 	at androidx.compose.runtime.saveable.SaveableStateHolderImpl.SaveableStateProvider(SaveableStateHolder.kt:82)
02-06 00:34:38.212 15862 15862 E AndroidRuntime: 	at androidx.compose.foundation.lazy.layout.LazySaveableStateHolder.SaveableStateProvider(LazySaveableStateHolder.kt:76)
02-06 00:34:38.216 15862 15862 E AndroidRuntime: 	at androidx.compose.foundation.lazy.layout.LazyLayoutItemContentFactoryKt.SkippableItem-JVlU9Rs(LazyLayoutItemContentFactory.kt:126)
02-06 00:34:38.216 15862 15862 E AndroidRuntime: 	at androidx.compose.foundation.lazy.layout.LazyLayoutItemContentFactoryKt.access$SkippableItem-JVlU9Rs(LazyLayoutItemContentFactory.kt:1)
02-06 00:34:38.216 15862 15862 E AndroidRuntime: 	at androidx.compose.foundation.lazy.layout.LazyLayoutItemContentFactory$CachedItemContent$createContentLambda$1.invoke(LazyLayoutItemContentFactory.kt:95)
02-06 00:34:38.216 15862 15862 E AndroidRuntime: 	at androidx.compose.foundation.lazy.layout.LazyLayoutItemContentFactory$CachedItemContent$createContentLambda$1.invoke(LazyLayoutItemContentFactory.kt:85)
02-06 00:34:38.216 15862 15862 E AndroidRuntime: 	at androidx.compose.runtime.internal.ComposableLambdaImpl.invoke(ComposableLambda.kt:121)
02-06 00:34:38.216 15862 15862 E AndroidRuntime: 	at androidx.compose.runtime.internal.ComposableLambdaImpl.invoke(ComposableLambda.kt:51)
02-06 00:34:38.216 15862 15862 E AndroidRuntime: 	at androidx.compose.runtime.internal.Expect_jvmKt.invokeComposable(Expect.jvm.kt:24)
02-06 00:34:38.216 15862 15862 E AndroidRuntime: 	at androidx.compose.runtime.ComposerImpl.doCompose-aFTiNEg(Composer.kt:3843)
02-06 00:34:38.216 15862 15862 E AndroidRuntime: 	at androidx.compose.runtime.ComposerImpl.composeContent--ZbOJvo$runtime(Composer.kt:3747)
02-06 00:34:38.216 15862 15862 E AndroidRuntime: 	at androidx.compose.runtime.CompositionImpl.composeContent(Composition.kt:832)
02-06 00:34:38.216 15862 15862 E AndroidRuntime: 	at androidx.compose.runtime.Recomposer.composeInitial$runtime(Recomposer.kt:1233)
02-06 00:34:38.216 15862 15862 E AndroidRuntime: 	at androidx.compose.runtime.ComposerImpl$CompositionContextImpl.composeInitial$runtime(Composer.kt:4186)
02-06 00:34:38.216 15862 15862 E AndroidRuntime: 	at androidx.compose.runtime.ComposerImpl$CompositionContextImpl.composeInitial$runtime(Composer.kt:4186)
02-06 00:34:38.216 15862 15862 E AndroidRuntime: 	at androidx.compose.runtime.ComposerImpl$CompositionContextImpl.composeInitial$runtime(Composer.kt:4186)
02-06 00:34:38.216 15862 15862 E AndroidRuntime: 	at androidx.compose.runtime.CompositionImpl.composeInitial(Composition.kt:672)
02-06 00:34:38.216 15862 15862 E AndroidRuntime: 	at androidx.compose.runtime.CompositionImpl.setContent(Composition.kt:639)
02-06 00:34:38.216 15862 15862 E AndroidRuntime: 	at androidx.compose.ui.layout.LayoutNodeSubcompositionsState.subcompose(SubcomposeLayout.kt:698)
02-06 00:34:38.216 15862 15862 E AndroidRuntime: 	at androidx.compose.ui.layout.LayoutNodeSubcompositionsState.subcompose(SubcomposeLayout.kt:641)
02-06 00:34:38.216 15862 15862 E AndroidRuntime: 	at androidx.compose.ui.layout.LayoutNodeSubcompositionsState.subcompose(SubcomposeLayout.kt:607)
02-06 00:34:38.216 15862 15862 E AndroidRuntime: 	at androidx.compose.ui.layout.LayoutNodeSubcompositionsState$Scope.subcompose(SubcomposeLayout.kt:1231)
02-06 00:34:38.216 15862 15862 E AndroidRuntime: 	at androidx.compose.foundation.lazy.layout.LazyLayoutMeasureScopeImpl.compose(LazyLayoutMeasureScope.kt:94)
02-06 00:34:38.216 15862 15862 E AndroidRuntime: 	at androidx.compose.foundation.lazy.layout.LazyLayoutMeasuredItemProvider.getPlaceables-3p2s80s(LazyLayoutMeasuredItem.kt:60)
02-06 00:34:38.216 15862 15862 E AndroidRuntime: 	at androidx.compose.foundation.lazy.LazyListMeasuredItemProvider.getAndMeasure-0kLqBqw(LazyListMeasuredItemProvider.kt:53)
02-06 00:34:38.216 15862 15862 E AndroidRuntime: 	at androidx.compose.foundation.lazy.LazyListMeasuredItemProvider.getAndMeasure-0kLqBqw$default(LazyListMeasuredItemProvider.kt:47)
02-06 00:34:38.216 15862 15862 E AndroidRuntime: 	at androidx.compose.foundation.lazy.LazyListMeasureKt.measureLazyList-LCrQqZ4(LazyListMeasure.kt:224)
02-06 00:34:38.216 15862 15862 E AndroidRuntime: 	at androidx.compose.foundation.lazy.LazyListKt$rememberLazyListMeasurePolicy$1$1.measure-0kLqBqw(LazyList.kt:354)
02-06 00:34:38.216 15862 15862 E AndroidRuntime: 	at androidx.compose.foundation.lazy.layout.LazyLayoutKt$LazyLayout$2.invoke$lambda$8$lambda$7(LazyLayout.kt:141)
02-06 00:34:38.216 15862 15862 E AndroidRuntime: 	at androidx.compose.foundation.lazy.layout.LazyLayoutKt$LazyLayout$2.$r8$lambda$AuADrFew1M7xDLhV5Co4CIX8-dw(Unknown Source:0)
02-06 00:34:38.216 15862 15862 E AndroidRuntime: 	at androidx.compose.foundation.lazy.layout.LazyLayoutKt$LazyLayout$2$$ExternalSyntheticLambda2.invoke(D8$$SyntheticClass:0)
02-06 00:34:38.216 15862 15862 E AndroidRuntime: 	at androidx.compose.ui.layout.LayoutNodeSubcompositionsState$createMeasurePolicy$1.measure-3p2s80s(SubcomposeLayout.kt:914)
02-06 00:34:38.216 15862 15862 E AndroidRuntime: 	at androidx.compose.ui.node.InnerNodeCoordinator.measure-BRTryo0(InnerNodeCoordinator.kt:128)
02-06 00:34:38.216 15862 15862 E AndroidRuntime: 	at androidx.compose.ui.graphics.SimpleGraphicsLayerModifier.measure-3p2s80s(GraphicsLayerModifier.kt:794)
02-06 00:34:38.216 15862 15862 E AndroidRuntime: 	at androidx.compose.ui.node.LayoutModifierNodeCoordinator.measure-BRTryo0(LayoutModifierNodeCoordinator.kt:190)
02-06 00:34:38.216 15862 15862 E AndroidRuntime: 	at androidx.compose.foundation.lazy.layout.LazyLayoutBeyondBoundsModifierNode.measure-3p2s80s(LazyLayoutBeyondBoundsModifierLocal.kt:118)
02-06 00:34:38.216 15862 15862 E AndroidRuntime: 	at androidx.compose.ui.node.LayoutModifierNodeCoordinator.measure-BRTryo0(LayoutModifierNodeCoordinator.kt:190)
02-06 00:34:38.216 15862 15862 E AndroidRuntime: 	at androidx.compose.ui.node.MeasurePassDelegate$performMeasureBlock$1.invoke(MeasurePassDelegate.kt:173)
02-06 00:34:38.219 15862 15862 E AndroidRuntime: 	at androidx.compose.ui.node.MeasurePassDelegate$performMeasureBlock$1.invoke(MeasurePassDelegate.kt:172)
02-06 00:34:38.219 15862 15862 E AndroidRuntime: 	at androidx.compose.runtime.snapshots.Snapshot$Companion.observe(Snapshot.kt:502)
02-06 00:34:38.219 15862 15862 E AndroidRuntime: 	at androidx.compose.runtime.snapshots.SnapshotStateObserver$ObservedScopeMap.observe(SnapshotStateObserver.kt:464)
02-06 00:34:38.219 15862 15862 E AndroidRuntime: 	at androidx.compose.runtime.snapshots.SnapshotStateObserver.observeReads(SnapshotStateObserver.kt:248)
02-06 00:34:38.219 15862 15862 E AndroidRuntime: 	at androidx.compose.ui.node.OwnerSnapshotObserver.observeReads$ui_release(OwnerSnapshotObserver.kt:124)
02-06 00:34:38.219 15862 15862 E AndroidRuntime: 	at androidx.compose.ui.node.OwnerSnapshotObserver.observeMeasureSnapshotReads$ui_release(OwnerSnapshotObserver.kt:107)
02-06 00:34:38.219 15862 15862 E AndroidRuntime: 	at androidx.compose.ui.node.MeasurePassDelegate.performMeasure-BRTryo0$ui_release(MeasurePassDelegate.kt:426)
02-06 00:34:38.219 15862 15862 E AndroidRuntime: 	at androidx.compose.ui.node.MeasurePassDelegate.remeasure-BRTryo0(MeasurePassDelegate.kt:477)
02-06 00:34:38.219 15862 15862 E AndroidRuntime: 	at androidx.compose.ui.node.MeasurePassDelegate.measure-BRTryo0(MeasurePassDelegate.kt:454)
02-06 00:34:38.219 15862 15862 E AndroidRuntime: 	at androidx.compose.foundation.layout.RowColumnMeasurePolicyKt.measure(RowColumnMeasurePolicy.kt:126)
02-06 00:34:38.219 15862 15862 E AndroidRuntime: 	at androidx.compose.foundation.layout.RowColumnMeasurePolicyKt.measure$default(RowColumnMeasurePolicy.kt:77)
02-06 00:34:38.219 15862 15862 E AndroidRuntime: 	at androidx.compose.foundation.layout.ColumnMeasurePolicy.measure-3p2s80s(Column.kt:205)
02-06 00:34:38.219 15862 15862 E AndroidRuntime: 	at androidx.compose.ui.node.InnerNodeCoordinator.measure-BRTryo0(InnerNodeCoordinator.kt:128)
02-06 00:34:38.219 15862 15862 E AndroidRuntime: 	at androidx.compose.foundation.layout.PaddingNode.measure-3p2s80s(Padding.kt:406)
02-06 00:34:38.219 15862 15862 E AndroidRuntime: 	at androidx.compose.ui.node.LayoutModifierNodeCoordinator.measure-BRTryo0(LayoutModifierNodeCoordinator.kt:190)
02-06 00:34:38.219 15862 15862 E AndroidRuntime: 	at androidx.compose.ui.node.MeasurePassDelegate$performMeasureBlock$1.invoke(MeasurePassDelegate.kt:173)
02-06 00:34:38.219 15862 15862 E AndroidRuntime: 	at androidx.compose.ui.node.MeasurePassDelegate$performMeasureBlock$1.invoke(MeasurePassDelegate.kt:172)
02-06 00:34:38.219 15862 15862 E AndroidRuntime: 	at androidx.compose.runtime.snapshots.Snapshot$Companion.observe(Snapshot.kt:502)
02-06 00:34:38.219 15862 15862 E AndroidRuntime: 	at androidx.compose.runtime.snapshots.SnapshotStateObserver$ObservedScopeMap.observe(SnapshotStateObserver.kt:464)
02-06 00:34:38.219 15862 15862 E AndroidRuntime: 	at androidx.compose.runtime.snapshots.SnapshotStateObserver.observeReads(SnapshotStateObserver.kt:248)
02-06 00:34:38.219 15862 15862 E AndroidRuntime: 	at androidx.compose.ui.node.OwnerSnapshotObserver.observeReads$ui_release(OwnerSnapshotObserver.kt:124)
02-06 00:34:38.219 15862 15862 E AndroidRuntime: 	at androidx.compose.ui.node.OwnerSnapshotObserver.observeMeasureSnapshotReads$ui_release(OwnerSnapshotObserver.kt:107)
02-06 00:34:38.219 15862 15862 E AndroidRuntime: 	at androidx.compose.ui.node.MeasurePassDelegate.performMeasure-BRTryo0$ui_release(MeasurePassDelegate.kt:426)
02-06 00:34:38.219 15862 15862 E AndroidRuntime: 	at androidx.compose.ui.node.MeasurePassDelegate.remeasure-BRTryo0(MeasurePassDelegate.kt:477)
02-06 00:34:38.219 15862 15862 E AndroidRuntime: 	at androidx.compose.ui.node.MeasurePassDelegate.measure-BRTryo0(MeasurePassDelegate.kt:454)
02-06 00:34:38.219 15862 15862 E AndroidRuntime: 	at androidx.compose.foundation.lazy.layout.LazyLayoutMeasuredItemProvider.getPlaceables-3p2s80s(LazyLayoutMeasuredItem.kt:61)
02-06 00:34:38.219 15862 15862 E AndroidRuntime: 	at androidx.compose.foundation.lazy.LazyListMeasuredItemProvider.getAndMeasure-0kLqBqw(LazyListMeasuredItemProvider.kt:53)
02-06 00:34:38.219 15862 15862 E AndroidRuntime: 	at androidx.compose.foundation.lazy.LazyListMeasuredItemProvider.getAndMeasure-0kLqBqw$default(LazyListMeasuredItemProvider.kt:47)
02-06 00:34:38.219 15862 15862 E AndroidRuntime: 	at androidx.compose.foundation.lazy.LazyListMeasureKt.measureLazyList-LCrQqZ4(LazyListMeasure.kt:224)
02-06 00:34:38.219 15862 15862 E AndroidRuntime: 	at androidx.compose.foundation.lazy.LazyListKt$rememberLazyListMeasurePolicy$1$1.measure-0kLqBqw(LazyList.kt:354)
02-06 00:34:38.219 15862 15862 E AndroidRuntime: 	at androidx.compose.foundation.lazy.layout.LazyLayoutKt$LazyLayout$2.invoke$lambda$8$lambda$7(LazyLayout.kt:141)
02-06 00:34:38.219 15862 15862 E AndroidRuntime: 	at androidx.compose.foundation.lazy.layout.LazyLayoutKt$LazyLayout$2.$r8$lambda$AuADrFew1M7xDLhV5Co4CIX8-dw(Unknown Source:0)
02-06 00:34:38.219 15862 15862 E AndroidRuntime: 	at androidx.compose.foundation.lazy.layout.LazyLayoutKt$LazyLayout$2$$ExternalSyntheticLambda2.invoke(D8$$SyntheticClass:0)
02-06 00:34:38.219 15862 15862 E AndroidRuntime: 	at androidx.compose.ui.layout.LayoutNodeSubcompositionsState$createMeasurePolicy$1.measure-3p2s80s(SubcomposeLayout.kt:914)
02-06 00:34:38.219 15862 15862 E AndroidRuntime: 	at androidx.compose.ui.node.InnerNodeCoordinator.measure-BRTryo0(InnerNodeCoordinator.kt:128)
02-06 00:34:38.219 15862 15862 E AndroidRuntime: 	at androidx.compose.ui.graphics.SimpleGraphicsLayerModifier.measure-3p2s80s(GraphicsLayerModifier.kt:794)
02-06 00:34:38.219 15862 15862 E AndroidRuntime: 	at androidx.compose.ui.node.LayoutModifierNodeCoordinator.measure-BRTryo0(LayoutModifierNodeCoordinator.kt:190)
02-06 00:34:38.223 15862 15862 E AndroidRuntime: 	at androidx.compose.foundation.lazy.layout.LazyLayoutBeyondBoundsModifierNode.measure-3p2s80s(LazyLayoutBeyondBoundsModifierLocal.kt:118)
02-06 00:34:38.223 15862 15862 E AndroidRuntime: 	at androidx.compose.ui.node.LayoutModifierNodeCoordinator.measure-BRTryo0(LayoutModifierNodeCoordinator.kt:190)
02-06 00:34:38.223 15862 15862 E AndroidRuntime: 	at androidx.compose.foundation.layout.FillNode.measure-3p2s80s(Size.kt:721)
02-06 00:34:38.223 15862 15862 E AndroidRuntime: 	at androidx.compose.ui.node.LayoutModifierNodeCoordinator.measure-BRTryo0(LayoutModifierNodeCoordinator.kt:190)
02-06 00:34:38.223 15862 15862 E AndroidRuntime: 	at androidx.compose.ui.node.MeasurePassDelegate$performMeasureBlock$1.invoke(MeasurePassDelegate.kt:173)
02-06 00:34:38.223 15862 15862 E AndroidRuntime: 	at androidx.compose.ui.node.MeasurePassDelegate$performMeasureBlock$1.invoke(MeasurePassDelegate.kt:172)
